Archive member included because of file (symbol)

/Users/eliyazdi/Library/Application Support/Pebble SDK/SDKs/current/sdk-core/pebble/aplite/lib/libpebble.a(tmpeWFBzLpebble.o)
                              src/simply/simply_accel.c.19.o (accel_data_service_unsubscribe)
/usr/local/Cellar/pebble-toolchain/2.0/arm-cs-tools/bin/../lib/gcc/arm-none-eabi/4.7.2/thumb2/libgcc.a(_aeabi_ldivmod.o)
                              src/simply/simply_menu.c.19.o (__aeabi_ldivmod)
/usr/local/Cellar/pebble-toolchain/2.0/arm-cs-tools/bin/../lib/gcc/arm-none-eabi/4.7.2/thumb2/libgcc.a(bpabi.o)
                              /usr/local/Cellar/pebble-toolchain/2.0/arm-cs-tools/bin/../lib/gcc/arm-none-eabi/4.7.2/thumb2/libgcc.a(_aeabi_ldivmod.o) (__gnu_ldivmod_helper)
/usr/local/Cellar/pebble-toolchain/2.0/arm-cs-tools/bin/../lib/gcc/arm-none-eabi/4.7.2/thumb2/libgcc.a(_dvmd_tls.o)
                              /usr/local/Cellar/pebble-toolchain/2.0/arm-cs-tools/bin/../lib/gcc/arm-none-eabi/4.7.2/thumb2/libgcc.a(_aeabi_ldivmod.o) (__aeabi_ldiv0)
/usr/local/Cellar/pebble-toolchain/2.0/arm-cs-tools/bin/../lib/gcc/arm-none-eabi/4.7.2/thumb2/libgcc.a(_divdi3.o)
                              /usr/local/Cellar/pebble-toolchain/2.0/arm-cs-tools/bin/../lib/gcc/arm-none-eabi/4.7.2/thumb2/libgcc.a(bpabi.o) (__divdi3)
/usr/local/Cellar/pebble-toolchain/2.0/arm-cs-tools/bin/../lib/gcc/arm-none-eabi/4.7.2/thumb2/libgcc.a(_udivdi3.o)
                              /usr/local/Cellar/pebble-toolchain/2.0/arm-cs-tools/bin/../lib/gcc/arm-none-eabi/4.7.2/thumb2/libgcc.a(bpabi.o) (__udivdi3)
/usr/local/Cellar/pebble-toolchain/2.0/arm-cs-tools/bin/../lib/gcc/arm-none-eabi/4.7.2/thumb2/libgcc.a(_udivsi3.o)
                              /usr/local/Cellar/pebble-toolchain/2.0/arm-cs-tools/bin/../lib/gcc/arm-none-eabi/4.7.2/thumb2/libgcc.a(_divdi3.o) (__aeabi_uidiv)

Discarded input sections

 .text          0x0000000000000000        0x0 /usr/local/Cellar/pebble-toolchain/2.0/arm-cs-tools/bin/../lib/gcc/arm-none-eabi/4.7.2/thumb2/crti.o
 .bss           0x0000000000000000        0x0 /usr/local/Cellar/pebble-toolchain/2.0/arm-cs-tools/bin/../lib/gcc/arm-none-eabi/4.7.2/thumb2/crti.o
 .init          0x0000000000000000        0x4 /usr/local/Cellar/pebble-toolchain/2.0/arm-cs-tools/bin/../lib/gcc/arm-none-eabi/4.7.2/thumb2/crti.o
 .fini          0x0000000000000000        0x4 /usr/local/Cellar/pebble-toolchain/2.0/arm-cs-tools/bin/../lib/gcc/arm-none-eabi/4.7.2/thumb2/crti.o
 .text          0x0000000000000000       0xc8 /usr/local/Cellar/pebble-toolchain/2.0/arm-cs-tools/bin/../lib/gcc/arm-none-eabi/4.7.2/thumb2/crtbegin.o
 .bss           0x0000000000000000       0x1c /usr/local/Cellar/pebble-toolchain/2.0/arm-cs-tools/bin/../lib/gcc/arm-none-eabi/4.7.2/thumb2/crtbegin.o
 .init_array    0x0000000000000000        0x4 /usr/local/Cellar/pebble-toolchain/2.0/arm-cs-tools/bin/../lib/gcc/arm-none-eabi/4.7.2/thumb2/crtbegin.o
 .fini_array    0x0000000000000000        0x4 /usr/local/Cellar/pebble-toolchain/2.0/arm-cs-tools/bin/../lib/gcc/arm-none-eabi/4.7.2/thumb2/crtbegin.o
 .eh_frame      0x0000000000000000        0x0 /usr/local/Cellar/pebble-toolchain/2.0/arm-cs-tools/bin/../lib/gcc/arm-none-eabi/4.7.2/thumb2/crtbegin.o
 .jcr           0x0000000000000000        0x0 /usr/local/Cellar/pebble-toolchain/2.0/arm-cs-tools/bin/../lib/gcc/arm-none-eabi/4.7.2/thumb2/crtbegin.o
 .tm_clone_table
                0x0000000000000000        0x0 /usr/local/Cellar/pebble-toolchain/2.0/arm-cs-tools/bin/../lib/gcc/arm-none-eabi/4.7.2/thumb2/crtbegin.o
 .text          0x0000000000000000        0x0 src/main.c.19.o
 .bss           0x0000000000000000        0x0 src/main.c.19.o
 .text          0x0000000000000000        0x0 src/simply/simply.c.19.o
 .bss           0x0000000000000000        0x0 src/simply/simply.c.19.o
 .text          0x0000000000000000        0x0 src/simply/simply_accel.c.19.o
 .bss           0x0000000000000000        0x0 src/simply/simply_accel.c.19.o
 .text          0x0000000000000000        0x0 src/simply/simply_menu.c.19.o
 .bss           0x0000000000000000        0x0 src/simply/simply_menu.c.19.o
 .text          0x0000000000000000        0x0 src/simply/simply_msg.c.19.o
 .bss           0x0000000000000000        0x0 src/simply/simply_msg.c.19.o
 .text          0x0000000000000000        0x0 src/simply/simply_res.c.19.o
 .bss           0x0000000000000000        0x0 src/simply/simply_res.c.19.o
 .text.id_filter
                0x0000000000000000        0xa src/simply/simply_res.c.19.o
 .text.simply_res_remove_image
                0x0000000000000000       0x18 src/simply/simply_res.c.19.o
 .text          0x0000000000000000        0x0 src/simply/simply_splash.c.19.o
 .bss           0x0000000000000000        0x0 src/simply/simply_splash.c.19.o
 .text          0x0000000000000000        0x0 src/simply/simply_stage.c.19.o
 .bss           0x0000000000000000        0x0 src/simply/simply_stage.c.19.o
 .text.id_filter
[...]
Memory Configuration

Name             Origin             Length             Attributes
APP              0x0000000000000000 0x0000000000006000 xrw
*default*        0x0000000000000000 0xffffffffffffffff

Linker script and memory map

LOAD /usr/local/Cellar/pebble-toolchain/2.0/arm-cs-tools/bin/../lib/gcc/arm-none-eabi/4.7.2/thumb2/crti.o
LOAD /usr/local/Cellar/pebble-toolchain/2.0/arm-cs-tools/bin/../lib/gcc/arm-none-eabi/4.7.2/thumb2/crtbegin.o
LOAD src/main.c.19.o
LOAD src/simply/simply.c.19.o
LOAD src/simply/simply_accel.c.19.o
LOAD src/simply/simply_menu.c.19.o
LOAD src/simply/simply_msg.c.19.o
LOAD src/simply/simply_res.c.19.o
LOAD src/simply/simply_splash.c.19.o
LOAD src/simply/simply_stage.c.19.o
LOAD src/simply/simply_ui.c.19.o
LOAD src/simply/simply_voice.c.19.o
LOAD src/simply/simply_wakeup.c.19.o
LOAD src/simply/simply_window.c.19.o
LOAD src/simply/simply_window_stack.c.19.o
LOAD aplite/appinfo.auto.c.19.o
LOAD /Users/eliyazdi/Library/Application Support/Pebble SDK/SDKs/current/sdk-core/pebble/aplite/lib/libpebble.a
START GROUP
LOAD /usr/local/Cellar/pebble-toolchain/2.0/arm-cs-tools/bin/../lib/gcc/arm-none-eabi/4.7.2/thumb2/libgcc.a
LOAD /usr/local/Cellar/pebble-toolchain/2.0/arm-cs-tools/bin/../lib/gcc/arm-none-eabi/4.7.2/../../../../arm-none-eabi/lib/thumb2/libc.a
END GROUP
LOAD /usr/local/Cellar/pebble-toolchain/2.0/arm-cs-tools/bin/../lib/gcc/arm-none-eabi/4.7.2/thumb2/crtend.o
LOAD /usr/local/Cellar/pebble-toolchain/2.0/arm-cs-tools/bin/../lib/gcc/arm-none-eabi/4.7.2/thumb2/crtn.o

.header         0x0000000000000000       0x82
 *(.pbl_header)
 .pbl_header    0x0000000000000000       0x82 aplite/appinfo.auto.c.19.o
                0x0000000000000000                __pbl_app_info

.note.gnu.build-id
                0x0000000000000082       0x26
                0x0000000000000082                PROVIDE (BUILD_ID, .)
 *(.note.gnu.build-id)
 *fill*         0x0000000000000082        0x2 
 .note.gnu.build-id
                0x0000000000000084       0x24 linker stubs

.text           0x00000000000000a8     0x49c7
 *(.text)
 .text          0x00000000000000a8       0x14 /Users/eliyazdi/Library/Application Support/Pebble SDK/SDKs/current/sdk-core/pebble/aplite/lib/libpebble.a(tmpeWFBzLpebble.o)
 .text          0x00000000000000bc       0x38 /usr/local/Cellar/pebble-toolchain/2.0/arm-cs-tools/bin/../lib/gcc/arm-none-eabi/4.7.2/thumb2/libgcc.a(_aeabi_ldivmod.o)
                0x00000000000000bc                __aeabi_ldivmod
 .text          0x00000000000000f4       0x60 /usr/local/Cellar/pebble-toolchain/2.0/arm-cs-tools/bin/../lib/gcc/arm-none-eabi/4.7.2/thumb2/libgcc.a(bpabi.o)
                0x00000000000000f4                __gnu_ldivmod_helper
                0x0000000000000124                __gnu_uldivmod_helper
 .text          0x0000000000000154        0x4 /usr/local/Cellar/pebble-toolchain/2.0/arm-cs-tools/bin/../lib/gcc/arm-none-eabi/4.7.2/thumb2/libgcc.a(_dvmd_tls.o)
                0x0000000000000154                __aeabi_ldiv0
                0x0000000000000154                __aeabi_idiv0
 .text          0x0000000000000158      0x36c /usr/local/Cellar/pebble-toolchain/2.0/arm-cs-tools/bin/../lib/gcc/arm-none-eabi/4.7.2/thumb2/libgcc.a(_divdi3.o)
                0x0000000000000158                __divdi3
 .text          0x00000000000004c4      0x314 /usr/local/Cellar/pebble-toolchain/2.0/arm-cs-tools/bin/../lib/gcc/arm-none-eabi/4.7.2/thumb2/libgcc.a(_udivdi3.o)
                0x00000000000004c4                __udivdi3
 .text          0x00000000000007d8      0x278 /usr/local/Cellar/pebble-toolchain/2.0/arm-cs-tools/bin/../lib/gcc/arm-none-eabi/4.7.2/thumb2/libgcc.a(_udivsi3.o)
                0x00000000000007d8                __udivsi3
                0x00000000000007d8                __aeabi_uidiv
                0x0000000000000a34                __aeabi_uidivmod
 *(.text.*)
 .text.startup.main
                0x0000000000000a50       0x16 src/main.c.19.o
                0x0000000000000a50                main
 .text.simply_init
                0x0000000000000a66       0x60 src/simply/simply.c.19.o
                0x0000000000000a66                simply_init
 .text.simply_deinit
                0x0000000000000ac6       0x38 src/simply/simply.c.19.o
                0x0000000000000ac6                simply_deinit
 .text.handle_accel_tap
                0x0000000000000afe       0x1e src/simply/simply_accel.c.19.o
 .text.send_accel_data.isra.1
                0x0000000000000b1c       0x4a src/simply/simply_accel.c.19.o
 .text.handle_accel_data
                0x0000000000000b66        0x6 src/simply/simply_accel.c.19.o
 .text.accel_peek_timer_callback
                0x0000000000000b6c       0x40 src/simply/simply_accel.c.19.o
 .text.simply_accel_handle_packet
                0x0000000000000bac       0x6c src/simply/simply_accel.c.19.o
                0x0000000000000bac                simply_accel_handle_packet
 .text.simply_accel_create
                0x0000000000000c18       0x38 src/simply/simply_accel.c.19.o
                0x0000000000000c18                simply_accel_create
 .text.simply_accel_destroy
                0x0000000000000c50       0x20 src/simply/simply_accel.c.19.o
                0x0000000000000c50                simply_accel_destroy
 .text.list1_remove
                0x0000000000000c70       0x32 src/simply/simply_menu.c.19.o
 .text.prv_section_filter
                0x0000000000000ca2        0xc src/simply/simply_menu.c.19.o
 .text.prv_item_filter
                0x0000000000000cae       0x1a src/simply/simply_menu.c.19.o
 .text.prv_request_item_filter
                0x0000000000000cc8        0xc src/simply/simply_menu.c.19.o
 .text.prv_menu_get_num_sections_callback
                0x0000000000000cd4        0x4 src/simply/simply_menu.c.19.o
 .text.prv_free_title
                0x0000000000000cd8       0x20 src/simply/simply_menu.c.19.o
 .text.prv_destroy_section
                0x0000000000000cf8       0x20 src/simply/simply_menu.c.19.o
 .text.prv_destroy_item
                0x0000000000000d18       0x28 src/simply/simply_menu.c.19.o
 .text.prv_menu_window_unload
                0x0000000000000d40       0x1c src/simply/simply_menu.c.19.o
 .text.prv_reload_data
                0x0000000000000d5c        0xa src/simply/simply_menu.c.19.o
 .text.simply_menu_clear
                0x0000000000000d66       0x28 src/simply/simply_menu.c.19.o
 .text.prv_menu_window_disappear
                0x0000000000000d8e       0x22 src/simply/simply_menu.c.19.o
 .text.prv_menu_window_appear
                0x0000000000000db0        0xe src/simply/simply_menu.c.19.o
 .text.prv_single_click_handler
                0x0000000000000dbe       0x1a src/simply/simply_menu.c.19.o
 .text.gpoint_polar
                0x0000000000000dd8       0x34 src/simply/simply_menu.c.19.o
 .text.prv_mark_dirty
                0x0000000000000e0c       0x14 src/simply/simply_menu.c.19.o
 .text.strdup2  0x0000000000000e20       0x28 src/simply/simply_menu.c.19.o
 .text.prv_menu_window_load
                0x0000000000000e48       0xf0 src/simply/simply_menu.c.19.o
 .text.list1_find_prev.constprop.8
                0x0000000000000f38       0x1c src/simply/simply_menu.c.19.o
 .text.prv_click_config_provider
                0x0000000000000f54       0x24 src/simply/simply_menu.c.19.o
 .text.prv_add_item
                0x0000000000000f78       0x58 src/simply/simply_menu.c.19.o
 .text.prv_get_menu_section
                0x0000000000000fd0       0x10 src/simply/simply_menu.c.19.o
 .text.prv_menu_get_num_rows_callback
                0x0000000000000fe0       0x12 src/simply/simply_menu.c.19.o
 *fill*         0x0000000000000ff2        0x2 
 .text.prv_menu_get_header_height_callback
                0x0000000000000ff4       0x24 src/simply/simply_menu.c.19.o
 .text.refresh_spinner_timer
                0x0000000000001018       0x2c src/simply/simply_menu.c.19.o
 .text.spinner_timer_callback
                0x0000000000001044       0x16 src/simply/simply_menu.c.19.o
 .text.prv_menu_select_long_click_callback
                0x000000000000105a       0x22 src/simply/simply_menu.c.19.o
 .text.prv_menu_select_click_callback
                0x000000000000107c       0x22 src/simply/simply_menu.c.19.o
 *fill*         0x000000000000109e        0x2 
 .text.prv_add_section
                0x00000000000010a0       0x50 src/simply/simply_menu.c.19.o
 .text.prv_request_menu_section.part.2
                0x00000000000010f0       0x3e src/simply/simply_menu.c.19.o
 *fill*         0x000000000000112e        0x2 
 .text.prv_menu_draw_row_callback
                0x0000000000001130      0x274 src/simply/simply_menu.c.19.o
 .text.prv_menu_draw_header_callback
                0x00000000000013a4       0xc4 src/simply/simply_menu.c.19.o
 .text.simply_menu_handle_packet
                0x0000000000001468      0x1dc src/simply/simply_menu.c.19.o
                0x0000000000001468                simply_menu_handle_packet
 .text.simply_menu_create
                0x0000000000001644       0x3c src/simply/simply_menu.c.19.o
                0x0000000000001644                simply_menu_create
 .text.simply_menu_destroy
                0x0000000000001680       0x16 src/simply/simply_menu.c.19.o
                0x0000000000001680                simply_menu_destroy
 .text.list1_remove
                0x0000000000001696       0x32 src/simply/simply_msg.c.19.o
 .text.dropped_callback
                0x00000000000016c8        0x2 src/simply/simply_msg.c.19.o
 .text.sent_callback
                0x00000000000016ca        0x2 src/simply/simply_msg.c.19.o
 .text.send_msg
                0x00000000000016cc       0x30 src/simply/simply_msg.c.19.o
 .text.handle_vibe_packet.isra.1
                0x00000000000016fc      0x3a8 src/simply/simply_msg.c.19.o
 .text.handle_packet
                0x0000000000001aa4      0x16e src/simply/simply_msg.c.19.o
 *fill*         0x0000000000001c12        0x2 
 .text.received_callback
                0x0000000000001c14       0x38 src/simply/simply_msg.c.19.o
 .text.send_msg_retry
                0x0000000000001c4c       0xb8 src/simply/simply_msg.c.19.o
 .text.simply_msg_has_communicated
                0x0000000000001d04        0xc src/simply/simply_msg.c.19.o
                0x0000000000001d04                simply_msg_has_communicated
 .text.simply_msg_show_disconnected
                0x0000000000001d10       0x58 src/simply/simply_msg.c.19.o
                0x0000000000001d10                simply_msg_show_disconnected
 .text.failed_callback
                0x0000000000001d68       0x18 src/simply/simply_msg.c.19.o
 .text.simply_msg_create
                0x0000000000001d80       0x6c src/simply/simply_msg.c.19.o
                0x0000000000001d80                simply_msg_create
 .text.simply_msg_destroy
                0x0000000000001dec       0x1c src/simply/simply_msg.c.19.o
                0x0000000000001dec                simply_msg_destroy
 .text.simply_msg_send
                0x0000000000001e08        0x4 src/simply/simply_msg.c.19.o
                0x0000000000001e08                simply_msg_send
 .text.simply_msg_send_packet
                0x0000000000001e0c       0x84 src/simply/simply_msg.c.19.o
                0x0000000000001e0c                simply_msg_send_packet
 .text.list1_remove
                0x0000000000001e90       0x32 src/simply/simply_res.c.19.o
 .text.destroy_image
                0x0000000000001ec2       0x22 src/simply/simply_res.c.19.o
 .text.malloc0  0x0000000000001ee4       0x18 src/simply/simply_res.c.19.o
 .text.window_stack_schedule_top_window_render
                0x0000000000001efc       0x12 src/simply/simply_res.c.19.o
 .text.setup_image
                0x0000000000001f0e       0x64 src/simply/simply_res.c.19.o
 .text.create_bitmap_with_png_data
                0x0000000000001f72        0xc src/simply/simply_res.c.19.o
 .text.create_bitmap_with_id
                0x0000000000001f7e       0x12 src/simply/simply_res.c.19.o
 .text.simply_res_evict_image
                0x0000000000001f90       0x1a src/simply/simply_res.c.19.o
                0x0000000000001f90                simply_res_evict_image
 .text.create_image
                0x0000000000001faa       0x48 src/simply/simply_res.c.19.o
 *fill*         0x0000000000001ff2        0x2 
 .text.simply_res_add_bundled_image
                0x0000000000001ff4       0x28 src/simply/simply_res.c.19.o
                0x0000000000001ff4                simply_res_add_bundled_image
 .text.simply_res_add_image
                0x000000000000201c       0x64 src/simply/simply_res.c.19.o
                0x000000000000201c                simply_res_add_image
 .text.simply_res_auto_image
                0x0000000000002080       0x42 src/simply/simply_res.c.19.o
                0x0000000000002080                simply_res_auto_image
 .text.simply_res_add_custom_font
                0x00000000000020c2       0x40 src/simply/simply_res.c.19.o
                0x00000000000020c2                simply_res_add_custom_font
 .text.simply_res_auto_font
                0x0000000000002102       0x2a src/simply/simply_res.c.19.o
                0x0000000000002102                simply_res_auto_font
 .text.simply_res_clear
                0x000000000000212c       0x34 src/simply/simply_res.c.19.o
                0x000000000000212c                simply_res_clear
 .text.simply_res_create
                0x0000000000002160       0x2a src/simply/simply_res.c.19.o
                0x0000000000002160                simply_res_create
 .text.simply_res_destroy
                0x000000000000218a       0x12 src/simply/simply_res.c.19.o
                0x000000000000218a                simply_res_destroy
 .text.window_load
                0x000000000000219c       0x12 src/simply/simply_splash.c.19.o
 .text.layer_update_callback
                0x00000000000021ae       0x24 src/simply/simply_splash.c.19.o
                0x00000000000021ae                layer_update_callback
 *fill*         0x00000000000021d2        0x2 
 .text.simply_splash_create
                0x00000000000021d4       0x78 src/simply/simply_splash.c.19.o
                0x00000000000021d4                simply_splash_create
 .text.simply_splash_destroy
                0x000000000000224c       0x20 src/simply/simply_splash.c.19.o
                0x000000000000224c                simply_splash_destroy
 .text.window_disappear
                0x000000000000226c       0x1a src/simply/simply_splash.c.19.o
 .text.list1_remove
                0x0000000000002286       0x32 src/simply/simply_stage.c.19.o
 .text.element_frame_getter
                0x00000000000022b8       0x10 src/simply/simply_stage.c.19.o
 .text.window_unload
                0x00000000000022c8       0x1e src/simply/simply_stage.c.19.o
 .text.destroy_animation
                0x00000000000022e6       0x24 src/simply/simply_stage.c.19.o
 *fill*         0x000000000000230a        0x2 
 .text.simply_stage_update_ticker
                0x000000000000230c       0x2c src/simply/simply_stage.c.19.o
 .text.simply_stage_clear
                0x0000000000002338       0x52 src/simply/simply_stage.c.19.o
 .text.window_disappear
                0x000000000000238a       0x22 src/simply/simply_stage.c.19.o
 .text.handle_tick
                0x00000000000023ac       0x12 src/simply/simply_stage.c.19.o
 .text.simply_stage_update
                0x00000000000023be        0xa src/simply/simply_stage.c.19.o
 .text.window_appear
                0x00000000000023c8       0x16 src/simply/simply_stage.c.19.o
 *fill*         0x00000000000023de        0x2 
 .text.window_load
                0x00000000000023e0       0x58 src/simply/simply_stage.c.19.o
 .text.malloc0  0x0000000000002438       0x18 src/simply/simply_stage.c.19.o
 .text.simply_stage_remove_element
                0x0000000000002450       0x24 src/simply/simply_stage.c.19.o
 .text.rect_element_draw_background.isra.1.part.2
                0x0000000000002474       0x20 src/simply/simply_stage.c.19.o
 .text.rect_element_draw_border.isra.3.part.4
                0x0000000000002494       0x20 src/simply/simply_stage.c.19.o
 .text.simply_stage_set_element_frame.isra.10
                0x00000000000024b4       0x32 src/simply/simply_stage.c.19.o
 .text.element_frame_setter
                0x00000000000024e6       0x1e src/simply/simply_stage.c.19.o
 .text.prv_draw_line_polar.constprop.13
                0x0000000000002504       0x46 src/simply/simply_stage.c.19.o
 .text.rect_element_draw.isra.5
                0x000000000000254a       0x24 src/simply/simply_stage.c.19.o
 *fill*         0x000000000000256e        0x2 
 .text.layer_update_callback
                0x0000000000002570      0x358 src/simply/simply_stage.c.19.o
 .text.simply_stage_auto_element
                0x00000000000028c8       0x8c src/simply/simply_stage.c.19.o
 .text.animation_stopped
                0x0000000000002954       0x34 src/simply/simply_stage.c.19.o
 .text.simply_stage_handle_packet
                0x0000000000002988      0x2e0 src/simply/simply_stage.c.19.o
                0x0000000000002988                simply_stage_handle_packet
 .text.simply_stage_create
                0x0000000000002c68       0x38 src/simply/simply_stage.c.19.o
                0x0000000000002c68                simply_stage_create
 .text.simply_stage_destroy
                0x0000000000002ca0       0x16 src/simply/simply_stage.c.19.o
                0x0000000000002ca0                simply_stage_destroy
 .text.window_unload
                0x0000000000002cb6       0x1e src/simply/simply_ui.c.19.o
 .text.window_disappear
                0x0000000000002cd4       0x1c src/simply/simply_ui.c.19.o
 .text.window_appear
                0x0000000000002cf0        0xe src/simply/simply_ui.c.19.o
 .text.graphics_draw_bitmap_centered
                0x0000000000002cfe       0x62 src/simply/simply_ui.c.19.o
 .text.mark_dirty
                0x0000000000002d60        0xa src/simply/simply_ui.c.19.o
 .text.show_welcome_text
                0x0000000000002d6a       0x18 src/simply/simply_ui.c.19.o
 *fill*         0x0000000000002d82        0x2 
 .text.layer_update_callback
                0x0000000000002d84      0x510 src/simply/simply_ui.c.19.o
 .text.simply_ui_set_style
                0x0000000000003294       0x3c src/simply/simply_ui.c.19.o
                0x0000000000003294                simply_ui_set_style
 .text.window_load
                0x00000000000032d0       0x60 src/simply/simply_ui.c.19.o
 .text.simply_ui_set_text
                0x0000000000003330       0x5c src/simply/simply_ui.c.19.o
                0x0000000000003330                simply_ui_set_text
 .text.simply_ui_set_text_color
                0x000000000000338c        0xc src/simply/simply_ui.c.19.o
                0x000000000000338c                simply_ui_set_text_color
 .text.simply_ui_clear
                0x0000000000003398       0x4a src/simply/simply_ui.c.19.o
                0x0000000000003398                simply_ui_clear
 .text.simply_ui_handle_packet
                0x00000000000033e2       0x70 src/simply/simply_ui.c.19.o
                0x00000000000033e2                simply_ui_handle_packet
 *fill*         0x0000000000003452        0x2 
 .text.simply_ui_create
                0x0000000000003454       0x48 src/simply/simply_ui.c.19.o
                0x0000000000003454                simply_ui_create
 .text.simply_ui_destroy
                0x000000000000349c       0x2a src/simply/simply_ui.c.19.o
                0x000000000000349c                simply_ui_destroy
 .text.wakeup_handler
                0x00000000000034c6       0x1c src/simply/simply_wakeup.c.19.o
 .text.wakeup_set_timer_callback
                0x00000000000034e2       0x20 src/simply/simply_wakeup.c.19.o
 *fill*         0x0000000000003502        0x2 
 .text.simply_wakeup_handle_packet
                0x0000000000003504       0xac src/simply/simply_wakeup.c.19.o
                0x0000000000003504                simply_wakeup_handle_packet
 .text.simply_wakeup_init
                0x00000000000035b0        0xc src/simply/simply_wakeup.c.19.o
                0x00000000000035b0                simply_wakeup_init
 .text.prv_update_layer_placement
                0x00000000000035bc       0xa8 src/simply/simply_window.c.19.o
 .text.simply_window_single_click_handler
                0x0000000000003664       0x5c src/simply/simply_window.c.19.o
                0x0000000000003664                simply_window_single_click_handler
 .text.scroll_layer_set_click_config_provider_onto_window.constprop.5
                0x00000000000036c0       0x30 src/simply/simply_window.c.19.o
 .text.click_config_provider
                0x00000000000036f0       0x7c src/simply/simply_window.c.19.o
 .text.long_click_handler
                0x000000000000376c       0x32 src/simply/simply_window.c.19.o
 .text.simply_window_set_scrollable
                0x000000000000379e       0x60 src/simply/simply_window.c.19.o
                0x000000000000379e                simply_window_set_scrollable
 .text.simply_window_set_status_bar
                0x00000000000037fe       0x44 src/simply/simply_window.c.19.o
                0x00000000000037fe                simply_window_set_status_bar
 .text.simply_window_set_background_color
                0x0000000000003842       0x26 src/simply/simply_window.c.19.o
                0x0000000000003842                simply_window_set_background_color
 .text.simply_window_set_status_bar_colors
                0x0000000000003868        0xa src/simply/simply_window.c.19.o
                0x0000000000003868                simply_window_set_status_bar_colors
 .text.simply_window_set_status_bar_separator_mode
                0x0000000000003872        0xa src/simply/simply_window.c.19.o
                0x0000000000003872                simply_window_set_status_bar_separator_mode
 .text.simply_window_set_action_bar
                0x000000000000387c       0x50 src/simply/simply_window.c.19.o
                0x000000000000387c                simply_window_set_action_bar
 .text.simply_window_set_action_bar_icon
                0x00000000000038cc       0x58 src/simply/simply_window.c.19.o
                0x00000000000038cc                simply_window_set_action_bar_icon
 .text.simply_window_set_action_bar_background_color
                0x0000000000003924       0x38 src/simply/simply_window.c.19.o
                0x0000000000003924                simply_window_set_action_bar_background_color
 .text.simply_window_action_bar_clear
                0x000000000000395c       0x2c src/simply/simply_window.c.19.o
                0x000000000000395c                simply_window_action_bar_clear
 .text.simply_window_preload
                0x0000000000003988       0x30 src/simply/simply_window.c.19.o
                0x0000000000003988                simply_window_preload
 .text.simply_window_load
                0x00000000000039b8       0x9c src/simply/simply_window.c.19.o
                0x00000000000039b8                simply_window_load
 .text.simply_window_appear
                0x0000000000003a54       0x1c src/simply/simply_window.c.19.o
                0x0000000000003a54                simply_window_appear
 .text.simply_window_disappear
                0x0000000000003a70       0x1c src/simply/simply_window.c.19.o
                0x0000000000003a70                simply_window_disappear
 .text.simply_window_unload
                0x0000000000003a8c       0x32 src/simply/simply_window.c.19.o
                0x0000000000003a8c                simply_window_unload
 .text.simply_window_handle_packet
                0x0000000000003abe       0xac src/simply/simply_window.c.19.o
                0x0000000000003abe                simply_window_handle_packet
 .text.simply_window_init
                0x0000000000003b6a       0x26 src/simply/simply_window.c.19.o
                0x0000000000003b6a                simply_window_init
 .text.simply_window_deinit
                0x0000000000003b90       0x12 src/simply/simply_window.c.19.o
                0x0000000000003b90                simply_window_deinit
 .text.show_window_sdk_3.isra.4
                0x0000000000003ba2       0x50 src/simply/simply_window_stack.c.19.o
 *fill*         0x0000000000003bf2        0x2 
 .text.simply_window_stack_set_broadcast
                0x0000000000003bf4       0x10 src/simply/simply_window_stack.c.19.o
                0x0000000000003bf4                simply_window_stack_set_broadcast
 .text.simply_window_stack_get_top_window
                0x0000000000003c04       0x20 src/simply/simply_window_stack.c.19.o
                0x0000000000003c04                simply_window_stack_get_top_window
 .text.simply_window_stack_show
                0x0000000000003c24        0x4 src/simply/simply_window_stack.c.19.o
                0x0000000000003c24                simply_window_stack_show
 .text.simply_window_stack_pop
                0x0000000000003c28       0x26 src/simply/simply_window_stack.c.19.o
                0x0000000000003c28                simply_window_stack_pop
 *fill*         0x0000000000003c4e        0x2 
 .text.simply_window_stack_send_show
                0x0000000000003c50       0x30 src/simply/simply_window_stack.c.19.o
                0x0000000000003c50                simply_window_stack_send_show
 .text.simply_window_stack_send_hide
                0x0000000000003c80       0x30 src/simply/simply_window_stack.c.19.o
                0x0000000000003c80                simply_window_stack_send_hide
 .text.simply_window_stack_back
                0x0000000000003cb0       0x1a src/simply/simply_window_stack.c.19.o
                0x0000000000003cb0                simply_window_stack_back
 .text.simply_window_stack_handle_packet
                0x0000000000003cca       0x4a src/simply/simply_window_stack.c.19.o
                0x0000000000003cca                simply_window_stack_handle_packet
 .text.simply_window_stack_create
                0x0000000000003d14       0x12 src/simply/simply_window_stack.c.19.o
                0x0000000000003d14                simply_window_stack_create
 .text.simply_window_stack_destroy
                0x0000000000003d26        0x8 src/simply/simply_window_stack.c.19.o
                0x0000000000003d26                simply_window_stack_destroy
 *fill*         0x0000000000003d2e        0x2 
 .text.accel_data_service_unsubscribe
                0x0000000000003d30        0xc /Users/eliyazdi/Library/Application Support/Pebble SDK/SDKs/current/sdk-core/pebble/aplite/lib/libpebble.a(tmpeWFBzLpebble.o)
                0x0000000000003d30                accel_data_service_unsubscribe
 .text.accel_service_peek
                0x0000000000003d3c        0xc /Users/eliyazdi/Library/Application Support/Pebble SDK/SDKs/current/sdk-core/pebble/aplite/lib/libpebble.a(tmpeWFBzLpebble.o)
                0x0000000000003d3c                accel_service_peek
 .text.accel_service_set_sampling_rate
                0x0000000000003d48        0xc /Users/eliyazdi/Library/Application Support/Pebble SDK/SDKs/current/sdk-core/pebble/aplite/lib/libpebble.a(tmpeWFBzLpebble.o)
                0x0000000000003d48                accel_service_set_sampling_rate
 .text.accel_tap_service_subscribe
                0x0000000000003d54        0xc /Users/eliyazdi/Library/Application Support/Pebble SDK/SDKs/current/sdk-core/pebble/aplite/lib/libpebble.a(tmpeWFBzLpebble.o)
                0x0000000000003d54                accel_tap_service_subscribe
 .text.accel_tap_service_unsubscribe
                0x0000000000003d60        0xc /Users/eliyazdi/Library/Application Support/Pebble SDK/SDKs/current/sdk-core/pebble/aplite/lib/libpebble.a(tmpeWFBzLpebble.o)
                0x0000000000003d60                accel_tap_service_unsubscribe
 .text.app_event_loop
                0x0000000000003d6c        0xc /Users/eliyazdi/Library/Application Support/Pebble SDK/SDKs/current/sdk-core/pebble/aplite/lib/libpebble.a(tmpeWFBzLpebble.o)
                0x0000000000003d6c                app_event_loop
 .text.app_message_deregister_callbacks
                0x0000000000003d78        0xc /Users/eliyazdi/Library/Application Support/Pebble SDK/SDKs/current/sdk-core/pebble/aplite/lib/libpebble.a(tmpeWFBzLpebble.o)
                0x0000000000003d78                app_message_deregister_callbacks
 .text.app_message_open
                0x0000000000003d84        0xc /Users/eliyazdi/Library/Application Support/Pebble SDK/SDKs/current/sdk-core/pebble/aplite/lib/libpebble.a(tmpeWFBzLpebble.o)
                0x0000000000003d84                app_message_open
 .text.app_timer_cancel
                0x0000000000003d90        0xc /Users/eliyazdi/Library/Application Support/Pebble SDK/SDKs/current/sdk-core/pebble/aplite/lib/libpebble.a(tmpeWFBzLpebble.o)
                0x0000000000003d90                app_timer_cancel
 .text.app_timer_register
                0x0000000000003d9c        0xc /Users/eliyazdi/Library/Application Support/Pebble SDK/SDKs/current/sdk-core/pebble/aplite/lib/libpebble.a(tmpeWFBzLpebble.o)
                0x0000000000003d9c                app_timer_register
 .text.click_recognizer_get_button_id
                0x0000000000003da8        0xc /Users/eliyazdi/Library/Application Support/Pebble SDK/SDKs/current/sdk-core/pebble/aplite/lib/libpebble.a(tmpeWFBzLpebble.o)
                0x0000000000003da8                click_recognizer_get_button_id
 .text.cos_lookup
                0x0000000000003db4        0xc /Users/eliyazdi/Library/Application Support/Pebble SDK/SDKs/current/sdk-core/pebble/aplite/lib/libpebble.a(tmpeWFBzLpebble.o)
                0x0000000000003db4                cos_lookup
 .text.dict_find
                0x0000000000003dc0        0xc /Users/eliyazdi/Library/Application Support/Pebble SDK/SDKs/current/sdk-core/pebble/aplite/lib/libpebble.a(tmpeWFBzLpebble.o)
                0x0000000000003dc0                dict_find
 .text.dict_write_data
                0x0000000000003dcc        0xc /Users/eliyazdi/Library/Application Support/Pebble SDK/SDKs/current/sdk-core/pebble/aplite/lib/libpebble.a(tmpeWFBzLpebble.o)
                0x0000000000003dcc                dict_write_data
 .text.fonts_get_system_font
                0x0000000000003dd8        0xc /Users/eliyazdi/Library/Application Support/Pebble SDK/SDKs/current/sdk-core/pebble/aplite/lib/libpebble.a(tmpeWFBzLpebble.o)
                0x0000000000003dd8                fonts_get_system_font
 .text.fonts_load_custom_font
                0x0000000000003de4        0xc /Users/eliyazdi/Library/Application Support/Pebble SDK/SDKs/current/sdk-core/pebble/aplite/lib/libpebble.a(tmpeWFBzLpebble.o)
                0x0000000000003de4                fonts_load_custom_font
 .text.fonts_unload_custom_font
                0x0000000000003df0        0xc /Users/eliyazdi/Library/Application Support/Pebble SDK/SDKs/current/sdk-core/pebble/aplite/lib/libpebble.a(tmpeWFBzLpebble.o)
                0x0000000000003df0                fonts_unload_custom_font
 .text.free     0x0000000000003dfc        0xc /Users/eliyazdi/Library/Application Support/Pebble SDK/SDKs/current/sdk-core/pebble/aplite/lib/libpebble.a(tmpeWFBzLpebble.o)
                0x0000000000003dfc                free
 .text.gbitmap_create_with_resource
                0x0000000000003e08        0xc /Users/eliyazdi/Library/Application Support/Pebble SDK/SDKs/current/sdk-core/pebble/aplite/lib/libpebble.a(tmpeWFBzLpebble.o)
                0x0000000000003e08                gbitmap_create_with_resource
 .text.gbitmap_destroy
                0x0000000000003e14        0xc /Users/eliyazdi/Library/Application Support/Pebble SDK/SDKs/current/sdk-core/pebble/aplite/lib/libpebble.a(tmpeWFBzLpebble.o)
                0x0000000000003e14                gbitmap_destroy
 .text.graphics_context_set_compositing_mode
                0x0000000000003e20        0xc /Users/eliyazdi/Library/Application Support/Pebble SDK/SDKs/current/sdk-core/pebble/aplite/lib/libpebble.a(tmpeWFBzLpebble.o)
                0x0000000000003e20                graphics_context_set_compositing_mode
 .text.graphics_draw_bitmap_in_rect
                0x0000000000003e2c        0xc /Users/eliyazdi/Library/Application Support/Pebble SDK/SDKs/current/sdk-core/pebble/aplite/lib/libpebble.a(tmpeWFBzLpebble.o)
                0x0000000000003e2c                graphics_draw_bitmap_in_rect
 .text.graphics_draw_circle
                0x0000000000003e38        0xc /Users/eliyazdi/Library/Application Support/Pebble SDK/SDKs/current/sdk-core/pebble/aplite/lib/libpebble.a(tmpeWFBzLpebble.o)
                0x0000000000003e38                graphics_draw_circle
 .text.graphics_draw_line
                0x0000000000003e44        0xc /Users/eliyazdi/Library/Application Support/Pebble SDK/SDKs/current/sdk-core/pebble/aplite/lib/libpebble.a(tmpeWFBzLpebble.o)
                0x0000000000003e44                graphics_draw_line
 .text.graphics_draw_round_rect
                0x0000000000003e50        0xc /Users/eliyazdi/Library/Application Support/Pebble SDK/SDKs/current/sdk-core/pebble/aplite/lib/libpebble.a(tmpeWFBzLpebble.o)
                0x0000000000003e50                graphics_draw_round_rect
 .text.graphics_fill_circle
                0x0000000000003e5c        0xc /Users/eliyazdi/Library/Application Support/Pebble SDK/SDKs/current/sdk-core/pebble/aplite/lib/libpebble.a(tmpeWFBzLpebble.o)
                0x0000000000003e5c                graphics_fill_circle
 .text.graphics_fill_rect
                0x0000000000003e68        0xc /Users/eliyazdi/Library/Application Support/Pebble SDK/SDKs/current/sdk-core/pebble/aplite/lib/libpebble.a(tmpeWFBzLpebble.o)
                0x0000000000003e68                graphics_fill_rect
 .text.grect_center_point
                0x0000000000003e74        0xc /Users/eliyazdi/Library/Application Support/Pebble SDK/SDKs/current/sdk-core/pebble/aplite/lib/libpebble.a(tmpeWFBzLpebble.o)
                0x0000000000003e74                grect_center_point
 .text.grect_standardize
                0x0000000000003e80        0xc /Users/eliyazdi/Library/Application Support/Pebble SDK/SDKs/current/sdk-core/pebble/aplite/lib/libpebble.a(tmpeWFBzLpebble.o)
                0x0000000000003e80                grect_standardize
 .text.inverter_layer_create
                0x0000000000003e8c        0xc /Users/eliyazdi/Library/Application Support/Pebble SDK/SDKs/current/sdk-core/pebble/aplite/lib/libpebble.a(tmpeWFBzLpebble.o)
                0x0000000000003e8c                inverter_layer_create
 .text.inverter_layer_destroy
                0x0000000000003e98        0xc /Users/eliyazdi/Library/Application Support/Pebble SDK/SDKs/current/sdk-core/pebble/aplite/lib/libpebble.a(tmpeWFBzLpebble.o)
                0x0000000000003e98                inverter_layer_destroy
 .text.inverter_layer_get_layer
                0x0000000000003ea4        0xc /Users/eliyazdi/Library/Application Support/Pebble SDK/SDKs/current/sdk-core/pebble/aplite/lib/libpebble.a(tmpeWFBzLpebble.o)
                0x0000000000003ea4                inverter_layer_get_layer
 .text.layer_add_child
                0x0000000000003eb0        0xc /Users/eliyazdi/Library/Application Support/Pebble SDK/SDKs/current/sdk-core/pebble/aplite/lib/libpebble.a(tmpeWFBzLpebble.o)
                0x0000000000003eb0                layer_add_child
 .text.layer_create_with_data
                0x0000000000003ebc        0xc /Users/eliyazdi/Library/Application Support/Pebble SDK/SDKs/current/sdk-core/pebble/aplite/lib/libpebble.a(tmpeWFBzLpebble.o)
                0x0000000000003ebc                layer_create_with_data
 .text.layer_destroy
                0x0000000000003ec8        0xc /Users/eliyazdi/Library/Application Support/Pebble SDK/SDKs/current/sdk-core/pebble/aplite/lib/libpebble.a(tmpeWFBzLpebble.o)
                0x0000000000003ec8                layer_destroy
 .text.layer_get_bounds
                0x0000000000003ed4        0xc /Users/eliyazdi/Library/Application Support/Pebble SDK/SDKs/current/sdk-core/pebble/aplite/lib/libpebble.a(tmpeWFBzLpebble.o)
                0x0000000000003ed4                layer_get_bounds
 .text.layer_get_data
                0x0000000000003ee0        0xc /Users/eliyazdi/Library/Application Support/Pebble SDK/SDKs/current/sdk-core/pebble/aplite/lib/libpebble.a(tmpeWFBzLpebble.o)
                0x0000000000003ee0                layer_get_data
 .text.layer_get_frame
                0x0000000000003eec        0xc /Users/eliyazdi/Library/Application Support/Pebble SDK/SDKs/current/sdk-core/pebble/aplite/lib/libpebble.a(tmpeWFBzLpebble.o)
                0x0000000000003eec                layer_get_frame
 .text.layer_get_window
                0x0000000000003ef8        0xc /Users/eliyazdi/Library/Application Support/Pebble SDK/SDKs/current/sdk-core/pebble/aplite/lib/libpebble.a(tmpeWFBzLpebble.o)
                0x0000000000003ef8                layer_get_window
 .text.layer_mark_dirty
                0x0000000000003f04        0xc /Users/eliyazdi/Library/Application Support/Pebble SDK/SDKs/current/sdk-core/pebble/aplite/lib/libpebble.a(tmpeWFBzLpebble.o)
                0x0000000000003f04                layer_mark_dirty
 .text.layer_remove_from_parent
                0x0000000000003f10        0xc /Users/eliyazdi/Library/Application Support/Pebble SDK/SDKs/current/sdk-core/pebble/aplite/lib/libpebble.a(tmpeWFBzLpebble.o)
                0x0000000000003f10                layer_remove_from_parent
 .text.layer_set_frame
                0x0000000000003f1c        0xc /Users/eliyazdi/Library/Application Support/Pebble SDK/SDKs/current/sdk-core/pebble/aplite/lib/libpebble.a(tmpeWFBzLpebble.o)
                0x0000000000003f1c                layer_set_frame
 .text.layer_set_update_proc
                0x0000000000003f28        0xc /Users/eliyazdi/Library/Application Support/Pebble SDK/SDKs/current/sdk-core/pebble/aplite/lib/libpebble.a(tmpeWFBzLpebble.o)
                0x0000000000003f28                layer_set_update_proc
 .text.light_enable
                0x0000000000003f34        0xc /Users/eliyazdi/Library/Application Support/Pebble SDK/SDKs/current/sdk-core/pebble/aplite/lib/libpebble.a(tmpeWFBzLpebble.o)
                0x0000000000003f34                light_enable
 .text.light_enable_interaction
                0x0000000000003f40        0xc /Users/eliyazdi/Library/Application Support/Pebble SDK/SDKs/current/sdk-core/pebble/aplite/lib/libpebble.a(tmpeWFBzLpebble.o)
                0x0000000000003f40                light_enable_interaction
 .text.malloc   0x0000000000003f4c        0xc /Users/eliyazdi/Library/Application Support/Pebble SDK/SDKs/current/sdk-core/pebble/aplite/lib/libpebble.a(tmpeWFBzLpebble.o)
                0x0000000000003f4c                malloc
 .text.memcpy   0x0000000000003f58        0xc /Users/eliyazdi/Library/Application Support/Pebble SDK/SDKs/current/sdk-core/pebble/aplite/lib/libpebble.a(tmpeWFBzLpebble.o)
                0x0000000000003f58                memcpy
 .text.memset   0x0000000000003f64        0xc /Users/eliyazdi/Library/Application Support/Pebble SDK/SDKs/current/sdk-core/pebble/aplite/lib/libpebble.a(tmpeWFBzLpebble.o)
                0x0000000000003f64                memset
 .text.menu_cell_basic_draw
                0x0000000000003f70        0xc /Users/eliyazdi/Library/Application Support/Pebble SDK/SDKs/current/sdk-core/pebble/aplite/lib/libpebble.a(tmpeWFBzLpebble.o)
                0x0000000000003f70                menu_cell_basic_draw
 .text.menu_layer_destroy
                0x0000000000003f7c        0xc /Users/eliyazdi/Library/Application Support/Pebble SDK/SDKs/current/sdk-core/pebble/aplite/lib/libpebble.a(tmpeWFBzLpebble.o)
                0x0000000000003f7c                menu_layer_destroy
 .text.menu_layer_get_layer
                0x0000000000003f88        0xc /Users/eliyazdi/Library/Application Support/Pebble SDK/SDKs/current/sdk-core/pebble/aplite/lib/libpebble.a(tmpeWFBzLpebble.o)
                0x0000000000003f88                menu_layer_get_layer
 .text.menu_layer_get_selected_index
                0x0000000000003f94        0xc /Users/eliyazdi/Library/Application Support/Pebble SDK/SDKs/current/sdk-core/pebble/aplite/lib/libpebble.a(tmpeWFBzLpebble.o)
                0x0000000000003f94                menu_layer_get_selected_index
 .text.menu_layer_reload_data
                0x0000000000003fa0        0xc /Users/eliyazdi/Library/Application Support/Pebble SDK/SDKs/current/sdk-core/pebble/aplite/lib/libpebble.a(tmpeWFBzLpebble.o)
                0x0000000000003fa0                menu_layer_reload_data
 .text.menu_layer_set_click_config_onto_window
                0x0000000000003fac        0xc /Users/eliyazdi/Library/Application Support/Pebble SDK/SDKs/current/sdk-core/pebble/aplite/lib/libpebble.a(tmpeWFBzLpebble.o)
                0x0000000000003fac                menu_layer_set_click_config_onto_window
 .text.menu_layer_set_selected_index
                0x0000000000003fb8        0xc /Users/eliyazdi/Library/Application Support/Pebble SDK/SDKs/current/sdk-core/pebble/aplite/lib/libpebble.a(tmpeWFBzLpebble.o)
                0x0000000000003fb8                menu_layer_set_selected_index
 .text.psleep   0x0000000000003fc4        0xc /Users/eliyazdi/Library/Application Support/Pebble SDK/SDKs/current/sdk-core/pebble/aplite/lib/libpebble.a(tmpeWFBzLpebble.o)
                0x0000000000003fc4                psleep
 .text.resource_get_handle
                0x0000000000003fd0        0xc /Users/eliyazdi/Library/Application Support/Pebble SDK/SDKs/current/sdk-core/pebble/aplite/lib/libpebble.a(tmpeWFBzLpebble.o)
                0x0000000000003fd0                resource_get_handle
 .text.scroll_layer_add_child
                0x0000000000003fdc        0xc /Users/eliyazdi/Library/Application Support/Pebble SDK/SDKs/current/sdk-core/pebble/aplite/lib/libpebble.a(tmpeWFBzLpebble.o)
                0x0000000000003fdc                scroll_layer_add_child
 .text.scroll_layer_create
                0x0000000000003fe8        0xc /Users/eliyazdi/Library/Application Support/Pebble SDK/SDKs/current/sdk-core/pebble/aplite/lib/libpebble.a(tmpeWFBzLpebble.o)
                0x0000000000003fe8                scroll_layer_create
 .text.scroll_layer_destroy
                0x0000000000003ff4        0xc /Users/eliyazdi/Library/Application Support/Pebble SDK/SDKs/current/sdk-core/pebble/aplite/lib/libpebble.a(tmpeWFBzLpebble.o)
                0x0000000000003ff4                scroll_layer_destroy
 .text.scroll_layer_get_content_offset
                0x0000000000004000        0xc /Users/eliyazdi/Library/Application Support/Pebble SDK/SDKs/current/sdk-core/pebble/aplite/lib/libpebble.a(tmpeWFBzLpebble.o)
                0x0000000000004000                scroll_layer_get_content_offset
 .text.scroll_layer_get_layer
                0x000000000000400c        0xc /Users/eliyazdi/Library/Application Support/Pebble SDK/SDKs/current/sdk-core/pebble/aplite/lib/libpebble.a(tmpeWFBzLpebble.o)
                0x000000000000400c                scroll_layer_get_layer
 .text.scroll_layer_set_click_config_onto_window
                0x0000000000004018        0xc /Users/eliyazdi/Library/Application Support/Pebble SDK/SDKs/current/sdk-core/pebble/aplite/lib/libpebble.a(tmpeWFBzLpebble.o)
                0x0000000000004018                scroll_layer_set_click_config_onto_window
 .text.scroll_layer_set_content_offset
                0x0000000000004024        0xc /Users/eliyazdi/Library/Application Support/Pebble SDK/SDKs/current/sdk-core/pebble/aplite/lib/libpebble.a(tmpeWFBzLpebble.o)
                0x0000000000004024                scroll_layer_set_content_offset
 .text.scroll_layer_set_content_size
                0x0000000000004030        0xc /Users/eliyazdi/Library/Application Support/Pebble SDK/SDKs/current/sdk-core/pebble/aplite/lib/libpebble.a(tmpeWFBzLpebble.o)
                0x0000000000004030                scroll_layer_set_content_size
 .text.scroll_layer_set_context
                0x000000000000403c        0xc /Users/eliyazdi/Library/Application Support/Pebble SDK/SDKs/current/sdk-core/pebble/aplite/lib/libpebble.a(tmpeWFBzLpebble.o)
                0x000000000000403c                scroll_layer_set_context
 .text.scroll_layer_set_shadow_hidden
                0x0000000000004048        0xc /Users/eliyazdi/Library/Application Support/Pebble SDK/SDKs/current/sdk-core/pebble/aplite/lib/libpebble.a(tmpeWFBzLpebble.o)
                0x0000000000004048                scroll_layer_set_shadow_hidden
 .text.sin_lookup
                0x0000000000004054        0xc /Users/eliyazdi/Library/Application Support/Pebble SDK/SDKs/current/sdk-core/pebble/aplite/lib/libpebble.a(tmpeWFBzLpebble.o)
                0x0000000000004054                sin_lookup
 .text.strftime
                0x0000000000004060        0xc /Users/eliyazdi/Library/Application Support/Pebble SDK/SDKs/current/sdk-core/pebble/aplite/lib/libpebble.a(tmpeWFBzLpebble.o)
                0x0000000000004060                strftime
 .text.strlen   0x000000000000406c        0xc /Users/eliyazdi/Library/Application Support/Pebble SDK/SDKs/current/sdk-core/pebble/aplite/lib/libpebble.a(tmpeWFBzLpebble.o)
                0x000000000000406c                strlen
 .text.strncpy  0x0000000000004078        0xc /Users/eliyazdi/Library/Application Support/Pebble SDK/SDKs/current/sdk-core/pebble/aplite/lib/libpebble.a(tmpeWFBzLpebble.o)
                0x0000000000004078                strncpy
 .text.tick_timer_service_subscribe
                0x0000000000004084        0xc /Users/eliyazdi/Library/Application Support/Pebble SDK/SDKs/current/sdk-core/pebble/aplite/lib/libpebble.a(tmpeWFBzLpebble.o)
                0x0000000000004084                tick_timer_service_subscribe
 .text.tick_timer_service_unsubscribe
                0x0000000000004090        0xc /Users/eliyazdi/Library/Application Support/Pebble SDK/SDKs/current/sdk-core/pebble/aplite/lib/libpebble.a(tmpeWFBzLpebble.o)
                0x0000000000004090                tick_timer_service_unsubscribe
 .text.vibes_double_pulse
                0x000000000000409c        0xc /Users/eliyazdi/Library/Application Support/Pebble SDK/SDKs/current/sdk-core/pebble/aplite/lib/libpebble.a(tmpeWFBzLpebble.o)
                0x000000000000409c                vibes_double_pulse
 .text.vibes_enqueue_custom_pattern
                0x00000000000040a8        0xc /Users/eliyazdi/Library/Application Support/Pebble SDK/SDKs/current/sdk-core/pebble/aplite/lib/libpebble.a(tmpeWFBzLpebble.o)
                0x00000000000040a8                vibes_enqueue_custom_pattern
 .text.vibes_long_pulse
                0x00000000000040b4        0xc /Users/eliyazdi/Library/Application Support/Pebble SDK/SDKs/current/sdk-core/pebble/aplite/lib/libpebble.a(tmpeWFBzLpebble.o)
                0x00000000000040b4                vibes_long_pulse
 .text.vibes_short_pulse
                0x00000000000040c0        0xc /Users/eliyazdi/Library/Application Support/Pebble SDK/SDKs/current/sdk-core/pebble/aplite/lib/libpebble.a(tmpeWFBzLpebble.o)
                0x00000000000040c0                vibes_short_pulse
 .text.window_create
                0x00000000000040cc        0xc /Users/eliyazdi/Library/Application Support/Pebble SDK/SDKs/current/sdk-core/pebble/aplite/lib/libpebble.a(tmpeWFBzLpebble.o)
                0x00000000000040cc                window_create
 .text.window_destroy
                0x00000000000040d8        0xc /Users/eliyazdi/Library/Application Support/Pebble SDK/SDKs/current/sdk-core/pebble/aplite/lib/libpebble.a(tmpeWFBzLpebble.o)
                0x00000000000040d8                window_destroy
 .text.window_get_click_config_provider
                0x00000000000040e4        0xc /Users/eliyazdi/Library/Application Support/Pebble SDK/SDKs/current/sdk-core/pebble/aplite/lib/libpebble.a(tmpeWFBzLpebble.o)
                0x00000000000040e4                window_get_click_config_provider
 .text.window_get_root_layer
                0x00000000000040f0        0xc /Users/eliyazdi/Library/Application Support/Pebble SDK/SDKs/current/sdk-core/pebble/aplite/lib/libpebble.a(tmpeWFBzLpebble.o)
                0x00000000000040f0                window_get_root_layer
 .text.window_set_click_config_provider_with_context
                0x00000000000040fc        0xc /Users/eliyazdi/Library/Application Support/Pebble SDK/SDKs/current/sdk-core/pebble/aplite/lib/libpebble.a(tmpeWFBzLpebble.o)
                0x00000000000040fc                window_set_click_config_provider_with_context
 .text.window_set_window_handlers
                0x0000000000004108        0xc /Users/eliyazdi/Library/Application Support/Pebble SDK/SDKs/current/sdk-core/pebble/aplite/lib/libpebble.a(tmpeWFBzLpebble.o)
                0x0000000000004108                window_set_window_handlers
 .text.window_stack_get_top_window
                0x0000000000004114        0xc /Users/eliyazdi/Library/Application Support/Pebble SDK/SDKs/current/sdk-core/pebble/aplite/lib/libpebble.a(tmpeWFBzLpebble.o)
                0x0000000000004114                window_stack_get_top_window
 .text.window_stack_pop
                0x0000000000004120        0xc /Users/eliyazdi/Library/Application Support/Pebble SDK/SDKs/current/sdk-core/pebble/aplite/lib/libpebble.a(tmpeWFBzLpebble.o)
                0x0000000000004120                window_stack_pop
 .text.window_stack_pop_all
                0x000000000000412c        0xc /Users/eliyazdi/Library/Application Support/Pebble SDK/SDKs/current/sdk-core/pebble/aplite/lib/libpebble.a(tmpeWFBzLpebble.o)
                0x000000000000412c                window_stack_pop_all
 .text.window_stack_push
                0x0000000000004138        0xc /Users/eliyazdi/Library/Application Support/Pebble SDK/SDKs/current/sdk-core/pebble/aplite/lib/libpebble.a(tmpeWFBzLpebble.o)
                0x0000000000004138                window_stack_push
 .text.window_stack_remove
                0x0000000000004144        0xc /Users/eliyazdi/Library/Application Support/Pebble SDK/SDKs/current/sdk-core/pebble/aplite/lib/libpebble.a(tmpeWFBzLpebble.o)
                0x0000000000004144                window_stack_remove
 .text.window_get_user_data
                0x0000000000004150        0xc /Users/eliyazdi/Library/Application Support/Pebble SDK/SDKs/current/sdk-core/pebble/aplite/lib/libpebble.a(tmpeWFBzLpebble.o)
                0x0000000000004150                window_get_user_data
 .text.window_set_user_data
                0x000000000000415c        0xc /Users/eliyazdi/Library/Application Support/Pebble SDK/SDKs/current/sdk-core/pebble/aplite/lib/libpebble.a(tmpeWFBzLpebble.o)
                0x000000000000415c                window_set_user_data
 .text.app_message_outbox_begin
                0x0000000000004168        0xc /Users/eliyazdi/Library/Application Support/Pebble SDK/SDKs/current/sdk-core/pebble/aplite/lib/libpebble.a(tmpeWFBzLpebble.o)
                0x0000000000004168                app_message_outbox_begin
 .text.app_message_outbox_send
                0x0000000000004174        0xc /Users/eliyazdi/Library/Application Support/Pebble SDK/SDKs/current/sdk-core/pebble/aplite/lib/libpebble.a(tmpeWFBzLpebble.o)
                0x0000000000004174                app_message_outbox_send
 .text.app_message_register_inbox_dropped
                0x0000000000004180        0xc /Users/eliyazdi/Library/Application Support/Pebble SDK/SDKs/current/sdk-core/pebble/aplite/lib/libpebble.a(tmpeWFBzLpebble.o)
                0x0000000000004180                app_message_register_inbox_dropped
 .text.app_message_register_inbox_received
                0x000000000000418c        0xc /Users/eliyazdi/Library/Application Support/Pebble SDK/SDKs/current/sdk-core/pebble/aplite/lib/libpebble.a(tmpeWFBzLpebble.o)
                0x000000000000418c                app_message_register_inbox_received
 .text.app_message_register_outbox_failed
                0x0000000000004198        0xc /Users/eliyazdi/Library/Application Support/Pebble SDK/SDKs/current/sdk-core/pebble/aplite/lib/libpebble.a(tmpeWFBzLpebble.o)
                0x0000000000004198                app_message_register_outbox_failed
 .text.app_message_register_outbox_sent
                0x00000000000041a4        0xc /Users/eliyazdi/Library/Application Support/Pebble SDK/SDKs/current/sdk-core/pebble/aplite/lib/libpebble.a(tmpeWFBzLpebble.o)
                0x00000000000041a4                app_message_register_outbox_sent
 .text.app_message_set_context
                0x00000000000041b0        0xc /Users/eliyazdi/Library/Application Support/Pebble SDK/SDKs/current/sdk-core/pebble/aplite/lib/libpebble.a(tmpeWFBzLpebble.o)
                0x00000000000041b0                app_message_set_context
 .text.window_long_click_subscribe
                0x00000000000041bc        0xc /Users/eliyazdi/Library/Application Support/Pebble SDK/SDKs/current/sdk-core/pebble/aplite/lib/libpebble.a(tmpeWFBzLpebble.o)
                0x00000000000041bc                window_long_click_subscribe
 .text.window_set_click_context
                0x00000000000041c8        0xc /Users/eliyazdi/Library/Application Support/Pebble SDK/SDKs/current/sdk-core/pebble/aplite/lib/libpebble.a(tmpeWFBzLpebble.o)
                0x00000000000041c8                window_set_click_context
 .text.window_single_click_subscribe
                0x00000000000041d4        0xc /Users/eliyazdi/Library/Application Support/Pebble SDK/SDKs/current/sdk-core/pebble/aplite/lib/libpebble.a(tmpeWFBzLpebble.o)
                0x00000000000041d4                window_single_click_subscribe
 .text.graphics_draw_text
                0x00000000000041e0        0xc /Users/eliyazdi/Library/Application Support/Pebble SDK/SDKs/current/sdk-core/pebble/aplite/lib/libpebble.a(tmpeWFBzLpebble.o)
                0x00000000000041e0                graphics_draw_text
 .text.accel_data_service_subscribe
                0x00000000000041ec        0xc /Users/eliyazdi/Library/Application Support/Pebble SDK/SDKs/current/sdk-core/pebble/aplite/lib/libpebble.a(tmpeWFBzLpebble.o)
                0x00000000000041ec                accel_data_service_subscribe
 .text.launch_reason
                0x00000000000041f8        0xc /Users/eliyazdi/Library/Application Support/Pebble SDK/SDKs/current/sdk-core/pebble/aplite/lib/libpebble.a(tmpeWFBzLpebble.o)
                0x00000000000041f8                launch_reason
 .text.wakeup_cancel
                0x0000000000004204        0xc /Users/eliyazdi/Library/Application Support/Pebble SDK/SDKs/current/sdk-core/pebble/aplite/lib/libpebble.a(tmpeWFBzLpebble.o)
                0x0000000000004204                wakeup_cancel
 .text.wakeup_cancel_all
                0x0000000000004210        0xc /Users/eliyazdi/Library/Application Support/Pebble SDK/SDKs/current/sdk-core/pebble/aplite/lib/libpebble.a(tmpeWFBzLpebble.o)
                0x0000000000004210                wakeup_cancel_all
 .text.wakeup_get_launch_event
                0x000000000000421c        0xc /Users/eliyazdi/Library/Application Support/Pebble SDK/SDKs/current/sdk-core/pebble/aplite/lib/libpebble.a(tmpeWFBzLpebble.o)
                0x000000000000421c                wakeup_get_launch_event
 .text.wakeup_schedule
                0x0000000000004228        0xc /Users/eliyazdi/Library/Application Support/Pebble SDK/SDKs/current/sdk-core/pebble/aplite/lib/libpebble.a(tmpeWFBzLpebble.o)
                0x0000000000004228                wakeup_schedule
 .text.wakeup_service_subscribe
                0x0000000000004234        0xc /Users/eliyazdi/Library/Application Support/Pebble SDK/SDKs/current/sdk-core/pebble/aplite/lib/libpebble.a(tmpeWFBzLpebble.o)
                0x0000000000004234                wakeup_service_subscribe
 .text.clock_is_timezone_set
                0x0000000000004240        0xc /Users/eliyazdi/Library/Application Support/Pebble SDK/SDKs/current/sdk-core/pebble/aplite/lib/libpebble.a(tmpeWFBzLpebble.o)
                0x0000000000004240                clock_is_timezone_set
 .text.graphics_context_set_fill_color
                0x000000000000424c        0xc /Users/eliyazdi/Library/Application Support/Pebble SDK/SDKs/current/sdk-core/pebble/aplite/lib/libpebble.a(tmpeWFBzLpebble.o)
                0x000000000000424c                graphics_context_set_fill_color
 .text.graphics_context_set_stroke_color
                0x0000000000004258        0xc /Users/eliyazdi/Library/Application Support/Pebble SDK/SDKs/current/sdk-core/pebble/aplite/lib/libpebble.a(tmpeWFBzLpebble.o)
                0x0000000000004258                graphics_context_set_stroke_color
 .text.graphics_context_set_text_color
                0x0000000000004264        0xc /Users/eliyazdi/Library/Application Support/Pebble SDK/SDKs/current/sdk-core/pebble/aplite/lib/libpebble.a(tmpeWFBzLpebble.o)
                0x0000000000004264                graphics_context_set_text_color
 .text.window_set_background_color
                0x0000000000004270        0xc /Users/eliyazdi/Library/Application Support/Pebble SDK/SDKs/current/sdk-core/pebble/aplite/lib/libpebble.a(tmpeWFBzLpebble.o)
                0x0000000000004270                window_set_background_color
 .text.localtime
                0x000000000000427c        0xc /Users/eliyazdi/Library/Application Support/Pebble SDK/SDKs/current/sdk-core/pebble/aplite/lib/libpebble.a(tmpeWFBzLpebble.o)
                0x000000000000427c                localtime
 .text.animation_destroy
                0x0000000000004288        0xc /Users/eliyazdi/Library/Application Support/Pebble SDK/SDKs/current/sdk-core/pebble/aplite/lib/libpebble.a(tmpeWFBzLpebble.o)
                0x0000000000004288                animation_destroy
 .text.animation_schedule
                0x0000000000004294        0xc /Users/eliyazdi/Library/Application Support/Pebble SDK/SDKs/current/sdk-core/pebble/aplite/lib/libpebble.a(tmpeWFBzLpebble.o)
                0x0000000000004294                animation_schedule
 .text.animation_set_curve
                0x00000000000042a0        0xc /Users/eliyazdi/Library/Application Support/Pebble SDK/SDKs/current/sdk-core/pebble/aplite/lib/libpebble.a(tmpeWFBzLpebble.o)
                0x00000000000042a0                animation_set_curve
 .text.animation_set_duration
                0x00000000000042ac        0xc /Users/eliyazdi/Library/Application Support/Pebble SDK/SDKs/current/sdk-core/pebble/aplite/lib/libpebble.a(tmpeWFBzLpebble.o)
                0x00000000000042ac                animation_set_duration
 .text.animation_set_handlers
                0x00000000000042b8        0xc /Users/eliyazdi/Library/Application Support/Pebble SDK/SDKs/current/sdk-core/pebble/aplite/lib/libpebble.a(tmpeWFBzLpebble.o)
                0x00000000000042b8                animation_set_handlers
 .text.animation_unschedule
                0x00000000000042c4        0xc /Users/eliyazdi/Library/Application Support/Pebble SDK/SDKs/current/sdk-core/pebble/aplite/lib/libpebble.a(tmpeWFBzLpebble.o)
                0x00000000000042c4                animation_unschedule
 .text.property_animation_create
                0x00000000000042d0        0xc /Users/eliyazdi/Library/Application Support/Pebble SDK/SDKs/current/sdk-core/pebble/aplite/lib/libpebble.a(tmpeWFBzLpebble.o)
                0x00000000000042d0                property_animation_create
 .text.property_animation_destroy
                0x00000000000042dc        0xc /Users/eliyazdi/Library/Application Support/Pebble SDK/SDKs/current/sdk-core/pebble/aplite/lib/libpebble.a(tmpeWFBzLpebble.o)
                0x00000000000042dc                property_animation_destroy
 .text.property_animation_from
                0x00000000000042e8        0xc /Users/eliyazdi/Library/Application Support/Pebble SDK/SDKs/current/sdk-core/pebble/aplite/lib/libpebble.a(tmpeWFBzLpebble.o)
                0x00000000000042e8                property_animation_from
 .text.property_animation_to
                0x00000000000042f4        0xc /Users/eliyazdi/Library/Application Support/Pebble SDK/SDKs/current/sdk-core/pebble/aplite/lib/libpebble.a(tmpeWFBzLpebble.o)
                0x00000000000042f4                property_animation_to
 .text.property_animation_update_grect
                0x0000000000004300        0xc /Users/eliyazdi/Library/Application Support/Pebble SDK/SDKs/current/sdk-core/pebble/aplite/lib/libpebble.a(tmpeWFBzLpebble.o)
                0x0000000000004300                property_animation_update_grect
 .text.gbitmap_get_bounds
                0x000000000000430c        0xc /Users/eliyazdi/Library/Application Support/Pebble SDK/SDKs/current/sdk-core/pebble/aplite/lib/libpebble.a(tmpeWFBzLpebble.o)
                0x000000000000430c                gbitmap_get_bounds
 .text.gbitmap_get_format
                0x0000000000004318        0xc /Users/eliyazdi/Library/Application Support/Pebble SDK/SDKs/current/sdk-core/pebble/aplite/lib/libpebble.a(tmpeWFBzLpebble.o)
                0x0000000000004318                gbitmap_get_format
 .text.gbitmap_get_palette
                0x0000000000004324        0xc /Users/eliyazdi/Library/Application Support/Pebble SDK/SDKs/current/sdk-core/pebble/aplite/lib/libpebble.a(tmpeWFBzLpebble.o)
                0x0000000000004324                gbitmap_get_palette
 .text.gbitmap_set_palette
                0x0000000000004330        0xc /Users/eliyazdi/Library/Application Support/Pebble SDK/SDKs/current/sdk-core/pebble/aplite/lib/libpebble.a(tmpeWFBzLpebble.o)
                0x0000000000004330                gbitmap_set_palette
 .text.gbitmap_create_from_png_data
                0x000000000000433c        0xc /Users/eliyazdi/Library/Application Support/Pebble SDK/SDKs/current/sdk-core/pebble/aplite/lib/libpebble.a(tmpeWFBzLpebble.o)
                0x000000000000433c                gbitmap_create_from_png_data
 .text.launch_get_args
                0x0000000000004348        0xc /Users/eliyazdi/Library/Application Support/Pebble SDK/SDKs/current/sdk-core/pebble/aplite/lib/libpebble.a(tmpeWFBzLpebble.o)
                0x0000000000004348                launch_get_args
 .text.menu_layer_create
                0x0000000000004354        0xc /Users/eliyazdi/Library/Application Support/Pebble SDK/SDKs/current/sdk-core/pebble/aplite/lib/libpebble.a(tmpeWFBzLpebble.o)
                0x0000000000004354                menu_layer_create
 .text.graphics_context_set_antialiased
                0x0000000000004360        0xc /Users/eliyazdi/Library/Application Support/Pebble SDK/SDKs/current/sdk-core/pebble/aplite/lib/libpebble.a(tmpeWFBzLpebble.o)
                0x0000000000004360                graphics_context_set_antialiased
 .text.graphics_context_set_stroke_width
                0x000000000000436c        0xc /Users/eliyazdi/Library/Application Support/Pebble SDK/SDKs/current/sdk-core/pebble/aplite/lib/libpebble.a(tmpeWFBzLpebble.o)
                0x000000000000436c                graphics_context_set_stroke_width
 .text.action_bar_layer_add_to_window
                0x0000000000004378        0xc /Users/eliyazdi/Library/Application Support/Pebble SDK/SDKs/current/sdk-core/pebble/aplite/lib/libpebble.a(tmpeWFBzLpebble.o)
                0x0000000000004378                action_bar_layer_add_to_window
 .text.action_bar_layer_clear_icon
                0x0000000000004384        0xc /Users/eliyazdi/Library/Application Support/Pebble SDK/SDKs/current/sdk-core/pebble/aplite/lib/libpebble.a(tmpeWFBzLpebble.o)
                0x0000000000004384                action_bar_layer_clear_icon
 .text.action_bar_layer_create
                0x0000000000004390        0xc /Users/eliyazdi/Library/Application Support/Pebble SDK/SDKs/current/sdk-core/pebble/aplite/lib/libpebble.a(tmpeWFBzLpebble.o)
                0x0000000000004390                action_bar_layer_create
 .text.action_bar_layer_destroy
                0x000000000000439c        0xc /Users/eliyazdi/Library/Application Support/Pebble SDK/SDKs/current/sdk-core/pebble/aplite/lib/libpebble.a(tmpeWFBzLpebble.o)
                0x000000000000439c                action_bar_layer_destroy
 .text.action_bar_layer_get_layer
                0x00000000000043a8        0xc /Users/eliyazdi/Library/Application Support/Pebble SDK/SDKs/current/sdk-core/pebble/aplite/lib/libpebble.a(tmpeWFBzLpebble.o)
                0x00000000000043a8                action_bar_layer_get_layer
 .text.action_bar_layer_remove_from_window
                0x00000000000043b4        0xc /Users/eliyazdi/Library/Application Support/Pebble SDK/SDKs/current/sdk-core/pebble/aplite/lib/libpebble.a(tmpeWFBzLpebble.o)
                0x00000000000043b4                action_bar_layer_remove_from_window
 .text.action_bar_layer_set_background_color
                0x00000000000043c0        0xc /Users/eliyazdi/Library/Application Support/Pebble SDK/SDKs/current/sdk-core/pebble/aplite/lib/libpebble.a(tmpeWFBzLpebble.o)
                0x00000000000043c0                action_bar_layer_set_background_color
 .text.action_bar_layer_set_click_config_provider
                0x00000000000043cc        0xc /Users/eliyazdi/Library/Application Support/Pebble SDK/SDKs/current/sdk-core/pebble/aplite/lib/libpebble.a(tmpeWFBzLpebble.o)
                0x00000000000043cc                action_bar_layer_set_click_config_provider
 .text.action_bar_layer_set_context
                0x00000000000043d8        0xc /Users/eliyazdi/Library/Application Support/Pebble SDK/SDKs/current/sdk-core/pebble/aplite/lib/libpebble.a(tmpeWFBzLpebble.o)
                0x00000000000043d8                action_bar_layer_set_context
 .text.action_bar_layer_set_icon
                0x00000000000043e4        0xc /Users/eliyazdi/Library/Application Support/Pebble SDK/SDKs/current/sdk-core/pebble/aplite/lib/libpebble.a(tmpeWFBzLpebble.o)
                0x00000000000043e4                action_bar_layer_set_icon
 .text.menu_cell_layer_is_highlighted
                0x00000000000043f0        0xc /Users/eliyazdi/Library/Application Support/Pebble SDK/SDKs/current/sdk-core/pebble/aplite/lib/libpebble.a(tmpeWFBzLpebble.o)
                0x00000000000043f0                menu_cell_layer_is_highlighted
 .text.time     0x00000000000043fc        0xc /Users/eliyazdi/Library/Application Support/Pebble SDK/SDKs/current/sdk-core/pebble/aplite/lib/libpebble.a(tmpeWFBzLpebble.o)
                0x00000000000043fc                time
 .text.menu_layer_set_highlight_colors
                0x0000000000004408        0xc /Users/eliyazdi/Library/Application Support/Pebble SDK/SDKs/current/sdk-core/pebble/aplite/lib/libpebble.a(tmpeWFBzLpebble.o)
                0x0000000000004408                menu_layer_set_highlight_colors
 .text.menu_layer_set_normal_colors
                0x0000000000004414        0xc /Users/eliyazdi/Library/Application Support/Pebble SDK/SDKs/current/sdk-core/pebble/aplite/lib/libpebble.a(tmpeWFBzLpebble.o)
                0x0000000000004414                menu_layer_set_normal_colors
 .text.menu_layer_set_callbacks
                0x0000000000004420        0xc /Users/eliyazdi/Library/Application Support/Pebble SDK/SDKs/current/sdk-core/pebble/aplite/lib/libpebble.a(tmpeWFBzLpebble.o)
                0x0000000000004420                menu_layer_set_callbacks
 .text.status_bar_layer_create
                0x000000000000442c        0xc /Users/eliyazdi/Library/Application Support/Pebble SDK/SDKs/current/sdk-core/pebble/aplite/lib/libpebble.a(tmpeWFBzLpebble.o)
                0x000000000000442c                status_bar_layer_create
 .text.status_bar_layer_destroy
                0x0000000000004438        0xc /Users/eliyazdi/Library/Application Support/Pebble SDK/SDKs/current/sdk-core/pebble/aplite/lib/libpebble.a(tmpeWFBzLpebble.o)
                0x0000000000004438                status_bar_layer_destroy
 .text.status_bar_layer_get_layer
                0x0000000000004444        0xc /Users/eliyazdi/Library/Application Support/Pebble SDK/SDKs/current/sdk-core/pebble/aplite/lib/libpebble.a(tmpeWFBzLpebble.o)
                0x0000000000004444                status_bar_layer_get_layer
 .text.status_bar_layer_set_colors
                0x0000000000004450        0xc /Users/eliyazdi/Library/Application Support/Pebble SDK/SDKs/current/sdk-core/pebble/aplite/lib/libpebble.a(tmpeWFBzLpebble.o)
                0x0000000000004450                status_bar_layer_set_colors
 .text.status_bar_layer_set_separator_mode
                0x000000000000445c        0xc /Users/eliyazdi/Library/Application Support/Pebble SDK/SDKs/current/sdk-core/pebble/aplite/lib/libpebble.a(tmpeWFBzLpebble.o)
                0x000000000000445c                status_bar_layer_set_separator_mode
 .text.time_ms  0x0000000000004468        0xc /Users/eliyazdi/Library/Application Support/Pebble SDK/SDKs/current/sdk-core/pebble/aplite/lib/libpebble.a(tmpeWFBzLpebble.o)
                0x0000000000004468                time_ms
 .text.gcolor_legible_over
                0x0000000000004474        0xc /Users/eliyazdi/Library/Application Support/Pebble SDK/SDKs/current/sdk-core/pebble/aplite/lib/libpebble.a(tmpeWFBzLpebble.o)
                0x0000000000004474                gcolor_legible_over
 .text.grect_inset
                0x0000000000004480        0xc /Users/eliyazdi/Library/Application Support/Pebble SDK/SDKs/current/sdk-core/pebble/aplite/lib/libpebble.a(tmpeWFBzLpebble.o)
                0x0000000000004480                grect_inset
 .text.gpoint_from_polar
                0x000000000000448c        0xc /Users/eliyazdi/Library/Application Support/Pebble SDK/SDKs/current/sdk-core/pebble/aplite/lib/libpebble.a(tmpeWFBzLpebble.o)
                0x000000000000448c                gpoint_from_polar
 .text.graphics_draw_arc
                0x0000000000004498        0xc /Users/eliyazdi/Library/Application Support/Pebble SDK/SDKs/current/sdk-core/pebble/aplite/lib/libpebble.a(tmpeWFBzLpebble.o)
                0x0000000000004498                graphics_draw_arc
 .text.graphics_fill_radial
                0x00000000000044a4        0xc /Users/eliyazdi/Library/Application Support/Pebble SDK/SDKs/current/sdk-core/pebble/aplite/lib/libpebble.a(tmpeWFBzLpebble.o)
                0x00000000000044a4                graphics_fill_radial
 .text.graphics_text_attributes_create
                0x00000000000044b0        0xc /Users/eliyazdi/Library/Application Support/Pebble SDK/SDKs/current/sdk-core/pebble/aplite/lib/libpebble.a(tmpeWFBzLpebble.o)
                0x00000000000044b0                graphics_text_attributes_create
 .text.graphics_text_attributes_destroy
                0x00000000000044bc        0xc /Users/eliyazdi/Library/Application Support/Pebble SDK/SDKs/current/sdk-core/pebble/aplite/lib/libpebble.a(tmpeWFBzLpebble.o)
                0x00000000000044bc                graphics_text_attributes_destroy
 .text.graphics_text_layout_get_content_size_with_attributes
                0x00000000000044c8        0xc /Users/eliyazdi/Library/Application Support/Pebble SDK/SDKs/current/sdk-core/pebble/aplite/lib/libpebble.a(tmpeWFBzLpebble.o)
                0x00000000000044c8                graphics_text_layout_get_content_size_with_attributes
 .text.scroll_layer_set_paging
                0x00000000000044d4        0xc /Users/eliyazdi/Library/Application Support/Pebble SDK/SDKs/current/sdk-core/pebble/aplite/lib/libpebble.a(tmpeWFBzLpebble.o)
                0x00000000000044d4                scroll_layer_set_paging
 *(.rodata)
 *(.rodata*)
 .rodata.str1.1
                0x00000000000044e0       0x1b src/simply/simply_menu.c.19.o
                                         0x1c (size before relaxing)
 *fill*         0x00000000000044fb        0x1 
 .rodata.segments.8284
                0x00000000000044fc       0x30 src/simply/simply_msg.c.19.o
 .rodata.segments.8290
                0x000000000000452c       0x30 src/simply/simply_msg.c.19.o
 .rodata.segments.8287
                0x000000000000455c       0x30 src/simply/simply_msg.c.19.o
 .rodata.segments.8293
                0x000000000000458c       0x30 src/simply/simply_msg.c.19.o
 .rodata.segments.8296
                0x00000000000045bc       0x30 src/simply/simply_msg.c.19.o
 .rodata.segments.8200
                0x00000000000045ec       0x20 src/simply/simply_msg.c.19.o
 .rodata.segments.8203
                0x000000000000460c       0x18 src/simply/simply_msg.c.19.o
 .rodata.segments.8206
                0x0000000000004624       0x20 src/simply/simply_msg.c.19.o
 .rodata.segments.8212
                0x0000000000004644       0x20 src/simply/simply_msg.c.19.o
 .rodata.segments.8209
                0x0000000000004664       0x10 src/simply/simply_msg.c.19.o
 .rodata.str1.1
                0x0000000000004674       0x26 src/simply/simply_msg.c.19.o
 *fill*         0x000000000000469a        0x2 
 .rodata.segments.8215
                0x000000000000469c       0x18 src/simply/simply_msg.c.19.o
 .rodata.segments.8221
                0x00000000000046b4       0x10 src/simply/simply_msg.c.19.o
 .rodata.segments.8218
                0x00000000000046c4       0x20 src/simply/simply_msg.c.19.o
 .rodata.segments.8224
                0x00000000000046e4       0x10 src/simply/simply_msg.c.19.o
 .rodata.segments.8185
                0x00000000000046f4       0x10 src/simply/simply_msg.c.19.o
 .rodata.segments.8230
                0x0000000000004704       0x20 src/simply/simply_msg.c.19.o
 .rodata.segments.8227
                0x0000000000004724       0x18 src/simply/simply_msg.c.19.o
 .rodata.segments.8188
                0x000000000000473c       0x20 src/simply/simply_msg.c.19.o
 .rodata.segments.8233
                0x000000000000475c       0x20 src/simply/simply_msg.c.19.o
 .rodata.segments.8194
                0x000000000000477c       0x18 src/simply/simply_msg.c.19.o
 .rodata.segments.8236
                0x0000000000004794       0x18 src/simply/simply_msg.c.19.o
 .rodata.segments.8197
                0x00000000000047ac        0x8 src/simply/simply_msg.c.19.o
 .rodata.segments.8242
                0x00000000000047b4        0x8 src/simply/simply_msg.c.19.o
 .rodata.segments.8239
                0x00000000000047bc       0x18 src/simply/simply_msg.c.19.o
 .rodata.segments.8245
                0x00000000000047d4       0x18 src/simply/simply_msg.c.19.o
 .rodata.segments.8251
                0x00000000000047ec       0x18 src/simply/simply_msg.c.19.o
 .rodata.segments.8248
                0x0000000000004804       0x20 src/simply/simply_msg.c.19.o
 .rodata.segments.8254
                0x0000000000004824       0x20 src/simply/simply_msg.c.19.o
 .rodata.segments.8260
                0x0000000000004844       0x20 src/simply/simply_msg.c.19.o
 .rodata.segments.8257
                0x0000000000004864       0x20 src/simply/simply_msg.c.19.o
 .rodata.segments.8263
                0x0000000000004884       0x30 src/simply/simply_msg.c.19.o
 .rodata.segments.8191
                0x00000000000048b4       0x20 src/simply/simply_msg.c.19.o
 .rodata.segments.8266
                0x00000000000048d4       0x30 src/simply/simply_msg.c.19.o
 .rodata.segments.8272
                0x0000000000004904       0x30 src/simply/simply_msg.c.19.o
 .rodata.segments.8269
                0x0000000000004934       0x30 src/simply/simply_msg.c.19.o
 .rodata.segments.8275
                0x0000000000004964       0x20 src/simply/simply_msg.c.19.o
 .rodata.segments.8281
                0x0000000000004984       0x28 src/simply/simply_msg.c.19.o
 .rodata.segments.8278
                0x00000000000049ac       0x30 src/simply/simply_msg.c.19.o
 .rodata.str1.1
                0x00000000000049dc       0x16 src/simply/simply_stage.c.19.o
 .rodata.str1.1
                0x00000000000049f2       0x7d src/simply/simply_ui.c.19.o

.glue_7         0x0000000000004a70        0x0
 .glue_7        0x0000000000000000        0x0 linker stubs

.glue_7t        0x0000000000004a70        0x0
 .glue_7t       0x0000000000000000        0x0 linker stubs

.vfp11_veneer   0x0000000000004a70        0x0
 .vfp11_veneer  0x0000000000000000        0x0 linker stubs

.v4_bx          0x0000000000004a70        0x0
 .v4_bx         0x0000000000000000        0x0 linker stubs

.iplt           0x0000000000004a70        0x0
 .iplt          0x0000000000000000        0x0 /usr/local/Cellar/pebble-toolchain/2.0/arm-cs-tools/bin/../lib/gcc/arm-none-eabi/4.7.2/thumb2/crtbegin.o

.rel.dyn        0x0000000000004a70        0x0
 .rel.iplt      0x0000000000000000        0x0 /usr/local/Cellar/pebble-toolchain/2.0/arm-cs-tools/bin/../lib/gcc/arm-none-eabi/4.7.2/thumb2/crtbegin.o

.ARM.exidx      0x0000000000004a70        0x8
 .ARM.exidx     0x0000000000004a70        0x8 /usr/local/Cellar/pebble-toolchain/2.0/arm-cs-tools/bin/../lib/gcc/arm-none-eabi/4.7.2/thumb2/libgcc.a(_divdi3.o)
 .ARM.exidx     0x0000000000004a78        0x0 /usr/local/Cellar/pebble-toolchain/2.0/arm-cs-tools/bin/../lib/gcc/arm-none-eabi/4.7.2/thumb2/libgcc.a(_udivdi3.o)
                                          0x8 (size before relaxing)

.data           0x0000000000004a78      0x1de
 *(.data)
 .data          0x0000000000004a78        0x0 /usr/local/Cellar/pebble-toolchain/2.0/arm-cs-tools/bin/../lib/gcc/arm-none-eabi/4.7.2/thumb2/crti.o
 .data          0x0000000000004a78        0x4 /usr/local/Cellar/pebble-toolchain/2.0/arm-cs-tools/bin/../lib/gcc/arm-none-eabi/4.7.2/thumb2/crtbegin.o
                0x0000000000004a78                __dso_handle
 .data          0x0000000000004a7c        0x0 src/main.c.19.o
 .data          0x0000000000004a7c        0x0 src/simply/simply.c.19.o
 .data          0x0000000000004a7c        0x0 src/simply/simply_accel.c.19.o
 .data          0x0000000000004a7c        0x0 src/simply/simply_menu.c.19.o
 .data          0x0000000000004a7c      0x130 src/simply/simply_msg.c.19.o
 .data          0x0000000000004bac        0x0 src/simply/simply_res.c.19.o
 .data          0x0000000000004bac        0x0 src/simply/simply_splash.c.19.o
 .data          0x0000000000004bac        0x0 src/simply/simply_stage.c.19.o
 .data          0x0000000000004bac        0x0 src/simply/simply_ui.c.19.o
 .data          0x0000000000004bac        0x0 src/simply/simply_voice.c.19.o
 .data          0x0000000000004bac        0x0 src/simply/simply_wakeup.c.19.o
 .data          0x0000000000004bac        0x0 src/simply/simply_window.c.19.o
 .data          0x0000000000004bac        0x0 src/simply/simply_window_stack.c.19.o
 .data          0x0000000000004bac        0x0 aplite/appinfo.auto.c.19.o
 .data          0x0000000000004bac        0x0 /Users/eliyazdi/Library/Application Support/Pebble SDK/SDKs/current/sdk-core/pebble/aplite/lib/libpebble.a(tmpeWFBzLpebble.o)
 .data          0x0000000000004bac        0x0 /usr/local/Cellar/pebble-toolchain/2.0/arm-cs-tools/bin/../lib/gcc/arm-none-eabi/4.7.2/thumb2/libgcc.a(_aeabi_ldivmod.o)
 .data          0x0000000000004bac        0x0 /usr/local/Cellar/pebble-toolchain/2.0/arm-cs-tools/bin/../lib/gcc/arm-none-eabi/4.7.2/thumb2/libgcc.a(bpabi.o)
 .data          0x0000000000004bac        0x0 /usr/local/Cellar/pebble-toolchain/2.0/arm-cs-tools/bin/../lib/gcc/arm-none-eabi/4.7.2/thumb2/libgcc.a(_dvmd_tls.o)
 .data          0x0000000000004bac        0x0 /usr/local/Cellar/pebble-toolchain/2.0/arm-cs-tools/bin/../lib/gcc/arm-none-eabi/4.7.2/thumb2/libgcc.a(_divdi3.o)
 .data          0x0000000000004bac        0x0 /usr/local/Cellar/pebble-toolchain/2.0/arm-cs-tools/bin/../lib/gcc/arm-none-eabi/4.7.2/thumb2/libgcc.a(_udivdi3.o)
 .data          0x0000000000004bac        0x0 /usr/local/Cellar/pebble-toolchain/2.0/arm-cs-tools/bin/../lib/gcc/arm-none-eabi/4.7.2/thumb2/libgcc.a(_udivsi3.o)
 .data          0x0000000000004bac        0x0 /usr/local/Cellar/pebble-toolchain/2.0/arm-cs-tools/bin/../lib/gcc/arm-none-eabi/4.7.2/thumb2/crtend.o
 .data          0x0000000000004bac        0x0 /usr/local/Cellar/pebble-toolchain/2.0/arm-cs-tools/bin/../lib/gcc/arm-none-eabi/4.7.2/thumb2/crtn.o
 *(.data.*)
 .data.rel.ro.local.s_window_handlers.8292
                0x0000000000004bac       0x10 src/simply/simply_menu.c.19.o
 .data.s_normal_palette
                0x0000000000004bbc        0x2 src/simply/simply_menu.c.19.o
 .data.s_inverted_palette
                0x0000000000004bbe        0x2 src/simply/simply_menu.c.19.o
 .data.rel.ro.local.s_window_handlers.8377
                0x0000000000004bc0       0x10 src/simply/simply_stage.c.19.o
 .data.rel.ro.implementation.8244
                0x0000000000004bd0       0x14 src/simply/simply_stage.c.19.o
 .data.rel.ro.local.s_window_handlers.8073
                0x0000000000004be4       0x10 src/simply/simply_ui.c.19.o
 .data.rel.ro.local.STYLES
                0x0000000000004bf4       0x5f src/simply/simply_ui.c.19.o
 .data.s_button_palette
                0x0000000000004c53        0x2 src/simply/simply_window.c.19.o
 .data.s_broadcast_window
                0x0000000000004c55        0x1 src/simply/simply_window_stack.c.19.o

.igot.plt       0x0000000000004c58        0x0
 .igot.plt      0x0000000000000000        0x0 /usr/local/Cellar/pebble-toolchain/2.0/arm-cs-tools/bin/../lib/gcc/arm-none-eabi/4.7.2/thumb2/crtbegin.o

.bss            0x0000000000004c58      0x114
 *(.bss)
 *(.bss.*)
 .bss.s_accel   0x0000000000004c58        0x4 src/simply/simply_accel.c.19.o
 .bss.s_provider.7868
                0x0000000000004c5c        0x4 src/simply/simply_menu.c.19.o
 .bss.s_has_communicated
                0x0000000000004c60        0x1 src/simply/simply_msg.c.19.o
 *fill*         0x0000000000004c61        0x3 
 .bss.s_msg     0x0000000000004c64        0x4 src/simply/simply_msg.c.19.o
 .bss.time_text.8140
                0x0000000000004c68      0x100 src/simply/simply_stage.c.19.o
 .bss.s_provider.7864
                0x0000000000004d68        0x4 src/simply/simply_window.c.19.o

DISCARD
 libc.a(*)
 libm.a(*)
 libgcc.a(*)
 *(.eh_frame)
OUTPUT(/Users/eliyazdi/BuzzVoice/build/aplite/pebble-app.elf elf32-littlearm)

.ARM.attributes
                0x0000000000000000       0x27
 .ARM.attributes
                0x0000000000000000       0x19 /usr/local/Cellar/pebble-toolchain/2.0/arm-cs-tools/bin/../lib/gcc/arm-none-eabi/4.7.2/thumb2/crti.o
 .ARM.attributes
                0x0000000000000019       0x29 /usr/local/Cellar/pebble-toolchain/2.0/arm-cs-tools/bin/../lib/gcc/arm-none-eabi/4.7.2/thumb2/crtbegin.o
 .ARM.attributes
                0x0000000000000042       0x33 src/main.c.19.o
 .ARM.attributes
                0x0000000000000075       0x33 src/simply/simply.c.19.o
 .ARM.attributes
                0x00000000000000a8       0x33 src/simply/simply_accel.c.19.o
 .ARM.attributes
                0x00000000000000db       0x33 src/simply/simply_menu.c.19.o
 .ARM.attributes
                0x000000000000010e       0x33 src/simply/simply_msg.c.19.o
 .ARM.attributes
                0x0000000000000141       0x33 src/simply/simply_res.c.19.o
 .ARM.attributes
                0x0000000000000174       0x33 src/simply/simply_splash.c.19.o
 .ARM.attributes
                0x00000000000001a7       0x33 src/simply/simply_stage.c.19.o
 .ARM.attributes
                0x00000000000001da       0x33 src/simply/simply_ui.c.19.o
 .ARM.attributes
                0x000000000000020d       0x33 src/simply/simply_voice.c.19.o
 .ARM.attributes
                0x0000000000000240       0x33 src/simply/simply_wakeup.c.19.o
 .ARM.attributes
                0x0000000000000273       0x33 src/simply/simply_window.c.19.o
 .ARM.attributes
                0x00000000000002a6       0x33 src/simply/simply_window_stack.c.19.o
 .ARM.attributes
                0x00000000000002d9       0x33 aplite/appinfo.auto.c.19.o
 .ARM.attributes
                0x000000000000030c       0x21 /Users/eliyazdi/Library/Application Support/Pebble SDK/SDKs/current/sdk-core/pebble/aplite/lib/libpebble.a(tmpeWFBzLpebble.o)
 .ARM.attributes
                0x000000000000032d       0x19 /usr/local/Cellar/pebble-toolchain/2.0/arm-cs-tools/bin/../lib/gcc/arm-none-eabi/4.7.2/thumb2/libgcc.a(_aeabi_ldivmod.o)
 .ARM.attributes
                0x0000000000000346       0x29 /usr/local/Cellar/pebble-toolchain/2.0/arm-cs-tools/bin/../lib/gcc/arm-none-eabi/4.7.2/thumb2/libgcc.a(bpabi.o)
 .ARM.attributes
                0x000000000000036f       0x19 /usr/local/Cellar/pebble-toolchain/2.0/arm-cs-tools/bin/../lib/gcc/arm-none-eabi/4.7.2/thumb2/libgcc.a(_dvmd_tls.o)
 .ARM.attributes
                0x0000000000000388       0x29 /usr/local/Cellar/pebble-toolchain/2.0/arm-cs-tools/bin/../lib/gcc/arm-none-eabi/4.7.2/thumb2/libgcc.a(_divdi3.o)
 .ARM.attributes
                0x00000000000003b1       0x29 /usr/local/Cellar/pebble-toolchain/2.0/arm-cs-tools/bin/../lib/gcc/arm-none-eabi/4.7.2/thumb2/libgcc.a(_udivdi3.o)
 .ARM.attributes
                0x00000000000003da       0x19 /usr/local/Cellar/pebble-toolchain/2.0/arm-cs-tools/bin/../lib/gcc/arm-none-eabi/4.7.2/thumb2/libgcc.a(_udivsi3.o)
 .ARM.attributes
                0x00000000000003f3       0x29 /usr/local/Cellar/pebble-toolchain/2.0/arm-cs-tools/bin/../lib/gcc/arm-none-eabi/4.7.2/thumb2/crtend.o
 .ARM.attributes
                0x000000000000041c       0x19 /usr/local/Cellar/pebble-toolchain/2.0/arm-cs-tools/bin/../lib/gcc/arm-none-eabi/4.7.2/thumb2/crtn.o

.comment        0x0000000000000000       0x4e
 .comment       0x0000000000000000       0x4e /usr/local/Cellar/pebble-toolchain/2.0/arm-cs-tools/bin/../lib/gcc/arm-none-eabi/4.7.2/thumb2/crtbegin.o
                                         0x4f (size before relaxing)
 .comment       0x0000000000000000       0x4f src/main.c.19.o
 .comment       0x0000000000000000       0x4f src/simply/simply.c.19.o
 .comment       0x0000000000000000       0x4f src/simply/simply_accel.c.19.o
 .comment       0x0000000000000000       0x4f src/simply/simply_menu.c.19.o
 .comment       0x0000000000000000       0x4f src/simply/simply_msg.c.19.o
 .comment       0x0000000000000000       0x4f src/simply/simply_res.c.19.o
 .comment       0x0000000000000000       0x4f src/simply/simply_splash.c.19.o
 .comment       0x0000000000000000       0x4f src/simply/simply_stage.c.19.o
 .comment       0x0000000000000000       0x4f src/simply/simply_ui.c.19.o
 .comment       0x0000000000000000       0x4f src/simply/simply_voice.c.19.o
 .comment       0x0000000000000000       0x4f src/simply/simply_wakeup.c.19.o
 .comment       0x0000000000000000       0x4f src/simply/simply_window.c.19.o
 .comment       0x0000000000000000       0x4f src/simply/simply_window_stack.c.19.o
 .comment       0x0000000000000000       0x4f aplite/appinfo.auto.c.19.o
 .comment       0x0000000000000000       0x4f /usr/local/Cellar/pebble-toolchain/2.0/arm-cs-tools/bin/../lib/gcc/arm-none-eabi/4.7.2/thumb2/libgcc.a(bpabi.o)
 .comment       0x0000000000000000       0x4f /usr/local/Cellar/pebble-toolchain/2.0/arm-cs-tools/bin/../lib/gcc/arm-none-eabi/4.7.2/thumb2/libgcc.a(_divdi3.o)
 .comment       0x0000000000000000       0x4f /usr/local/Cellar/pebble-toolchain/2.0/arm-cs-tools/bin/../lib/gcc/arm-none-eabi/4.7.2/thumb2/libgcc.a(_udivdi3.o)
 .comment       0x0000000000000000       0x4f /usr/local/Cellar/pebble-toolchain/2.0/arm-cs-tools/bin/../lib/gcc/arm-none-eabi/4.7.2/thumb2/crtend.o

.debug_info     0x0000000000000000    0x16e83
 .debug_info    0x0000000000000000      0x256 src/main.c.19.o
 .debug_info    0x0000000000000256      0xcab src/simply/simply.c.19.o
 .debug_info    0x0000000000000f01      0xd7c src/simply/simply_accel.c.19.o
 .debug_info    0x0000000000001c7d     0x40c9 src/simply/simply_menu.c.19.o
 .debug_info    0x0000000000005d46     0x3217 src/simply/simply_msg.c.19.o
 .debug_info    0x0000000000008f5d     0x13d4 src/simply/simply_res.c.19.o
 .debug_info    0x000000000000a331      0x8e8 src/simply/simply_splash.c.19.o
 .debug_info    0x000000000000ac19     0x46fb src/simply/simply_stage.c.19.o
 .debug_info    0x000000000000f314     0x263d src/simply/simply_ui.c.19.o
 .debug_info    0x0000000000011951       0x80 src/simply/simply_voice.c.19.o
 .debug_info    0x00000000000119d1      0xba7 src/simply/simply_wakeup.c.19.o
 .debug_info    0x0000000000012578     0x2539 src/simply/simply_window.c.19.o
 .debug_info    0x0000000000014ab1     0x1040 src/simply/simply_window_stack.c.19.o
 .debug_info    0x0000000000015af1      0x319 aplite/appinfo.auto.c.19.o
 .debug_info    0x0000000000015e0a       0xb4 /usr/local/Cellar/pebble-toolchain/2.0/arm-cs-tools/bin/../lib/gcc/arm-none-eabi/4.7.2/thumb2/libgcc.a(_aeabi_ldivmod.o)
 .debug_info    0x0000000000015ebe      0x174 /usr/local/Cellar/pebble-toolchain/2.0/arm-cs-tools/bin/../lib/gcc/arm-none-eabi/4.7.2/thumb2/libgcc.a(bpabi.o)
 .debug_info    0x0000000000016032       0xb8 /usr/local/Cellar/pebble-toolchain/2.0/arm-cs-tools/bin/../lib/gcc/arm-none-eabi/4.7.2/thumb2/libgcc.a(_dvmd_tls.o)
 .debug_info    0x00000000000160ea      0x68f /usr/local/Cellar/pebble-toolchain/2.0/arm-cs-tools/bin/../lib/gcc/arm-none-eabi/4.7.2/thumb2/libgcc.a(_divdi3.o)
 .debug_info    0x0000000000016779      0x652 /usr/local/Cellar/pebble-toolchain/2.0/arm-cs-tools/bin/../lib/gcc/arm-none-eabi/4.7.2/thumb2/libgcc.a(_udivdi3.o)
 .debug_info    0x0000000000016dcb       0xb8 /usr/local/Cellar/pebble-toolchain/2.0/arm-cs-tools/bin/../lib/gcc/arm-none-eabi/4.7.2/thumb2/libgcc.a(_udivsi3.o)

.debug_abbrev   0x0000000000000000     0x34d8
 .debug_abbrev  0x0000000000000000      0x14d src/main.c.19.o
 .debug_abbrev  0x000000000000014d      0x28b src/simply/simply.c.19.o
 .debug_abbrev  0x00000000000003d8      0x354 src/simply/simply_accel.c.19.o
 .debug_abbrev  0x000000000000072c      0x5ef src/simply/simply_menu.c.19.o
 .debug_abbrev  0x0000000000000d1b      0x59a src/simply/simply_msg.c.19.o
 .debug_abbrev  0x00000000000012b5      0x449 src/simply/simply_res.c.19.o
 .debug_abbrev  0x00000000000016fe      0x2ca src/simply/simply_splash.c.19.o
 .debug_abbrev  0x00000000000019c8      0x5c4 src/simply/simply_stage.c.19.o
 .debug_abbrev  0x0000000000001f8c      0x52a src/simply/simply_ui.c.19.o
 .debug_abbrev  0x00000000000024b6       0x26 src/simply/simply_voice.c.19.o
 .debug_abbrev  0x00000000000024dc      0x30b src/simply/simply_wakeup.c.19.o
 .debug_abbrev  0x00000000000027e7      0x4e2 src/simply/simply_window.c.19.o
 .debug_abbrev  0x0000000000002cc9      0x3e2 src/simply/simply_window_stack.c.19.o
 .debug_abbrev  0x00000000000030ab       0x9e aplite/appinfo.auto.c.19.o
 .debug_abbrev  0x0000000000003149       0x14 /usr/local/Cellar/pebble-toolchain/2.0/arm-cs-tools/bin/../lib/gcc/arm-none-eabi/4.7.2/thumb2/libgcc.a(_aeabi_ldivmod.o)
 .debug_abbrev  0x000000000000315d       0xb7 /usr/local/Cellar/pebble-toolchain/2.0/arm-cs-tools/bin/../lib/gcc/arm-none-eabi/4.7.2/thumb2/libgcc.a(bpabi.o)
 .debug_abbrev  0x0000000000003214       0x14 /usr/local/Cellar/pebble-toolchain/2.0/arm-cs-tools/bin/../lib/gcc/arm-none-eabi/4.7.2/thumb2/libgcc.a(_dvmd_tls.o)
 .debug_abbrev  0x0000000000003228      0x151 /usr/local/Cellar/pebble-toolchain/2.0/arm-cs-tools/bin/../lib/gcc/arm-none-eabi/4.7.2/thumb2/libgcc.a(_divdi3.o)
 .debug_abbrev  0x0000000000003379      0x14b /usr/local/Cellar/pebble-toolchain/2.0/arm-cs-tools/bin/../lib/gcc/arm-none-eabi/4.7.2/thumb2/libgcc.a(_udivdi3.o)
 .debug_abbrev  0x00000000000034c4       0x14 /usr/local/Cellar/pebble-toolchain/2.0/arm-cs-tools/bin/../lib/gcc/arm-none-eabi/4.7.2/thumb2/libgcc.a(_udivsi3.o)

.debug_loc      0x0000000000000000     0xa029
 .debug_loc     0x0000000000000000       0x3e src/main.c.19.o
 .debug_loc     0x000000000000003e       0x7c src/simply/simply.c.19.o
 .debug_loc     0x00000000000000ba      0x4dc src/simply/simply_accel.c.19.o
 .debug_loc     0x0000000000000596     0x1dff src/simply/simply_menu.c.19.o
 .debug_loc     0x0000000000002395      0xd4a src/simply/simply_msg.c.19.o
 .debug_loc     0x00000000000030df      0xccb src/simply/simply_res.c.19.o
 .debug_loc     0x0000000000003daa      0x1ec src/simply/simply_splash.c.19.o
 .debug_loc     0x0000000000003f96     0x18a8 src/simply/simply_stage.c.19.o
 .debug_loc     0x000000000000583e     0x118f src/simply/simply_ui.c.19.o
 .debug_loc     0x00000000000069cd      0x340 src/simply/simply_wakeup.c.19.o
 .debug_loc     0x0000000000006d0d      0xd6f src/simply/simply_window.c.19.o
 .debug_loc     0x0000000000007a7c      0x6aa src/simply/simply_window_stack.c.19.o
 .debug_loc     0x0000000000008126       0xe0 /usr/local/Cellar/pebble-toolchain/2.0/arm-cs-tools/bin/../lib/gcc/arm-none-eabi/4.7.2/thumb2/libgcc.a(bpabi.o)
 .debug_loc     0x0000000000008206      0xebd /usr/local/Cellar/pebble-toolchain/2.0/arm-cs-tools/bin/../lib/gcc/arm-none-eabi/4.7.2/thumb2/libgcc.a(_divdi3.o)
 .debug_loc     0x00000000000090c3      0xf66 /usr/local/Cellar/pebble-toolchain/2.0/arm-cs-tools/bin/../lib/gcc/arm-none-eabi/4.7.2/thumb2/libgcc.a(_udivdi3.o)

.debug_aranges  0x0000000000000000      0x738
 .debug_aranges
                0x0000000000000000       0x20 src/main.c.19.o
 .debug_aranges
                0x0000000000000020       0x28 src/simply/simply.c.19.o
 .debug_aranges
                0x0000000000000048       0x50 src/simply/simply_accel.c.19.o
 .debug_aranges
                0x0000000000000098      0x130 src/simply/simply_menu.c.19.o
 .debug_aranges
                0x00000000000001c8       0x90 src/simply/simply_msg.c.19.o
 .debug_aranges
                0x0000000000000258       0xb0 src/simply/simply_res.c.19.o
 .debug_aranges
                0x0000000000000308       0x40 src/simply/simply_splash.c.19.o
 .debug_aranges
                0x0000000000000348       0xf8 src/simply/simply_stage.c.19.o
 .debug_aranges
                0x0000000000000440       0x90 src/simply/simply_ui.c.19.o
 .debug_aranges
                0x00000000000004d0       0x18 src/simply/simply_voice.c.19.o
 .debug_aranges
                0x00000000000004e8       0x38 src/simply/simply_wakeup.c.19.o
 .debug_aranges
                0x0000000000000520       0xd0 src/simply/simply_window.c.19.o
 .debug_aranges
                0x00000000000005f0       0x70 src/simply/simply_window_stack.c.19.o
 .debug_aranges
                0x0000000000000660       0x18 aplite/appinfo.auto.c.19.o
 .debug_aranges
                0x0000000000000678       0x20 /usr/local/Cellar/pebble-toolchain/2.0/arm-cs-tools/bin/../lib/gcc/arm-none-eabi/4.7.2/thumb2/libgcc.a(_aeabi_ldivmod.o)
 .debug_aranges
                0x0000000000000698       0x20 /usr/local/Cellar/pebble-toolchain/2.0/arm-cs-tools/bin/../lib/gcc/arm-none-eabi/4.7.2/thumb2/libgcc.a(bpabi.o)
 .debug_aranges
                0x00000000000006b8       0x20 /usr/local/Cellar/pebble-toolchain/2.0/arm-cs-tools/bin/../lib/gcc/arm-none-eabi/4.7.2/thumb2/libgcc.a(_dvmd_tls.o)
 .debug_aranges
                0x00000000000006d8       0x20 /usr/local/Cellar/pebble-toolchain/2.0/arm-cs-tools/bin/../lib/gcc/arm-none-eabi/4.7.2/thumb2/libgcc.a(_divdi3.o)
 .debug_aranges
                0x00000000000006f8       0x20 /usr/local/Cellar/pebble-toolchain/2.0/arm-cs-tools/bin/../lib/gcc/arm-none-eabi/4.7.2/thumb2/libgcc.a(_udivdi3.o)
 .debug_aranges