Archive member included because of file (symbol)

/Users/eliyazdi/Library/Application Support/Pebble SDK/SDKs/current/sdk-core/pebble/chalk/lib/libpebble.a(tmpvl4HRLpebble.o)
                              src/simply/simply_accel.c.17.o (accel_data_service_unsubscribe)
/usr/local/Cellar/pebble-toolchain/2.0/arm-cs-tools/bin/../lib/gcc/arm-none-eabi/4.7.2/thumb2/libgcc.a(_aeabi_ldivmod.o)
                              src/simply/simply_menu.c.17.o (__aeabi_ldivmod)
/usr/local/Cellar/pebble-toolchain/2.0/arm-cs-tools/bin/../lib/gcc/arm-none-eabi/4.7.2/thumb2/libgcc.a(bpabi.o)
                              /usr/local/Cellar/pebble-toolchain/2.0/arm-cs-tools/bin/../lib/gcc/arm-none-eabi/4.7.2/thumb2/libgcc.a(_aeabi_ldivmod.o) (__gnu_ldivmod_helper)
/usr/local/Cellar/pebble-toolchain/2.0/arm-cs-tools/bin/../lib/gcc/arm-none-eabi/4.7.2/thumb2/libgcc.a(_dvmd_tls.o)
                              /usr/local/Cellar/pebble-toolchain/2.0/arm-cs-tools/bin/../lib/gcc/arm-none-eabi/4.7.2/thumb2/libgcc.a(_aeabi_ldivmod.o) (__aeabi_ldiv0)
/usr/local/Cellar/pebble-toolchain/2.0/arm-cs-tools/bin/../lib/gcc/arm-none-eabi/4.7.2/thumb2/libgcc.a(_divdi3.o)
                              /usr/local/Cellar/pebble-toolchain/2.0/arm-cs-tools/bin/../lib/gcc/arm-none-eabi/4.7.2/thumb2/libgcc.a(bpabi.o) (__divdi3)
/usr/local/Cellar/pebble-toolchain/2.0/arm-cs-tools/bin/../lib/gcc/arm-none-eabi/4.7.2/thumb2/libgcc.a(_udivdi3.o)
                              /usr/local/Cellar/pebble-toolchain/2.0/arm-cs-tools/bin/../lib/gcc/arm-none-eabi/4.7.2/thumb2/libgcc.a(bpabi.o) (__udivdi3)
/usr/local/Cellar/pebble-toolchain/2.0/arm-cs-tools/bin/../lib/gcc/arm-none-eabi/4.7.2/thumb2/libgcc.a(_udivsi3.o)
                              /usr/local/Cellar/pebble-toolchain/2.0/arm-cs-tools/bin/../lib/gcc/arm-none-eabi/4.7.2/thumb2/libgcc.a(_divdi3.o) (__aeabi_uidiv)

Discarded input sections

 .text          0x0000000000000000        0x0 /usr/local/Cellar/pebble-toolchain/2.0/arm-cs-tools/bin/../lib/gcc/arm-none-eabi/4.7.2/thumb2/crti.o
 .bss           0x0000000000000000        0x0 /usr/local/Cellar/pebble-toolchain/2.0/arm-cs-tools/bin/../lib/gcc/arm-none-eabi/4.7.2/thumb2/crti.o
 .init          0x0000000000000000        0x4 /usr/local/Cellar/pebble-toolchain/2.0/arm-cs-tools/bin/../lib/gcc/arm-none-eabi/4.7.2/thumb2/crti.o
 .fini          0x0000000000000000        0x4 /usr/local/Cellar/pebble-toolchain/2.0/arm-cs-tools/bin/../lib/gcc/arm-none-eabi/4.7.2/thumb2/crti.o
 .text          0x0000000000000000       0xc8 /usr/local/Cellar/pebble-toolchain/2.0/arm-cs-tools/bin/../lib/gcc/arm-none-eabi/4.7.2/thumb2/crtbegin.o
 .bss           0x0000000000000000       0x1c /usr/local/Cellar/pebble-toolchain/2.0/arm-cs-tools/bin/../lib/gcc/arm-none-eabi/4.7.2/thumb2/crtbegin.o
 .init_array    0x0000000000000000        0x4 /usr/local/Cellar/pebble-toolchain/2.0/arm-cs-tools/bin/../lib/gcc/arm-none-eabi/4.7.2/thumb2/crtbegin.o
 .fini_array    0x0000000000000000        0x4 /usr/local/Cellar/pebble-toolchain/2.0/arm-cs-tools/bin/../lib/gcc/arm-none-eabi/4.7.2/thumb2/crtbegin.o
 .eh_frame      0x0000000000000000        0x0 /usr/local/Cellar/pebble-toolchain/2.0/arm-cs-tools/bin/../lib/gcc/arm-none-eabi/4.7.2/thumb2/crtbegin.o
 .jcr           0x0000000000000000        0x0 /usr/local/Cellar/pebble-toolchain/2.0/arm-cs-tools/bin/../lib/gcc/arm-none-eabi/4.7.2/thumb2/crtbegin.o
 .tm_clone_table
                0x0000000000000000        0x0 /usr/local/Cellar/pebble-toolchain/2.0/arm-cs-tools/bin/../lib/gcc/arm-none-eabi/4.7.2/thumb2/crtbegin.o
 .text          0x0000000000000000        0x0 src/main.c.17.o
 .bss           0x0000000000000000        0x0 src/main.c.17.o
 .text          0x0000000000000000        0x0 src/simply/simply.c.17.o
 .bss           0x0000000000000000        0x0 src/simply/simply.c.17.o
 .text          0x0000000000000000        0x0 src/simply/simply_accel.c.17.o
 .bss           0x0000000000000000        0x0 src/simply/simply_accel.c.17.o
 .text          0x0000000000000000        0x0 src/simply/simply_menu.c.17.o
 .bss           0x0000000000000000        0x0 src/simply/simply_menu.c.17.o
 .text          0x0000000000000000        0x0 src/simply/simply_msg.c.17.o
 .bss           0x0000000000000000        0x0 src/simply/simply_msg.c.17.o
 .text          0x0000000000000000        0x0 src/simply/simply_res.c.17.o
 .bss           0x0000000000000000        0x0 src/simply/simply_res.c.17.o
 .text.id_filter
                0x0000000000000000        0xa src/simply/simply_res.c.17.o
 .text.simply_res_remove_image
                0x0000000000000000       0x18 src/simply/simply_res.c.17.o
 .text          0x0000000000000000        0x0 src/simply/simply_splash.c.17.o
 .bss           0x0000000000000000        0x0 src/simply/simply_splash.c.17.o
 .text          0x0000000000000000        0x0 src/simply/simply_stage.c.17.o
 .bss           0x0000000000000000        0x0 src/simply/simply_stage.c.17.o
 .text.id_filter
[...]
Memory Configuration

Name             Origin             Length             Attributes
APP              0x0000000000000000 0x0000000000010000 xrw
*default*        0x0000000000000000 0xffffffffffffffff

Linker script and memory map

LOAD /usr/local/Cellar/pebble-toolchain/2.0/arm-cs-tools/bin/../lib/gcc/arm-none-eabi/4.7.2/thumb2/crti.o
LOAD /usr/local/Cellar/pebble-toolchain/2.0/arm-cs-tools/bin/../lib/gcc/arm-none-eabi/4.7.2/thumb2/crtbegin.o
LOAD src/main.c.17.o
LOAD src/simply/simply.c.17.o
LOAD src/simply/simply_accel.c.17.o
LOAD src/simply/simply_menu.c.17.o
LOAD src/simply/simply_msg.c.17.o
LOAD src/simply/simply_res.c.17.o
LOAD src/simply/simply_splash.c.17.o
LOAD src/simply/simply_stage.c.17.o
LOAD src/simply/simply_ui.c.17.o
LOAD src/simply/simply_voice.c.17.o
LOAD src/simply/simply_wakeup.c.17.o
LOAD src/simply/simply_window.c.17.o
LOAD src/simply/simply_window_stack.c.17.o
LOAD chalk/appinfo.auto.c.17.o
LOAD /Users/eliyazdi/Library/Application Support/Pebble SDK/SDKs/current/sdk-core/pebble/chalk/lib/libpebble.a
START GROUP
LOAD /usr/local/Cellar/pebble-toolchain/2.0/arm-cs-tools/bin/../lib/gcc/arm-none-eabi/4.7.2/thumb2/libgcc.a
LOAD /usr/local/Cellar/pebble-toolchain/2.0/arm-cs-tools/bin/../lib/gcc/arm-none-eabi/4.7.2/../../../../arm-none-eabi/lib/thumb2/libc.a
END GROUP
LOAD /usr/local/Cellar/pebble-toolchain/2.0/arm-cs-tools/bin/../lib/gcc/arm-none-eabi/4.7.2/thumb2/crtend.o
LOAD /usr/local/Cellar/pebble-toolchain/2.0/arm-cs-tools/bin/../lib/gcc/arm-none-eabi/4.7.2/thumb2/crtn.o

.header         0x0000000000000000       0x82
 *(.pbl_header)
 .pbl_header    0x0000000000000000       0x82 chalk/appinfo.auto.c.17.o
                0x0000000000000000                __pbl_app_info

.note.gnu.build-id
                0x0000000000000082       0x26
                0x0000000000000082                PROVIDE (BUILD_ID, .)
 *(.note.gnu.build-id)
 *fill*         0x0000000000000082        0x2 
 .note.gnu.build-id
                0x0000000000000084       0x24 linker stubs

.text           0x00000000000000a8     0x4bc7
 *(.text)
 .text          0x00000000000000a8       0x14 /Users/eliyazdi/Library/Application Support/Pebble SDK/SDKs/current/sdk-core/pebble/chalk/lib/libpebble.a(tmpvl4HRLpebble.o)
 .text          0x00000000000000bc       0x38 /usr/local/Cellar/pebble-toolchain/2.0/arm-cs-tools/bin/../lib/gcc/arm-none-eabi/4.7.2/thumb2/libgcc.a(_aeabi_ldivmod.o)
                0x00000000000000bc                __aeabi_ldivmod
 .text          0x00000000000000f4       0x60 /usr/local/Cellar/pebble-toolchain/2.0/arm-cs-tools/bin/../lib/gcc/arm-none-eabi/4.7.2/thumb2/libgcc.a(bpabi.o)
                0x00000000000000f4                __gnu_ldivmod_helper
                0x0000000000000124                __gnu_uldivmod_helper
 .text          0x0000000000000154        0x4 /usr/local/Cellar/pebble-toolchain/2.0/arm-cs-tools/bin/../lib/gcc/arm-none-eabi/4.7.2/thumb2/libgcc.a(_dvmd_tls.o)
                0x0000000000000154                __aeabi_ldiv0
                0x0000000000000154                __aeabi_idiv0
 .text          0x0000000000000158      0x36c /usr/local/Cellar/pebble-toolchain/2.0/arm-cs-tools/bin/../lib/gcc/arm-none-eabi/4.7.2/thumb2/libgcc.a(_divdi3.o)
                0x0000000000000158                __divdi3
 .text          0x00000000000004c4      0x314 /usr/local/Cellar/pebble-toolchain/2.0/arm-cs-tools/bin/../lib/gcc/arm-none-eabi/4.7.2/thumb2/libgcc.a(_udivdi3.o)
                0x00000000000004c4                __udivdi3
 .text          0x00000000000007d8      0x278 /usr/local/Cellar/pebble-toolchain/2.0/arm-cs-tools/bin/../lib/gcc/arm-none-eabi/4.7.2/thumb2/libgcc.a(_udivsi3.o)
                0x00000000000007d8                __udivsi3
                0x00000000000007d8                __aeabi_uidiv
                0x0000000000000a34                __aeabi_uidivmod
 *(.text.*)
 .text.startup.main
                0x0000000000000a50       0x16 src/main.c.17.o
                0x0000000000000a50                main
 .text.simply_init
                0x0000000000000a66       0x64 src/simply/simply.c.17.o
                0x0000000000000a66                simply_init
 .text.simply_deinit
                0x0000000000000aca       0x3e src/simply/simply.c.17.o
                0x0000000000000aca                simply_deinit
 .text.handle_accel_tap
                0x0000000000000b08       0x1e src/simply/simply_accel.c.17.o
 .text.send_accel_data.isra.1
                0x0000000000000b26       0x4a src/simply/simply_accel.c.17.o
 .text.handle_accel_data
                0x0000000000000b70        0x6 src/simply/simply_accel.c.17.o
 *fill*         0x0000000000000b76        0x2 
 .text.accel_peek_timer_callback
                0x0000000000000b78       0x40 src/simply/simply_accel.c.17.o
 .text.simply_accel_handle_packet
                0x0000000000000bb8       0x6c src/simply/simply_accel.c.17.o
                0x0000000000000bb8                simply_accel_handle_packet
 .text.simply_accel_create
                0x0000000000000c24       0x38 src/simply/simply_accel.c.17.o
                0x0000000000000c24                simply_accel_create
 .text.simply_accel_destroy
                0x0000000000000c5c       0x20 src/simply/simply_accel.c.17.o
                0x0000000000000c5c                simply_accel_destroy
 .text.list1_remove
                0x0000000000000c7c       0x32 src/simply/simply_menu.c.17.o
 .text.prv_section_filter
                0x0000000000000cae        0xc src/simply/simply_menu.c.17.o
 .text.prv_item_filter
                0x0000000000000cba       0x1a src/simply/simply_menu.c.17.o
 .text.prv_request_item_filter
                0x0000000000000cd4        0xc src/simply/simply_menu.c.17.o
 .text.prv_menu_get_num_sections_callback
                0x0000000000000ce0        0x4 src/simply/simply_menu.c.17.o
 .text.prv_free_title
                0x0000000000000ce4       0x20 src/simply/simply_menu.c.17.o
 .text.prv_destroy_section
                0x0000000000000d04       0x20 src/simply/simply_menu.c.17.o
 .text.prv_destroy_item
                0x0000000000000d24       0x28 src/simply/simply_menu.c.17.o
 .text.prv_menu_window_unload
                0x0000000000000d4c       0x1c src/simply/simply_menu.c.17.o
 .text.prv_reload_data
                0x0000000000000d68        0xa src/simply/simply_menu.c.17.o
 .text.simply_menu_clear
                0x0000000000000d72       0x28 src/simply/simply_menu.c.17.o
 .text.prv_menu_window_disappear
                0x0000000000000d9a       0x22 src/simply/simply_menu.c.17.o
 .text.prv_menu_window_appear
                0x0000000000000dbc        0xe src/simply/simply_menu.c.17.o
 .text.prv_single_click_handler
                0x0000000000000dca       0x1a src/simply/simply_menu.c.17.o
 .text.gpoint_polar
                0x0000000000000de4       0x34 src/simply/simply_menu.c.17.o
 .text.prv_mark_dirty
                0x0000000000000e18       0x14 src/simply/simply_menu.c.17.o
 .text.prv_menu_get_cell_height_callback
                0x0000000000000e2c       0x10 src/simply/simply_menu.c.17.o
 .text.strdup2  0x0000000000000e3c       0x28 src/simply/simply_menu.c.17.o
 .text.prv_menu_window_load
                0x0000000000000e64       0xfc src/simply/simply_menu.c.17.o
 .text.list1_find_prev.constprop.9
                0x0000000000000f60       0x1c src/simply/simply_menu.c.17.o
 .text.prv_click_config_provider
                0x0000000000000f7c       0x24 src/simply/simply_menu.c.17.o
 .text.prv_add_item
                0x0000000000000fa0       0x58 src/simply/simply_menu.c.17.o
 .text.prv_get_menu_section
                0x0000000000000ff8       0x10 src/simply/simply_menu.c.17.o
 .text.prv_menu_get_num_rows_callback
                0x0000000000001008       0x12 src/simply/simply_menu.c.17.o
 *fill*         0x000000000000101a        0x2 
 .text.prv_menu_get_header_height_callback
                0x000000000000101c       0x24 src/simply/simply_menu.c.17.o
 .text.refresh_spinner_timer
                0x0000000000001040       0x2c src/simply/simply_menu.c.17.o
 .text.spinner_timer_callback
                0x000000000000106c       0x16 src/simply/simply_menu.c.17.o
 .text.prv_menu_select_long_click_callback
                0x0000000000001082       0x22 src/simply/simply_menu.c.17.o
 .text.prv_menu_select_click_callback
                0x00000000000010a4       0x22 src/simply/simply_menu.c.17.o
 *fill*         0x00000000000010c6        0x2 
 .text.prv_add_section
                0x00000000000010c8       0x50 src/simply/simply_menu.c.17.o
 .text.prv_request_menu_section.part.2
                0x0000000000001118       0x3e src/simply/simply_menu.c.17.o
 *fill*         0x0000000000001156        0x2 
 .text.prv_menu_draw_row_callback
                0x0000000000001158      0x274 src/simply/simply_menu.c.17.o
 .text.prv_menu_draw_header_callback
                0x00000000000013cc      0x11c src/simply/simply_menu.c.17.o
 .text.simply_menu_handle_packet
                0x00000000000014e8      0x1dc src/simply/simply_menu.c.17.o
                0x00000000000014e8                simply_menu_handle_packet
 .text.simply_menu_create
                0x00000000000016c4       0x40 src/simply/simply_menu.c.17.o
                0x00000000000016c4                simply_menu_create
 .text.simply_menu_destroy
                0x0000000000001704       0x16 src/simply/simply_menu.c.17.o
                0x0000000000001704                simply_menu_destroy
 .text.list1_remove
                0x000000000000171a       0x32 src/simply/simply_msg.c.17.o
 .text.dropped_callback
                0x000000000000174c        0x2 src/simply/simply_msg.c.17.o
 .text.sent_callback
                0x000000000000174e        0x2 src/simply/simply_msg.c.17.o
 .text.send_msg
                0x0000000000001750       0x30 src/simply/simply_msg.c.17.o
 .text.handle_vibe_packet.isra.1
                0x0000000000001780      0x2cc src/simply/simply_msg.c.17.o
 .text.handle_packet
                0x0000000000001a4c      0x17a src/simply/simply_msg.c.17.o
 *fill*         0x0000000000001bc6        0x2 
 .text.received_callback
                0x0000000000001bc8       0x38 src/simply/simply_msg.c.17.o
 .text.send_msg_retry
                0x0000000000001c00       0xb8 src/simply/simply_msg.c.17.o
 .text.simply_msg_has_communicated
                0x0000000000001cb8        0xc src/simply/simply_msg.c.17.o
                0x0000000000001cb8                simply_msg_has_communicated
 .text.simply_msg_show_disconnected
                0x0000000000001cc4       0x58 src/simply/simply_msg.c.17.o
                0x0000000000001cc4                simply_msg_show_disconnected
 .text.failed_callback
                0x0000000000001d1c       0x18 src/simply/simply_msg.c.17.o
 .text.simply_msg_create
                0x0000000000001d34       0x6c src/simply/simply_msg.c.17.o
                0x0000000000001d34                simply_msg_create
 .text.simply_msg_destroy
                0x0000000000001da0       0x1c src/simply/simply_msg.c.17.o
                0x0000000000001da0                simply_msg_destroy
 .text.simply_msg_send
                0x0000000000001dbc        0x4 src/simply/simply_msg.c.17.o
                0x0000000000001dbc                simply_msg_send
 .text.simply_msg_send_packet
                0x0000000000001dc0       0x84 src/simply/simply_msg.c.17.o
                0x0000000000001dc0                simply_msg_send_packet
 .text.list1_remove
                0x0000000000001e44       0x32 src/simply/simply_res.c.17.o
 .text.destroy_image
                0x0000000000001e76       0x22 src/simply/simply_res.c.17.o
 .text.malloc0  0x0000000000001e98       0x18 src/simply/simply_res.c.17.o
 .text.window_stack_schedule_top_window_render
                0x0000000000001eb0       0x12 src/simply/simply_res.c.17.o
 .text.setup_image
                0x0000000000001ec2       0x64 src/simply/simply_res.c.17.o
 .text.create_bitmap_with_png_data
                0x0000000000001f26        0xc src/simply/simply_res.c.17.o
 .text.create_bitmap_with_id
                0x0000000000001f32       0x12 src/simply/simply_res.c.17.o
 .text.simply_res_evict_image
                0x0000000000001f44       0x1a src/simply/simply_res.c.17.o
                0x0000000000001f44                simply_res_evict_image
 .text.create_image
                0x0000000000001f5e       0x48 src/simply/simply_res.c.17.o
 *fill*         0x0000000000001fa6        0x2 
 .text.simply_res_add_bundled_image
                0x0000000000001fa8       0x28 src/simply/simply_res.c.17.o
                0x0000000000001fa8                simply_res_add_bundled_image
 .text.simply_res_add_image
                0x0000000000001fd0       0x64 src/simply/simply_res.c.17.o
                0x0000000000001fd0                simply_res_add_image
 .text.simply_res_auto_image
                0x0000000000002034       0x42 src/simply/simply_res.c.17.o
                0x0000000000002034                simply_res_auto_image
 .text.simply_res_add_custom_font
                0x0000000000002076       0x40 src/simply/simply_res.c.17.o
                0x0000000000002076                simply_res_add_custom_font
 .text.simply_res_auto_font
                0x00000000000020b6       0x2a src/simply/simply_res.c.17.o
                0x00000000000020b6                simply_res_auto_font
 .text.simply_res_clear
                0x00000000000020e0       0x34 src/simply/simply_res.c.17.o
                0x00000000000020e0                simply_res_clear
 .text.simply_res_create
                0x0000000000002114       0x2a src/simply/simply_res.c.17.o
                0x0000000000002114                simply_res_create
 .text.simply_res_destroy
                0x000000000000213e       0x12 src/simply/simply_res.c.17.o
                0x000000000000213e                simply_res_destroy
 .text.window_load
                0x0000000000002150       0x12 src/simply/simply_splash.c.17.o
 .text.layer_update_callback
                0x0000000000002162       0x24 src/simply/simply_splash.c.17.o
                0x0000000000002162                layer_update_callback
 *fill*         0x0000000000002186        0x2 
 .text.simply_splash_create
                0x0000000000002188       0x78 src/simply/simply_splash.c.17.o
                0x0000000000002188                simply_splash_create
 .text.simply_splash_destroy
                0x0000000000002200       0x20 src/simply/simply_splash.c.17.o
                0x0000000000002200                simply_splash_destroy
 .text.window_disappear
                0x0000000000002220       0x1a src/simply/simply_splash.c.17.o
 .text.list1_remove
                0x000000000000223a       0x32 src/simply/simply_stage.c.17.o
 .text.element_frame_getter
                0x000000000000226c       0x10 src/simply/simply_stage.c.17.o
 .text.window_unload
                0x000000000000227c       0x1e src/simply/simply_stage.c.17.o
 .text.destroy_animation
                0x000000000000229a       0x24 src/simply/simply_stage.c.17.o
 *fill*         0x00000000000022be        0x2 
 .text.simply_stage_update_ticker
                0x00000000000022c0       0x2c src/simply/simply_stage.c.17.o
 .text.simply_stage_clear
                0x00000000000022ec       0x52 src/simply/simply_stage.c.17.o
 .text.window_disappear
                0x000000000000233e       0x22 src/simply/simply_stage.c.17.o
 .text.handle_tick
                0x0000000000002360       0x12 src/simply/simply_stage.c.17.o
 .text.simply_stage_update
                0x0000000000002372        0xa src/simply/simply_stage.c.17.o
 .text.window_appear
                0x000000000000237c       0x16 src/simply/simply_stage.c.17.o
 *fill*         0x0000000000002392        0x2 
 .text.window_load
                0x0000000000002394       0x58 src/simply/simply_stage.c.17.o
 .text.malloc0  0x00000000000023ec       0x18 src/simply/simply_stage.c.17.o
 .text.simply_stage_remove_element
                0x0000000000002404       0x24 src/simply/simply_stage.c.17.o
 .text.rect_element_draw_background.isra.1.part.2
                0x0000000000002428       0x20 src/simply/simply_stage.c.17.o
 .text.rect_element_draw_border.isra.3.part.4
                0x0000000000002448       0x20 src/simply/simply_stage.c.17.o
 .text.simply_stage_set_element_frame.isra.10
                0x0000000000002468       0x32 src/simply/simply_stage.c.17.o
 .text.element_frame_setter
                0x000000000000249a       0x1e src/simply/simply_stage.c.17.o
 .text.prv_draw_line_polar.constprop.13
                0x00000000000024b8       0x46 src/simply/simply_stage.c.17.o
 .text.rect_element_draw.isra.5
                0x00000000000024fe       0x24 src/simply/simply_stage.c.17.o
 *fill*         0x0000000000002522        0x2 
 .text.layer_update_callback
                0x0000000000002524      0x358 src/simply/simply_stage.c.17.o
 .text.simply_stage_auto_element
                0x000000000000287c       0x8c src/simply/simply_stage.c.17.o
 .text.animation_stopped
                0x0000000000002908       0x34 src/simply/simply_stage.c.17.o
 .text.simply_stage_handle_packet
                0x000000000000293c      0x2e0 src/simply/simply_stage.c.17.o
                0x000000000000293c                simply_stage_handle_packet
 .text.simply_stage_create
                0x0000000000002c1c       0x38 src/simply/simply_stage.c.17.o
                0x0000000000002c1c                simply_stage_create
 .text.simply_stage_destroy
                0x0000000000002c54       0x16 src/simply/simply_stage.c.17.o
                0x0000000000002c54                simply_stage_destroy
 .text.window_unload
                0x0000000000002c6a       0x1e src/simply/simply_ui.c.17.o
 .text.window_disappear
                0x0000000000002c88       0x1c src/simply/simply_ui.c.17.o
 .text.window_appear
                0x0000000000002ca4        0xe src/simply/simply_ui.c.17.o
 .text.graphics_draw_bitmap_centered
                0x0000000000002cb2       0x62 src/simply/simply_ui.c.17.o
 .text.mark_dirty
                0x0000000000002d14        0xa src/simply/simply_ui.c.17.o
 .text.show_welcome_text
                0x0000000000002d1e       0x18 src/simply/simply_ui.c.17.o
 .text.graphics_text_attributes_enable_paging_on_layer.constprop.3
                0x0000000000002d36       0x58 src/simply/simply_ui.c.17.o
 *fill*         0x0000000000002d8e        0x2 
 .text.layer_update_callback
                0x0000000000002d90      0x510 src/simply/simply_ui.c.17.o
 .text.simply_ui_set_style
                0x00000000000032a0       0x3c src/simply/simply_ui.c.17.o
                0x00000000000032a0                simply_ui_set_style
 .text.window_load
                0x00000000000032dc       0x60 src/simply/simply_ui.c.17.o
 .text.simply_ui_set_text
                0x000000000000333c       0x5c src/simply/simply_ui.c.17.o
                0x000000000000333c                simply_ui_set_text
 .text.simply_ui_set_text_color
                0x0000000000003398        0xc src/simply/simply_ui.c.17.o
                0x0000000000003398                simply_ui_set_text_color
 .text.simply_ui_clear
                0x00000000000033a4       0x4a src/simply/simply_ui.c.17.o
                0x00000000000033a4                simply_ui_clear
 .text.simply_ui_handle_packet
                0x00000000000033ee       0x70 src/simply/simply_ui.c.17.o
                0x00000000000033ee                simply_ui_handle_packet
 *fill*         0x000000000000345e        0x2 
 .text.simply_ui_create
                0x0000000000003460       0x48 src/simply/simply_ui.c.17.o
                0x0000000000003460                simply_ui_create
 .text.simply_ui_destroy
                0x00000000000034a8       0x2a src/simply/simply_ui.c.17.o
                0x00000000000034a8                simply_ui_destroy
 *fill*         0x00000000000034d2        0x2 
 .text.send_voice_data
                0x00000000000034d4       0x5c src/simply/simply_voice.c.17.o
 .text.dictation_session_callback
                0x0000000000003530       0x18 src/simply/simply_voice.c.17.o
 .text.timer_callback_start_dictation
                0x0000000000003548       0x10 src/simply/simply_voice.c.17.o
 .text.simply_voice_handle_packet
                0x0000000000003558       0x6c src/simply/simply_voice.c.17.o
                0x0000000000003558                simply_voice_handle_packet
 .text.simply_voice_create
                0x00000000000035c4       0x3c src/simply/simply_voice.c.17.o
                0x00000000000035c4                simply_voice_create
 .text.simply_voice_destroy
                0x0000000000003600       0x18 src/simply/simply_voice.c.17.o
                0x0000000000003600                simply_voice_destroy
 .text.simply_voice_dictation_in_progress
                0x0000000000003618       0x10 src/simply/simply_voice.c.17.o
                0x0000000000003618                simply_voice_dictation_in_progress
 .text.wakeup_handler
                0x0000000000003628       0x1c src/simply/simply_wakeup.c.17.o
 .text.wakeup_set_timer_callback
                0x0000000000003644       0x20 src/simply/simply_wakeup.c.17.o
 .text.simply_wakeup_handle_packet
                0x0000000000003664       0xac src/simply/simply_wakeup.c.17.o
                0x0000000000003664                simply_wakeup_handle_packet
 .text.simply_wakeup_init
                0x0000000000003710        0xc src/simply/simply_wakeup.c.17.o
                0x0000000000003710                simply_wakeup_init
 .text.prv_update_layer_placement
                0x000000000000371c       0xb6 src/simply/simply_window.c.17.o
 .text.simply_window_single_click_handler
                0x00000000000037d2       0x5c src/simply/simply_window.c.17.o
                0x00000000000037d2                simply_window_single_click_handler
 *fill*         0x000000000000382e        0x2 
 .text.scroll_layer_set_click_config_provider_onto_window.constprop.5
                0x0000000000003830       0x30 src/simply/simply_window.c.17.o
 .text.click_config_provider
                0x0000000000003860       0x7c src/simply/simply_window.c.17.o
 .text.long_click_handler
                0x00000000000038dc       0x32 src/simply/simply_window.c.17.o
 .text.simply_window_set_scrollable
                0x000000000000390e       0x60 src/simply/simply_window.c.17.o
                0x000000000000390e                simply_window_set_scrollable
 .text.simply_window_set_status_bar
                0x000000000000396e       0x44 src/simply/simply_window.c.17.o
                0x000000000000396e                simply_window_set_status_bar
 .text.simply_window_set_background_color
                0x00000000000039b2       0x26 src/simply/simply_window.c.17.o
                0x00000000000039b2                simply_window_set_background_color
 .text.simply_window_set_status_bar_colors
                0x00000000000039d8        0xa src/simply/simply_window.c.17.o
                0x00000000000039d8                simply_window_set_status_bar_colors
 .text.simply_window_set_status_bar_separator_mode
                0x00000000000039e2        0xa src/simply/simply_window.c.17.o
                0x00000000000039e2                simply_window_set_status_bar_separator_mode
 .text.simply_window_set_action_bar
                0x00000000000039ec       0x50 src/simply/simply_window.c.17.o
                0x00000000000039ec                simply_window_set_action_bar
 .text.simply_window_set_action_bar_icon
                0x0000000000003a3c       0x58 src/simply/simply_window.c.17.o
                0x0000000000003a3c                simply_window_set_action_bar_icon
 .text.simply_window_set_action_bar_background_color
                0x0000000000003a94       0x38 src/simply/simply_window.c.17.o
                0x0000000000003a94                simply_window_set_action_bar_background_color
 .text.simply_window_action_bar_clear
                0x0000000000003acc       0x2c src/simply/simply_window.c.17.o
                0x0000000000003acc                simply_window_action_bar_clear
 .text.simply_window_preload
                0x0000000000003af8       0x30 src/simply/simply_window.c.17.o
                0x0000000000003af8                simply_window_preload
 .text.simply_window_load
                0x0000000000003b28       0x9c src/simply/simply_window.c.17.o
                0x0000000000003b28                simply_window_load
 .text.simply_window_appear
                0x0000000000003bc4       0x1c src/simply/simply_window.c.17.o
                0x0000000000003bc4                simply_window_appear
 .text.simply_window_disappear
                0x0000000000003be0       0x28 src/simply/simply_window.c.17.o
                0x0000000000003be0                simply_window_disappear
 .text.simply_window_unload
                0x0000000000003c08       0x32 src/simply/simply_window.c.17.o
                0x0000000000003c08                simply_window_unload
 .text.simply_window_handle_packet
                0x0000000000003c3a       0xac src/simply/simply_window.c.17.o
                0x0000000000003c3a                simply_window_handle_packet
 .text.simply_window_init
                0x0000000000003ce6       0x26 src/simply/simply_window.c.17.o
                0x0000000000003ce6                simply_window_init
 .text.simply_window_deinit
                0x0000000000003d0c       0x12 src/simply/simply_window.c.17.o
                0x0000000000003d0c                simply_window_deinit
 .text.show_window_sdk_3.isra.4
                0x0000000000003d1e       0x52 src/simply/simply_window_stack.c.17.o
 .text.simply_window_stack_set_broadcast
                0x0000000000003d70       0x10 src/simply/simply_window_stack.c.17.o
                0x0000000000003d70                simply_window_stack_set_broadcast
 .text.simply_window_stack_get_top_window
                0x0000000000003d80       0x20 src/simply/simply_window_stack.c.17.o
                0x0000000000003d80                simply_window_stack_get_top_window
 .text.simply_window_stack_show
                0x0000000000003da0        0x4 src/simply/simply_window_stack.c.17.o
                0x0000000000003da0                simply_window_stack_show
 .text.simply_window_stack_pop
                0x0000000000003da4       0x26 src/simply/simply_window_stack.c.17.o
                0x0000000000003da4                simply_window_stack_pop
 *fill*         0x0000000000003dca        0x2 
 .text.simply_window_stack_send_show
                0x0000000000003dcc       0x30 src/simply/simply_window_stack.c.17.o
                0x0000000000003dcc                simply_window_stack_send_show
 .text.simply_window_stack_send_hide
                0x0000000000003dfc       0x30 src/simply/simply_window_stack.c.17.o
                0x0000000000003dfc                simply_window_stack_send_hide
 .text.simply_window_stack_back
                0x0000000000003e2c       0x1a src/simply/simply_window_stack.c.17.o
                0x0000000000003e2c                simply_window_stack_back
 .text.simply_window_stack_handle_packet
                0x0000000000003e46       0x4a src/simply/simply_window_stack.c.17.o
                0x0000000000003e46                simply_window_stack_handle_packet
 .text.simply_window_stack_create
                0x0000000000003e90       0x12 src/simply/simply_window_stack.c.17.o
                0x0000000000003e90                simply_window_stack_create
 .text.simply_window_stack_destroy
                0x0000000000003ea2        0x8 src/simply/simply_window_stack.c.17.o
                0x0000000000003ea2                simply_window_stack_destroy
 *fill*         0x0000000000003eaa        0x2 
 .text.accel_data_service_unsubscribe
                0x0000000000003eac        0xc /Users/eliyazdi/Library/Application Support/Pebble SDK/SDKs/current/sdk-core/pebble/chalk/lib/libpebble.a(tmpvl4HRLpebble.o)
                0x0000000000003eac                accel_data_service_unsubscribe
 .text.accel_service_peek
                0x0000000000003eb8        0xc /Users/eliyazdi/Library/Application Support/Pebble SDK/SDKs/current/sdk-core/pebble/chalk/lib/libpebble.a(tmpvl4HRLpebble.o)
                0x0000000000003eb8                accel_service_peek
 .text.accel_service_set_sampling_rate
                0x0000000000003ec4        0xc /Users/eliyazdi/Library/Application Support/Pebble SDK/SDKs/current/sdk-core/pebble/chalk/lib/libpebble.a(tmpvl4HRLpebble.o)
                0x0000000000003ec4                accel_service_set_sampling_rate
 .text.accel_tap_service_subscribe
                0x0000000000003ed0        0xc /Users/eliyazdi/Library/Application Support/Pebble SDK/SDKs/current/sdk-core/pebble/chalk/lib/libpebble.a(tmpvl4HRLpebble.o)
                0x0000000000003ed0                accel_tap_service_subscribe
 .text.accel_tap_service_unsubscribe
                0x0000000000003edc        0xc /Users/eliyazdi/Library/Application Support/Pebble SDK/SDKs/current/sdk-core/pebble/chalk/lib/libpebble.a(tmpvl4HRLpebble.o)
                0x0000000000003edc                accel_tap_service_unsubscribe
 .text.app_event_loop
                0x0000000000003ee8        0xc /Users/eliyazdi/Library/Application Support/Pebble SDK/SDKs/current/sdk-core/pebble/chalk/lib/libpebble.a(tmpvl4HRLpebble.o)
                0x0000000000003ee8                app_event_loop
 .text.app_message_deregister_callbacks
                0x0000000000003ef4        0xc /Users/eliyazdi/Library/Application Support/Pebble SDK/SDKs/current/sdk-core/pebble/chalk/lib/libpebble.a(tmpvl4HRLpebble.o)
                0x0000000000003ef4                app_message_deregister_callbacks
 .text.app_message_open
                0x0000000000003f00        0xc /Users/eliyazdi/Library/Application Support/Pebble SDK/SDKs/current/sdk-core/pebble/chalk/lib/libpebble.a(tmpvl4HRLpebble.o)
                0x0000000000003f00                app_message_open
 .text.app_timer_cancel
                0x0000000000003f0c        0xc /Users/eliyazdi/Library/Application Support/Pebble SDK/SDKs/current/sdk-core/pebble/chalk/lib/libpebble.a(tmpvl4HRLpebble.o)
                0x0000000000003f0c                app_timer_cancel
 .text.app_timer_register
                0x0000000000003f18        0xc /Users/eliyazdi/Library/Application Support/Pebble SDK/SDKs/current/sdk-core/pebble/chalk/lib/libpebble.a(tmpvl4HRLpebble.o)
                0x0000000000003f18                app_timer_register
 .text.click_recognizer_get_button_id
                0x0000000000003f24        0xc /Users/eliyazdi/Library/Application Support/Pebble SDK/SDKs/current/sdk-core/pebble/chalk/lib/libpebble.a(tmpvl4HRLpebble.o)
                0x0000000000003f24                click_recognizer_get_button_id
 .text.cos_lookup
                0x0000000000003f30        0xc /Users/eliyazdi/Library/Application Support/Pebble SDK/SDKs/current/sdk-core/pebble/chalk/lib/libpebble.a(tmpvl4HRLpebble.o)
                0x0000000000003f30                cos_lookup
 .text.dict_find
                0x0000000000003f3c        0xc /Users/eliyazdi/Library/Application Support/Pebble SDK/SDKs/current/sdk-core/pebble/chalk/lib/libpebble.a(tmpvl4HRLpebble.o)
                0x0000000000003f3c                dict_find
 .text.dict_write_data
                0x0000000000003f48        0xc /Users/eliyazdi/Library/Application Support/Pebble SDK/SDKs/current/sdk-core/pebble/chalk/lib/libpebble.a(tmpvl4HRLpebble.o)
                0x0000000000003f48                dict_write_data
 .text.fonts_get_system_font
                0x0000000000003f54        0xc /Users/eliyazdi/Library/Application Support/Pebble SDK/SDKs/current/sdk-core/pebble/chalk/lib/libpebble.a(tmpvl4HRLpebble.o)
                0x0000000000003f54                fonts_get_system_font
 .text.fonts_load_custom_font
                0x0000000000003f60        0xc /Users/eliyazdi/Library/Application Support/Pebble SDK/SDKs/current/sdk-core/pebble/chalk/lib/libpebble.a(tmpvl4HRLpebble.o)
                0x0000000000003f60                fonts_load_custom_font
 .text.fonts_unload_custom_font
                0x0000000000003f6c        0xc /Users/eliyazdi/Library/Application Support/Pebble SDK/SDKs/current/sdk-core/pebble/chalk/lib/libpebble.a(tmpvl4HRLpebble.o)
                0x0000000000003f6c                fonts_unload_custom_font
 .text.free     0x0000000000003f78        0xc /Users/eliyazdi/Library/Application Support/Pebble SDK/SDKs/current/sdk-core/pebble/chalk/lib/libpebble.a(tmpvl4HRLpebble.o)
                0x0000000000003f78                free
 .text.gbitmap_create_with_resource
                0x0000000000003f84        0xc /Users/eliyazdi/Library/Application Support/Pebble SDK/SDKs/current/sdk-core/pebble/chalk/lib/libpebble.a(tmpvl4HRLpebble.o)
                0x0000000000003f84                gbitmap_create_with_resource
 .text.gbitmap_destroy
                0x0000000000003f90        0xc /Users/eliyazdi/Library/Application Support/Pebble SDK/SDKs/current/sdk-core/pebble/chalk/lib/libpebble.a(tmpvl4HRLpebble.o)
                0x0000000000003f90                gbitmap_destroy
 .text.graphics_context_set_compositing_mode
                0x0000000000003f9c        0xc /Users/eliyazdi/Library/Application Support/Pebble SDK/SDKs/current/sdk-core/pebble/chalk/lib/libpebble.a(tmpvl4HRLpebble.o)
                0x0000000000003f9c                graphics_context_set_compositing_mode
 .text.graphics_draw_bitmap_in_rect
                0x0000000000003fa8        0xc /Users/eliyazdi/Library/Application Support/Pebble SDK/SDKs/current/sdk-core/pebble/chalk/lib/libpebble.a(tmpvl4HRLpebble.o)
                0x0000000000003fa8                graphics_draw_bitmap_in_rect
 .text.graphics_draw_circle
                0x0000000000003fb4        0xc /Users/eliyazdi/Library/Application Support/Pebble SDK/SDKs/current/sdk-core/pebble/chalk/lib/libpebble.a(tmpvl4HRLpebble.o)
                0x0000000000003fb4                graphics_draw_circle
 .text.graphics_draw_line
                0x0000000000003fc0        0xc /Users/eliyazdi/Library/Application Support/Pebble SDK/SDKs/current/sdk-core/pebble/chalk/lib/libpebble.a(tmpvl4HRLpebble.o)
                0x0000000000003fc0                graphics_draw_line
 .text.graphics_draw_round_rect
                0x0000000000003fcc        0xc /Users/eliyazdi/Library/Application Support/Pebble SDK/SDKs/current/sdk-core/pebble/chalk/lib/libpebble.a(tmpvl4HRLpebble.o)
                0x0000000000003fcc                graphics_draw_round_rect
 .text.graphics_fill_circle
                0x0000000000003fd8        0xc /Users/eliyazdi/Library/Application Support/Pebble SDK/SDKs/current/sdk-core/pebble/chalk/lib/libpebble.a(tmpvl4HRLpebble.o)
                0x0000000000003fd8                graphics_fill_circle
 .text.graphics_fill_rect
                0x0000000000003fe4        0xc /Users/eliyazdi/Library/Application Support/Pebble SDK/SDKs/current/sdk-core/pebble/chalk/lib/libpebble.a(tmpvl4HRLpebble.o)
                0x0000000000003fe4                graphics_fill_rect
 .text.grect_center_point
                0x0000000000003ff0        0xc /Users/eliyazdi/Library/Application Support/Pebble SDK/SDKs/current/sdk-core/pebble/chalk/lib/libpebble.a(tmpvl4HRLpebble.o)
                0x0000000000003ff0                grect_center_point
 .text.grect_standardize
                0x0000000000003ffc        0xc /Users/eliyazdi/Library/Application Support/Pebble SDK/SDKs/current/sdk-core/pebble/chalk/lib/libpebble.a(tmpvl4HRLpebble.o)
                0x0000000000003ffc                grect_standardize
 .text.inverter_layer_create
                0x0000000000004008        0xc /Users/eliyazdi/Library/Application Support/Pebble SDK/SDKs/current/sdk-core/pebble/chalk/lib/libpebble.a(tmpvl4HRLpebble.o)
                0x0000000000004008                inverter_layer_create
 .text.inverter_layer_destroy
                0x0000000000004014        0xc /Users/eliyazdi/Library/Application Support/Pebble SDK/SDKs/current/sdk-core/pebble/chalk/lib/libpebble.a(tmpvl4HRLpebble.o)
                0x0000000000004014                inverter_layer_destroy
 .text.inverter_layer_get_layer
                0x0000000000004020        0xc /Users/eliyazdi/Library/Application Support/Pebble SDK/SDKs/current/sdk-core/pebble/chalk/lib/libpebble.a(tmpvl4HRLpebble.o)
                0x0000000000004020                inverter_layer_get_layer
 .text.layer_add_child
                0x000000000000402c        0xc /Users/eliyazdi/Library/Application Support/Pebble SDK/SDKs/current/sdk-core/pebble/chalk/lib/libpebble.a(tmpvl4HRLpebble.o)
                0x000000000000402c                layer_add_child
 .text.layer_create_with_data
                0x0000000000004038        0xc /Users/eliyazdi/Library/Application Support/Pebble SDK/SDKs/current/sdk-core/pebble/chalk/lib/libpebble.a(tmpvl4HRLpebble.o)
                0x0000000000004038                layer_create_with_data
 .text.layer_destroy
                0x0000000000004044        0xc /Users/eliyazdi/Library/Application Support/Pebble SDK/SDKs/current/sdk-core/pebble/chalk/lib/libpebble.a(tmpvl4HRLpebble.o)
                0x0000000000004044                layer_destroy
 .text.layer_get_bounds
                0x0000000000004050        0xc /Users/eliyazdi/Library/Application Support/Pebble SDK/SDKs/current/sdk-core/pebble/chalk/lib/libpebble.a(tmpvl4HRLpebble.o)
                0x0000000000004050                layer_get_bounds
 .text.layer_get_data
                0x000000000000405c        0xc /Users/eliyazdi/Library/Application Support/Pebble SDK/SDKs/current/sdk-core/pebble/chalk/lib/libpebble.a(tmpvl4HRLpebble.o)
                0x000000000000405c                layer_get_data
 .text.layer_get_frame
                0x0000000000004068        0xc /Users/eliyazdi/Library/Application Support/Pebble SDK/SDKs/current/sdk-core/pebble/chalk/lib/libpebble.a(tmpvl4HRLpebble.o)
                0x0000000000004068                layer_get_frame
 .text.layer_get_window
                0x0000000000004074        0xc /Users/eliyazdi/Library/Application Support/Pebble SDK/SDKs/current/sdk-core/pebble/chalk/lib/libpebble.a(tmpvl4HRLpebble.o)
                0x0000000000004074                layer_get_window
 .text.layer_mark_dirty
                0x0000000000004080        0xc /Users/eliyazdi/Library/Application Support/Pebble SDK/SDKs/current/sdk-core/pebble/chalk/lib/libpebble.a(tmpvl4HRLpebble.o)
                0x0000000000004080                layer_mark_dirty
 .text.layer_remove_from_parent
                0x000000000000408c        0xc /Users/eliyazdi/Library/Application Support/Pebble SDK/SDKs/current/sdk-core/pebble/chalk/lib/libpebble.a(tmpvl4HRLpebble.o)
                0x000000000000408c                layer_remove_from_parent
 .text.layer_set_frame
                0x0000000000004098        0xc /Users/eliyazdi/Library/Application Support/Pebble SDK/SDKs/current/sdk-core/pebble/chalk/lib/libpebble.a(tmpvl4HRLpebble.o)
                0x0000000000004098                layer_set_frame
 .text.layer_set_update_proc
                0x00000000000040a4        0xc /Users/eliyazdi/Library/Application Support/Pebble SDK/SDKs/current/sdk-core/pebble/chalk/lib/libpebble.a(tmpvl4HRLpebble.o)
                0x00000000000040a4                layer_set_update_proc
 .text.light_enable
                0x00000000000040b0        0xc /Users/eliyazdi/Library/Application Support/Pebble SDK/SDKs/current/sdk-core/pebble/chalk/lib/libpebble.a(tmpvl4HRLpebble.o)
                0x00000000000040b0                light_enable
 .text.light_enable_interaction
                0x00000000000040bc        0xc /Users/eliyazdi/Library/Application Support/Pebble SDK/SDKs/current/sdk-core/pebble/chalk/lib/libpebble.a(tmpvl4HRLpebble.o)
                0x00000000000040bc                light_enable_interaction
 .text.malloc   0x00000000000040c8        0xc /Users/eliyazdi/Library/Application Support/Pebble SDK/SDKs/current/sdk-core/pebble/chalk/lib/libpebble.a(tmpvl4HRLpebble.o)
                0x00000000000040c8                malloc
 .text.memcpy   0x00000000000040d4        0xc /Users/eliyazdi/Library/Application Support/Pebble SDK/SDKs/current/sdk-core/pebble/chalk/lib/libpebble.a(tmpvl4HRLpebble.o)
                0x00000000000040d4                memcpy
 .text.memset   0x00000000000040e0        0xc /Users/eliyazdi/Library/Application Support/Pebble SDK/SDKs/current/sdk-core/pebble/chalk/lib/libpebble.a(tmpvl4HRLpebble.o)
                0x00000000000040e0                memset
 .text.menu_cell_basic_draw
                0x00000000000040ec        0xc /Users/eliyazdi/Library/Application Support/Pebble SDK/SDKs/current/sdk-core/pebble/chalk/lib/libpebble.a(tmpvl4HRLpebble.o)
                0x00000000000040ec                menu_cell_basic_draw
 .text.menu_layer_destroy
                0x00000000000040f8        0xc /Users/eliyazdi/Library/Application Support/Pebble SDK/SDKs/current/sdk-core/pebble/chalk/lib/libpebble.a(tmpvl4HRLpebble.o)
                0x00000000000040f8                menu_layer_destroy
 .text.menu_layer_get_layer
                0x0000000000004104        0xc /Users/eliyazdi/Library/Application Support/Pebble SDK/SDKs/current/sdk-core/pebble/chalk/lib/libpebble.a(tmpvl4HRLpebble.o)
                0x0000000000004104                menu_layer_get_layer
 .text.menu_layer_get_scroll_layer
                0x0000000000004110        0xc /Users/eliyazdi/Library/Application Support/Pebble SDK/SDKs/current/sdk-core/pebble/chalk/lib/libpebble.a(tmpvl4HRLpebble.o)
                0x0000000000004110                menu_layer_get_scroll_layer
 .text.menu_layer_get_selected_index
                0x000000000000411c        0xc /Users/eliyazdi/Library/Application Support/Pebble SDK/SDKs/current/sdk-core/pebble/chalk/lib/libpebble.a(tmpvl4HRLpebble.o)
                0x000000000000411c                menu_layer_get_selected_index
 .text.menu_layer_reload_data
                0x0000000000004128        0xc /Users/eliyazdi/Library/Application Support/Pebble SDK/SDKs/current/sdk-core/pebble/chalk/lib/libpebble.a(tmpvl4HRLpebble.o)
                0x0000000000004128                menu_layer_reload_data
 .text.menu_layer_set_click_config_onto_window
                0x0000000000004134        0xc /Users/eliyazdi/Library/Application Support/Pebble SDK/SDKs/current/sdk-core/pebble/chalk/lib/libpebble.a(tmpvl4HRLpebble.o)
                0x0000000000004134                menu_layer_set_click_config_onto_window
 .text.menu_layer_set_selected_index
                0x0000000000004140        0xc /Users/eliyazdi/Library/Application Support/Pebble SDK/SDKs/current/sdk-core/pebble/chalk/lib/libpebble.a(tmpvl4HRLpebble.o)
                0x0000000000004140                menu_layer_set_selected_index
 .text.psleep   0x000000000000414c        0xc /Users/eliyazdi/Library/Application Support/Pebble SDK/SDKs/current/sdk-core/pebble/chalk/lib/libpebble.a(tmpvl4HRLpebble.o)
                0x000000000000414c                psleep
 .text.resource_get_handle
                0x0000000000004158        0xc /Users/eliyazdi/Library/Application Support/Pebble SDK/SDKs/current/sdk-core/pebble/chalk/lib/libpebble.a(tmpvl4HRLpebble.o)
                0x0000000000004158                resource_get_handle
 .text.scroll_layer_add_child
                0x0000000000004164        0xc /Users/eliyazdi/Library/Application Support/Pebble SDK/SDKs/current/sdk-core/pebble/chalk/lib/libpebble.a(tmpvl4HRLpebble.o)
                0x0000000000004164                scroll_layer_add_child
 .text.scroll_layer_create
                0x0000000000004170        0xc /Users/eliyazdi/Library/Application Support/Pebble SDK/SDKs/current/sdk-core/pebble/chalk/lib/libpebble.a(tmpvl4HRLpebble.o)
                0x0000000000004170                scroll_layer_create
 .text.scroll_layer_destroy
                0x000000000000417c        0xc /Users/eliyazdi/Library/Application Support/Pebble SDK/SDKs/current/sdk-core/pebble/chalk/lib/libpebble.a(tmpvl4HRLpebble.o)
                0x000000000000417c                scroll_layer_destroy
 .text.scroll_layer_get_content_offset
                0x0000000000004188        0xc /Users/eliyazdi/Library/Application Support/Pebble SDK/SDKs/current/sdk-core/pebble/chalk/lib/libpebble.a(tmpvl4HRLpebble.o)
                0x0000000000004188                scroll_layer_get_content_offset
 .text.scroll_layer_get_layer
                0x0000000000004194        0xc /Users/eliyazdi/Library/Application Support/Pebble SDK/SDKs/current/sdk-core/pebble/chalk/lib/libpebble.a(tmpvl4HRLpebble.o)
                0x0000000000004194                scroll_layer_get_layer
 .text.scroll_layer_set_click_config_onto_window
                0x00000000000041a0        0xc /Users/eliyazdi/Library/Application Support/Pebble SDK/SDKs/current/sdk-core/pebble/chalk/lib/libpebble.a(tmpvl4HRLpebble.o)
                0x00000000000041a0                scroll_layer_set_click_config_onto_window
 .text.scroll_layer_set_content_offset
                0x00000000000041ac        0xc /Users/eliyazdi/Library/Application Support/Pebble SDK/SDKs/current/sdk-core/pebble/chalk/lib/libpebble.a(tmpvl4HRLpebble.o)
                0x00000000000041ac                scroll_layer_set_content_offset
 .text.scroll_layer_set_content_size
                0x00000000000041b8        0xc /Users/eliyazdi/Library/Application Support/Pebble SDK/SDKs/current/sdk-core/pebble/chalk/lib/libpebble.a(tmpvl4HRLpebble.o)
                0x00000000000041b8                scroll_layer_set_content_size
 .text.scroll_layer_set_context
                0x00000000000041c4        0xc /Users/eliyazdi/Library/Application Support/Pebble SDK/SDKs/current/sdk-core/pebble/chalk/lib/libpebble.a(tmpvl4HRLpebble.o)
                0x00000000000041c4                scroll_layer_set_context
 .text.scroll_layer_set_shadow_hidden
                0x00000000000041d0        0xc /Users/eliyazdi/Library/Application Support/Pebble SDK/SDKs/current/sdk-core/pebble/chalk/lib/libpebble.a(tmpvl4HRLpebble.o)
                0x00000000000041d0                scroll_layer_set_shadow_hidden
 .text.sin_lookup
                0x00000000000041dc        0xc /Users/eliyazdi/Library/Application Support/Pebble SDK/SDKs/current/sdk-core/pebble/chalk/lib/libpebble.a(tmpvl4HRLpebble.o)
                0x00000000000041dc                sin_lookup
 .text.strftime
                0x00000000000041e8        0xc /Users/eliyazdi/Library/Application Support/Pebble SDK/SDKs/current/sdk-core/pebble/chalk/lib/libpebble.a(tmpvl4HRLpebble.o)
                0x00000000000041e8                strftime
 .text.strlen   0x00000000000041f4        0xc /Users/eliyazdi/Library/Application Support/Pebble SDK/SDKs/current/sdk-core/pebble/chalk/lib/libpebble.a(tmpvl4HRLpebble.o)
                0x00000000000041f4                strlen
 .text.strncpy  0x0000000000004200        0xc /Users/eliyazdi/Library/Application Support/Pebble SDK/SDKs/current/sdk-core/pebble/chalk/lib/libpebble.a(tmpvl4HRLpebble.o)
                0x0000000000004200                strncpy
 .text.tick_timer_service_subscribe
                0x000000000000420c        0xc /Users/eliyazdi/Library/Application Support/Pebble SDK/SDKs/current/sdk-core/pebble/chalk/lib/libpebble.a(tmpvl4HRLpebble.o)
                0x000000000000420c                tick_timer_service_subscribe
 .text.tick_timer_service_unsubscribe
                0x0000000000004218        0xc /Users/eliyazdi/Library/Application Support/Pebble SDK/SDKs/current/sdk-core/pebble/chalk/lib/libpebble.a(tmpvl4HRLpebble.o)
                0x0000000000004218                tick_timer_service_unsubscribe
 .text.vibes_double_pulse
                0x0000000000004224        0xc /Users/eliyazdi/Library/Application Support/Pebble SDK/SDKs/current/sdk-core/pebble/chalk/lib/libpebble.a(tmpvl4HRLpebble.o)
                0x0000000000004224                vibes_double_pulse
 .text.vibes_enqueue_custom_pattern
                0x0000000000004230        0xc /Users/eliyazdi/Library/Application Support/Pebble SDK/SDKs/current/sdk-core/pebble/chalk/lib/libpebble.a(tmpvl4HRLpebble.o)
                0x0000000000004230                vibes_enqueue_custom_pattern
 .text.vibes_long_pulse
                0x000000000000423c        0xc /Users/eliyazdi/Library/Application Support/Pebble SDK/SDKs/current/sdk-core/pebble/chalk/lib/libpebble.a(tmpvl4HRLpebble.o)
                0x000000000000423c                vibes_long_pulse
 .text.vibes_short_pulse
                0x0000000000004248        0xc /Users/eliyazdi/Library/Application Support/Pebble SDK/SDKs/current/sdk-core/pebble/chalk/lib/libpebble.a(tmpvl4HRLpebble.o)
                0x0000000000004248                vibes_short_pulse
 .text.window_create
                0x0000000000004254        0xc /Users/eliyazdi/Library/Application Support/Pebble SDK/SDKs/current/sdk-core/pebble/chalk/lib/libpebble.a(tmpvl4HRLpebble.o)
                0x0000000000004254                window_create
 .text.window_destroy
                0x0000000000004260        0xc /Users/eliyazdi/Library/Application Support/Pebble SDK/SDKs/current/sdk-core/pebble/chalk/lib/libpebble.a(tmpvl4HRLpebble.o)
                0x0000000000004260                window_destroy
 .text.window_get_click_config_provider
                0x000000000000426c        0xc /Users/eliyazdi/Library/Application Support/Pebble SDK/SDKs/current/sdk-core/pebble/chalk/lib/libpebble.a(tmpvl4HRLpebble.o)
                0x000000000000426c                window_get_click_config_provider
 .text.window_get_root_layer
                0x0000000000004278        0xc /Users/eliyazdi/Library/Application Support/Pebble SDK/SDKs/current/sdk-core/pebble/chalk/lib/libpebble.a(tmpvl4HRLpebble.o)
                0x0000000000004278                window_get_root_layer
 .text.window_set_click_config_provider_with_context
                0x0000000000004284        0xc /Users/eliyazdi/Library/Application Support/Pebble SDK/SDKs/current/sdk-core/pebble/chalk/lib/libpebble.a(tmpvl4HRLpebble.o)
                0x0000000000004284                window_set_click_config_provider_with_context
 .text.window_set_window_handlers
                0x0000000000004290        0xc /Users/eliyazdi/Library/Application Support/Pebble SDK/SDKs/current/sdk-core/pebble/chalk/lib/libpebble.a(tmpvl4HRLpebble.o)
                0x0000000000004290                window_set_window_handlers
 .text.window_stack_get_top_window
                0x000000000000429c        0xc /Users/eliyazdi/Library/Application Support/Pebble SDK/SDKs/current/sdk-core/pebble/chalk/lib/libpebble.a(tmpvl4HRLpebble.o)
                0x000000000000429c                window_stack_get_top_window
 .text.window_stack_pop
                0x00000000000042a8        0xc /Users/eliyazdi/Library/Application Support/Pebble SDK/SDKs/current/sdk-core/pebble/chalk/lib/libpebble.a(tmpvl4HRLpebble.o)
                0x00000000000042a8                window_stack_pop
 .text.window_stack_pop_all
                0x00000000000042b4        0xc /Users/eliyazdi/Library/Application Support/Pebble SDK/SDKs/current/sdk-core/pebble/chalk/lib/libpebble.a(tmpvl4HRLpebble.o)
                0x00000000000042b4                window_stack_pop_all
 .text.window_stack_push
                0x00000000000042c0        0xc /Users/eliyazdi/Library/Application Support/Pebble SDK/SDKs/current/sdk-core/pebble/chalk/lib/libpebble.a(tmpvl4HRLpebble.o)
                0x00000000000042c0                window_stack_push
 .text.window_stack_remove
                0x00000000000042cc        0xc /Users/eliyazdi/Library/Application Support/Pebble SDK/SDKs/current/sdk-core/pebble/chalk/lib/libpebble.a(tmpvl4HRLpebble.o)
                0x00000000000042cc                window_stack_remove
 .text.window_get_user_data
                0x00000000000042d8        0xc /Users/eliyazdi/Library/Application Support/Pebble SDK/SDKs/current/sdk-core/pebble/chalk/lib/libpebble.a(tmpvl4HRLpebble.o)
                0x00000000000042d8                window_get_user_data
 .text.window_set_user_data
                0x00000000000042e4        0xc /Users/eliyazdi/Library/Application Support/Pebble SDK/SDKs/current/sdk-core/pebble/chalk/lib/libpebble.a(tmpvl4HRLpebble.o)
                0x00000000000042e4                window_set_user_data
 .text.app_message_outbox_begin
                0x00000000000042f0        0xc /Users/eliyazdi/Library/Application Support/Pebble SDK/SDKs/current/sdk-core/pebble/chalk/lib/libpebble.a(tmpvl4HRLpebble.o)
                0x00000000000042f0                app_message_outbox_begin
 .text.app_message_outbox_send
                0x00000000000042fc        0xc /Users/eliyazdi/Library/Application Support/Pebble SDK/SDKs/current/sdk-core/pebble/chalk/lib/libpebble.a(tmpvl4HRLpebble.o)
                0x00000000000042fc                app_message_outbox_send
 .text.app_message_register_inbox_dropped
                0x0000000000004308        0xc /Users/eliyazdi/Library/Application Support/Pebble SDK/SDKs/current/sdk-core/pebble/chalk/lib/libpebble.a(tmpvl4HRLpebble.o)
                0x0000000000004308                app_message_register_inbox_dropped
 .text.app_message_register_inbox_received
                0x0000000000004314        0xc /Users/eliyazdi/Library/Application Support/Pebble SDK/SDKs/current/sdk-core/pebble/chalk/lib/libpebble.a(tmpvl4HRLpebble.o)
                0x0000000000004314                app_message_register_inbox_received
 .text.app_message_register_outbox_failed
                0x0000000000004320        0xc /Users/eliyazdi/Library/Application Support/Pebble SDK/SDKs/current/sdk-core/pebble/chalk/lib/libpebble.a(tmpvl4HRLpebble.o)
                0x0000000000004320                app_message_register_outbox_failed
 .text.app_message_register_outbox_sent
                0x000000000000432c        0xc /Users/eliyazdi/Library/Application Support/Pebble SDK/SDKs/current/sdk-core/pebble/chalk/lib/libpebble.a(tmpvl4HRLpebble.o)
                0x000000000000432c                app_message_register_outbox_sent
 .text.app_message_set_context
                0x0000000000004338        0xc /Users/eliyazdi/Library/Application Support/Pebble SDK/SDKs/current/sdk-core/pebble/chalk/lib/libpebble.a(tmpvl4HRLpebble.o)
                0x0000000000004338                app_message_set_context
 .text.window_long_click_subscribe
                0x0000000000004344        0xc /Users/eliyazdi/Library/Application Support/Pebble SDK/SDKs/current/sdk-core/pebble/chalk/lib/libpebble.a(tmpvl4HRLpebble.o)
                0x0000000000004344                window_long_click_subscribe
 .text.window_set_click_context
                0x0000000000004350        0xc /Users/eliyazdi/Library/Application Support/Pebble SDK/SDKs/current/sdk-core/pebble/chalk/lib/libpebble.a(tmpvl4HRLpebble.o)
                0x0000000000004350                window_set_click_context
 .text.window_single_click_subscribe
                0x000000000000435c        0xc /Users/eliyazdi/Library/Application Support/Pebble SDK/SDKs/current/sdk-core/pebble/chalk/lib/libpebble.a(tmpvl4HRLpebble.o)
                0x000000000000435c                window_single_click_subscribe
 .text.graphics_draw_text
                0x0000000000004368        0xc /Users/eliyazdi/Library/Application Support/Pebble SDK/SDKs/current/sdk-core/pebble/chalk/lib/libpebble.a(tmpvl4HRLpebble.o)
                0x0000000000004368                graphics_draw_text
 .text.accel_data_service_subscribe
                0x0000000000004374        0xc /Users/eliyazdi/Library/Application Support/Pebble SDK/SDKs/current/sdk-core/pebble/chalk/lib/libpebble.a(tmpvl4HRLpebble.o)
                0x0000000000004374                accel_data_service_subscribe
 .text.launch_reason
                0x0000000000004380        0xc /Users/eliyazdi/Library/Application Support/Pebble SDK/SDKs/current/sdk-core/pebble/chalk/lib/libpebble.a(tmpvl4HRLpebble.o)
                0x0000000000004380                launch_reason
 .text.wakeup_cancel
                0x000000000000438c        0xc /Users/eliyazdi/Library/Application Support/Pebble SDK/SDKs/current/sdk-core/pebble/chalk/lib/libpebble.a(tmpvl4HRLpebble.o)
                0x000000000000438c                wakeup_cancel
 .text.wakeup_cancel_all
                0x0000000000004398        0xc /Users/eliyazdi/Library/Application Support/Pebble SDK/SDKs/current/sdk-core/pebble/chalk/lib/libpebble.a(tmpvl4HRLpebble.o)
                0x0000000000004398                wakeup_cancel_all
 .text.wakeup_get_launch_event
                0x00000000000043a4        0xc /Users/eliyazdi/Library/Application Support/Pebble SDK/SDKs/current/sdk-core/pebble/chalk/lib/libpebble.a(tmpvl4HRLpebble.o)
                0x00000000000043a4                wakeup_get_launch_event
 .text.wakeup_schedule
                0x00000000000043b0        0xc /Users/eliyazdi/Library/Application Support/Pebble SDK/SDKs/current/sdk-core/pebble/chalk/lib/libpebble.a(tmpvl4HRLpebble.o)
                0x00000000000043b0                wakeup_schedule
 .text.wakeup_service_subscribe
                0x00000000000043bc        0xc /Users/eliyazdi/Library/Application Support/Pebble SDK/SDKs/current/sdk-core/pebble/chalk/lib/libpebble.a(tmpvl4HRLpebble.o)
                0x00000000000043bc                wakeup_service_subscribe
 .text.clock_is_timezone_set
                0x00000000000043c8        0xc /Users/eliyazdi/Library/Application Support/Pebble SDK/SDKs/current/sdk-core/pebble/chalk/lib/libpebble.a(tmpvl4HRLpebble.o)
                0x00000000000043c8                clock_is_timezone_set
 .text.graphics_context_set_fill_color
                0x00000000000043d4        0xc /Users/eliyazdi/Library/Application Support/Pebble SDK/SDKs/current/sdk-core/pebble/chalk/lib/libpebble.a(tmpvl4HRLpebble.o)
                0x00000000000043d4                graphics_context_set_fill_color
 .text.graphics_context_set_stroke_color
                0x00000000000043e0        0xc /Users/eliyazdi/Library/Application Support/Pebble SDK/SDKs/current/sdk-core/pebble/chalk/lib/libpebble.a(tmpvl4HRLpebble.o)
                0x00000000000043e0                graphics_context_set_stroke_color
 .text.graphics_context_set_text_color
                0x00000000000043ec        0xc /Users/eliyazdi/Library/Application Support/Pebble SDK/SDKs/current/sdk-core/pebble/chalk/lib/libpebble.a(tmpvl4HRLpebble.o)
                0x00000000000043ec                graphics_context_set_text_color
 .text.window_set_background_color
                0x00000000000043f8        0xc /Users/eliyazdi/Library/Application Support/Pebble SDK/SDKs/current/sdk-core/pebble/chalk/lib/libpebble.a(tmpvl4HRLpebble.o)
                0x00000000000043f8                window_set_background_color
 .text.localtime
                0x0000000000004404        0xc /Users/eliyazdi/Library/Application Support/Pebble SDK/SDKs/current/sdk-core/pebble/chalk/lib/libpebble.a(tmpvl4HRLpebble.o)
                0x0000000000004404                localtime
 .text.animation_destroy
                0x0000000000004410        0xc /Users/eliyazdi/Library/Application Support/Pebble SDK/SDKs/current/sdk-core/pebble/chalk/lib/libpebble.a(tmpvl4HRLpebble.o)
                0x0000000000004410                animation_destroy
 .text.animation_schedule
                0x000000000000441c        0xc /Users/eliyazdi/Library/Application Support/Pebble SDK/SDKs/current/sdk-core/pebble/chalk/lib/libpebble.a(tmpvl4HRLpebble.o)
                0x000000000000441c                animation_schedule
 .text.animation_set_curve
                0x0000000000004428        0xc /Users/eliyazdi/Library/Application Support/Pebble SDK/SDKs/current/sdk-core/pebble/chalk/lib/libpebble.a(tmpvl4HRLpebble.o)
                0x0000000000004428                animation_set_curve
 .text.animation_set_duration
                0x0000000000004434        0xc /Users/eliyazdi/Library/Application Support/Pebble SDK/SDKs/current/sdk-core/pebble/chalk/lib/libpebble.a(tmpvl4HRLpebble.o)
                0x0000000000004434                animation_set_duration
 .text.animation_set_handlers
                0x0000000000004440        0xc /Users/eliyazdi/Library/Application Support/Pebble SDK/SDKs/current/sdk-core/pebble/chalk/lib/libpebble.a(tmpvl4HRLpebble.o)
                0x0000000000004440                animation_set_handlers
 .text.animation_unschedule
                0x000000000000444c        0xc /Users/eliyazdi/Library/Application Support/Pebble SDK/SDKs/current/sdk-core/pebble/chalk/lib/libpebble.a(tmpvl4HRLpebble.o)
                0x000000000000444c                animation_unschedule
 .text.property_animation_create
                0x0000000000004458        0xc /Users/eliyazdi/Library/Application Support/Pebble SDK/SDKs/current/sdk-core/pebble/chalk/lib/libpebble.a(tmpvl4HRLpebble.o)
                0x0000000000004458                property_animation_create
 .text.property_animation_destroy
                0x0000000000004464        0xc /Users/eliyazdi/Library/Application Support/Pebble SDK/SDKs/current/sdk-core/pebble/chalk/lib/libpebble.a(tmpvl4HRLpebble.o)
                0x0000000000004464                property_animation_destroy
 .text.property_animation_from
                0x0000000000004470        0xc /Users/eliyazdi/Library/Application Support/Pebble SDK/SDKs/current/sdk-core/pebble/chalk/lib/libpebble.a(tmpvl4HRLpebble.o)
                0x0000000000004470                property_animation_from
 .text.property_animation_to
                0x000000000000447c        0xc /Users/eliyazdi/Library/Application Support/Pebble SDK/SDKs/current/sdk-core/pebble/chalk/lib/libpebble.a(tmpvl4HRLpebble.o)
                0x000000000000447c                property_animation_to
 .text.property_animation_update_grect
                0x0000000000004488        0xc /Users/eliyazdi/Library/Application Support/Pebble SDK/SDKs/current/sdk-core/pebble/chalk/lib/libpebble.a(tmpvl4HRLpebble.o)
                0x0000000000004488                property_animation_update_grect
 .text.gbitmap_get_bounds
                0x0000000000004494        0xc /Users/eliyazdi/Library/Application Support/Pebble SDK/SDKs/current/sdk-core/pebble/chalk/lib/libpebble.a(tmpvl4HRLpebble.o)
                0x0000000000004494                gbitmap_get_bounds
 .text.gbitmap_get_format
                0x00000000000044a0        0xc /Users/eliyazdi/Library/Application Support/Pebble SDK/SDKs/current/sdk-core/pebble/chalk/lib/libpebble.a(tmpvl4HRLpebble.o)
                0x00000000000044a0                gbitmap_get_format
 .text.gbitmap_get_palette
                0x00000000000044ac        0xc /Users/eliyazdi/Library/Application Support/Pebble SDK/SDKs/current/sdk-core/pebble/chalk/lib/libpebble.a(tmpvl4HRLpebble.o)
                0x00000000000044ac                gbitmap_get_palette
 .text.gbitmap_set_palette
                0x00000000000044b8        0xc /Users/eliyazdi/Library/Application Support/Pebble SDK/SDKs/current/sdk-core/pebble/chalk/lib/libpebble.a(tmpvl4HRLpebble.o)
                0x00000000000044b8                gbitmap_set_palette
 .text.gbitmap_create_from_png_data
                0x00000000000044c4        0xc /Users/eliyazdi/Library/Application Support/Pebble SDK/SDKs/current/sdk-core/pebble/chalk/lib/libpebble.a(tmpvl4HRLpebble.o)
                0x00000000000044c4                gbitmap_create_from_png_data
 .text.launch_get_args
                0x00000000000044d0        0xc /Users/eliyazdi/Library/Application Support/Pebble SDK/SDKs/current/sdk-core/pebble/chalk/lib/libpebble.a(tmpvl4HRLpebble.o)
                0x00000000000044d0                launch_get_args
 .text.menu_layer_create
                0x00000000000044dc        0xc /Users/eliyazdi/Library/Application Support/Pebble SDK/SDKs/current/sdk-core/pebble/chalk/lib/libpebble.a(tmpvl4HRLpebble.o)
                0x00000000000044dc                menu_layer_create
 .text.graphics_context_set_antialiased
                0x00000000000044e8        0xc /Users/eliyazdi/Library/Application Support/Pebble SDK/SDKs/current/sdk-core/pebble/chalk/lib/libpebble.a(tmpvl4HRLpebble.o)
                0x00000000000044e8                graphics_context_set_antialiased
 .text.graphics_context_set_stroke_width
                0x00000000000044f4        0xc /Users/eliyazdi/Library/Application Support/Pebble SDK/SDKs/current/sdk-core/pebble/chalk/lib/libpebble.a(tmpvl4HRLpebble.o)
                0x00000000000044f4                graphics_context_set_stroke_width
 .text.action_bar_layer_add_to_window
                0x0000000000004500        0xc /Users/eliyazdi/Library/Application Support/Pebble SDK/SDKs/current/sdk-core/pebble/chalk/lib/libpebble.a(tmpvl4HRLpebble.o)
                0x0000000000004500                action_bar_layer_add_to_window
 .text.action_bar_layer_clear_icon
                0x000000000000450c        0xc /Users/eliyazdi/Library/Application Support/Pebble SDK/SDKs/current/sdk-core/pebble/chalk/lib/libpebble.a(tmpvl4HRLpebble.o)
                0x000000000000450c                action_bar_layer_clear_icon
 .text.action_bar_layer_create
                0x0000000000004518        0xc /Users/eliyazdi/Library/Application Support/Pebble SDK/SDKs/current/sdk-core/pebble/chalk/lib/libpebble.a(tmpvl4HRLpebble.o)
                0x0000000000004518                action_bar_layer_create
 .text.action_bar_layer_destroy
                0x0000000000004524        0xc /Users/eliyazdi/Library/Application Support/Pebble SDK/SDKs/current/sdk-core/pebble/chalk/lib/libpebble.a(tmpvl4HRLpebble.o)
                0x0000000000004524                action_bar_layer_destroy
 .text.action_bar_layer_get_layer
                0x0000000000004530        0xc /Users/eliyazdi/Library/Application Support/Pebble SDK/SDKs/current/sdk-core/pebble/chalk/lib/libpebble.a(tmpvl4HRLpebble.o)
                0x0000000000004530                action_bar_layer_get_layer
 .text.action_bar_layer_remove_from_window
                0x000000000000453c        0xc /Users/eliyazdi/Library/Application Support/Pebble SDK/SDKs/current/sdk-core/pebble/chalk/lib/libpebble.a(tmpvl4HRLpebble.o)
                0x000000000000453c                action_bar_layer_remove_from_window
 .text.action_bar_layer_set_background_color
                0x0000000000004548        0xc /Users/eliyazdi/Library/Application Support/Pebble SDK/SDKs/current/sdk-core/pebble/chalk/lib/libpebble.a(tmpvl4HRLpebble.o)
                0x0000000000004548                action_bar_layer_set_background_color
 .text.action_bar_layer_set_click_config_provider
                0x0000000000004554        0xc /Users/eliyazdi/Library/Application Support/Pebble SDK/SDKs/current/sdk-core/pebble/chalk/lib/libpebble.a(tmpvl4HRLpebble.o)
                0x0000000000004554                action_bar_layer_set_click_config_provider
 .text.action_bar_layer_set_context
                0x0000000000004560        0xc /Users/eliyazdi/Library/Application Support/Pebble SDK/SDKs/current/sdk-core/pebble/chalk/lib/libpebble.a(tmpvl4HRLpebble.o)
                0x0000000000004560                action_bar_layer_set_context
 .text.action_bar_layer_set_icon
                0x000000000000456c        0xc /Users/eliyazdi/Library/Application Support/Pebble SDK/SDKs/current/sdk-core/pebble/chalk/lib/libpebble.a(tmpvl4HRLpebble.o)
                0x000000000000456c                action_bar_layer_set_icon
 .text.menu_cell_layer_is_highlighted
                0x0000000000004578        0xc /Users/eliyazdi/Library/Application Support/Pebble SDK/SDKs/current/sdk-core/pebble/chalk/lib/libpebble.a(tmpvl4HRLpebble.o)
                0x0000000000004578                menu_cell_layer_is_highlighted
 .text.time     0x0000000000004584        0xc /Users/eliyazdi/Library/Application Support/Pebble SDK/SDKs/current/sdk-core/pebble/chalk/lib/libpebble.a(tmpvl4HRLpebble.o)
                0x0000000000004584                time
 .text.menu_layer_set_highlight_colors
                0x0000000000004590        0xc /Users/eliyazdi/Library/Application Support/Pebble SDK/SDKs/current/sdk-core/pebble/chalk/lib/libpebble.a(tmpvl4HRLpebble.o)
                0x0000000000004590                menu_layer_set_highlight_colors
 .text.menu_layer_set_normal_colors
                0x000000000000459c        0xc /Users/eliyazdi/Library/Application Support/Pebble SDK/SDKs/current/sdk-core/pebble/chalk/lib/libpebble.a(tmpvl4HRLpebble.o)
                0x000000000000459c                menu_layer_set_normal_colors
 .text.menu_layer_set_callbacks
                0x00000000000045a8        0xc /Users/eliyazdi/Library/Application Support/Pebble SDK/SDKs/current/sdk-core/pebble/chalk/lib/libpebble.a(tmpvl4HRLpebble.o)
                0x00000000000045a8                menu_layer_set_callbacks
 .text.status_bar_layer_create
                0x00000000000045b4        0xc /Users/eliyazdi/Library/Application Support/Pebble SDK/SDKs/current/sdk-core/pebble/chalk/lib/libpebble.a(tmpvl4HRLpebble.o)
                0x00000000000045b4                status_bar_layer_create
 .text.status_bar_layer_destroy
                0x00000000000045c0        0xc /Users/eliyazdi/Library/Application Support/Pebble SDK/SDKs/current/sdk-core/pebble/chalk/lib/libpebble.a(tmpvl4HRLpebble.o)
                0x00000000000045c0                status_bar_layer_destroy
 .text.status_bar_layer_get_layer
                0x00000000000045cc        0xc /Users/eliyazdi/Library/Application Support/Pebble SDK/SDKs/current/sdk-core/pebble/chalk/lib/libpebble.a(tmpvl4HRLpebble.o)
                0x00000000000045cc                status_bar_layer_get_layer
 .text.status_bar_layer_set_colors
                0x00000000000045d8        0xc /Users/eliyazdi/Library/Application Support/Pebble SDK/SDKs/current/sdk-core/pebble/chalk/lib/libpebble.a(tmpvl4HRLpebble.o)
                0x00000000000045d8                status_bar_layer_set_colors
 .text.status_bar_layer_set_separator_mode
                0x00000000000045e4        0xc /Users/eliyazdi/Library/Application Support/Pebble SDK/SDKs/current/sdk-core/pebble/chalk/lib/libpebble.a(tmpvl4HRLpebble.o)
                0x00000000000045e4                status_bar_layer_set_separator_mode
 .text.time_ms  0x00000000000045f0        0xc /Users/eliyazdi/Library/Application Support/Pebble SDK/SDKs/current/sdk-core/pebble/chalk/lib/libpebble.a(tmpvl4HRLpebble.o)
                0x00000000000045f0                time_ms
 .text.gcolor_legible_over
                0x00000000000045fc        0xc /Users/eliyazdi/Library/Application Support/Pebble SDK/SDKs/current/sdk-core/pebble/chalk/lib/libpebble.a(tmpvl4HRLpebble.o)
                0x00000000000045fc                gcolor_legible_over
 .text.dictation_session_create
                0x0000000000004608        0xc /Users/eliyazdi/Library/Application Support/Pebble SDK/SDKs/current/sdk-core/pebble/chalk/lib/libpebble.a(tmpvl4HRLpebble.o)
                0x0000000000004608                dictation_session_create
 .text.dictation_session_enable_confirmation
                0x0000000000004614        0xc /Users/eliyazdi/Library/Application Support/Pebble SDK/SDKs/current/sdk-core/pebble/chalk/lib/libpebble.a(tmpvl4HRLpebble.o)
                0x0000000000004614                dictation_session_enable_confirmation
 .text.dictation_session_start
                0x0000000000004620        0xc /Users/eliyazdi/Library/Application Support/Pebble SDK/SDKs/current/sdk-core/pebble/chalk/lib/libpebble.a(tmpvl4HRLpebble.o)
                0x0000000000004620                dictation_session_start
 .text.dictation_session_stop
                0x000000000000462c        0xc /Users/eliyazdi/Library/Application Support/Pebble SDK/SDKs/current/sdk-core/pebble/chalk/lib/libpebble.a(tmpvl4HRLpebble.o)
                0x000000000000462c                dictation_session_stop
 .text.grect_inset
                0x0000000000004638        0xc /Users/eliyazdi/Library/Application Support/Pebble SDK/SDKs/current/sdk-core/pebble/chalk/lib/libpebble.a(tmpvl4HRLpebble.o)
                0x0000000000004638                grect_inset
 .text.gpoint_from_polar
                0x0000000000004644        0xc /Users/eliyazdi/Library/Application Support/Pebble SDK/SDKs/current/sdk-core/pebble/chalk/lib/libpebble.a(tmpvl4HRLpebble.o)
                0x0000000000004644                gpoint_from_polar
 .text.graphics_draw_arc
                0x0000000000004650        0xc /Users/eliyazdi/Library/Application Support/Pebble SDK/SDKs/current/sdk-core/pebble/chalk/lib/libpebble.a(tmpvl4HRLpebble.o)
                0x0000000000004650                graphics_draw_arc
 .text.graphics_fill_radial
                0x000000000000465c        0xc /Users/eliyazdi/Library/Application Support/Pebble SDK/SDKs/current/sdk-core/pebble/chalk/lib/libpebble.a(tmpvl4HRLpebble.o)
                0x000000000000465c                graphics_fill_radial
 .text.graphics_text_attributes_create
                0x0000000000004668        0xc /Users/eliyazdi/Library/Application Support/Pebble SDK/SDKs/current/sdk-core/pebble/chalk/lib/libpebble.a(tmpvl4HRLpebble.o)
                0x0000000000004668                graphics_text_attributes_create
 .text.graphics_text_attributes_destroy
                0x0000000000004674        0xc /Users/eliyazdi/Library/Application Support/Pebble SDK/SDKs/current/sdk-core/pebble/chalk/lib/libpebble.a(tmpvl4HRLpebble.o)
                0x0000000000004674                graphics_text_attributes_destroy
 .text.graphics_text_attributes_enable_paging
                0x0000000000004680        0xc /Users/eliyazdi/Library/Application Support/Pebble SDK/SDKs/current/sdk-core/pebble/chalk/lib/libpebble.a(tmpvl4HRLpebble.o)
                0x0000000000004680                graphics_text_attributes_enable_paging
 .text.graphics_text_attributes_enable_screen_text_flow
                0x000000000000468c        0xc /Users/eliyazdi/Library/Application Support/Pebble SDK/SDKs/current/sdk-core/pebble/chalk/lib/libpebble.a(tmpvl4HRLpebble.o)
                0x000000000000468c                graphics_text_attributes_enable_screen_text_flow
 .text.graphics_text_layout_get_content_size_with_attributes
                0x0000000000004698        0xc /Users/eliyazdi/Library/Application Support/Pebble SDK/SDKs/current/sdk-core/pebble/chalk/lib/libpebble.a(tmpvl4HRLpebble.o)
                0x0000000000004698                graphics_text_layout_get_content_size_with_attributes
 .text.layer_convert_point_to_screen
                0x00000000000046a4        0xc /Users/eliyazdi/Library/Application Support/Pebble SDK/SDKs/current/sdk-core/pebble/chalk/lib/libpebble.a(tmpvl4HRLpebble.o)
                0x00000000000046a4                layer_convert_point_to_screen
 .text.layer_convert_rect_to_screen
                0x00000000000046b0        0xc /Users/eliyazdi/Library/Application Support/Pebble SDK/SDKs/current/sdk-core/pebble/chalk/lib/libpebble.a(tmpvl4HRLpebble.o)
                0x00000000000046b0                layer_convert_rect_to_screen
 .text.scroll_layer_set_paging
                0x00000000000046bc        0xc /Users/eliyazdi/Library/Application Support/Pebble SDK/SDKs/current/sdk-core/pebble/chalk/lib/libpebble.a(tmpvl4HRLpebble.o)
                0x00000000000046bc                scroll_layer_set_paging
 .text.menu_layer_is_index_selected
                0x00000000000046c8        0xc /Users/eliyazdi/Library/Application Support/Pebble SDK/SDKs/current/sdk-core/pebble/chalk/lib/libpebble.a(tmpvl4HRLpebble.o)
                0x00000000000046c8                menu_layer_is_index_selected
 *(.rodata)
 *(.rodata*)
 .rodata.str1.1
                0x00000000000046d4       0x1b src/simply/simply_menu.c.17.o
                                         0x1c (size before relaxing)
 *fill*         0x00000000000046ef        0x1 
 .rodata.segments.8286
                0x00000000000046f0       0x30 src/simply/simply_msg.c.17.o
 .rodata.segments.8289
                0x0000000000004720       0x28 src/simply/simply_msg.c.17.o
 .rodata.segments.8295
                0x0000000000004748       0x30 src/simply/simply_msg.c.17.o
 .rodata.segments.8298
                0x0000000000004778       0x30 src/simply/simply_msg.c.17.o
 .rodata.segments.8202
                0x00000000000047a8       0x18 src/simply/simply_msg.c.17.o
 .rodata.segments.8292
                0x00000000000047c0       0x30 src/simply/simply_msg.c.17.o
 .rodata.segments.8205
                0x00000000000047f0        0x8 src/simply/simply_msg.c.17.o
 .rodata.segments.8211
                0x00000000000047f8       0x18 src/simply/simply_msg.c.17.o
 .rodata.segments.8208
                0x0000000000004810       0x20 src/simply/simply_msg.c.17.o
 .rodata.segments.8214
                0x0000000000004830       0x20 src/simply/simply_msg.c.17.o
 .rodata.segments.8220
                0x0000000000004850       0x20 src/simply/simply_msg.c.17.o
 .rodata.segments.8217
                0x0000000000004870       0x10 src/simply/simply_msg.c.17.o
 .rodata.segments.8223
                0x000000000000          0x000000000000472c       0x20 src/simply/simply_msg.c.19.o
 .rodata.segments.8262
                0x000000000000474c       0x30 src/simply/simply_msg.c.19.o
 .rodata.segments.8190
                0x000000000000477c       0x20 src/simply/simply_msg.c.19.o
 .rodata.segments.8265
                0x000000000000479c       0x30 src/simply/simply_msg.c.19.o
 .rodata.segments.8259
                0x00000000000047cc       0x20 src/simply/simply_msg.c.19.o
 .rodata.segments.8271
                0x00000000000047ec       0x30 src/simply/simply_msg.c.19.o
 .rodata.segments.8268
                0x000000000000481c       0x30 src/simply/simply_msg.c.19.o
 .rodata.segments.8193
                0x000000000000484c       0x18 src/simply/simply_msg.c.19.o
 .rodata.segments.8274
                0x0000000000004864       0x20 src/simply/simply_msg.c.19.o
 .rodata.segments.8280
                0x0000000000004884       0x28 src/simply/simply_msg.c.19.o
 .rodata.segments.8277
                0x00000000000048ac       0x30 src/simply/simply_msg.c.19.o
 .rodata.segments.8283
                0x00000000000048dc       0x30 src/simply/simply_msg.c.19.o
 .rodata.str1.1
                0x000000000000490c       0x16 src/simply/simply_stage.c.19.o
 .rodata.str1.1
                0x0000000000004922       0x7d src/simply/simply_ui.c.19.o

.glue_7         0x00000000000049a0        0x0
 .glue_7        0x0000000000000000        0x0 linker stubs

.glue_7t        0x00000000000049a0        0x0
 .glue_7t       0x0000000000000000        0x0 linker stubs

.vfp11_veneer   0x00000000000049a0        0x0
 .vfp11_veneer  0x0000000000000000        0x0 linker stubs

.v4_bx          0x00000000000049a0        0x0
 .v4_bx         0x0000000000000000        0x0 linker stubs

.iplt           0x00000000000049a0        0x0
 .iplt          0x0000000000000000        0x0 /usr/local/Cellar/pebble-toolchain/2.0/arm-cs-tools/bin/../lib/gcc/arm-none-eabi/4.7.2/thumb2/crtbegin.o

.rel.dyn        0x00000000000049a0        0x0
 .rel.iplt      0x0000000000000000        0x0 /usr/local/Cellar/pebble-toolchain/2.0/arm-cs-tools/bin/../lib/gcc/arm-none-eabi/4.7.2/thumb2/crtbegin.o

.ARM.exidx      0x00000000000049a0        0x8
 .ARM.exidx     0x00000000000049a0        0x8 /usr/local/Cellar/pebble-toolchain/2.0/arm-cs-tools/bin/../lib/gcc/arm-none-eabi/4.7.2/thumb2/libgcc.a(_divdi3.o)
 .ARM.exidx     0x00000000000049a8        0x0 /usr/local/Cellar/pebble-toolchain/2.0/arm-cs-tools/bin/../lib/gcc/arm-none-eabi/4.7.2/thumb2/libgcc.a(_udivdi3.o)
                                          0x8 (size before relaxing)

.data           0x00000000000049a8      0x1e6
 *(.data)
 .data          0x00000000000049a8        0x0 /usr/local/Cellar/pebble-toolchain/2.0/arm-cs-tools/bin/../lib/gcc/arm-none-eabi/4.7.2/thumb2/crti.o
 .data          0x00000000000049a8        0x4 /usr/local/Cellar/pebble-toolchain/2.0/arm-cs-tools/bin/../lib/gcc/arm-none-eabi/4.7.2/thumb2/crtbegin.o
                0x00000000000049a8                __dso_handle
 .data          0x00000000000049ac        0x0 src/main.c.19.o
 .data          0x00000000000049ac        0x0 src/simply/simply.c.19.o
 .data          0x00000000000049ac        0x0 src/simply/simply_accel.c.19.o
 .data          0x00000000000049ac        0x0 src/simply/simply_menu.c.19.o
 .data          0x00000000000049ac      0x138 src/simply/simply_msg.c.19.o
 .data          0x0000000000004ae4        0x0 src/simply/simply_res.c.19.o
 .data          0x0000000000004ae4        0x0 src/simply/simply_splash.c.19.o
 .data          0x0000000000004ae4        0x0 src/simply/simply_stage.c.19.o
 .data          0x0000000000004ae4        0x0 src/simply/simply_ui.c.19.o
 .data          0x0000000000004ae4        0x0 src/simply/simply_voice.c.19.o
 .data          0x0000000000004ae4        0x0 src/simply/simply_wakeup.c.19.o
 .data          0x0000000000004ae4        0x0 src/simply/simply_window.c.19.o
 .data          0x0000000000004ae4        0x0 src/simply/simply_window_stack.c.19.o
 .data          0x0000000000004ae4        0x0 aplite/appinfo.auto.c.19.o
 .data          0x0000000000004ae4        0x0 /Users/eliyazdi/Library/Application Support/Pebble SDK/SDKs/current/sdk-core/pebble/aplite/lib/libpebble.a(tmpeWFBzLpebble.o)
 .data          0x0000000000004ae4        0x0 /usr/local/Cellar/pebble-toolchain/2.0/arm-cs-tools/bin/../lib/gcc/arm-none-eabi/4.7.2/thumb2/libgcc.a(_aeabi_ldivmod.o)
 .data          0x0000000000004ae4        0x0 /usr/local/Cellar/pebble-toolchain/2.0/arm-cs-tools/bin/../lib/gcc/arm-none-eabi/4.7.2/thumb2/libgcc.a(bpabi.o)
 .data          0x0000000000004ae4        0x0 /usr/local/Cellar/pebble-toolchain/2.0/arm-cs-tools/bin/../lib/gcc/arm-none-eabi/4.7.2/thumb2/libgcc.a(_dvmd_tls.o)
 .data          0x0000000000004ae4        0x0 /usr/local/Cellar/pebble-toolchain/2.0/arm-cs-tools/bin/../lib/gcc/arm-none-eabi/4.7.2/thumb2/libgcc.a(_divdi3.o)
 .data          0x0000000000004ae4        0x0 /usr/local/Cellar/pebble-toolchain/2.0/arm-cs-tools/bin/../lib/gcc/arm-none-eabi/4.7.2/thumb2/libgcc.a(_udivdi3.o)
 .data          0x0000000000004ae4        0x0 /usr/local/Cellar/pebble-toolchain/2.0/arm-cs-tools/bin/../lib/gcc/arm-none-eabi/4.7.2/thumb2/libgcc.a(_udivsi3.o)
 .data          0x0000000000004ae4        0x0 /usr/local/Cellar/pebble-toolchain/2.0/arm-cs-tools/bin/../lib/gcc/arm-none-eabi/4.7.2/thumb2/crtend.o
 .data          0x0000000000004ae4        0x0 /usr/local/Cellar/pebble-toolchain/2.0/arm-cs-tools/bin/../lib/gcc/arm-none-eabi/4.7.2/thumb2/crtn.o
 *(.data.*)
 .data.rel.ro.local.s_window_handlers.8292
                0x0000000000004ae4       0x10 src/simply/simply_menu.c.19.o
 .data.s_normal_palette
                0x0000000000004af4        0x2 src/simply/simply_menu.c.19.o
 .data.s_inverted_palette
                0x0000000000004af6        0x2 src/simply/simply_menu.c.19.o
 .data.rel.ro.local.s_window_handlers.8377
                0x0000000000004af8       0x10 src/simply/simply_stage.c.19.o
 .data.rel.ro.implementation.8244
                0x0000000000004b08       0x14 src/simply/simply_stage.c.19.o
 .data.rel.ro.local.s_window_handlers.8073
                0x0000000000004b1c       0x10 src/simply/simply_ui.c.19.o
 .data.rel.ro.local.STYLES
                0x0000000000004b2c       0x5f src/simply/simply_ui.c.19.o
 .data.s_button_palette
                0x0000000000004b8b        0x2 src/simply/simply_window.c.19.o
 .data.s_broadcast_window
                0x0000000000004b8d        0x1 src/simply/simply_window_stack.c.19.o

.igot.plt       0x0000000000004b90        0x0
 .igot.plt      0x0000000000000000        0x0 /usr/local/Cellar/pebble-toolchain/2.0/arm-cs-tools/bin/../lib/gcc/arm-none-eabi/4.7.2/thumb2/crtbegin.o

.bss            0x0000000000004b90      0x114
 *(.bss)
 *(.bss.*)
 .bss.s_accel   0x0000000000004b90        0x4 src/simply/simply_accel.c.19.o
 .bss.s_provider.7868
                0x0000000000004b94        0x4 src/simply/simply_menu.c.19.o
 .bss.s_has_communicated
                0x0000000000004b98        0x1 src/simply/simply_msg.c.19.o
 *fill*         0x0000000000004b99        0x3 
 .bss.s_msg     0x0000000000004b9c        0x4 src/simply/simply_msg.c.19.o
 .bss.time_text.8140
                0x0000000000004ba0      0x100 src/simply/simply_stage.c.19.o
 .bss.s_provider.7864
                0x0000000000004ca0        0x4 src/simply/simply_window.c.19.o

DISCARD
 libc.a(*)
 libm.a(*)
 libgcc.a(*)
 *(.eh_frame)
OUTPUT(/Users/eliyazdi/BuzzVoice/build/aplite/pebble-app.elf elf32-littlearm)

.ARM.attributes
                0x0000000000000000       0x27
 .ARM.attributes
                0x0000000000000000       0x19 /usr/local/Cellar/pebble-toolchain/2.0/arm-cs-tools/bin/../lib/gcc/arm-none-eabi/4.7.2/thumb2/crti.o
 .ARM.attributes
                0x0000000000000019       0x29 /usr/local/Cellar/pebble-toolchain/2.0/arm-cs-tools/bin/../lib/gcc/arm-none-eabi/4.7.2/thumb2/crtbegin.o
 .ARM.attributes
                0x0000000000000042       0x33 src/main.c.19.o
 .ARM.attributes
                0x0000000000000075       0x33 src/simply/simply.c.19.o
 .ARM.attributes
                0x00000000000000a8       0x33 src/simply/simply_accel.c.19.o
 .ARM.attributes
                0x00000000000000db       0x33 src/simply/simply_menu.c.19.o
 .ARM.attributes
                0x000000000000010e       0x33 src/simply/simply_msg.c.19.o
 .ARM.attributes
                0x0000000000000141       0x33 src/simply/simply_res.c.19.o
 .ARM.attributes
                0x0000000000000174       0x33 src/simply/simply_splash.c.19.o
 .ARM.attributes
                0x00000000000001a7       0x33 src/simply/simply_stage.c.19.o
 .ARM.attributes
                0x00000000000001da       0x33 src/simply/simply_ui.c.19.o
 .ARM.attributes
                0x000000000000020d       0x33 src/simply/simply_voice.c.19.o
 .ARM.attributes
                0x0000000000000240       0x33 src/simply/simply_wakeup.c.19.o
 .ARM.attributes
                0x0000000000000273       0x33 src/simply/simply_window.c.19.o
 .ARM.attributes
                0x00000000000002a6       0x33 src/simply/simply_window_stack.c.19.o
 .ARM.attributes
                0x00000000000002d9       0x33 aplite/appinfo.auto.c.19.o
 .ARM.attributes
                0x000000000000030c       0x21 /Users/eliyazdi/Library/Application Support/Pebble SDK/SDKs/current/sdk-core/pebble/aplite/lib/libpebble.a(tmpeWFBzLpebble.o)
 .ARM.attributes
                0x000000000000032d       0x19 /usr/local/Cellar/pebble-toolchain/2.0/arm-cs-tools/bin/../lib/gcc/arm-none-eabi/4.7.2/thumb2/libgcc.a(_aeabi_ldivmod.o)
 .ARM.attributes
                0x0000000000000346       0x29 /usr/local/Cellar/pebble-toolchain/2.0/arm-cs-tools/bin/../lib/gcc/arm-none-eabi/4.7.2/thumb2/libgcc.a(bpabi.o)
 .ARM.attributes
                0x000000000000036f       0x19 /usr/local/Cellar/pebble-toolchain/2.0/arm-cs-tools/bin/../lib/gcc/arm-none-eabi/4.7.2/thumb2/libgcc.a(_dvmd_tls.o)
 .ARM.attributes
                0x0000000000000388       0x29 /usr/local/Cellar/pebble-toolchain/2.0/arm-cs-tools/bin/../lib/gcc/arm-none-eabi/4.7.2/thumb2/libgcc.a(_divdi3.o)
 .ARM.attributes
                0x00000000000003b1       0x29 /usr/local/Cellar/pebble-toolchain/2.0/arm-cs-tools/bin/../lib/gcc/arm-none-eabi/4.7.2/thumb2/libgcc.a(_udivdi3.o)
 .ARM.attributes
                0x00000000000003da       0x19 /usr/local/Cellar/pebble-toolchain/2.0/arm-cs-tools/bin/../lib/gcc/arm-none-eabi/4.7.2/thumb2/libgcc.a(_udivsi3.o)
 .ARM.attributes
                0x00000000000003f3       0x29 /usr/local/Cellar/pebble-toolchain/2.0/arm-cs-tools/bin/../lib/gcc/arm-none-eabi/4.7.2/thumb2/crtend.o
 .ARM.attributes
                0x000000000000041c       0x19 /usr/local/Cellar/pebble-toolchain/2.0/arm-cs-tools/bin/../lib/gcc/arm-none-eabi/4.7.2/thumb2/crtn.o

.comment        0x0000000000000000       0x4e
 .comment       0x0000000000000000       0x4e /usr/local/Cellar/pebble-toolchain/2.0/arm-cs-tools/bin/../lib/gcc/arm-none-eabi/4.7.2/thumb2/crtbegin.o
                                         0x4f (size before relaxing)
 .comment       0x0000000000000000       0x4f src/main.c.19.o
 .comment       0x0000000000000000       0x4f src/simply/simply.c.19.o
 .comment       0x0000000000000000       0x4f src/simply/simply_accel.c.19.o
 .comment       0x0000000000000000       0x4f src/simply/simply_menu.c.19.o
 .comment       0x0000000000000000       0x4f src/simply/simply_msg.c.19.o
 .comment       0x0000000000000000       0x4f src/simply/simply_res.c.19.o
 .comment       0x0000000000000000       0x4f src/simply/simply_splash.c.19.o
 .comment       0x0000000000000000       0x4f src/simply/simply_stage.c.19.o
 .comment       0x0000000000000000       0x4f src/simply/simply_ui.c.19.o
 .comment       0x0000000000000000       0x4f src/simply/simply_voice.c.19.o
 .comment       0x0000000000000000       0x4f src/simply/simply_wakeup.c.19.o
 .comment       0x0000000000000000       0x4f src/simply/simply_window.c.19.o
 .comment       0x0000000000000000       0x4f src/simply/simply_window_stack.c.19.o
 .comment       0x0000000000000000       0x4f aplite/appinfo.auto.c.19.o
 .comment       0x0000000000000000       0x4f /usr/local/Cellar/pebble-toolchain/2.0/arm-cs-tools/bin/../lib/gcc/arm-none-eabi/4.7.2/thumb2/libgcc.a(bpabi.o)
 .comment       0x0000000000000000       0x4f /usr/local/Cellar/pebble-toolchain/2.0/arm-cs-tools/bin/../lib/gcc/arm-none-eabi/4.7.2/thumb2/libgcc.a(_divdi3.o)
 .comment       0x0000000000000000       0x4f /usr/local/Cellar/pebble-toolchain/2.0/arm-cs-tools/bin/../lib/gcc/arm-none-eabi/4.7.2/thumb2/libgcc.a(_udivdi3.o)
 .comment       0x0000000000000000       0x4f /usr/local/Cellar/pebble-toolchain/2.0/arm-cs-tools/bin/../lib/gcc/arm-none-eabi/4.7.2/thumb2/crtend.o

.debug_info     0x0000000000000000    0x16e42
 .debug_info    0x0000000000000000      0x256 src/main.c.19.o
 .debug_info    0x0000000000000256      0xcab src/simply/simply.c.19.o
 .debug_info    0x0000000000000f01      0xd7c src/simply/simply_accel.c.19.o
 .debug_info    0x0000000000001c7d     0x40c9 src/simply/simply_menu.c.19.o
 .debug_info    0x0000000000005d46     0x31d6 src/simply/simply_msg.c.19.o
 .debug_info    0x0000000000008f1c     0x13d4 src/simply/simply_res.c.19.o
 .debug_info    0x000000000000a2f0      0x8e8 src/simply/simply_splash.c.19.o
 .debug_info    0x000000000000abd8     0x46fb src/simply/simply_stage.c.19.o
 .debug_info    0x000000000000f2d3     0x263d src/simply/simply_ui.c.19.o
 .debug_info    0x0000000000011910       0x80 src/simply/simply_voice.c.19.o
 .debug_info    0x0000000000011990      0xba7 src/simply/simply_wakeup.c.19.o
 .debug_info    0x0000000000012537     0x2539 src/simply/simply_window.c.19.o
 .debug_info    0x0000000000014a70     0x1040 src/simply/simply_window_stack.c.19.o
 .debug_info    0x0000000000015ab0      0x319 aplite/appinfo.auto.c.19.o
 .debug_info    0x0000000000015dc9       0xb4 /usr/local/Cellar/pebble-toolchain/2.0/arm-cs-tools/bin/../lib/gcc/arm-none-eabi/4.7.2/thumb2/libgcc.a(_aeabi_ldivmod.o)
 .debug_info    0x0000000000015e7d      0x174 /usr/local/Cellar/pebble-toolchain/2.0/arm-cs-tools/bin/../lib/gcc/arm-none-eabi/4.7.2/thumb2/libgcc.a(bpabi.o)
 .debug_info    0x0000000000015ff1       0xb8 /usr/local/Cellar/pebble-toolchain/2.0/arm-cs-tools/bin/../lib/gcc/arm-none-eabi/4.7.2/thumb2/libgcc.a(_dvmd_tls.o)
 .debug_info    0x00000000000160a9      0x68f /usr/local/Cellar/pebble-toolchain/2.0/arm-cs-tools/bin/../lib/gcc/arm-none-eabi/4.7.2/thumb2/libgcc.a(_divdi3.o)
 .debug_info    0x0000000000016738      0x652 /usr/local/Cellar/pebble-toolchain/2.0/arm-cs-tools/bin/../lib/gcc/arm-none-eabi/4.7.2/thumb2/libgcc.a(_udivdi3.o)
 .debug_info    0x0000000000016d8a       0xb8 /usr/local/Cellar/pebble-toolchain/2.0/arm-cs-tools/bin/../lib/gcc/arm-none-eabi/4.7.2/thumb2/libgcc.a(_udivsi3.o)

.debug_abbrev   0x0000000000000000     0x34cf
 .debug_abbrev  0x0000000000000000      0x14d src/main.c.19.o
 .debug_abbrev  0x000000000000014d      0x28b src/simply/simply.c.19.o
 .debug_abbrev  0x00000000000003d8      0x354 src/simply/simply_accel.c.19.o
 .debug_abbrev  0x000000000000072c      0x5ef src/simply/simply_menu.c.19.o
 .debug_abbrev  0x0000000000000d1b      0x591 src/simply/simply_msg.c.19.o
 .debug_abbrev  0x00000000000012ac      0x449 src/simply/simply_res.c.19.o
 .debug_abbrev  0x00000000000016f5      0x2ca src/simply/simply_splash.c.19.o
 .debug_abbrev  0x00000000000019bf      0x5c4 src/simply/simply_stage.c.19.o
 .debug_abbrev  0x0000000000001f83      0x52a src/simply/simply_ui.c.19.o
 .debug_abbrev  0x00000000000024ad       0x26 src/simply/simply_voice.c.19.o
 .debug_abbrev  0x00000000000024d3      0x30b src/simply/simply_wakeup.c.19.o
 .debug_abbrev  0x00000000000027de      0x4e2 src/simply/simply_window.c.19.o
 .debug_abbrev  0x0000000000002cc0      0x3e2 src/simply/simply_window_stack.c.19.o
 .debug_abbrev  0x00000000000030a2       0x9e aplite/appinfo.auto.c.19.o
 .debug_abbrev  0x0000000000003140       0x14 /usr/local/Cellar/pebble-toolchain/2.0/arm-cs-tools/bin/../lib/gcc/arm-none-eabi/4.7.2/thumb2/libgcc.a(_aeabi_ldivmod.o)
 .debug_abbrev  0x0000000000003154       0xb7 /usr/local/Cellar/pebble-toolchain/2.0/arm-cs-tools/bin/../lib/gcc/arm-none-eabi/4.7.2/thumb2/libgcc.a(bpabi.o)
 .debug_abbrev  0x000000000000320b       0x14 /usr/local/Cellar/pebble-toolchain/2.0/arm-cs-tools/bin/../lib/gcc/arm-none-eabi/4.7.2/thumb2/libgcc.a(_dvmd_tls.o)
 .debug_abbrev  0x000000000000321f      0x151 /usr/local/Cellar/pebble-toolchain/2.0/arm-cs-tools/bin/../lib/gcc/arm-none-eabi/4.7.2/thumb2/libgcc.a(_divdi3.o)
 .debug_abbrev  0x0000000000003370      0x14b /usr/local/Cellar/pebble-toolchain/2.0/arm-cs-tools/bin/../lib/gcc/arm-none-eabi/4.7.2/thumb2/libgcc.a(_udivdi3.o)
 .debug_abbrev  0x00000000000034bb       0x14 /usr/local/Cellar/pebble-toolchain/2.0/arm-cs-tools/bin/../lib/gcc/arm-none-eabi/4.7.2/thumb2/libgcc.a(_udivsi3.o)

.debug_loc      0x0000000000000000     0x9e99
 .debug_loc     0x0000000000000000       0x3e src/main.c.19.o
 .debug_loc     0x000000000000003e       0x7c src/simply/simply.c.19.o
 .debug_loc     0x00000000000000ba      0x4dc src/simply/simply_accel.c.19.o
 .debug_loc     0x0000000000000596     0x1dff src/simply/simply_menu.c.19.o
 .debug_loc     0x0000000000002395      0xbba src/simply/simply_msg.c.19.o
 .debug_loc     0x0000000000002f4f      0xccb src/simply/simply_res.c.19.o
 .debug_loc     0x0000000000003c1a      0x1ec src/simply/simply_splash.c.19.o
 .debug_loc     0x0000000000003e06     0x18a8 src/simply/simply_stage.c.19.o
 .debug_loc     0x00000000000056ae     0x118f src/simply/simply_ui.c.19.o
 .debug_loc     0x000000000000683d      0x340 src/simply/simply_wakeup.c.19.o
 .debug_loc     0x0000000000006b7d      0xd6f src/simply/simply_window.c.19.o
 .debug_loc     0x00000000000078ec      0x6aa src/simply/simply_window_stack.c.19.o
 .debug_loc     0x0000000000007f96       0xe0 /usr/local/Cellar/pebble-toolchain/2.0/arm-cs-tools/bin/../lib/gcc/arm-none-eabi/4.7.2/thumb2/libgcc.a(bpabi.o)