Archive member included because of file (symbol)

/Users/eliyazdi/Library/Application Support/Pebble SDK/SDKs/current/sdk-core/pebble/chalk/lib/libpebble.a(tmpvl4HRLpebble.o)
                              src/simply/simply_accel.c.17.o (accel_data_service_unsubscribe)
/usr/local/Cellar/pebble-toolchain/2.0/arm-cs-tools/bin/../lib/gcc/arm-none-eabi/4.7.2/thumb2/libgcc.a(_aeabi_ldivmod.o)
                              src/simply/simply_menu.c.17.o (__aeabi_ldivmod)
/usr/local/Cellar/pebble-toolchain/2.0/arm-cs-tools/bin/../lib/gcc/arm-none-eabi/4.7.2/thumb2/libgcc.a(bpabi.o)
                              /usr/local/Cellar/pebble-toolchain/2.0/arm-cs-tools/bin/../lib/gcc/arm-none-eabi/4.7.2/thumb2/libgcc.a(_aeabi_ldivmod.o) (__gnu_ldivmod_helper)
/usr/local/Cellar/pebble-toolchain/2.0/arm-cs-tools/bin/../lib/gcc/arm-none-eabi/4.7.2/thumb2/libgcc.a(_dvmd_tls.o)
                              /usr/local/Cellar/pebble-toolchain/2.0/arm-cs-tools/bin/../lib/gcc/arm-none-eabi/4.7.2/thumb2/libgcc.a(_aeabi_ldivmod.o) (__aeabi_ldiv0)
/usr/local/Cellar/pebble-toolchain/2.0/arm-cs-tools/bin/../lib/gcc/arm-none-eabi/4.7.2/thumb2/libgcc.a(_divdi3.o)
                              /usr/local/Cellar/pebble-toolchain/2.0/arm-cs-tools/bin/../lib/gcc/arm-none-eabi/4.7.2/thumb2/libgcc.a(bpabi.o) (__divdi3)
/usr/local/Cellar/pebble-toolchain/2.0/arm-cs-tools/bin/../lib/gcc/arm-none-eabi/4.7.2/thumb2/libgcc.a(_udivdi3.o)
                              /usr/local/Cellar/pebble-toolchain/2.0/arm-cs-tools/bin/../lib/gcc/arm-none-eabi/4.7.2/thumb2/libgcc.a(bpabi.o) (__udivdi3)
/usr/local/Cellar/pebble-toolchain/2.0/arm-cs-tools/bin/../lib/gcc/arm-none-eabi/4.7.2/thumb2/libgcc.a(_udivsi3.o)
                              /usr/local/Cellar/pebble-toolchain/2.0/arm-cs-tools/bin/../lib/gcc/arm-none-eabi/4.7.2/thumb2/libgcc.a(_divdi3.o) (__aeabi_uidiv)

Discarded input sections

 .text          0x0000000000000000        0x0 /usr/local/Cellar/pebble-toolchain/2.0/arm-cs-tools/bin/../lib/gcc/arm-none-eabi/4.7.2/thumb2/crti.o
 .bss           0x0000000000000000        0x0 /usr/local/Cellar/pebble-toolchain/2.0/arm-cs-tools/bin/../lib/gcc/arm-none-eabi/4.7.2/thumb2/crti.o
 .init          0x0000000000000000        0x4 /usr/local/Cellar/pebble-toolchain/2.0/arm-cs-tools/bin/../lib/gcc/arm-none-eabi/4.7.2/thumb2/crti.o
 .fini          0x0000000000000000        0x4 /usr/local/Cellar/pebble-toolchain/2.0/arm-cs-tools/bin/../lib/gcc/arm-none-eabi/4.7.2/thumb2/crti.o
 .text          0x0000000000000000       0xc8 /usr/local/Cellar/pebble-toolchain/2.0/arm-cs-tools/bin/../lib/gcc/arm-none-eabi/4.7.2/thumb2/crtbegin.o
 .bss           0x0000000000000000       0x1c /usr/local/Cellar/pebble-toolchain/2.0/arm-cs-tools/bin/../lib/gcc/arm-none-eabi/4.7.2/thumb2/crtbegin.o
 .init_array    0x0000000000000000        0x4 /usr/local/Cellar/pebble-toolchain/2.0/arm-cs-tools/bin/../lib/gcc/arm-none-eabi/4.7.2/thumb2/crtbegin.o
 .fini_array    0x0000000000000000        0x4 /usr/local/Cellar/pebble-toolchain/2.0/arm-cs-tools/bin/../lib/gcc/arm-none-eabi/4.7.2/thumb2/crtbegin.o
 .eh_frame      0x0000000000000000        0x0 /usr/local/Cellar/pebble-toolchain/2.0/arm-cs-tools/bin/../lib/gcc/arm-none-eabi/4.7.2/thumb2/crtbegin.o
 .jcr           0x0000000000000000        0x0 /usr/local/Cellar/pebble-toolchain/2.0/arm-cs-tools/bin/../lib/gcc/arm-none-eabi/4.7.2/thumb2/crtbegin.o
 .tm_clone_table
                0x0000000000000000        0x0 /usr/local/Cellar/pebble-toolchain/2.0/arm-cs-tools/bin/../lib/gcc/arm-none-eabi/4.7.2/thumb2/crtbegin.o
 .text          0x0000000000000000        0x0 src/main.c.17.o
 .bss           0x0000000000000000        0x0 src/main.c.17.o
 .text          0x0000000000000000        0x0 src/simply/simply.c.17.o
 .bss           0x0000000000000000        0x0 src/simply/simply.c.17.o
 .text          0x0000000000000000        0x0 src/simply/simply_accel.c.17.o
 .bss           0x0000000000000000        0x0 src/simply/simply_accel.c.17.o
 .text          0x0000000000000000        0x0 src/simply/simply_menu.c.17.o
 .bss           0x0000000000000000        0x0 src/simply/simply_menu.c.17.o
 .text          0x0000000000000000        0x0 src/simply/simply_msg.c.17.o
 .bss           0x0000000000000000        0x0 src/simply/simply_msg.c.17.o
 .text          0x0000000000000000        0x0 src/simply/simply_res.c.17.o
 .bss           0x0000000000000000        0x0 src/simply/simply_res.c.17.o
 .text.id_filter
                0x0000000000000000        0xa src/simply/simply_res.c.17.o
 .text.simply_res_remove_image
                0x0000000000000000       0x18 src/simply/simply_res.c.17.o
 .text          0x0000000000000000        0x0 src/simply/simply_splash.c.17.o
 .bss           0x0000000000000000        0x0 src/simply/simply_splash.c.17.o
 .text          0x0000000000000000        0x0 src/simply/simply_stage.c.17.o
 .bss           0x0000000000000000        0x0 src/simply/simply_stage.c.17.o
 .text.id_filter
[...]
Memory Configuration

Name             Origin             Length             Attributes
APP              0x0000000000000000 0x0000000000010000 xrw
*default*        0x0000000000000000 0xffffffffffffffff

Linker script and memory map

LOAD /usr/local/Cellar/pebble-toolchain/2.0/arm-cs-tools/bin/../lib/gcc/arm-none-eabi/4.7.2/thumb2/crti.o
LOAD /usr/local/Cellar/pebble-toolchain/2.0/arm-cs-tools/bin/../lib/gcc/arm-none-eabi/4.7.2/thumb2/crtbegin.o
LOAD src/main.c.17.o
LOAD src/simply/simply.c.17.o
LOAD src/simply/simply_accel.c.17.o
LOAD src/simply/simply_menu.c.17.o
LOAD src/simply/simply_msg.c.17.o
LOAD src/simply/simply_res.c.17.o
LOAD src/simply/simply_splash.c.17.o
LOAD src/simply/simply_stage.c.17.o
LOAD src/simply/simply_ui.c.17.o
LOAD src/simply/simply_voice.c.17.o
LOAD src/simply/simply_wakeup.c.17.o
LOAD src/simply/simply_window.c.17.o
LOAD src/simply/simply_window_stack.c.17.o
LOAD chalk/appinfo.auto.c.17.o
LOAD /Users/eliyazdi/Library/Application Support/Pebble SDK/SDKs/current/sdk-core/pebble/chalk/lib/libpebble.a
START GROUP
LOAD /usr/local/Cellar/pebble-toolchain/2.0/arm-cs-tools/bin/../lib/gcc/arm-none-eabi/4.7.2/thumb2/libgcc.a
LOAD /usr/local/Cellar/pebble-toolchain/2.0/arm-cs-tools/bin/../lib/gcc/arm-none-eabi/4.7.2/../../../../arm-none-eabi/lib/thumb2/libc.a
END GROUP
LOAD /usr/local/Cellar/pebble-toolchain/2.0/arm-cs-tools/bin/../lib/gcc/arm-none-eabi/4.7.2/thumb2/crtend.o
LOAD /usr/local/Cellar/pebble-toolchain/2.0/arm-cs-tools/bin/../lib/gcc/arm-none-eabi/4.7.2/thumb2/crtn.o

.header         0x0000000000000000       0x82
 *(.pbl_header)
 .pbl_header    0x0000000000000000       0x82 chalk/appinfo.auto.c.17.o
                0x0000000000000000                __pbl_app_info

.note.gnu.build-id
                0x0000000000000082       0x26
                0x0000000000000082                PROVIDE (BUILD_ID, .)
 *(.note.gnu.build-id)
 *fill*         0x0000000000000082        0x2 
 .note.gnu.build-id
                0x0000000000000084       0x24 linker stubs

.text           0x00000000000000a8     0x4c97
 *(.text)
 .text          0x00000000000000a8       0x14 /Users/eliyazdi/Library/Application Support/Pebble SDK/SDKs/current/sdk-core/pebble/chalk/lib/libpebble.a(tmpvl4HRLpebble.o)
 .text          0x00000000000000bc       0x38 /usr/local/Cellar/pebble-toolchain/2.0/arm-cs-tools/bin/../lib/gcc/arm-none-eabi/4.7.2/thumb2/libgcc.a(_aeabi_ldivmod.o)
                0x00000000000000bc                __aeabi_ldivmod
 .text          0x00000000000000f4       0x60 /usr/local/Cellar/pebble-toolchain/2.0/arm-cs-tools/bin/../lib/gcc/arm-none-eabi/4.7.2/thumb2/libgcc.a(bpabi.o)
                0x00000000000000f4                __gnu_ldivmod_helper
                0x0000000000000124                __gnu_uldivmod_helper
 .text          0x0000000000000154        0x4 /usr/local/Cellar/pebble-toolchain/2.0/arm-cs-tools/bin/../lib/gcc/arm-none-eabi/4.7.2/thumb2/libgcc.a(_dvmd_tls.o)
                0x0000000000000154                __aeabi_ldiv0
                0x0000000000000154                __aeabi_idiv0
 .text          0x0000000000000158      0x36c /usr/local/Cellar/pebble-toolchain/2.0/arm-cs-tools/bin/../lib/gcc/arm-none-eabi/4.7.2/thumb2/libgcc.a(_divdi3.o)
                0x0000000000000158                __divdi3
 .text          0x00000000000004c4      0x314 /usr/local/Cellar/pebble-toolchain/2.0/arm-cs-tools/bin/../lib/gcc/arm-none-eabi/4.7.2/thumb2/libgcc.a(_udivdi3.o)
                0x00000000000004c4                __udivdi3
 .text          0x00000000000007d8      0x278 /usr/local/Cellar/pebble-toolchain/2.0/arm-cs-tools/bin/../lib/gcc/arm-none-eabi/4.7.2/thumb2/libgcc.a(_udivsi3.o)
                0x00000000000007d8                __udivsi3
                0x00000000000007d8                __aeabi_uidiv
                0x0000000000000a34                __aeabi_uidivmod
 *(.text.*)
 .text.startup.main
                0x0000000000000a50       0x16 src/main.c.17.o
                0x0000000000000a50                main
 .text.simply_init
                0x0000000000000a66       0x64 src/simply/simply.c.17.o
                0x0000000000000a66                simply_init
 .text.simply_deinit
                0x0000000000000aca       0x3e src/simply/simply.c.17.o
                0x0000000000000aca                simply_deinit
 .text.handle_accel_tap
                0x0000000000000b08       0x1e src/simply/simply_accel.c.17.o
 .text.send_accel_data.isra.1
                0x0000000000000b26       0x4a src/simply/simply_accel.c.17.o
 .text.handle_accel_data
                0x0000000000000b70        0x6 src/simply/simply_accel.c.17.o
 *fill*         0x0000000000000b76        0x2 
 .text.accel_peek_timer_callback
                0x0000000000000b78       0x40 src/simply/simply_accel.c.17.o
 .text.simply_accel_handle_packet
                0x0000000000000bb8       0x6c src/simply/simply_accel.c.17.o
                0x0000000000000bb8                simply_accel_handle_packet
 .text.simply_accel_create
                0x0000000000000c24       0x38 src/simply/simply_accel.c.17.o
                0x0000000000000c24                simply_accel_create
 .text.simply_accel_destroy
                0x0000000000000c5c       0x20 src/simply/simply_accel.c.17.o
                0x0000000000000c5c                simply_accel_destroy
 .text.list1_remove
                0x0000000000000c7c       0x32 src/simply/simply_menu.c.17.o
 .text.prv_section_filter
                0x0000000000000cae        0xc src/simply/simply_menu.c.17.o
 .text.prv_item_filter
                0x0000000000000cba       0x1a src/simply/simply_menu.c.17.o
 .text.prv_request_item_filter
                0x0000000000000cd4        0xc src/simply/simply_menu.c.17.o
 .text.prv_menu_get_num_sections_callback
                0x0000000000000ce0        0x4 src/simply/simply_menu.c.17.o
 .text.prv_free_title
                0x0000000000000ce4       0x20 src/simply/simply_menu.c.17.o
 .text.prv_destroy_section
                0x0000000000000d04       0x20 src/simply/simply_menu.c.17.o
 .text.prv_destroy_item
                0x0000000000000d24       0x28 src/simply/simply_menu.c.17.o
 .text.prv_menu_window_unload
                0x0000000000000d4c       0x1c src/simply/simply_menu.c.17.o
 .text.prv_reload_data
                0x0000000000000d68        0xa src/simply/simply_menu.c.17.o
 .text.simply_menu_clear
                0x0000000000000d72       0x28 src/simply/simply_menu.c.17.o
 .text.prv_menu_window_disappear
                0x0000000000000d9a       0x22 src/simply/simply_menu.c.17.o
 .text.prv_menu_window_appear
                0x0000000000000dbc        0xe src/simply/simply_menu.c.17.o
 .text.prv_single_click_handler
                0x0000000000000dca       0x1a src/simply/simply_menu.c.17.o
 .text.gpoint_polar
                0x0000000000000de4       0x34 src/simply/simply_menu.c.17.o
 .text.prv_mark_dirty
                0x0000000000000e18       0x14 src/simply/simply_menu.c.17.o
 .text.prv_menu_get_cell_height_callback
                0x0000000000000e2c       0x10 src/simply/simply_menu.c.17.o
 .text.strdup2  0x0000000000000e3c       0x28 src/simply/simply_menu.c.17.o
 .text.prv_menu_window_load
                0x0000000000000e64       0xfc src/simply/simply_menu.c.17.o
 .text.list1_find_prev.constprop.9
                0x0000000000000f60       0x1c src/simply/simply_menu.c.17.o
 .text.prv_click_config_provider
                0x0000000000000f7c       0x24 src/simply/simply_menu.c.17.o
 .text.prv_add_item
                0x0000000000000fa0       0x58 src/simply/simply_menu.c.17.o
 .text.prv_get_menu_section
                0x0000000000000ff8       0x10 src/simply/simply_menu.c.17.o
 .text.prv_menu_get_num_rows_callback
                0x0000000000001008       0x12 src/simply/simply_menu.c.17.o
 *fill*         0x000000000000101a        0x2 
 .text.prv_menu_get_header_height_callback
                0x000000000000101c       0x24 src/simply/simply_menu.c.17.o
 .text.refresh_spinner_timer
                0x0000000000001040       0x2c src/simply/simply_menu.c.17.o
 .text.spinner_timer_callback
                0x000000000000106c       0x16 src/simply/simply_menu.c.17.o
 .text.prv_menu_select_long_click_callback
                0x0000000000001082       0x22 src/simply/simply_menu.c.17.o
 .text.prv_menu_select_click_callback
                0x00000000000010a4       0x22 src/simply/simply_menu.c.17.o
 *fill*         0x00000000000010c6        0x2 
 .text.prv_add_section
                0x00000000000010c8       0x50 src/simply/simply_menu.c.17.o
 .text.prv_request_menu_section.part.2
                0x0000000000001118       0x3e src/simply/simply_menu.c.17.o
 *fill*         0x0000000000001156        0x2 
 .text.prv_menu_draw_row_callback
                0x0000000000001158      0x274 src/simply/simply_menu.c.17.o
 .text.prv_menu_draw_header_callback
                0x00000000000013cc      0x11c src/simply/simply_menu.c.17.o
 .text.simply_menu_handle_packet
                0x00000000000014e8      0x1dc src/simply/simply_menu.c.17.o
                0x00000000000014e8                simply_menu_handle_packet
 .text.simply_menu_create
                0x00000000000016c4       0x40 src/simply/simply_menu.c.17.o
                0x00000000000016c4                simply_menu_create
 .text.simply_menu_destroy
                0x0000000000001704       0x16 src/simply/simply_menu.c.17.o
                0x0000000000001704                simply_menu_destroy
 .text.list1_remove
                0x000000000000171a       0x32 src/simply/simply_msg.c.17.o
 .text.dropped_callback
                0x000000000000174c        0x2 src/simply/simply_msg.c.17.o
 .text.sent_callback
                0x000000000000174e        0x2 src/simply/simply_msg.c.17.o
 .text.send_msg
                0x0000000000001750       0x30 src/simply/simply_msg.c.17.o
 .text.handle_vibe_packet.isra.1
                0x0000000000001780      0x3a8 src/simply/simply_msg.c.17.o
 .text.handle_packet
                0x0000000000001b28      0x17a src/simply/simply_msg.c.17.o
 *fill*         0x0000000000001ca2        0x2 
 .text.received_callback
                0x0000000000001ca4       0x38 src/simply/simply_msg.c.17.o
 .text.send_msg_retry
                0x0000000000001cdc       0xb8 src/simply/simply_msg.c.17.o
 .text.simply_msg_has_communicated
                0x0000000000001d94        0xc src/simply/simply_msg.c.17.o
                0x0000000000001d94                simply_msg_has_communicated
 .text.simply_msg_show_disconnected
                0x0000000000001da0       0x58 src/simply/simply_msg.c.17.o
                0x0000000000001da0                simply_msg_show_disconnected
 .text.failed_callback
                0x0000000000001df8       0x18 src/simply/simply_msg.c.17.o
 .text.simply_msg_create
                0x0000000000001e10       0x6c src/simply/simply_msg.c.17.o
                0x0000000000001e10                simply_msg_create
 .text.simply_msg_destroy
                0x0000000000001e7c       0x1c src/simply/simply_msg.c.17.o
                0x0000000000001e7c                simply_msg_destroy
 .text.simply_msg_send
                0x0000000000001e98        0x4 src/simply/simply_msg.c.17.o
                0x0000000000001e98                simply_msg_send
 .text.simply_msg_send_packet
                0x0000000000001e9c       0x84 src/simply/simply_msg.c.17.o
                0x0000000000001e9c                simply_msg_send_packet
 .text.list1_remove
                0x0000000000001f20       0x32 src/simply/simply_res.c.17.o
 .text.destroy_image
                0x0000000000001f52       0x22 src/simply/simply_res.c.17.o
 .text.malloc0  0x0000000000001f74       0x18 src/simply/simply_res.c.17.o
 .text.window_stack_schedule_top_window_render
                0x0000000000001f8c       0x12 src/simply/simply_res.c.17.o
 .text.setup_image
                0x0000000000001f9e       0x64 src/simply/simply_res.c.17.o
 .text.create_bitmap_with_png_data
                0x0000000000002002        0xc src/simply/simply_res.c.17.o
 .text.create_bitmap_with_id
                0x000000000000200e       0x12 src/simply/simply_res.c.17.o
 .text.simply_res_evict_image
                0x0000000000002020       0x1a src/simply/simply_res.c.17.o
                0x0000000000002020                simply_res_evict_image
 .text.create_image
                0x000000000000203a       0x48 src/simply/simply_res.c.17.o
 *fill*         0x0000000000002082        0x2 
 .text.simply_res_add_bundled_image
                0x0000000000002084       0x28 src/simply/simply_res.c.17.o
                0x0000000000002084                simply_res_add_bundled_image
 .text.simply_res_add_image
                0x00000000000020ac       0x64 src/simply/simply_res.c.17.o
                0x00000000000020ac                simply_res_add_image
 .text.simply_res_auto_image
                0x0000000000002110       0x42 src/simply/simply_res.c.17.o
                0x0000000000002110                simply_res_auto_image
 .text.simply_res_add_custom_font
                0x0000000000002152       0x40 src/simply/simply_res.c.17.o
                0x0000000000002152                simply_res_add_custom_font
 .text.simply_res_auto_font
                0x0000000000002192       0x2a src/simply/simply_res.c.17.o
                0x0000000000002192                simply_res_auto_font
 .text.simply_res_clear
                0x00000000000021bc       0x34 src/simply/simply_res.c.17.o
                0x00000000000021bc                simply_res_clear
 .text.simply_res_create
                0x00000000000021f0       0x2a src/simply/simply_res.c.17.o
                0x00000000000021f0                simply_res_create
 .text.simply_res_destroy
                0x000000000000221a       0x12 src/simply/simply_res.c.17.o
                0x000000000000221a                simply_res_destroy
 .text.window_load
                0x000000000000222c       0x12 src/simply/simply_splash.c.17.o
 .text.layer_update_callback
                0x000000000000223e       0x24 src/simply/simply_splash.c.17.o
                0x000000000000223e                layer_update_callback
 *fill*         0x0000000000002262        0x2 
 .text.simply_splash_create
                0x0000000000002264       0x78 src/simply/simply_splash.c.17.o
                0x0000000000002264                simply_splash_create
 .text.simply_splash_destroy
                0x00000000000022dc       0x20 src/simply/simply_splash.c.17.o
                0x00000000000022dc                simply_splash_destroy
 .text.window_disappear
                0x00000000000022fc       0x1a src/simply/simply_splash.c.17.o
 .text.list1_remove
                0x0000000000002316       0x32 src/simply/simply_stage.c.17.o
 .text.element_frame_getter
                0x0000000000002348       0x10 src/simply/simply_stage.c.17.o
 .text.window_unload
                0x0000000000002358       0x1e src/simply/simply_stage.c.17.o
 .text.destroy_animation
                0x0000000000002376       0x24 src/simply/simply_stage.c.17.o
 *fill*         0x000000000000239a        0x2 
 .text.simply_stage_update_ticker
                0x000000000000239c       0x2c src/simply/simply_stage.c.17.o
 .text.simply_stage_clear
                0x00000000000023c8       0x52 src/simply/simply_stage.c.17.o
 .text.window_disappear
                0x000000000000241a       0x22 src/simply/simply_stage.c.17.o
 .text.handle_tick
                0x000000000000243c       0x12 src/simply/simply_stage.c.17.o
 .text.simply_stage_update
                0x000000000000244e        0xa src/simply/simply_stage.c.17.o
 .text.window_appear
                0x0000000000002458       0x16 src/simply/simply_stage.c.17.o
 *fill*         0x000000000000246e        0x2 
 .text.window_load
                0x0000000000002470       0x58 src/simply/simply_stage.c.17.o
 .text.malloc0  0x00000000000024c8       0x18 src/simply/simply_stage.c.17.o
 .text.simply_stage_remove_element
                0x00000000000024e0       0x24 src/simply/simply_stage.c.17.o
 .text.rect_element_draw_background.isra.1.part.2
                0x0000000000002504       0x20 src/simply/simply_stage.c.17.o
 .text.rect_element_draw_border.isra.3.part.4
                0x0000000000002524       0x20 src/simply/simply_stage.c.17.o
 .text.simply_stage_set_element_frame.isra.10
                0x0000000000002544       0x32 src/simply/simply_stage.c.17.o
 .text.element_frame_setter
                0x0000000000002576       0x1e src/simply/simply_stage.c.17.o
 .text.prv_draw_line_polar.constprop.13
                0x0000000000002594       0x46 src/simply/simply_stage.c.17.o
 .text.rect_element_draw.isra.5
                0x00000000000025da       0x24 src/simply/simply_stage.c.17.o
 *fill*         0x00000000000025fe        0x2 
 .text.layer_update_callback
                0x0000000000002600      0x358 src/simply/simply_stage.c.17.o
 .text.simply_stage_auto_element
                0x0000000000002958       0x8c src/simply/simply_stage.c.17.o
 .text.animation_stopped
                0x00000000000029e4       0x34 src/simply/simply_stage.c.17.o
 .text.simply_stage_handle_packet
                0x0000000000002a18      0x2e0 src/simply/simply_stage.c.17.o
                0x0000000000002a18                simply_stage_handle_packet
 .text.simply_stage_create
                0x0000000000002cf8       0x38 src/simply/simply_stage.c.17.o
                0x0000000000002cf8                simply_stage_create
 .text.simply_stage_destroy
                0x0000000000002d30       0x16 src/simply/simply_stage.c.17.o
                0x0000000000002d30                simply_stage_destroy
 .text.window_unload
                0x0000000000002d46       0x1e src/simply/simply_ui.c.17.o
 .text.window_disappear
                0x0000000000002d64       0x1c src/simply/simply_ui.c.17.o
 .text.window_appear
                0x0000000000002d80        0xe src/simply/simply_ui.c.17.o
 .text.graphics_draw_bitmap_centered
                0x0000000000002d8e       0x62 src/simply/simply_ui.c.17.o
 .text.mark_dirty
                0x0000000000002df0        0xa src/simply/simply_ui.c.17.o
 .text.show_welcome_text
                0x0000000000002dfa       0x18 src/simply/simply_ui.c.17.o
 .text.graphics_text_attributes_enable_paging_on_layer.constprop.3
                0x0000000000002e12       0x58 src/simply/simply_ui.c.17.o
 *fill*         0x0000000000002e6a        0x2 
 .text.layer_update_callback
                0x0000000000002e6c      0x510 src/simply/simply_ui.c.17.o
 .text.simply_ui_set_style
                0x000000000000337c       0x3c src/simply/simply_ui.c.17.o
                0x000000000000337c                simply_ui_set_style
 .text.window_load
                0x00000000000033b8       0x60 src/simply/simply_ui.c.17.o
 .text.simply_ui_set_text
                0x0000000000003418       0x5c src/simply/simply_ui.c.17.o
                0x0000000000003418                simply_ui_set_text
 .text.simply_ui_set_text_color
                0x0000000000003474        0xc src/simply/simply_ui.c.17.o
                0x0000000000003474                simply_ui_set_text_color
 .text.simply_ui_clear
                0x0000000000003480       0x4a src/simply/simply_ui.c.17.o
                0x0000000000003480                simply_ui_clear
 .text.simply_ui_handle_packet
                0x00000000000034ca       0x70 src/simply/simply_ui.c.17.o
                0x00000000000034ca                simply_ui_handle_packet
 *fill*         0x000000000000353a        0x2 
 .text.simply_ui_create
                0x000000000000353c       0x48 src/simply/simply_ui.c.17.o
                0x000000000000353c                simply_ui_create
 .text.simply_ui_destroy
                0x0000000000003584       0x2a src/simply/simply_ui.c.17.o
                0x0000000000003584                simply_ui_destroy
 *fill*         0x00000000000035ae        0x2 
 .text.send_voice_data
                0x00000000000035b0       0x5c src/simply/simply_voice.c.17.o
 .text.dictation_session_callback
                0x000000000000360c       0x18 src/simply/simply_voice.c.17.o
 .text.timer_callback_start_dictation
                0x0000000000003624       0x10 src/simply/simply_voice.c.17.o
 .text.simply_voice_handle_packet
                0x0000000000003634       0x6c src/simply/simply_voice.c.17.o
                0x0000000000003634                simply_voice_handle_packet
 .text.simply_voice_create
                0x00000000000036a0       0x3c src/simply/simply_voice.c.17.o
                0x00000000000036a0                simply_voice_create
 .text.simply_voice_destroy
                0x00000000000036dc       0x18 src/simply/simply_voice.c.17.o
                0x00000000000036dc                simply_voice_destroy
 .text.simply_voice_dictation_in_progress
                0x00000000000036f4       0x10 src/simply/simply_voice.c.17.o
                0x00000000000036f4                simply_voice_dictation_in_progress
 .text.wakeup_handler
                0x0000000000003704       0x1c src/simply/simply_wakeup.c.17.o
 .text.wakeup_set_timer_callback
                0x0000000000003720       0x20 src/simply/simply_wakeup.c.17.o
 .text.simply_wakeup_handle_packet
                0x0000000000003740       0xac src/simply/simply_wakeup.c.17.o
                0x0000000000003740                simply_wakeup_handle_packet
 .text.simply_wakeup_init
                0x00000000000037ec        0xc src/simply/simply_wakeup.c.17.o
                0x00000000000037ec                simply_wakeup_init
 .text.prv_update_layer_placement
                0x00000000000037f8       0xb6 src/simply/simply_window.c.17.o
 .text.simply_window_single_click_handler
                0x00000000000038ae       0x5c src/simply/simply_window.c.17.o
                0x00000000000038ae                simply_window_single_click_handler
 *fill*         0x000000000000390a        0x2 
 .text.scroll_layer_set_click_config_provider_onto_window.constprop.5
                0x000000000000390c       0x30 src/simply/simply_window.c.17.o
 .text.click_config_provider
                0x000000000000393c       0x7c src/simply/simply_window.c.17.o
 .text.long_click_handler
                0x00000000000039b8       0x32 src/simply/simply_window.c.17.o
 .text.simply_window_set_scrollable
                0x00000000000039ea       0x60 src/simply/simply_window.c.17.o
                0x00000000000039ea                simply_window_set_scrollable
 .text.simply_window_set_status_bar
                0x0000000000003a4a       0x44 src/simply/simply_window.c.17.o
                0x0000000000003a4a                simply_window_set_status_bar
 .text.simply_window_set_background_color
                0x0000000000003a8e       0x26 src/simply/simply_window.c.17.o
                0x0000000000003a8e                simply_window_set_background_color
 .text.simply_window_set_status_bar_colors
                0x0000000000003ab4        0xa src/simply/simply_window.c.17.o
                0x0000000000003ab4                simply_window_set_status_bar_colors
 .text.simply_window_set_status_bar_separator_mode
                0x0000000000003abe        0xa src/simply/simply_window.c.17.o
                0x0000000000003abe                simply_window_set_status_bar_separator_mode
 .text.simply_window_set_action_bar
                0x0000000000003ac8       0x50 src/simply/simply_window.c.17.o
                0x0000000000003ac8                simply_window_set_action_bar
 .text.simply_window_set_action_bar_icon
                0x0000000000003b18       0x58 src/simply/simply_window.c.17.o
                0x0000000000003b18                simply_window_set_action_bar_icon
 .text.simply_window_set_action_bar_background_color
                0x0000000000003b70       0x38 src/simply/simply_window.c.17.o
                0x0000000000003b70                simply_window_set_action_bar_background_color
 .text.simply_window_action_bar_clear
                0x0000000000003ba8       0x2c src/simply/simply_window.c.17.o
                0x0000000000003ba8                simply_window_action_bar_clear
 .text.simply_window_preload
                0x0000000000003bd4       0x30 src/simply/simply_window.c.17.o
                0x0000000000003bd4                simply_window_preload
 .text.simply_window_load
                0x0000000000003c04       0x9c src/simply/simply_window.c.17.o
                0x0000000000003c04                simply_window_load
 .text.simply_window_appear
                0x0000000000003ca0       0x1c src/simply/simply_window.c.17.o
                0x0000000000003ca0                simply_window_appear
 .text.simply_window_disappear
                0x0000000000003cbc       0x28 src/simply/simply_window.c.17.o
                0x0000000000003cbc                simply_window_disappear
 .text.simply_window_unload
                0x0000000000003ce4       0x32 src/simply/simply_window.c.17.o
                0x0000000000003ce4                simply_window_unload
 .text.simply_window_handle_packet
                0x0000000000003d16       0xac src/simply/simply_window.c.17.o
                0x0000000000003d16                simply_window_handle_packet
 .text.simply_window_init
                0x0000000000003dc2       0x26 src/simply/simply_window.c.17.o
                0x0000000000003dc2                simply_window_init
 .text.simply_window_deinit
                0x0000000000003de8       0x12 src/simply/simply_window.c.17.o
                0x0000000000003de8                simply_window_deinit
 .text.show_window_sdk_3.isra.4
                0x0000000000003dfa       0x52 src/simply/simply_window_stack.c.17.o
 .text.simply_window_stack_set_broadcast
                0x0000000000003e4c       0x10 src/simply/simply_window_stack.c.17.o
                0x0000000000003e4c                simply_window_stack_set_broadcast
 .text.simply_window_stack_get_top_window
                0x0000000000003e5c       0x20 src/simply/simply_window_stack.c.17.o
                0x0000000000003e5c                simply_window_stack_get_top_window
 .text.simply_window_stack_show
                0x0000000000003e7c        0x4 src/simply/simply_window_stack.c.17.o
                0x0000000000003e7c                simply_window_stack_show
 .text.simply_window_stack_pop
                0x0000000000003e80       0x26 src/simply/simply_window_stack.c.17.o
                0x0000000000003e80                simply_window_stack_pop
 *fill*         0x0000000000003ea6        0x2 
 .text.simply_window_stack_send_show
                0x0000000000003ea8       0x30 src/simply/simply_window_stack.c.17.o
                0x0000000000003ea8                simply_window_stack_send_show
 .text.simply_window_stack_send_hide
                0x0000000000003ed8       0x30 src/simply/simply_window_stack.c.17.o
                0x0000000000003ed8                simply_window_stack_send_hide
 .text.simply_window_stack_back
                0x0000000000003f08       0x1a src/simply/simply_window_stack.c.17.o
                0x0000000000003f08                simply_window_stack_back
 .text.simply_window_stack_handle_packet
                0x0000000000003f22       0x4a src/simply/simply_window_stack.c.17.o
                0x0000000000003f22                simply_window_stack_handle_packet
 .text.simply_window_stack_create
                0x0000000000003f6c       0x12 src/simply/simply_window_stack.c.17.o
                0x0000000000003f6c                simply_window_stack_create
 .text.simply_window_stack_destroy
                0x0000000000003f7e        0x8 src/simply/simply_window_stack.c.17.o
                0x0000000000003f7e                simply_window_stack_destroy
 *fill*         0x0000000000003f86        0x2 
 .text.accel_data_service_unsubscribe
                0x0000000000003f88        0xc /Users/eliyazdi/Library/Application Support/Pebble SDK/SDKs/current/sdk-core/pebble/chalk/lib/libpebble.a(tmpvl4HRLpebble.o)
                0x0000000000003f88                accel_data_service_unsubscribe
 .text.accel_service_peek
                0x0000000000003f94        0xc /Users/eliyazdi/Library/Application Support/Pebble SDK/SDKs/current/sdk-core/pebble/chalk/lib/libpebble.a(tmpvl4HRLpebble.o)
                0x0000000000003f94                accel_service_peek
 .text.accel_service_set_sampling_rate
                0x0000000000003fa0        0xc /Users/eliyazdi/Library/Application Support/Pebble SDK/SDKs/current/sdk-core/pebble/chalk/lib/libpebble.a(tmpvl4HRLpebble.o)
                0x0000000000003fa0                accel_service_set_sampling_rate
 .text.accel_tap_service_subscribe
                0x0000000000003fac        0xc /Users/eliyazdi/Library/Application Support/Pebble SDK/SDKs/current/sdk-core/pebble/chalk/lib/libpebble.a(tmpvl4HRLpebble.o)
                0x0000000000003fac                accel_tap_service_subscribe
 .text.accel_tap_service_unsubscribe
                0x0000000000003fb8        0xc /Users/eliyazdi/Library/Application Support/Pebble SDK/SDKs/current/sdk-core/pebble/chalk/lib/libpebble.a(tmpvl4HRLpebble.o)
                0x0000000000003fb8                accel_tap_service_unsubscribe
 .text.app_event_loop
                0x0000000000003fc4        0xc /Users/eliyazdi/Library/Application Support/Pebble SDK/SDKs/current/sdk-core/pebble/chalk/lib/libpebble.a(tmpvl4HRLpebble.o)
                0x0000000000003fc4                app_event_loop
 .text.app_message_deregister_callbacks
                0x0000000000003fd0        0xc /Users/eliyazdi/Library/Application Support/Pebble SDK/SDKs/current/sdk-core/pebble/chalk/lib/libpebble.a(tmpvl4HRLpebble.o)
                0x0000000000003fd0                app_message_deregister_callbacks
 .text.app_message_open
                0x0000000000003fdc        0xc /Users/eliyazdi/Library/Application Support/Pebble SDK/SDKs/current/sdk-core/pebble/chalk/lib/libpebble.a(tmpvl4HRLpebble.o)
                0x0000000000003fdc                app_message_open
 .text.app_timer_cancel
                0x0000000000003fe8        0xc /Users/eliyazdi/Library/Application Support/Pebble SDK/SDKs/current/sdk-core/pebble/chalk/lib/libpebble.a(tmpvl4HRLpebble.o)
                0x0000000000003fe8                app_timer_cancel
 .text.app_timer_register
                0x0000000000003ff4        0xc /Users/eliyazdi/Library/Application Support/Pebble SDK/SDKs/current/sdk-core/pebble/chalk/lib/libpebble.a(tmpvl4HRLpebble.o)
                0x0000000000003ff4                app_timer_register
 .text.click_recognizer_get_button_id
                0x0000000000004000        0xc /Users/eliyazdi/Library/Application Support/Pebble SDK/SDKs/current/sdk-core/pebble/chalk/lib/libpebble.a(tmpvl4HRLpebble.o)
                0x0000000000004000                click_recognizer_get_button_id
 .text.cos_lookup
                0x000000000000400c        0xc /Users/eliyazdi/Library/Application Support/Pebble SDK/SDKs/current/sdk-core/pebble/chalk/lib/libpebble.a(tmpvl4HRLpebble.o)
                0x000000000000400c                cos_lookup
 .text.dict_find
                0x0000000000004018        0xc /Users/eliyazdi/Library/Application Support/Pebble SDK/SDKs/current/sdk-core/pebble/chalk/lib/libpebble.a(tmpvl4HRLpebble.o)
                0x0000000000004018                dict_find
 .text.dict_write_data
                0x0000000000004024        0xc /Users/eliyazdi/Library/Application Support/Pebble SDK/SDKs/current/sdk-core/pebble/chalk/lib/libpebble.a(tmpvl4HRLpebble.o)
                0x0000000000004024                dict_write_data
 .text.fonts_get_system_font
                0x0000000000004030        0xc /Users/eliyazdi/Library/Application Support/Pebble SDK/SDKs/current/sdk-core/pebble/chalk/lib/libpebble.a(tmpvl4HRLpebble.o)
                0x0000000000004030                fonts_get_system_font
 .text.fonts_load_custom_font
                0x000000000000403c        0xc /Users/eliyazdi/Library/Application Support/Pebble SDK/SDKs/current/sdk-core/pebble/chalk/lib/libpebble.a(tmpvl4HRLpebble.o)
                0x000000000000403c                fonts_load_custom_font
 .text.fonts_unload_custom_font
                0x0000000000004048        0xc /Users/eliyazdi/Library/Application Support/Pebble SDK/SDKs/current/sdk-core/pebble/chalk/lib/libpebble.a(tmpvl4HRLpebble.o)
                0x0000000000004048                fonts_unload_custom_font
 .text.free     0x0000000000004054        0xc /Users/eliyazdi/Library/Application Support/Pebble SDK/SDKs/current/sdk-core/pebble/chalk/lib/libpebble.a(tmpvl4HRLpebble.o)
                0x0000000000004054                free
 .text.gbitmap_create_with_resource
                0x0000000000004060        0xc /Users/eliyazdi/Library/Application Support/Pebble SDK/SDKs/current/sdk-core/pebble/chalk/lib/libpebble.a(tmpvl4HRLpebble.o)
                0x0000000000004060                gbitmap_create_with_resource
 .text.gbitmap_destroy
                0x000000000000406c        0xc /Users/eliyazdi/Library/Application Support/Pebble SDK/SDKs/current/sdk-core/pebble/chalk/lib/libpebble.a(tmpvl4HRLpebble.o)
                0x000000000000406c                gbitmap_destroy
 .text.graphics_context_set_compositing_mode
                0x0000000000004078        0xc /Users/eliyazdi/Library/Application Support/Pebble SDK/SDKs/current/sdk-core/pebble/chalk/lib/libpebble.a(tmpvl4HRLpebble.o)
                0x0000000000004078                graphics_context_set_compositing_mode
 .text.graphics_draw_bitmap_in_rect
                0x0000000000004084        0xc /Users/eliyazdi/Library/Application Support/Pebble SDK/SDKs/current/sdk-core/pebble/chalk/lib/libpebble.a(tmpvl4HRLpebble.o)
                0x0000000000004084                graphics_draw_bitmap_in_rect
 .text.graphics_draw_circle
                0x0000000000004090        0xc /Users/eliyazdi/Library/Application Support/Pebble SDK/SDKs/current/sdk-core/pebble/chalk/lib/libpebble.a(tmpvl4HRLpebble.o)
                0x0000000000004090                graphics_draw_circle
 .text.graphics_draw_line
                0x000000000000409c        0xc /Users/eliyazdi/Library/Application Support/Pebble SDK/SDKs/current/sdk-core/pebble/chalk/lib/libpebble.a(tmpvl4HRLpebble.o)
                0x000000000000409c                graphics_draw_line
 .text.graphics_draw_round_rect
                0x00000000000040a8        0xc /Users/eliyazdi/Library/Application Support/Pebble SDK/SDKs/current/sdk-core/pebble/chalk/lib/libpebble.a(tmpvl4HRLpebble.o)
                0x00000000000040a8                graphics_draw_round_rect
 .text.graphics_fill_circle
                0x00000000000040b4        0xc /Users/eliyazdi/Library/Application Support/Pebble SDK/SDKs/current/sdk-core/pebble/chalk/lib/libpebble.a(tmpvl4HRLpebble.o)
                0x00000000000040b4                graphics_fill_circle
 .text.graphics_fill_rect
                0x00000000000040c0        0xc /Users/eliyazdi/Library/Application Support/Pebble SDK/SDKs/current/sdk-core/pebble/chalk/lib/libpebble.a(tmpvl4HRLpebble.o)
                0x00000000000040c0                graphics_fill_rect
 .text.grect_center_point
                0x00000000000040cc        0xc /Users/eliyazdi/Library/Application Support/Pebble SDK/SDKs/current/sdk-core/pebble/chalk/lib/libpebble.a(tmpvl4HRLpebble.o)
                0x00000000000040cc                grect_center_point
 .text.grect_standardize
                0x00000000000040d8        0xc /Users/eliyazdi/Library/Application Support/Pebble SDK/SDKs/current/sdk-core/pebble/chalk/lib/libpebble.a(tmpvl4HRLpebble.o)
                0x00000000000040d8                grect_standardize
 .text.inverter_layer_create
                0x00000000000040e4        0xc /Users/eliyazdi/Library/Application Support/Pebble SDK/SDKs/current/sdk-core/pebble/chalk/lib/libpebble.a(tmpvl4HRLpebble.o)
                0x00000000000040e4                inverter_layer_create
 .text.inverter_layer_destroy
                0x00000000000040f0        0xc /Users/eliyazdi/Library/Application Support/Pebble SDK/SDKs/current/sdk-core/pebble/chalk/lib/libpebble.a(tmpvl4HRLpebble.o)
                0x00000000000040f0                inverter_layer_destroy
 .text.inverter_layer_get_layer
                0x00000000000040fc        0xc /Users/eliyazdi/Library/Application Support/Pebble SDK/SDKs/current/sdk-core/pebble/chalk/lib/libpebble.a(tmpvl4HRLpebble.o)
                0x00000000000040fc                inverter_layer_get_layer
 .text.layer_add_child
                0x0000000000004108        0xc /Users/eliyazdi/Library/Application Support/Pebble SDK/SDKs/current/sdk-core/pebble/chalk/lib/libpebble.a(tmpvl4HRLpebble.o)
                0x0000000000004108                layer_add_child
 .text.layer_create_with_data
                0x0000000000004114        0xc /Users/eliyazdi/Library/Application Support/Pebble SDK/SDKs/current/sdk-core/pebble/chalk/lib/libpebble.a(tmpvl4HRLpebble.o)
                0x0000000000004114                layer_create_with_data
 .text.layer_destroy
                0x0000000000004120        0xc /Users/eliyazdi/Library/Application Support/Pebble SDK/SDKs/current/sdk-core/pebble/chalk/lib/libpebble.a(tmpvl4HRLpebble.o)
                0x0000000000004120                layer_destroy
 .text.layer_get_bounds
                0x000000000000412c        0xc /Users/eliyazdi/Library/Application Support/Pebble SDK/SDKs/current/sdk-core/pebble/chalk/lib/libpebble.a(tmpvl4HRLpebble.o)
                0x000000000000412c                layer_get_bounds
 .text.layer_get_data
                0x0000000000004138        0xc /Users/eliyazdi/Library/Application Support/Pebble SDK/SDKs/current/sdk-core/pebble/chalk/lib/libpebble.a(tmpvl4HRLpebble.o)
                0x0000000000004138                layer_get_data
 .text.layer_get_frame
                0x0000000000004144        0xc /Users/eliyazdi/Library/Application Support/Pebble SDK/SDKs/current/sdk-core/pebble/chalk/lib/libpebble.a(tmpvl4HRLpebble.o)
                0x0000000000004144                layer_get_frame
 .text.layer_get_window
                0x0000000000004150        0xc /Users/eliyazdi/Library/Application Support/Pebble SDK/SDKs/current/sdk-core/pebble/chalk/lib/libpebble.a(tmpvl4HRLpebble.o)
                0x0000000000004150                layer_get_window
 .text.layer_mark_dirty
                0x000000000000415c        0xc /Users/eliyazdi/Library/Application Support/Pebble SDK/SDKs/current/sdk-core/pebble/chalk/lib/libpebble.a(tmpvl4HRLpebble.o)
                0x000000000000415c                layer_mark_dirty
 .text.layer_remove_from_parent
                0x0000000000004168        0xc /Users/eliyazdi/Library/Application Support/Pebble SDK/SDKs/current/sdk-core/pebble/chalk/lib/libpebble.a(tmpvl4HRLpebble.o)
                0x0000000000004168                layer_remove_from_parent
 .text.layer_set_frame
                0x0000000000004174        0xc /Users/eliyazdi/Library/Application Support/Pebble SDK/SDKs/current/sdk-core/pebble/chalk/lib/libpebble.a(tmpvl4HRLpebble.o)
                0x0000000000004174                layer_set_frame
 .text.layer_set_update_proc
                0x0000000000004180        0xc /Users/eliyazdi/Library/Application Support/Pebble SDK/SDKs/current/sdk-core/pebble/chalk/lib/libpebble.a(tmpvl4HRLpebble.o)
                0x0000000000004180                layer_set_update_proc
 .text.light_enable
                0x000000000000418c        0xc /Users/eliyazdi/Library/Application Support/Pebble SDK/SDKs/current/sdk-core/pebble/chalk/lib/libpebble.a(tmpvl4HRLpebble.o)
                0x000000000000418c                light_enable
 .text.light_enable_interaction
                0x0000000000004198        0xc /Users/eliyazdi/Library/Application Support/Pebble SDK/SDKs/current/sdk-core/pebble/chalk/lib/libpebble.a(tmpvl4HRLpebble.o)
                0x0000000000004198                light_enable_interaction
 .text.malloc   0x00000000000041a4        0xc /Users/eliyazdi/Library/Application Support/Pebble SDK/SDKs/current/sdk-core/pebble/chalk/lib/libpebble.a(tmpvl4HRLpebble.o)
                0x00000000000041a4                malloc
 .text.memcpy   0x00000000000041b0        0xc /Users/eliyazdi/Library/Application Support/Pebble SDK/SDKs/current/sdk-core/pebble/chalk/lib/libpebble.a(tmpvl4HRLpebble.o)
                0x00000000000041b0                memcpy
 .text.memset   0x00000000000041bc        0xc /Users/eliyazdi/Library/Application Support/Pebble SDK/SDKs/current/sdk-core/pebble/chalk/lib/libpebble.a(tmpvl4HRLpebble.o)
                0x00000000000041bc                memset
 .text.menu_cell_basic_draw
                0x00000000000041c8        0xc /Users/eliyazdi/Library/Application Support/Pebble SDK/SDKs/current/sdk-core/pebble/chalk/lib/libpebble.a(tmpvl4HRLpebble.o)
                0x00000000000041c8                menu_cell_basic_draw
 .text.menu_layer_destroy
                0x00000000000041d4        0xc /Users/eliyazdi/Library/Application Support/Pebble SDK/SDKs/current/sdk-core/pebble/chalk/lib/libpebble.a(tmpvl4HRLpebble.o)
                0x00000000000041d4                menu_layer_destroy
 .text.menu_layer_get_layer
                0x00000000000041e0        0xc /Users/eliyazdi/Library/Application Support/Pebble SDK/SDKs/current/sdk-core/pebble/chalk/lib/libpebble.a(tmpvl4HRLpebble.o)
                0x00000000000041e0                menu_layer_get_layer
 .text.menu_layer_get_scroll_layer
                0x00000000000041ec        0xc /Users/eliyazdi/Library/Application Support/Pebble SDK/SDKs/current/sdk-core/pebble/chalk/lib/libpebble.a(tmpvl4HRLpebble.o)
                0x00000000000041ec                menu_layer_get_scroll_layer
 .text.menu_layer_get_selected_index
                0x00000000000041f8        0xc /Users/eliyazdi/Library/Application Support/Pebble SDK/SDKs/current/sdk-core/pebble/chalk/lib/libpebble.a(tmpvl4HRLpebble.o)
                0x00000000000041f8                menu_layer_get_selected_index
 .text.menu_layer_reload_data
                0x0000000000004204        0xc /Users/eliyazdi/Library/Application Support/Pebble SDK/SDKs/current/sdk-core/pebble/chalk/lib/libpebble.a(tmpvl4HRLpebble.o)
                0x0000000000004204                menu_layer_reload_data
 .text.menu_layer_set_click_config_onto_window
                0x0000000000004210        0xc /Users/eliyazdi/Library/Application Support/Pebble SDK/SDKs/current/sdk-core/pebble/chalk/lib/libpebble.a(tmpvl4HRLpebble.o)
                0x0000000000004210                menu_layer_set_click_config_onto_window
 .text.menu_layer_set_selected_index
                0x000000000000421c        0xc /Users/eliyazdi/Library/Application Support/Pebble SDK/SDKs/current/sdk-core/pebble/chalk/lib/libpebble.a(tmpvl4HRLpebble.o)
                0x000000000000421c                menu_layer_set_selected_index
 .text.psleep   0x0000000000004228        0xc /Users/eliyazdi/Library/Application Support/Pebble SDK/SDKs/current/sdk-core/pebble/chalk/lib/libpebble.a(tmpvl4HRLpebble.o)
                0x0000000000004228                psleep
 .text.resource_get_handle
                0x0000000000004234        0xc /Users/eliyazdi/Library/Application Support/Pebble SDK/SDKs/current/sdk-core/pebble/chalk/lib/libpebble.a(tmpvl4HRLpebble.o)
                0x0000000000004234                resource_get_handle
 .text.scroll_layer_add_child
                0x0000000000004240        0xc /Users/eliyazdi/Library/Application Support/Pebble SDK/SDKs/current/sdk-core/pebble/chalk/lib/libpebble.a(tmpvl4HRLpebble.o)
                0x0000000000004240                scroll_layer_add_child
 .text.scroll_layer_create
                0x000000000000424c        0xc /Users/eliyazdi/Library/Application Support/Pebble SDK/SDKs/current/sdk-core/pebble/chalk/lib/libpebble.a(tmpvl4HRLpebble.o)
                0x000000000000424c                scroll_layer_create
 .text.scroll_layer_destroy
                0x0000000000004258        0xc /Users/eliyazdi/Library/Application Support/Pebble SDK/SDKs/current/sdk-core/pebble/chalk/lib/libpebble.a(tmpvl4HRLpebble.o)
                0x0000000000004258                scroll_layer_destroy
 .text.scroll_layer_get_content_offset
                0x0000000000004264        0xc /Users/eliyazdi/Library/Application Support/Pebble SDK/SDKs/current/sdk-core/pebble/chalk/lib/libpebble.a(tmpvl4HRLpebble.o)
                0x0000000000004264                scroll_layer_get_content_offset
 .text.scroll_layer_get_layer
                0x0000000000004270        0xc /Users/eliyazdi/Library/Application Support/Pebble SDK/SDKs/current/sdk-core/pebble/chalk/lib/libpebble.a(tmpvl4HRLpebble.o)
                0x0000000000004270                scroll_layer_get_layer
 .text.scroll_layer_set_click_config_onto_window
                0x000000000000427c        0xc /Users/eliyazdi/Library/Application Support/Pebble SDK/SDKs/current/sdk-core/pebble/chalk/lib/libpebble.a(tmpvl4HRLpebble.o)
                0x000000000000427c                scroll_layer_set_click_config_onto_window
 .text.scroll_layer_set_content_offset
                0x0000000000004288        0xc /Users/eliyazdi/Library/Application Support/Pebble SDK/SDKs/current/sdk-core/pebble/chalk/lib/libpebble.a(tmpvl4HRLpebble.o)
                0x0000000000004288                scroll_layer_set_content_offset
 .text.scroll_layer_set_content_size
                0x0000000000004294        0xc /Users/eliyazdi/Library/Application Support/Pebble SDK/SDKs/current/sdk-core/pebble/chalk/lib/libpebble.a(tmpvl4HRLpebble.o)
                0x0000000000004294                scroll_layer_set_content_size
 .text.scroll_layer_set_context
                0x00000000000042a0        0xc /Users/eliyazdi/Library/Application Support/Pebble SDK/SDKs/current/sdk-core/pebble/chalk/lib/libpebble.a(tmpvl4HRLpebble.o)
                0x00000000000042a0                scroll_layer_set_context
 .text.scroll_layer_set_shadow_hidden
                0x00000000000042ac        0xc /Users/eliyazdi/Library/Application Support/Pebble SDK/SDKs/current/sdk-core/pebble/chalk/lib/libpebble.a(tmpvl4HRLpebble.o)
                0x00000000000042ac                scroll_layer_set_shadow_hidden
 .text.sin_lookup
                0x00000000000042b8        0xc /Users/eliyazdi/Library/Application Support/Pebble SDK/SDKs/current/sdk-core/pebble/chalk/lib/libpebble.a(tmpvl4HRLpebble.o)
                0x00000000000042b8                sin_lookup
 .text.strftime
                0x00000000000042c4        0xc /Users/eliyazdi/Library/Application Support/Pebble SDK/SDKs/current/sdk-core/pebble/chalk/lib/libpebble.a(tmpvl4HRLpebble.o)
                0x00000000000042c4                strftime
 .text.strlen   0x00000000000042d0        0xc /Users/eliyazdi/Library/Application Support/Pebble SDK/SDKs/current/sdk-core/pebble/chalk/lib/libpebble.a(tmpvl4HRLpebble.o)
                0x00000000000042d0                strlen
 .text.strncpy  0x00000000000042dc        0xc /Users/eliyazdi/Library/Application Support/Pebble SDK/SDKs/current/sdk-core/pebble/chalk/lib/libpebble.a(tmpvl4HRLpebble.o)
                0x00000000000042dc                strncpy
 .text.tick_timer_service_subscribe
                0x00000000000042e8        0xc /Users/eliyazdi/Library/Application Support/Pebble SDK/SDKs/current/sdk-core/pebble/chalk/lib/libpebble.a(tmpvl4HRLpebble.o)
                0x00000000000042e8                tick_timer_service_subscribe
 .text.tick_timer_service_unsubscribe
                0x00000000000042f4        0xc /Users/eliyazdi/Library/Application Support/Pebble SDK/SDKs/current/sdk-core/pebble/chalk/lib/libpebble.a(tmpvl4HRLpebble.o)
                0x00000000000042f4                tick_timer_service_unsubscribe
 .text.vibes_double_pulse
                0x0000000000004300        0xc /Users/eliyazdi/Library/Application Support/Pebble SDK/SDKs/current/sdk-core/pebble/chalk/lib/libpebble.a(tmpvl4HRLpebble.o)
                0x0000000000004300                vibes_double_pulse
 .text.vibes_enqueue_custom_pattern
                0x000000000000430c        0xc /Users/eliyazdi/Library/Application Support/Pebble SDK/SDKs/current/sdk-core/pebble/chalk/lib/libpebble.a(tmpvl4HRLpebble.o)
                0x000000000000430c                vibes_enqueue_custom_pattern
 .text.vibes_long_pulse
                0x0000000000004318        0xc /Users/eliyazdi/Library/Application Support/Pebble SDK/SDKs/current/sdk-core/pebble/chalk/lib/libpebble.a(tmpvl4HRLpebble.o)
                0x0000000000004318                vibes_long_pulse
 .text.vibes_short_pulse
                0x0000000000004324        0xc /Users/eliyazdi/Library/Application Support/Pebble SDK/SDKs/current/sdk-core/pebble/chalk/lib/libpebble.a(tmpvl4HRLpebble.o)
                0x0000000000004324                vibes_short_pulse
 .text.window_create
                0x0000000000004330        0xc /Users/eliyazdi/Library/Application Support/Pebble SDK/SDKs/current/sdk-core/pebble/chalk/lib/libpebble.a(tmpvl4HRLpebble.o)
                0x0000000000004330                window_create
 .text.window_destroy
                0x000000000000433c        0xc /Users/eliyazdi/Library/Application Support/Pebble SDK/SDKs/current/sdk-core/pebble/chalk/lib/libpebble.a(tmpvl4HRLpebble.o)
                0x000000000000433c                window_destroy
 .text.window_get_click_config_provider
                0x0000000000004348        0xc /Users/eliyazdi/Library/Application Support/Pebble SDK/SDKs/current/sdk-core/pebble/chalk/lib/libpebble.a(tmpvl4HRLpebble.o)
                0x0000000000004348                window_get_click_config_provider
 .text.window_get_root_layer
                0x0000000000004354        0xc /Users/eliyazdi/Library/Application Support/Pebble SDK/SDKs/current/sdk-core/pebble/chalk/lib/libpebble.a(tmpvl4HRLpebble.o)
                0x0000000000004354                window_get_root_layer
 .text.window_set_click_config_provider_with_context
                0x0000000000004360        0xc /Users/eliyazdi/Library/Application Support/Pebble SDK/SDKs/current/sdk-core/pebble/chalk/lib/libpebble.a(tmpvl4HRLpebble.o)
                0x0000000000004360                window_set_click_config_provider_with_context
 .text.window_set_window_handlers
                0x000000000000436c        0xc /Users/eliyazdi/Library/Application Support/Pebble SDK/SDKs/current/sdk-core/pebble/chalk/lib/libpebble.a(tmpvl4HRLpebble.o)
                0x000000000000436c                window_set_window_handlers
 .text.window_stack_get_top_window
                0x0000000000004378        0xc /Users/eliyazdi/Library/Application Support/Pebble SDK/SDKs/current/sdk-core/pebble/chalk/lib/libpebble.a(tmpvl4HRLpebble.o)
                0x0000000000004378                window_stack_get_top_window
 .text.window_stack_pop
                0x0000000000004384        0xc /Users/eliyazdi/Library/Application Support/Pebble SDK/SDKs/current/sdk-core/pebble/chalk/lib/libpebble.a(tmpvl4HRLpebble.o)
                0x0000000000004384                window_stack_pop
 .text.window_stack_pop_all
                0x0000000000004390        0xc /Users/eliyazdi/Library/Application Support/Pebble SDK/SDKs/current/sdk-core/pebble/chalk/lib/libpebble.a(tmpvl4HRLpebble.o)
                0x0000000000004390                window_stack_pop_all
 .text.window_stack_push
                0x000000000000439c        0xc /Users/eliyazdi/Library/Application Support/Pebble SDK/SDKs/current/sdk-core/pebble/chalk/lib/libpebble.a(tmpvl4HRLpebble.o)
                0x000000000000439c                window_stack_push
 .text.window_stack_remove
                0x00000000000043a8        0xc /Users/eliyazdi/Library/Application Support/Pebble SDK/SDKs/current/sdk-core/pebble/chalk/lib/libpebble.a(tmpvl4HRLpebble.o)
                0x00000000000043a8                window_stack_remove
 .text.window_get_user_data
                0x00000000000043b4        0xc /Users/eliyazdi/Library/Application Support/Pebble SDK/SDKs/current/sdk-core/pebble/chalk/lib/libpebble.a(tmpvl4HRLpebble.o)
                0x00000000000043b4                window_get_user_data
 .text.window_set_user_data
                0x00000000000043c0        0xc /Users/eliyazdi/Library/Application Support/Pebble SDK/SDKs/current/sdk-core/pebble/chalk/lib/libpebble.a(tmpvl4HRLpebble.o)
                0x00000000000043c0                window_set_user_data
 .text.app_message_outbox_begin
                0x00000000000043cc        0xc /Users/eliyazdi/Library/Application Support/Pebble SDK/SDKs/current/sdk-core/pebble/chalk/lib/libpebble.a(tmpvl4HRLpebble.o)
                0x00000000000043cc                app_message_outbox_begin
 .text.app_message_outbox_send
                0x00000000000043d8        0xc /Users/eliyazdi/Library/Application Support/Pebble SDK/SDKs/current/sdk-core/pebble/chalk/lib/libpebble.a(tmpvl4HRLpebble.o)
                0x00000000000043d8                app_message_outbox_send
 .text.app_message_register_inbox_dropped
                0x00000000000043e4        0xc /Users/eliyazdi/Library/Application Support/Pebble SDK/SDKs/current/sdk-core/pebble/chalk/lib/libpebble.a(tmpvl4HRLpebble.o)
                0x00000000000043e4                app_message_register_inbox_dropped
 .text.app_message_register_inbox_received
                0x00000000000043f0        0xc /Users/eliyazdi/Library/Application Support/Pebble SDK/SDKs/current/sdk-core/pebble/chalk/lib/libpebble.a(tmpvl4HRLpebble.o)
                0x00000000000043f0                app_message_register_inbox_received
 .text.app_message_register_outbox_failed
                0x00000000000043fc        0xc /Users/eliyazdi/Library/Application Support/Pebble SDK/SDKs/current/sdk-core/pebble/chalk/lib/libpebble.a(tmpvl4HRLpebble.o)
                0x00000000000043fc                app_message_register_outbox_failed
 .text.app_message_register_outbox_sent
                0x0000000000004408        0xc /Users/eliyazdi/Library/Application Support/Pebble SDK/SDKs/current/sdk-core/pebble/chalk/lib/libpebble.a(tmpvl4HRLpebble.o)
                0x0000000000004408                app_message_register_outbox_sent
 .text.app_message_set_context
                0x0000000000004414        0xc /Users/eliyazdi/Library/Application Support/Pebble SDK/SDKs/current/sdk-core/pebble/chalk/lib/libpebble.a(tmpvl4HRLpebble.o)
                0x0000000000004414                app_message_set_context
 .text.window_long_click_subscribe
                0x0000000000004420        0xc /Users/eliyazdi/Library/Application Support/Pebble SDK/SDKs/current/sdk-core/pebble/chalk/lib/libpebble.a(tmpvl4HRLpebble.o)
                0x0000000000004420                window_long_click_subscribe
 .text.window_set_click_context
                0x000000000000442c        0xc /Users/eliyazdi/Library/Application Support/Pebble SDK/SDKs/current/sdk-core/pebble/chalk/lib/libpebble.a(tmpvl4HRLpebble.o)
                0x000000000000442c                window_set_click_context
 .text.window_single_click_subscribe
                0x0000000000004438        0xc /Users/eliyazdi/Library/Application Support/Pebble SDK/SDKs/current/sdk-core/pebble/chalk/lib/libpebble.a(tmpvl4HRLpebble.o)
                0x0000000000004438                window_single_click_subscribe
 .text.graphics_draw_text
                0x0000000000004444        0xc /Users/eliyazdi/Library/Application Support/Pebble SDK/SDKs/current/sdk-core/pebble/chalk/lib/libpebble.a(tmpvl4HRLpebble.o)
                0x0000000000004444                graphics_draw_text
 .text.accel_data_service_subscribe
                0x0000000000004450        0xc /Users/eliyazdi/Library/Application Support/Pebble SDK/SDKs/current/sdk-core/pebble/chalk/lib/libpebble.a(tmpvl4HRLpebble.o)
                0x0000000000004450                accel_data_service_subscribe
 .text.launch_reason
                0x000000000000445c        0xc /Users/eliyazdi/Library/Application Support/Pebble SDK/SDKs/current/sdk-core/pebble/chalk/lib/libpebble.a(tmpvl4HRLpebble.o)
                0x000000000000445c                launch_reason
 .text.wakeup_cancel
                0x0000000000004468        0xc /Users/eliyazdi/Library/Application Support/Pebble SDK/SDKs/current/sdk-core/pebble/chalk/lib/libpebble.a(tmpvl4HRLpebble.o)
                0x0000000000004468                wakeup_cancel
 .text.wakeup_cancel_all
                0x0000000000004474        0xc /Users/eliyazdi/Library/Application Support/Pebble SDK/SDKs/current/sdk-core/pebble/chalk/lib/libpebble.a(tmpvl4HRLpebble.o)
                0x0000000000004474                wakeup_cancel_all
 .text.wakeup_get_launch_event
                0x0000000000004480        0xc /Users/eliyazdi/Library/Application Support/Pebble SDK/SDKs/current/sdk-core/pebble/chalk/lib/libpebble.a(tmpvl4HRLpebble.o)
                0x0000000000004480                wakeup_get_launch_event
 .text.wakeup_schedule
                0x000000000000448c        0xc /Users/eliyazdi/Library/Application Support/Pebble SDK/SDKs/current/sdk-core/pebble/chalk/lib/libpebble.a(tmpvl4HRLpebble.o)
                0x000000000000448c                wakeup_schedule
 .text.wakeup_service_subscribe
                0x0000000000004498        0xc /Users/eliyazdi/Library/Application Support/Pebble SDK/SDKs/current/sdk-core/pebble/chalk/lib/libpebble.a(tmpvl4HRLpebble.o)
                0x0000000000004498                wakeup_service_subscribe
 .text.clock_is_timezone_set
                0x00000000000044a4        0xc /Users/eliyazdi/Library/Application Support/Pebble SDK/SDKs/current/sdk-core/pebble/chalk/lib/libpebble.a(tmpvl4HRLpebble.o)
                0x00000000000044a4                clock_is_timezone_set
 .text.graphics_context_set_fill_color
                0x00000000000044b0        0xc /Users/eliyazdi/Library/Application Support/Pebble SDK/SDKs/current/sdk-core/pebble/chalk/lib/libpebble.a(tmpvl4HRLpebble.o)
                0x00000000000044b0                graphics_context_set_fill_color
 .text.graphics_context_set_stroke_color
                0x00000000000044bc        0xc /Users/eliyazdi/Library/Application Support/Pebble SDK/SDKs/current/sdk-core/pebble/chalk/lib/libpebble.a(tmpvl4HRLpebble.o)
                0x00000000000044bc                graphics_context_set_stroke_color
 .text.graphics_context_set_text_color
                0x00000000000044c8        0xc /Users/eliyazdi/Library/Application Support/Pebble SDK/SDKs/current/sdk-core/pebble/chalk/lib/libpebble.a(tmpvl4HRLpebble.o)
                0x00000000000044c8                graphics_context_set_text_color
 .text.window_set_background_color
                0x00000000000044d4        0xc /Users/eliyazdi/Library/Application Support/Pebble SDK/SDKs/current/sdk-core/pebble/chalk/lib/libpebble.a(tmpvl4HRLpebble.o)
                0x00000000000044d4                window_set_background_color
 .text.localtime
                0x00000000000044e0        0xc /Users/eliyazdi/Library/Application Support/Pebble SDK/SDKs/current/sdk-core/pebble/chalk/lib/libpebble.a(tmpvl4HRLpebble.o)
                0x00000000000044e0                localtime
 .text.animation_destroy
                0x00000000000044ec        0xc /Users/eliyazdi/Library/Application Support/Pebble SDK/SDKs/current/sdk-core/pebble/chalk/lib/libpebble.a(tmpvl4HRLpebble.o)
                0x00000000000044ec                animation_destroy
 .text.animation_schedule
                0x00000000000044f8        0xc /Users/eliyazdi/Library/Application Support/Pebble SDK/SDKs/current/sdk-core/pebble/chalk/lib/libpebble.a(tmpvl4HRLpebble.o)
                0x00000000000044f8                animation_schedule
 .text.animation_set_curve
                0x0000000000004504        0xc /Users/eliyazdi/Library/Application Support/Pebble SDK/SDKs/current/sdk-core/pebble/chalk/lib/libpebble.a(tmpvl4HRLpebble.o)
                0x0000000000004504                animation_set_curve
 .text.animation_set_duration
                0x0000000000004510        0xc /Users/eliyazdi/Library/Application Support/Pebble SDK/SDKs/current/sdk-core/pebble/chalk/lib/libpebble.a(tmpvl4HRLpebble.o)
                0x0000000000004510                animation_set_duration
 .text.animation_set_handlers
                0x000000000000451c        0xc /Users/eliyazdi/Library/Application Support/Pebble SDK/SDKs/current/sdk-core/pebble/chalk/lib/libpebble.a(tmpvl4HRLpebble.o)
                0x000000000000451c                animation_set_handlers
 .text.animation_unschedule
                0x0000000000004528        0xc /Users/eliyazdi/Library/Application Support/Pebble SDK/SDKs/current/sdk-core/pebble/chalk/lib/libpebble.a(tmpvl4HRLpebble.o)
                0x0000000000004528                animation_unschedule
 .text.property_animation_create
                0x0000000000004534        0xc /Users/eliyazdi/Library/Application Support/Pebble SDK/SDKs/current/sdk-core/pebble/chalk/lib/libpebble.a(tmpvl4HRLpebble.o)
                0x0000000000004534                property_animation_create
 .text.property_animation_destroy
                0x0000000000004540        0xc /Users/eliyazdi/Library/Application Support/Pebble SDK/SDKs/current/sdk-core/pebble/chalk/lib/libpebble.a(tmpvl4HRLpebble.o)
                0x0000000000004540                property_animation_destroy
 .text.property_animation_from
                0x000000000000454c        0xc /Users/eliyazdi/Library/Application Support/Pebble SDK/SDKs/current/sdk-core/pebble/chalk/lib/libpebble.a(tmpvl4HRLpebble.o)
                0x000000000000454c                property_animation_from
 .text.property_animation_to
                0x0000000000004558        0xc /Users/eliyazdi/Library/Application Support/Pebble SDK/SDKs/current/sdk-core/pebble/chalk/lib/libpebble.a(tmpvl4HRLpebble.o)
                0x0000000000004558                property_animation_to
 .text.property_animation_update_grect
                0x0000000000004564        0xc /Users/eliyazdi/Library/Application Support/Pebble SDK/SDKs/current/sdk-core/pebble/chalk/lib/libpebble.a(tmpvl4HRLpebble.o)
                0x0000000000004564                property_animation_update_grect
 .text.gbitmap_get_bounds
                0x0000000000004570        0xc /Users/eliyazdi/Library/Application Support/Pebble SDK/SDKs/current/sdk-core/pebble/chalk/lib/libpebble.a(tmpvl4HRLpebble.o)
                0x0000000000004570                gbitmap_get_bounds
 .text.gbitmap_get_format
                0x000000000000457c        0xc /Users/eliyazdi/Library/Application Support/Pebble SDK/SDKs/current/sdk-core/pebble/chalk/lib/libpebble.a(tmpvl4HRLpebble.o)
                0x000000000000457c                gbitmap_get_format
 .text.gbitmap_get_palette
                0x0000000000004588        0xc /Users/eliyazdi/Library/Application Support/Pebble SDK/SDKs/current/sdk-core/pebble/chalk/lib/libpebble.a(tmpvl4HRLpebble.o)
                0x0000000000004588                gbitmap_get_palette
 .text.gbitmap_set_palette
                0x0000000000004594        0xc /Users/eliyazdi/Library/Application Support/Pebble SDK/SDKs/current/sdk-core/pebble/chalk/lib/libpebble.a(tmpvl4HRLpebble.o)
                0x0000000000004594                gbitmap_set_palette
 .text.gbitmap_create_from_png_data
                0x00000000000045a0        0xc /Users/eliyazdi/Library/Application Support/Pebble SDK/SDKs/current/sdk-core/pebble/chalk/lib/libpebble.a(tmpvl4HRLpebble.o)
                0x00000000000045a0                gbitmap_create_from_png_data
 .text.launch_get_args
                0x00000000000045ac        0xc /Users/eliyazdi/Library/Application Support/Pebble SDK/SDKs/current/sdk-core/pebble/chalk/lib/libpebble.a(tmpvl4HRLpebble.o)
                0x00000000000045ac                launch_get_args
 .text.menu_layer_create
                0x00000000000045b8        0xc /Users/eliyazdi/Library/Application Support/Pebble SDK/SDKs/current/sdk-core/pebble/chalk/lib/libpebble.a(tmpvl4HRLpebble.o)
                0x00000000000045b8                menu_layer_create
 .text.graphics_context_set_antialiased
                0x00000000000045c4        0xc /Users/eliyazdi/Library/Application Support/Pebble SDK/SDKs/current/sdk-core/pebble/chalk/lib/libpebble.a(tmpvl4HRLpebble.o)
                0x00000000000045c4                graphics_context_set_antialiased
 .text.graphics_context_set_stroke_width
                0x00000000000045d0        0xc /Users/eliyazdi/Library/Application Support/Pebble SDK/SDKs/current/sdk-core/pebble/chalk/lib/libpebble.a(tmpvl4HRLpebble.o)
                0x00000000000045d0                graphics_context_set_stroke_width
 .text.action_bar_layer_add_to_window
                0x00000000000045dc        0xc /Users/eliyazdi/Library/Application Support/Pebble SDK/SDKs/current/sdk-core/pebble/chalk/lib/libpebble.a(tmpvl4HRLpebble.o)
                0x00000000000045dc                action_bar_layer_add_to_window
 .text.action_bar_layer_clear_icon
                0x00000000000045e8        0xc /Users/eliyazdi/Library/Application Support/Pebble SDK/SDKs/current/sdk-core/pebble/chalk/lib/libpebble.a(tmpvl4HRLpebble.o)
                0x00000000000045e8                action_bar_layer_clear_icon
 .text.action_bar_layer_create
                0x00000000000045f4        0xc /Users/eliyazdi/Library/Application Support/Pebble SDK/SDKs/current/sdk-core/pebble/chalk/lib/libpebble.a(tmpvl4HRLpebble.o)
                0x00000000000045f4                action_bar_layer_create
 .text.action_bar_layer_destroy
                0x0000000000004600        0xc /Users/eliyazdi/Library/Application Support/Pebble SDK/SDKs/current/sdk-core/pebble/chalk/lib/libpebble.a(tmpvl4HRLpebble.o)
                0x0000000000004600                action_bar_layer_destroy
 .text.action_bar_layer_get_layer
                0x000000000000460c        0xc /Users/eliyazdi/Library/Application Support/Pebble SDK/SDKs/current/sdk-core/pebble/chalk/lib/libpebble.a(tmpvl4HRLpebble.o)
                0x000000000000460c                action_bar_layer_get_layer
 .text.action_bar_layer_remove_from_window
                0x0000000000004618        0xc /Users/eliyazdi/Library/Application Support/Pebble SDK/SDKs/current/sdk-core/pebble/chalk/lib/libpebble.a(tmpvl4HRLpebble.o)
                0x0000000000004618                action_bar_layer_remove_from_window
 .text.action_bar_layer_set_background_color
                0x0000000000004624        0xc /Users/eliyazdi/Library/Application Support/Pebble SDK/SDKs/current/sdk-core/pebble/chalk/lib/libpebble.a(tmpvl4HRLpebble.o)
                0x0000000000004624                action_bar_layer_set_background_color
 .text.action_bar_layer_set_click_config_provider
                0x0000000000004630        0xc /Users/eliyazdi/Library/Application Support/Pebble SDK/SDKs/current/sdk-core/pebble/chalk/lib/libpebble.a(tmpvl4HRLpebble.o)
                0x0000000000004630                action_bar_layer_set_click_config_provider
 .text.action_bar_layer_set_context
                0x000000000000463c        0xc /Users/eliyazdi/Library/Application Support/Pebble SDK/SDKs/current/sdk-core/pebble/chalk/lib/libpebble.a(tmpvl4HRLpebble.o)
                0x000000000000463c                action_bar_layer_set_context
 .text.action_bar_layer_set_icon
                0x0000000000004648        0xc /Users/eliyazdi/Library/Application Support/Pebble SDK/SDKs/current/sdk-core/pebble/chalk/lib/libpebble.a(tmpvl4HRLpebble.o)
                0x0000000000004648                action_bar_layer_set_icon
 .text.menu_cell_layer_is_highlighted
                0x0000000000004654        0xc /Users/eliyazdi/Library/Application Support/Pebble SDK/SDKs/current/sdk-core/pebble/chalk/lib/libpebble.a(tmpvl4HRLpebble.o)
                0x0000000000004654                menu_cell_layer_is_highlighted
 .text.time     0x0000000000004660        0xc /Users/eliyazdi/Library/Application Support/Pebble SDK/SDKs/current/sdk-core/pebble/chalk/lib/libpebble.a(tmpvl4HRLpebble.o)
                0x0000000000004660                time
 .text.menu_layer_set_highlight_colors
                0x000000000000466c        0xc /Users/eliyazdi/Library/Application Support/Pebble SDK/SDKs/current/sdk-core/pebble/chalk/lib/libpebble.a(tmpvl4HRLpebble.o)
                0x000000000000466c                menu_layer_set_highlight_colors
 .text.menu_layer_set_normal_colors
                0x0000000000004678        0xc /Users/eliyazdi/Library/Application Support/Pebble SDK/SDKs/current/sdk-core/pebble/chalk/lib/libpebble.a(tmpvl4HRLpebble.o)
                0x0000000000004678                menu_layer_set_normal_colors
 .text.menu_layer_set_callbacks
                0x0000000000004684        0xc /Users/eliyazdi/Library/Application Support/Pebble SDK/SDKs/current/sdk-core/pebble/chalk/lib/libpebble.a(tmpvl4HRLpebble.o)
                0x0000000000004684                menu_layer_set_callbacks
 .text.status_bar_layer_create
                0x0000000000004690        0xc /Users/eliyazdi/Library/Application Support/Pebble SDK/SDKs/current/sdk-core/pebble/chalk/lib/libpebble.a(tmpvl4HRLpebble.o)
                0x0000000000004690                status_bar_layer_create
 .text.status_bar_layer_destroy
                0x000000000000469c        0xc /Users/eliyazdi/Library/Application Support/Pebble SDK/SDKs/current/sdk-core/pebble/chalk/lib/libpebble.a(tmpvl4HRLpebble.o)
                0x000000000000469c                status_bar_layer_destroy
 .text.status_bar_layer_get_layer
                0x00000000000046a8        0xc /Users/eliyazdi/Library/Application Support/Pebble SDK/SDKs/current/sdk-core/pebble/chalk/lib/libpebble.a(tmpvl4HRLpebble.o)
                0x00000000000046a8                status_bar_layer_get_layer
 .text.status_bar_layer_set_colors
                0x00000000000046b4        0xc /Users/eliyazdi/Library/Application Support/Pebble SDK/SDKs/current/sdk-core/pebble/chalk/lib/libpebble.a(tmpvl4HRLpebble.o)
                0x00000000000046b4                status_bar_layer_set_colors
 .text.status_bar_layer_set_separator_mode
                0x00000000000046c0        0xc /Users/eliyazdi/Library/Application Support/Pebble SDK/SDKs/current/sdk-core/pebble/chalk/lib/libpebble.a(tmpvl4HRLpebble.o)
                0x00000000000046c0                status_bar_layer_set_separator_mode
 .text.time_ms  0x00000000000046cc        0xc /Users/eliyazdi/Library/Application Support/Pebble SDK/SDKs/current/sdk-core/pebble/chalk/lib/libpebble.a(tmpvl4HRLpebble.o)
                0x00000000000046cc                time_ms
 .text.gcolor_legible_over
                0x00000000000046d8        0xc /Users/eliyazdi/Library/Application Support/Pebble SDK/SDKs/current/sdk-core/pebble/chalk/lib/libpebble.a(tmpvl4HRLpebble.o)
                0x00000000000046d8                gcolor_legible_over
 .text.dictation_session_create
                0x00000000000046e4        0xc /Users/eliyazdi/Library/Application Support/Pebble SDK/SDKs/current/sdk-core/pebble/chalk/lib/libpebble.a(tmpvl4HRLpebble.o)
                0x00000000000046e4                dictation_session_create
 .text.dictation_session_enable_confirmation
                0x00000000000046f0        0xc /Users/eliyazdi/Library/Application Support/Pebble SDK/SDKs/current/sdk-core/pebble/chalk/lib/libpebble.a(tmpvl4HRLpebble.o)
                0x00000000000046f0                dictation_session_enable_confirmation
 .text.dictation_session_start
                0x00000000000046fc        0xc /Users/eliyazdi/Library/Application Support/Pebble SDK/SDKs/current/sdk-core/pebble/chalk/lib/libpebble.a(tmpvl4HRLpebble.o)
                0x00000000000046fc                dictation_session_start
 .text.dictation_session_stop
                0x0000000000004708        0xc /Users/eliyazdi/Library/Application Support/Pebble SDK/SDKs/current/sdk-core/pebble/chalk/lib/libpebble.a(tmpvl4HRLpebble.o)
                0x0000000000004708                dictation_session_stop
 .text.grect_inset
                0x0000000000004714        0xc /Users/eliyazdi/Library/Application Support/Pebble SDK/SDKs/current/sdk-core/pebble/chalk/lib/libpebble.a(tmpvl4HRLpebble.o)
                0x0000000000004714                grect_inset
 .text.gpoint_from_polar
                0x0000000000004720        0xc /Users/eliyazdi/Library/Application Support/Pebble SDK/SDKs/current/sdk-core/pebble/chalk/lib/libpebble.a(tmpvl4HRLpebble.o)
                0x0000000000004720                gpoint_from_polar
 .text.graphics_draw_arc
                0x000000000000472c        0xc /Users/eliyazdi/Library/Application Support/Pebble SDK/SDKs/current/sdk-core/pebble/chalk/lib/libpebble.a(tmpvl4HRLpebble.o)
                0x000000000000472c                graphics_draw_arc
 .text.graphics_fill_radial
                0x0000000000004738        0xc /Users/eliyazdi/Library/Application Support/Pebble SDK/SDKs/current/sdk-core/pebble/chalk/lib/libpebble.a(tmpvl4HRLpebble.o)
                0x0000000000004738                graphics_fill_radial
 .text.graphics_text_attributes_create
                0x0000000000004744        0xc /Users/eliyazdi/Library/Application Support/Pebble SDK/SDKs/current/sdk-core/pebble/chalk/lib/libpebble.a(tmpvl4HRLpebble.o)
                0x0000000000004744                graphics_text_attributes_create
 .text.graphics_text_attributes_destroy
                0x0000000000004750        0xc /Users/eliyazdi/Library/Application Support/Pebble SDK/SDKs/current/sdk-core/pebble/chalk/lib/libpebble.a(tmpvl4HRLpebble.o)
                0x0000000000004750                graphics_text_attributes_destroy
 .text.graphics_text_attributes_enable_paging
                0x000000000000475c        0xc /Users/eliyazdi/Library/Application Support/Pebble SDK/SDKs/current/sdk-core/pebble/chalk/lib/libpebble.a(tmpvl4HRLpebble.o)
                0x000000000000475c                graphics_text_attributes_enable_paging
 .text.graphics_text_attributes_enable_screen_text_flow
                0x0000000000004768        0xc /Users/eliyazdi/Library/Application Support/Pebble SDK/SDKs/current/sdk-core/pebble/chalk/lib/libpebble.a(tmpvl4HRLpebble.o)
                0x0000000000004768                graphics_text_attributes_enable_screen_text_flow
 .text.graphics_text_layout_get_content_size_with_attributes
                0x0000000000004774        0xc /Users/eliyazdi/Library/Application Support/Pebble SDK/SDKs/current/sdk-core/pebble/chalk/lib/libpebble.a(tmpvl4HRLpebble.o)
                0x0000000000004774                graphics_text_layout_get_content_size_with_attributes
 .text.layer_convert_point_to_screen
                0x0000000000004780        0xc /Users/eliyazdi/Library/Application Support/Pebble SDK/SDKs/current/sdk-core/pebble/chalk/lib/libpebble.a(tmpvl4HRLpebble.o)
                0x0000000000004780                layer_convert_point_to_screen
 .text.layer_convert_rect_to_screen
                0x000000000000478c        0xc /Users/eliyazdi/Library/Application Support/Pebble SDK/SDKs/current/sdk-core/pebble/chalk/lib/libpebble.a(tmpvl4HRLpebble.o)
                0x000000000000478c                layer_convert_rect_to_screen
 .text.scroll_layer_set_paging
                0x0000000000004798        0xc /Users/eliyazdi/Library/Application Support/Pebble SDK/SDKs/current/sdk-core/pebble/chalk/lib/libpebble.a(tmpvl4HRLpebble.o)
                0x0000000000004798                scroll_layer_set_paging
 .text.menu_layer_is_index_selected
                0x00000000000047a4        0xc /Users/eliyazdi/Library/Application Support/Pebble SDK/SDKs/current/sdk-core/pebble/chalk/lib/libpebble.a(tmpvl4HRLpebble.o)
                0x00000000000047a4                menu_layer_is_index_selected
 *(.rodata)
 *(.rodata*)
 .rodata.str1.1
                0x00000000000047b0       0x1b src/simply/simply_menu.c.17.o
                                         0x1c (size before relaxing)
 *fill*         0x00000000000047cb        0x1 
 .rodata.segments.8284
                0x00000000000047cc       0x20 src/simply/simply_msg.c.17.o
 .rodata.segments.8290
                0x00000000000047ec       0x28 src/simply/simply_msg.c.17.o
 .rodata.segments.8287
                0x0000000000004814       0x30 src/simply/simply_msg.c.17.o
 .rodata.segments.8293
                0x0000000000004844       0x30 src/simply/simply_msg.c.17.o
 .rodata.segments.8296
                0x0000000000004874       0x30 src/simply/simply_msg.c.17.o
 .rodata.segments.8200
                0x00000000000048a4       0x20 src/simply/simply_msg.c.17.o
 .rodata.segments.8299
                0x00000000000048c4       0x30 src/simply/simply_msg.c.17.o
 .rodata.segments.8203
                0x00000000000048f4       0x18 src/simply/simply_msg.c.17.o
 .rodata.segments.8206
                0x000000000000490c        0x8 src/simply/simply_msg.c.17.o
 .rodata.segments.8212
                0x0000000000004914       0x18 src/simply/simply_msg.c.17.o
 .rodata.segments.8209
                0x000000000000492c       0x20 src/simply/simply_msg.c.17.o
 .rodata.str1.1
                0x000000000000494c       0x26 src/simply/simply_msg.c.17.o
 *fill*         0x0000000000004972        0x2 
 .rodata.segments.8215
                0x0000000000004974       0x20 src/simply/simply_msg.c.17.o
 .rodata.segments.8221
                0x0000000000004994       0x20 src/simply/simply_msg.c.17.o
 .rodata.segments.8218
                0x00000000000049b4       0x10 src/simply/simply_msg.c.17.o
 .rodata.segments.8224
                0x00000000000049c4       0x18 src/simply/simply_msg.c.17.o
 .rodata.segments.8230
                0x00000000000049dc       0x10 src/simply/simply_msg.c.17.o
 .rodata.segments.8227
                0x00000000000049ec       0x20 src/simply/simply_msg.c.17.o
 .rodata.segments.8233
                0x0000000000004a0c       0x10 src/simply/simply_msg.c.17.o
 .rodata.segments.8194
                0x0000000000004a1c       0x10 src/simply/simply_msg.c.17.o
 .rodata.segments.8236
                0x0000000000004a2c       0x18 src/simply/simply_msg.c.17.o
 .rodata.segments.8197
                0x0000000000004a44       0x20 src/simply/simply_msg.c.17.o
 .rodata.segments.8242
                0x0000000000004a64       0x20 src/simply/simply_msg.c.17.o
 .rodata.segments.8239
                0x0000000000004a84       0x20 src/simply/simply_msg.c.17.o
 .rodata.segments.8245
                0x0000000000004aa4       0x18 src/simply/simply_msg.c.17.o
 .rodata.segments.8251
                0x0000000000004abc        0x8 src/simply/simply_msg.c.17.o
 .rodata.segments.8248
                0x0000000000004ac4       0x18 src/simply/simply_msg.c.17.o
 .rodata.segments.8254
                0x0000000000004adc       0x18 src/simply/simply_msg.c.17.o
 .rodata.segments.8260
                0x0000000000004af4       0x18 src/simply/simply_msg.c.17.o
 .rodata.segments.8257
                0x0000000000004b0c       0x20 src/simply/simply_msg.c.17.o
 .rodata.segments.8302
                0x0000000000004b2c       0x30 src/simply/simply_msg.c.17.o
 .rodata.segments.8263
                0x0000000000004b5c       0x20 src/simply/simply_msg.c.17.o
 .rodata.segments.8305
                0x0000000000004b7c       0x30 src/simply/simply_msg.c.17.o
 .rodata.segments.8266
                0x0000000000004bac       0x20 src/simply/simply_msg.c.17.o
 .rodata.segments.8272
                0x0000000000004bcc       0x30 src/simply/simply_msg.c.17.o
 .rodata.segments.8269
                0x0000000000004bfc       0x20 src/simply/simply_msg.c.17.o
 .rodata.segments.8275
                0x0000000000004c1c       0x30 src/simply/simply_msg.c.17.o
 .rodata.segments.8281
                0x0000000000004c4c       0x30 src/simply/simply_msg.c.17.o
 .rodata.segments.8278
                0x0000000000004c7c       0x30 src/simply/simply_msg.c.17.o
 .rodata.str1.1
                0x0000000000004cac       0x16 src/simply/simply_stage.c.17.o
 .rodata.str1.1
                0x0000000000004cc2       0x7d src/simply/simply_ui.c.17.o
 .rodata.str1.1
                0x0000000000000000        0x1 src/simply/simply_voice.c.17.o

.glue_7         0x0000000000004d40        0x0
 .glue_7        0x0000000000000000        0x0 linker stubs

.glue_7t        0x0000000000004d40        0x0
 .glue_7t       0x0000000000000000        0x0 linker stubs

.vfp11_veneer   0x0000000000004d40        0x0
 .vfp11_veneer  0x0000000000000000        0x0 linker stubs

.v4_bx          0x0000000000004d40        0x0
 .v4_bx         0x0000000000000000        0x0 linker stubs

.iplt           0x0000000000004d40        0x0
 .iplt          0x0000000000000000        0x0 /usr/local/Cellar/pebble-toolchain/2.0/arm-cs-tools/bin/../lib/gcc/arm-none-eabi/4.7.2/thumb2/crtbegin.o

.rel.dyn        0x0000000000004d40        0x0
 .rel.iplt      0x0000000000000000        0x0 /usr/local/Cellar/pebble-toolchain/2.0/arm-cs-tools/bin/../lib/gcc/arm-none-eabi/4.7.2/thumb2/crtbegin.o

.ARM.exidx      0x0000000000004d40        0x8
 .ARM.exidx     0x0000000000004d40        0x8 /usr/local/Cellar/pebble-toolchain/2.0/arm-cs-tools/bin/../lib/gcc/arm-none-eabi/4.7.2/thumb2/libgcc.a(_divdi3.o)
 .ARM.exidx     0x0000000000004d48        0x0 /usr/local/Cellar/pebble-toolchain/2.0/arm-cs-tools/bin/../lib/gcc/arm-none-eabi/4.7.2/thumb2/libgcc.a(_udivdi3.o)
                                          0x8 (size before relaxing)

.data           0x0000000000004d48      0x1de
 *(.data)
 .data          0x0000000000004d48        0x0 /usr/local/Cellar/pebble-toolchain/2.0/arm-cs-tools/bin/../lib/gcc/arm-none-eabi/4.7.2/thumb2/crti.o
 .data          0x0000000000004d48        0x4 /usr/local/Cellar/pebble-toolchain/2.0/arm-cs-tools/bin/../lib/gcc/arm-none-eabi/4.7.2/thumb2/crtbegin.o
                0x0000000000004d48                __dso_handle
 .data          0x0000000000004d4c        0x0 src/main.c.17.o
 .data          0x0000000000004d4c        0x0 src/simply/simply.c.17.o
 .data          0x0000000000004d4c        0x0 src/simply/simply_accel.c.17.o
 .data          0x0000000000004d4c        0x0 src/simply/simply_menu.c.17.o
 .data          0x0000000000004d4c      0x130 src/simply/simply_msg.c.17.o
 .data          0x0000000000004e7c        0x0 src/simply/simply_res.c.17.o
 .data          0x0000000000004e7c        0x0 src/simply/simply_splash.c.17.o
 .data          0x0000000000004e7c        0x0 src/simply/simply_stage.c.17.o
 .data          0x0000000000004e7c        0x0 src/simply/simply_ui.c.17.o
 .data          0x0000000000004e7c        0x0 src/simply/simply_voice.c.17.o
 .data          0x0000000000004e7c        0x0 src/simply/simply_wakeup.c.17.o
 .data          0x0000000000004e7c        0x0 src/simply/simply_window.c.17.o
 .data          0x0000000000004e7c        0x0 src/simply/simply_window_stack.c.17.o
 .data          0x0000000000004e7c        0x0 chalk/appinfo.auto.c.17.o
 .data          0x0000000000004e7c        0x0 /Users/eliyazdi/Library/Application Support/Pebble SDK/SDKs/current/sdk-core/pebble/chalk/lib/libpebble.a(tmpvl4HRLpebble.o)
 .data          0x0000000000004e7c        0x0 /usr/local/Cellar/pebble-toolchain/2.0/arm-cs-tools/bin/../lib/gcc/arm-none-eabi/4.7.2/thumb2/libgcc.a(_aeabi_ldivmod.o)
 .data          0x0000000000004e7c        0x0 /usr/local/Cellar/pebble-toolchain/2.0/arm-cs-tools/bin/../lib/gcc/arm-none-eabi/4.7.2/thumb2/libgcc.a(bpabi.o)
 .data          0x0000000000004e7c        0x0 /usr/local/Cellar/pebble-toolchain/2.0/arm-cs-tools/bin/../lib/gcc/arm-none-eabi/4.7.2/thumb2/libgcc.a(_dvmd_tls.o)
 .data          0x0000000000004e7c        0x0 /usr/local/Cellar/pebble-toolchain/2.0/arm-cs-tools/bin/../lib/gcc/arm-none-eabi/4.7.2/thumb2/libgcc.a(_divdi3.o)
 .data          0x0000000000004e7c        0x0 /usr/local/Cellar/pebble-toolchain/2.0/arm-cs-tools/bin/../lib/gcc/arm-none-eabi/4.7.2/thumb2/libgcc.a(_udivdi3.o)
 .data          0x0000000000004e7c        0x0 /usr/local/Cellar/pebble-toolchain/2.0/arm-cs-tools/bin/../lib/gcc/arm-none-eabi/4.7.2/thumb2/libgcc.a(_udivsi3.o)
 .data          0x0000000000004e7c        0x0 /usr/local/Cellar/pebble-toolchain/2.0/arm-cs-tools/bin/../lib/gcc/arm-none-eabi/4.7.2/thumb2/crtend.o
 .data          0x0000000000004e7c        0x0 /usr/local/Cellar/pebble-toolchain/2.0/arm-cs-tools/bin/../lib/gcc/arm-none-eabi/4.7.2/thumb2/crtn.o
 *(.data.*)
 .data.rel.ro.local.s_window_handlers.8293
                0x0000000000004e7c       0x10 src/simply/simply_menu.c.17.o
 .data.s_normal_palette
                0x0000000000004e8c        0x2 src/simply/simply_menu.c.17.o
 .data.s_inverted_palette
                0x0000000000004e8e        0x2 src/simply/simply_menu.c.17.o
 .data.rel.ro.local.s_window_handlers.8378
                0x0000000000004e90       0x10 src/simply/simply_stage.c.17.o
 .data.rel.ro.implementation.8245
                0x0000000000004ea0       0x14 src/simply/simply_stage.c.17.o
 .data.rel.ro.local.s_window_handlers.8072
                0x0000000000004eb4       0x10 src/simply/simply_ui.c.17.o
 .data.rel.ro.local.STYLES
                0x0000000000004ec4       0x5f src/simply/simply_ui.c.17.o
 .data.s_button_palette
                0x0000000000004f23        0x2 src/simply/simply_window.c.17.o
 .data.s_broadcast_window
                0x0000000000004f25        0x1 src/simply/simply_window_stack.c.17.o

.igot.plt       0x0000000000004f28        0x0
 .igot.plt      0x0000000000000000        0x0 /usr/local/Cellar/pebble-toolchain/2.0/arm-cs-tools/bin/../lib/gcc/arm-none-eabi/4.7.2/thumb2/crtbegin.o

.bss            0x0000000000004f28      0x118
 *(.bss)
 *(.bss.*)
 .bss.s_accel   0x0000000000004f28        0x4 src/simply/simply_accel.c.17.o
 .bss.s_provider.7869
                0x0000000000004f2c        0x4 src/simply/simply_menu.c.17.o
 .bss.s_has_communicated
                0x0000000000004f30        0x1 src/simply/simply_msg.c.17.o
 *fill*         0x0000000000004f31        0x3 
 .bss.s_msg     0x0000000000004f34        0x4 src/simply/simply_msg.c.17.o
 .bss.time_text.8141
                0x0000000000004f38      0x100 src/simply/simply_stage.c.17.o
 .bss.s_voice   0x0000000000005038        0x4 src/simply/simply_voice.c.17.o
 .bss.s_provider.7873
                0x000000000000503c        0x4 src/simply/simply_window.c.17.o

DISCARD
 libc.a(*)
 libm.a(*)
 libgcc.a(*)
 *(.eh_frame)
OUTPUT(/Users/eliyazdi/BuzzVoice/build/chalk/pebble-app.elf elf32-littlearm)

.ARM.attributes
                0x0000000000000000       0x27
 .ARM.attributes
                0x0000000000000000       0x19 /usr/local/Cellar/pebble-toolchain/2.0/arm-cs-tools/bin/../lib/gcc/arm-none-eabi/4.7.2/thumb2/crti.o
 .ARM.attributes
                0x0000000000000019       0x29 /usr/local/Cellar/pebble-toolchain/2.0/arm-cs-tools/bin/../lib/gcc/arm-none-eabi/4.7.2/thumb2/crtbegin.o
 .ARM.attributes
                0x0000000000000042       0x33 src/main.c.17.o
 .ARM.attributes
                0x0000000000000075       0x33 src/simply/simply.c.17.o
 .ARM.attributes
                0x00000000000000a8       0x33 src/simply/simply_accel.c.17.o
 .ARM.attributes
                0x00000000000000db       0x33 src/simply/simply_menu.c.17.o
 .ARM.attributes
                0x000000000000010e       0x33 src/simply/simply_msg.c.17.o
 .ARM.attributes
                0x0000000000000141       0x33 src/simply/simply_res.c.17.o
 .ARM.attributes
                0x0000000000000174       0x33 src/simply/simply_splash.c.17.o
 .ARM.attributes
                0x00000000000001a7       0x33 src/simply/simply_stage.c.17.o
 .ARM.attributes
                0x00000000000001da       0x33 src/simply/simply_ui.c.17.o
 .ARM.attributes
                0x000000000000020d       0x33 src/simply/simply_voice.c.17.o
 .ARM.attributes
                0x0000000000000240       0x33 src/simply/simply_wakeup.c.17.o
 .ARM.attributes
                0x0000000000000273       0x33 src/simply/simply_window.c.17.o
 .ARM.attributes
                0x00000000000002a6       0x33 src/simply/simply_window_stack.c.17.o
 .ARM.attributes
                0x00000000000002d9       0x33 chalk/appinfo.auto.c.17.o
 .ARM.attributes
                0x000000000000030c       0x21 /Users/eliyazdi/Library/Application Support/Pebble SDK/SDKs/current/sdk-core/pebble/chalk/lib/libpebble.a(tmpvl4HRLpebble.o)
 .ARM.attributes
                0x000000000000032d       0x19 /usr/local/Cellar/pebble-toolchain/2.0/arm-cs-tools/bin/../lib/gcc/arm-none-eabi/4.7.2/thumb2/libgcc.a(_aeabi_ldivmod.o)
 .ARM.attributes
                0x0000000000000346       0x29 /usr/local/Cellar/pebble-toolchain/2.0/arm-cs-tools/bin/../lib/gcc/arm-none-eabi/4.7.2/thumb2/libgcc.a(bpabi.o)
 .ARM.attributes
                0x000000000000036f       0x19 /usr/local/Cellar/pebble-toolchain/2.0/arm-cs-tools/bin/../lib/gcc/arm-none-eabi/4.7.2/thumb2/libgcc.a(_dvmd_tls.o)
 .ARM.attributes
                0x0000000000000388       0x29 /usr/local/Cellar/pebble-toolchain/2.0/arm-cs-tools/bin/../lib/gcc/arm-none-eabi/4.7.2/thumb2/libgcc.a(_divdi3.o)
 .ARM.attributes
                0x00000000000003b1       0x29 /usr/local/Cellar/pebble-toolchain/2.0/arm-cs-tools/bin/../lib/gcc/arm-none-eabi/4.7.2/thumb2/libgcc.a(_udivdi3.o)
 .ARM.attributes
                0x00000000000003da       0x19 /usr/local/Cellar/pebble-toolchain/2.0/arm-cs-tools/bin/../lib/gcc/arm-none-eabi/4.7.2/thumb2/libgcc.a(_udivsi3.o)
 .ARM.attributes
                0x00000000000003f3       0x29 /usr/local/Cellar/pebble-toolchain/2.0/arm-cs-tools/bin/../lib/gcc/arm-none-eabi/4.7.2/thumb2/crtend.o
 .ARM.attributes
                0x000000000000041c       0x19 /usr/local/Cellar/pebble-toolchain/2.0/arm-cs-tools/bin/../lib/gcc/arm-none-eabi/4.7.2/thumb2/crtn.o

.comment        0x0000000000000000       0x4e
 .comment       0x0000000000000000       0x4e /usr/local/Cellar/pebble-toolchain/2.0/arm-cs-tools/bin/../lib/gcc/arm-none-eabi/4.7.2/thumb2/crtbegin.o
                                         0x4f (size before relaxing)
 .comment       0x0000000000000000       0x4f src/main.c.17.o
 .comment       0x0000000000000000       0x4f src/simply/simply.c.17.o
 .comment       0x0000000000000000       0x4f src/simply/simply_accel.c.17.o
 .comment       0x0000000000000000       0x4f src/simply/simply_menu.c.17.o
 .comment       0x0000000000000000       0x4f src/simply/simply_msg.c.17.o
 .comment       0x0000000000000000       0x4f src/simply/simply_res.c.17.o
 .comment       0x0000000000000000       0x4f src/simply/simply_splash.c.17.o
 .comment       0x0000000000000000       0x4f src/simply/simply_stage.c.17.o
 .comment       0x0000000000000000       0x4f src/simply/simply_ui.c.17.o
 .comment       0x0000000000000000       0x4f src/simply/simply_voice.c.17.o
 .comment       0x0000000000000000       0x4f src/simply/simply_wakeup.c.17.o
 .comment       0x0000000000000000       0x4f src/simply/simply_window.c.17.o
 .comment       0x0000000000000000       0x4f src/simply/simply_window_stack.c.17.o
 .comment       0x0000000000000000       0x4f chalk/appinfo.auto.c.17.o
 .comment       0x0000000000000000       0x4f /usr/local/Cellar/pebble-toolchain/2.0/arm-cs-tools/bin/../lib/gcc/arm-none-eabi/4.7.2/thumb2/libgcc.a(bpabi.o)
 .comment       0x0000000000000000       0x4f /usr/local/Cellar/pebble-toolchain/2.0/arm-cs-tools/bin/../lib/gcc/arm-none-eabi/4.7.2/thumb2/libgcc.a(_divdi3.o)
 .comment       0x0000000000000000       0x4f /usr/local/Cellar/pebble-toolchain/2.0/arm-cs-tools/bin/../lib/gcc/arm-none-eabi/4.7.2/thumb2/libgcc.a(_udivdi3.o)
 .comment       0x0000000000000000       0x4f /usr/local/Cellar/pebble-toolchain/2.0/arm-cs-tools/bin/../lib/gcc/arm-none-eabi/4.7.2/thumb2/crtend.o

.debug_info     0x0000000000000000    0x17eda
 .debug_info    0x0000000000000000      0x256 src/main.c.17.o
 .debug_info    0x0000000000000256      0xd15 src/simply/simply.c.17.o
 .debug_info    0x0000000000000f6b      0xd7c src/simply/simply_accel.c.17.o
 .debug_info    0x0000000000001ce7     0x4325 src/simply/simply_menu.c.17.o
 .debug_info    0x000000000000600c     0x325f src/simply/simply_msg.c.17.o
 .debug_info    0x000000000000926b     0x13d4 src/simply/simply_res.c.17.o
 .debug_info    0x000000000000a63f      0x8e8 src/simply/simply_splash.c.17.o
 .debug_info    0x000000000000af27     0x470c src/simply/simply_stage.c.17.o
 .debug_info    0x000000000000f633     0x28f9 src/simply/simply_ui.c.17.o
 .debug_info    0x0000000000011f2c      0xac0 src/simply/simply_voice.c.17.o
 .debug_info    0x00000000000129ec      0xba7 src/simply/simply_wakeup.c.17.o
 .debug_info    0x0000000000013593     0x2565 src/simply/simply_window.c.17.o
 .debug_info    0x0000000000015af8     0x1050 src/simply/simply_window_stack.c.17.o
 .debug_info    0x0000000000016b48      0x319 chalk/appinfo.auto.c.17.o
 .debug_info    0x0000000000016e61       0xb4 /usr/local/Cellar/pebble-toolchain/2.0/arm-cs-tools/bin/../lib/gcc/arm-none-eabi/4.7.2/thumb2/libgcc.a(_aeabi_ldivmod.o)
 .debug_info    0x0000000000016f15      0x174 /usr/local/Cellar/pebble-toolchain/2.0/arm-cs-tools/bin/../lib/gcc/arm-none-eabi/4.7.2/thumb2/libgcc.a(bpabi.o)
 .debug_info    0x0000000000017089       0xb8 /usr/local/Cellar/pebble-toolchain/2.0/arm-cs-tools/bin/../lib/gcc/arm-none-eabi/4.7.2/thumb2/libgcc.a(_dvmd_tls.o)
 .debug_info    0x0000000000017141      0x68f /usr/local/Cellar/pebble-toolchain/2.0/arm-cs-tools/bin/../lib/gcc/arm-none-eabi/4.7.2/thumb2/libgcc.a(_divdi3.o)
 .debug_info    0x00000000000177d0      0x652 /usr/local/Cellar/pebble-toolchain/2.0/arm-cs-tools/bin/../lib/gcc/arm-none-eabi/4.7.2/thumb2/libgcc.a(_udivdi3.o)
 .debug_info    0x0000000000017e22       0xb8 /usr/local/Cellar/pebble-toolchain/2.0/arm-cs-tools/bin/../lib/gcc/arm-none-eabi/4.7.2/thumb2/libgcc.a(_udivsi3.o)

.debug_abbrev   0x0000000000000000     0x37ad
 .debug_abbrev  0x0000000000000000      0x14d src/main.c.17.o
 .debug_abbrev  0x000000000000014d      0x28b src/simply/simply.c.17.o
 .debug_abbrev  0x00000000000003d8      0x354 src/simply/simply_accel.c.17.o
 .debug_abbrev  0x000000000000072c      0x5ef src/simply/simply_menu.c.17.o
 .debug_abbrev  0x0000000000000d1b      0x59a src/simply/simply_msg.c.17.o
 .debug_abbrev  0x00000000000012b5      0x449 src/simply/simply_res.c.17.o
 .debug_abbrev  0x00000000000016fe      0x2ca src/simply/simply_splash.c.17.o
 .debug_abbrev  0x00000000000019c8      0x5c4 src/simply/simply_stage.c.17.o
 .debug_abbrev  0x0000000000001f8c      0x53c src/simply/simply_ui.c.17.o
 .debug_abbrev  0x00000000000024c8      0x2e9 src/simply/simply_voice.c.17.o
 .debug_abbrev  0x00000000000027b1      0x30b src/simply/simply_wakeup.c.17.o
 .debug_abbrev  0x0000000000002abc      0x4e2 src/simply/simply_window.c.17.o
 .debug_abbrev  0x0000000000002f9e      0x3e2 src/simply/simply_window_stack.c.17.o
 .debug_abbrev  0x0000000000003380       0x9e chalk/appinfo.auto.c.17.o
 .debug_abbrev  0x000000000000341e       0x14 /usr/local/Cellar/pebble-toolchain/2.0/arm-cs-tools/bin/../lib/gcc/arm-none-eabi/4.7.2/thumb2/libgcc.a(_aeabi_ldivmod.o)
 .debug_abbrev  0x0000000000003432       0xb7 /usr/local/Cellar/pebble-toolchain/2.0/arm-cs-tools/bin/../lib/gcc/arm-none-eabi/4.7.2/thumb2/libgcc.a(bpabi.o)