Archive member included because of file (symbol)

/Users/eliyazdi/Library/Application Support/Pebble SDK/SDKs/current/sdk-core/pebble/chalk/lib/libpebble.a(tmpvl4HRLpebble.o)
                              src/simply/simply_accel.c.17.o (accel_data_service_unsubscribe)
/usr/local/Cellar/pebble-toolchain/2.0/arm-cs-tools/bin/../lib/gcc/arm-none-eabi/4.7.2/thumb2/libgcc.a(_aeabi_ldivmod.o)
                              src/simply/simply_menu.c.17.o (__aeabi_ldivmod)
/usr/local/Cellar/pebble-toolchain/2.0/arm-cs-tools/bin/../lib/gcc/arm-none-eabi/4.7.2/thumb2/libgcc.a(bpabi.o)
                              /usr/local/Cellar/pebble-toolchain/2.0/arm-cs-tools/bin/../lib/gcc/arm-none-eabi/4.7.2/thumb2/libgcc.a(_aeabi_ldivmod.o) (__gnu_ldivmod_helper)
/usr/local/Cellar/pebble-toolchain/2.0/arm-cs-tools/bin/../lib/gcc/arm-none-eabi/4.7.2/thumb2/libgcc.a(_dvmd_tls.o)
                              /usr/local/Cellar/pebble-toolchain/2.0/arm-cs-tools/bin/../lib/gcc/arm-none-eabi/4.7.2/thumb2/libgcc.a(_aeabi_ldivmod.o) (__aeabi_ldiv0)
/usr/local/Cellar/pebble-toolchain/2.0/arm-cs-tools/bin/../lib/gcc/arm-none-eabi/4.7.2/thumb2/libgcc.a(_divdi3.o)
                              /usr/local/Cellar/pebble-toolchain/2.0/arm-cs-tools/bin/../lib/gcc/arm-none-eabi/4.7.2/thumb2/libgcc.a(bpabi.o) (__divdi3)
/usr/local/Cellar/pebble-toolchain/2.0/arm-cs-tools/bin/../lib/gcc/arm-none-eabi/4.7.2/thumb2/libgcc.a(_udivdi3.o)
                              /usr/local/Cellar/pebble-toolchain/2.0/arm-cs-tools/bin/../lib/gcc/arm-none-eabi/4.7.2/thumb2/libgcc.a(bpabi.o) (__udivdi3)
/usr/local/Cellar/pebble-toolchain/2.0/arm-cs-tools/bin/../lib/gcc/arm-none-eabi/4.7.2/thumb2/libgcc.a(_udivsi3.o)
                              /usr/local/Cellar/pebble-toolchain/2.0/arm-cs-tools/bin/../lib/gcc/arm-none-eabi/4.7.2/thumb2/libgcc.a(_divdi3.o) (__aeabi_uidiv)

Discarded input sections

 .text          0x0000000000000000        0x0 /usr/local/Cellar/pebble-toolchain/2.0/arm-cs-tools/bin/../lib/gcc/arm-none-eabi/4.7.2/thumb2/crti.o
 .bss           0x0000000000000000        0x0 /usr/local/Cellar/pebble-toolchain/2.0/arm-cs-tools/bin/../lib/gcc/arm-none-eabi/4.7.2/thumb2/crti.o
 .init          0x0000000000000000        0x4 /usr/local/Cellar/pebble-toolchain/2.0/arm-cs-tools/bin/../lib/gcc/arm-none-eabi/4.7.2/thumb2/crti.o
 .fini          0x0000000000000000        0x4 /usr/local/Cellar/pebble-toolchain/2.0/arm-cs-tools/bin/../lib/gcc/arm-none-eabi/4.7.2/thumb2/crti.o
 .text          0x0000000000000000       0xc8 /usr/local/Cellar/pebble-toolchain/2.0/arm-cs-tools/bin/../lib/gcc/arm-none-eabi/4.7.2/thumb2/crtbegin.o
 .bss           0x0000000000000000       0x1c /usr/local/Cellar/pebble-toolchain/2.0/arm-cs-tools/bin/../lib/gcc/arm-none-eabi/4.7.2/thumb2/crtbegin.o
 .init_array    0x0000000000000000        0x4 /usr/local/Cellar/pebble-toolchain/2.0/arm-cs-tools/bin/../lib/gcc/arm-none-eabi/4.7.2/thumb2/crtbegin.o
 .fini_array    0x0000000000000000        0x4 /usr/local/Cellar/pebble-toolchain/2.0/arm-cs-tools/bin/../lib/gcc/arm-none-eabi/4.7.2/thumb2/crtbegin.o
 .eh_frame      0x0000000000000000        0x0 /usr/local/Cellar/pebble-toolchain/2.0/arm-cs-tools/bin/../lib/gcc/arm-none-eabi/4.7.2/thumb2/crtbegin.o
 .jcr           0x0000000000000000        0x0 /usr/local/Cellar/pebble-toolchain/2.0/arm-cs-tools/bin/../lib/gcc/arm-none-eabi/4.7.2/thumb2/crtbegin.o
 .tm_clone_table
                0x0000000000000000        0x0 /usr/local/Cellar/pebble-toolchain/2.0/arm-cs-tools/bin/../lib/gcc/arm-none-eabi/4.7.2/thumb2/crtbegin.o
 .text          0x0000000000000000        0x0 src/main.c.17.o
 .bss           0x0000000000000000        0x0 src/main.c.17.o
 .text          0x0000000000000000        0x0 src/simply/simply.c.17.o
 .bss           0x0000000000000000        0x0 src/simply/simply.c.17.o
 .text          0x0000000000000000        0x0 src/simply/simply_accel.c.17.o
 .bss           0x0000000000000000        0x0 src/simply/simply_accel.c.17.o
 .text          0x0000000000000000        0x0 src/simply/simply_menu.c.17.o
 .bss           0x0000000000000000        0x0 src/simply/simply_menu.c.17.o
 .text          0x0000000000000000        0x0 src/simply/simply_msg.c.17.o
 .bss           0x0000000000000000        0x0 src/simply/simply_msg.c.17.o
 .text          0x0000000000000000        0x0 src/simply/simply_res.c.17.o
 .bss           0x0000000000000000        0x0 src/simply/simply_res.c.17.o
 .text.id_filter
                0x0000000000000000        0xa src/simply/simply_res.c.17.o
 .text.simply_res_remove_image
                0x0000000000000000       0x18 src/simply/simply_res.c.17.o
 .text          0x0000000000000000        0x0 src/simply/simply_splash.c.17.o
 .bss           0x0000000000000000        0x0 src/simply/simply_splash.c.17.o
 .text          0x0000000000000000        0x0 src/simply/simply_stage.c.17.o
 .bss           0x0000000000000000        0x0 src/simply/simply_stage.c.17.o
 .text.id_filter
[...]
Memory Configuration

Name             Origin             Length             Attributes
APP              0x0000000000000000 0x0000000000010000 xrw
*default*        0x0000000000000000 0xffffffffffffffff

Linker script and memory map

LOAD /usr/local/Cellar/pebble-toolchain/2.0/arm-cs-tools/bin/../lib/gcc/arm-none-eabi/4.7.2/thumb2/crti.o
LOAD /usr/local/Cellar/pebble-toolchain/2.0/arm-cs-tools/bin/../lib/gcc/arm-none-eabi/4.7.2/thumb2/crtbegin.o
LOAD src/main.c.17.o
LOAD src/simply/simply.c.17.o
LOAD src/simply/simply_accel.c.17.o
LOAD src/simply/simply_menu.c.17.o
LOAD src/simply/simply_msg.c.17.o
LOAD src/simply/simply_res.c.17.o
LOAD src/simply/simply_splash.c.17.o
LOAD src/simply/simply_stage.c.17.o
LOAD src/simply/simply_ui.c.17.o
LOAD src/simply/simply_voice.c.17.o
LOAD src/simply/simply_wakeup.c.17.o
LOAD src/simply/simply_window.c.17.o
LOAD src/simply/simply_window_stack.c.17.o
LOAD chalk/appinfo.auto.c.17.o
LOAD /Users/eliyazdi/Library/Application Support/Pebble SDK/SDKs/current/sdk-core/pebble/chalk/lib/libpebble.a
START GROUP
LOAD /usr/local/Cellar/pebble-toolchain/2.0/arm-cs-tools/bin/../lib/gcc/arm-none-eabi/4.7.2/thumb2/libgcc.a
LOAD /usr/local/Cellar/pebble-toolchain/2.0/arm-cs-tools/bin/../lib/gcc/arm-none-eabi/4.7.2/../../../../arm-none-eabi/lib/thumb2/libc.a
END GROUP
LOAD /usr/local/Cellar/pebble-toolchain/2.0/arm-cs-tools/bin/../lib/gcc/arm-none-eabi/4.7.2/thumb2/crtend.o
LOAD /usr/local/Cellar/pebble-toolchain/2.0/arm-cs-tools/bin/../lib/gcc/arm-none-eabi/4.7.2/thumb2/crtn.o

.header         0x0000000000000000       0x82
 *(.pbl_header)
 .pbl_header    0x0000000000000000       0x82 chalk/appinfo.auto.c.17.o
                0x0000000000000000                __pbl_app_info

.note.gnu.build-id
                0x0000000000000082       0x26
                0x0000000000000082                PROVIDE (BUILD_ID, .)
 *(.note.gnu.build-id)
 *fill*         0x0000000000000082        0x2 
 .note.gnu.build-id
                0x0000000000000084       0x24 linker stubs

.text           0x00000000000000a8     0x4ba7
 *(.text)
 .text          0x00000000000000a8       0x14 /Users/eliyazdi/Library/Application Support/Pebble SDK/SDKs/current/sdk-core/pebble/chalk/lib/libpebble.a(tmpvl4HRLpebble.o)
 .text          0x00000000000000bc       0x38 /usr/local/Cellar/pebble-toolchain/2.0/arm-cs-tools/bin/../lib/gcc/arm-none-eabi/4.7.2/thumb2/libgcc.a(_aeabi_ldivmod.o)
                0x00000000000000bc                __aeabi_ldivmod
 .text          0x00000000000000f4       0x60 /usr/local/Cellar/pebble-toolchain/2.0/arm-cs-tools/bin/../lib/gcc/arm-none-eabi/4.7.2/thumb2/libgcc.a(bpabi.o)
                0x00000000000000f4                __gnu_ldivmod_helper
                0x0000000000000124                __gnu_uldivmod_helper
 .text          0x0000000000000154        0x4 /usr/local/Cellar/pebble-toolchain/2.0/arm-cs-tools/bin/../lib/gcc/arm-none-eabi/4.7.2/thumb2/libgcc.a(_dvmd_tls.o)
                0x0000000000000154                __aeabi_ldiv0
                0x0000000000000154                __aeabi_idiv0
 .text          0x0000000000000158      0x36c /usr/local/Cellar/pebble-toolchain/2.0/arm-cs-tools/bin/../lib/gcc/arm-none-eabi/4.7.2/thumb2/libgcc.a(_divdi3.o)
                0x0000000000000158                __divdi3
 .text          0x00000000000004c4      0x314 /usr/local/Cellar/pebble-toolchain/2.0/arm-cs-tools/bin/../lib/gcc/arm-none-eabi/4.7.2/thumb2/libgcc.a(_udivdi3.o)
                0x00000000000004c4                __udivdi3
 .text          0x00000000000007d8      0x278 /usr/local/Cellar/pebble-toolchain/2.0/arm-cs-tools/bin/../lib/gcc/arm-none-eabi/4.7.2/thumb2/libgcc.a(_udivsi3.o)
                0x00000000000007d8                __udivsi3
                0x00000000000007d8                __aeabi_uidiv
                0x0000000000000a34                __aeabi_uidivmod
 *(.text.*)
 .text.startup.main
                0x0000000000000a50       0x16 src/main.c.17.o
                0x0000000000000a50                main
 .text.simply_init
                0x0000000000000a66       0x64 src/simply/simply.c.17.o
                0x0000000000000a66                simply_init
 .text.simply_deinit
                0x0000000000000aca       0x3e src/simply/simply.c.17.o
                0x0000000000000aca                simply_deinit
 .text.handle_accel_tap
                0x0000000000000b08       0x1e src/simply/simply_accel.c.17.o
 .text.send_accel_data.isra.1
                0x0000000000000b26       0x4a src/simply/simply_accel.c.17.o
 .text.handle_accel_data
                0x0000000000000b70        0x6 src/simply/simply_accel.c.17.o
 *fill*         0x0000000000000b76        0x2 
 .text.accel_peek_timer_callback
                0x0000000000000b78       0x40 src/simply/simply_accel.c.17.o
 .text.simply_accel_handle_packet
                0x0000000000000bb8       0x6c src/simply/simply_accel.c.17.o
                0x0000000000000bb8                simply_accel_handle_packet
 .text.simply_accel_create
                0x0000000000000c24       0x38 src/simply/simply_accel.c.17.o
                0x0000000000000c24                simply_accel_create
 .text.simply_accel_destroy
                0x0000000000000c5c       0x20 src/simply/simply_accel.c.17.o
                0x0000000000000c5c                simply_accel_destroy
 .text.list1_remove
                0x0000000000000c7c       0x32 src/simply/simply_menu.c.17.o
 .text.prv_section_filter
                0x0000000000000cae        0xc src/simply/simply_menu.c.17.o
 .text.prv_item_filter
                0x0000000000000cba       0x1a src/simply/simply_menu.c.17.o
 .text.prv_request_item_filter
                0x0000000000000cd4        0xc src/simply/simply_menu.c.17.o
 .text.prv_menu_get_num_sections_callback
                0x0000000000000ce0        0x4 src/simply/simply_menu.c.17.o
 .text.prv_free_title
                0x0000000000000ce4       0x20 src/simply/simply_menu.c.17.o
 .text.prv_destroy_section
                0x0000000000000d04       0x20 src/simply/simply_menu.c.17.o
 .text.prv_destroy_item
                0x0000000000000d24       0x28 src/simply/simply_menu.c.17.o
 .text.prv_menu_window_unload
                0x0000000000000d4c       0x1c src/simply/simply_menu.c.17.o
 .text.prv_reload_data
                0x0000000000000d68        0xa src/simply/simply_menu.c.17.o
 .text.simply_menu_clear
                0x0000000000000d72       0x28 src/simply/simply_menu.c.17.o
 .text.prv_menu_window_disappear
                0x0000000000000d9a       0x22 src/simply/simply_menu.c.17.o
 .text.prv_menu_window_appear
                0x0000000000000dbc        0xe src/simply/simply_menu.c.17.o
 .text.prv_single_click_handler
                0x0000000000000dca       0x1a src/simply/simply_menu.c.17.o
 .text.gpoint_polar
                0x0000000000000de4       0x34 src/simply/simply_menu.c.17.o
 .text.prv_mark_dirty
                0x0000000000000e18       0x14 src/simply/simply_menu.c.17.o
 .text.prv_menu_get_cell_height_callback
                0x0000000000000e2c       0x10 src/simply/simply_menu.c.17.o
 .text.strdup2  0x0000000000000e3c       0x28 src/simply/simply_menu.c.17.o
 .text.prv_menu_window_load
                0x0000000000000e64       0xfc src/simply/simply_menu.c.17.o
 .text.list1_find_prev.constprop.9
                0x0000000000000f60       0x1c src/simply/simply_menu.c.17.o
 .text.prv_click_config_provider
                0x0000000000000f7c       0x24 src/simply/simply_menu.c.17.o
 .text.prv_add_item
                0x0000000000000fa0       0x58 src/simply/simply_menu.c.17.o
 .text.prv_get_menu_section
                0x0000000000000ff8       0x10 src/simply/simply_menu.c.17.o
 .text.prv_menu_get_num_rows_callback
                0x0000000000001008       0x12 src/simply/simply_menu.c.17.o
 *fill*         0x000000000000101a        0x2 
 .text.prv_menu_get_header_height_callback
                0x000000000000101c       0x24 src/simply/simply_menu.c.17.o
 .text.refresh_spinner_timer
                0x0000000000001040       0x2c src/simply/simply_menu.c.17.o
 .text.spinner_timer_callback
                0x000000000000106c       0x16 src/simply/simply_menu.c.17.o
 .text.prv_menu_select_long_click_callback
                0x0000000000001082       0x22 src/simply/simply_menu.c.17.o
 .text.prv_menu_select_click_callback
                0x00000000000010a4       0x22 src/simply/simply_menu.c.17.o
 *fill*         0x00000000000010c6        0x2 
 .text.prv_add_section
                0x00000000000010c8       0x50 src/simply/simply_menu.c.17.o
 .text.prv_request_menu_section.part.2
                0x0000000000001118       0x3e src/simply/simply_menu.c.17.o
 *fill*         0x0000000000001156        0x2 
 .text.prv_menu_draw_row_callback
                0x0000000000001158      0x274 src/simply/simply_menu.c.17.o
 .text.prv_menu_draw_header_callback
                0x00000000000013cc      0x11c src/simply/simply_menu.c.17.o
 .text.simply_menu_handle_packet
                0x00000000000014e8      0x1dc src/simply/simply_menu.c.17.o
                0x00000000000014e8                simply_menu_handle_packet
 .text.simply_menu_create
                0x00000000000016c4       0x40 src/simply/simply_menu.c.17.o
                0x00000000000016c4                simply_menu_create
 .text.simply_menu_destroy
                0x0000000000001704       0x16 src/simply/simply_menu.c.17.o
                0x0000000000001704                simply_menu_destroy
 .text.list1_remove
                0x000000000000171a       0x32 src/simply/simply_msg.c.17.o
 .text.dropped_callback
                0x000000000000174c        0x2 src/simply/simply_msg.c.17.o
 .text.sent_callback
                0x000000000000174e        0x2 src/simply/simply_msg.c.17.o
 .text.send_msg
                0x0000000000001750       0x30 src/simply/simply_msg.c.17.o
 .text.handle_vibe_packet.isra.1
                0x0000000000001780      0x2b8 src/simply/simply_msg.c.17.o
 .text.handle_packet
                0x0000000000001a38      0x17a src/simply/simply_msg.c.17.o
 *fill*         0x0000000000001bb2        0x2 
 .text.received_callback
                0x0000000000001bb4       0x38 src/simply/simply_msg.c.17.o
 .text.send_msg_retry
                0x0000000000001bec       0xb8 src/simply/simply_msg.c.17.o
 .text.simply_msg_has_communicated
                0x0000000000001ca4        0xc src/simply/simply_msg.c.17.o
                0x0000000000001ca4                simply_msg_has_communicated
 .text.simply_msg_show_disconnected
                0x0000000000001cb0       0x58 src/simply/simply_msg.c.17.o
                0x0000000000001cb0                simply_msg_show_disconnected
 .text.failed_callback
                0x0000000000001d08       0x18 src/simply/simply_msg.c.17.o
 .text.simply_msg_create
                0x0000000000001d20       0x6c src/simply/simply_msg.c.17.o
                0x0000000000001d20                simply_msg_create
 .text.simply_msg_destroy
                0x0000000000001d8c       0x1c src/simply/simply_msg.c.17.o
                0x0000000000001d8c                simply_msg_destroy
 .text.simply_msg_send
                0x0000000000001da8        0x4 src/simply/simply_msg.c.17.o
                0x0000000000001da8                simply_msg_send
 .text.simply_msg_send_packet
                0x0000000000001dac       0x84 src/simply/simply_msg.c.17.o
                0x0000000000001dac                simply_msg_send_packet
 .text.list1_remove
                0x0000000000001e30       0x32 src/simply/simply_res.c.17.o
 .text.destroy_image
                0x0000000000001e62       0x22 src/simply/simply_res.c.17.o
 .text.malloc0  0x0000000000001e84       0x18 src/simply/simply_res.c.17.o
 .text.window_stack_schedule_top_window_render
                0x0000000000001e9c       0x12 src/simply/simply_res.c.17.o
 .text.setup_image
                0x0000000000001eae       0x64 src/simply/simply_res.c.17.o
 .text.create_bitmap_with_png_data
                0x0000000000001f12        0xc src/simply/simply_res.c.17.o
 .text.create_bitmap_with_id
                0x0000000000001f1e       0x12 src/simply/simply_res.c.17.o
 .text.simply_res_evict_image
                0x0000000000001f30       0x1a src/simply/simply_res.c.17.o
                0x0000000000001f30                simply_res_evict_image
 .text.create_image
                0x0000000000001f4a       0x48 src/simply/simply_res.c.17.o
 *fill*         0x0000000000001f92        0x2 
 .text.simply_res_add_bundled_image
                0x0000000000001f94       0x28 src/simply/simply_res.c.17.o
                0x0000000000001f94                simply_res_add_bundled_image
 .text.simply_res_add_image
                0x0000000000001fbc       0x64 src/simply/simply_res.c.17.o
                0x0000000000001fbc                simply_res_add_image
 .text.simply_res_auto_image
                0x0000000000002020       0x42 src/simply/simply_res.c.17.o
                0x0000000000002020                simply_res_auto_image
 .text.simply_res_add_custom_font
                0x0000000000002062       0x40 src/simply/simply_res.c.17.o
                0x0000000000002062                simply_res_add_custom_font
 .text.simply_res_auto_font
                0x00000000000020a2       0x2a src/simply/simply_res.c.17.o
                0x00000000000020a2                simply_res_auto_font
 .text.simply_res_clear
                0x00000000000020cc       0x34 src/simply/simply_res.c.17.o
                0x00000000000020cc                simply_res_clear
 .text.simply_res_create
                0x0000000000002100       0x2a src/simply/simply_res.c.17.o
                0x0000000000002100                simply_res_create
 .text.simply_res_destroy
                0x000000000000212a       0x12 src/simply/simply_res.c.17.o
                0x000000000000212a                simply_res_destroy
 .text.window_load
                0x000000000000213c       0x12 src/simply/simply_splash.c.17.o
 .text.layer_update_callback
                0x000000000000214e       0x24 src/simply/simply_splash.c.17.o
                0x000000000000214e                layer_update_callback
 *fill*         0x0000000000002172        0x2 
 .text.simply_splash_create
                0x0000000000002174       0x78 src/simply/simply_splash.c.17.o
                0x0000000000002174                simply_splash_create
 .text.simply_splash_destroy
                0x00000000000021ec       0x20 src/simply/simply_splash.c.17.o
                0x00000000000021ec                simply_splash_destroy
 .text.window_disappear
                0x000000000000220c       0x1a src/simply/simply_splash.c.17.o
 .text.list1_remove
                0x0000000000002226       0x32 src/simply/simply_stage.c.17.o
 .text.element_frame_getter
                0x0000000000002258       0x10 src/simply/simply_stage.c.17.o
 .text.window_unload
                0x0000000000002268       0x1e src/simply/simply_stage.c.17.o
 .text.destroy_animation
                0x0000000000002286       0x24 src/simply/simply_stage.c.17.o
 *fill*         0x00000000000022aa        0x2 
 .text.simply_stage_update_ticker
                0x00000000000022ac       0x2c src/simply/simply_stage.c.17.o
 .text.simply_stage_clear
                0x00000000000022d8       0x52 src/simply/simply_stage.c.17.o
 .text.window_disappear
                0x000000000000232a       0x22 src/simply/simply_stage.c.17.o
 .text.handle_tick
                0x000000000000234c       0x12 src/simply/simply_stage.c.17.o
 .text.simply_stage_update
                0x000000000000235e        0xa src/simply/simply_stage.c.17.o
 .text.window_appear
                0x0000000000002368       0x16 src/simply/simply_stage.c.17.o
 *fill*         0x000000000000237e        0x2 
 .text.window_load
                0x0000000000002380       0x58 src/simply/simply_stage.c.17.o
 .text.malloc0  0x00000000000023d8       0x18 src/simply/simply_stage.c.17.o
 .text.simply_stage_remove_element
                0x00000000000023f0       0x24 src/simply/simply_stage.c.17.o
 .text.rect_element_draw_background.isra.1.part.2
                0x0000000000002414       0x20 src/simply/simply_stage.c.17.o
 .text.rect_element_draw_border.isra.3.part.4
                0x0000000000002434       0x20 src/simply/simply_stage.c.17.o
 .text.simply_stage_set_element_frame.isra.10
                0x0000000000002454       0x32 src/simply/simply_stage.c.17.o
 .text.element_frame_setter
                0x0000000000002486       0x1e src/simply/simply_stage.c.17.o
 .text.prv_draw_line_polar.constprop.13
                0x00000000000024a4       0x46 src/simply/simply_stage.c.17.o
 .text.rect_element_draw.isra.5
                0x00000000000024ea       0x24 src/simply/simply_stage.c.17.o
 *fill*         0x000000000000250e        0x2 
 .text.layer_update_callback
                0x0000000000002510      0x358 src/simply/simply_stage.c.17.o
 .text.simply_stage_auto_element
                0x0000000000002868       0x8c src/simply/simply_stage.c.17.o
 .text.animation_stopped
                0x00000000000028f4       0x34 src/simply/simply_stage.c.17.o
 .text.simply_stage_handle_packet
                0x0000000000002928      0x2e0 src/simply/simply_stage.c.17.o
                0x0000000000002928                simply_stage_handle_packet
 .text.simply_stage_create
                0x0000000000002c08       0x38 src/simply/simply_stage.c.17.o
                0x0000000000002c08                simply_stage_create
 .text.simply_stage_destroy
                0x0000000000002c40       0x16 src/simply/simply_stage.c.17.o
                0x0000000000002c40                simply_stage_destroy
 .text.window_unload
                0x0000000000002c56       0x1e src/simply/simply_ui.c.17.o
 .text.window_disappear
                0x0000000000002c74       0x1c src/simply/simply_ui.c.17.o
 .text.window_appear
                0x0000000000002c90        0xe src/simply/simply_ui.c.17.o
 .text.graphics_draw_bitmap_centered
                0x0000000000002c9e       0x62 src/simply/simply_ui.c.17.o
 .text.mark_dirty
                0x0000000000002d00        0xa src/simply/simply_ui.c.17.o
 .text.show_welcome_text
                0x0000000000002d0a       0x18 src/simply/simply_ui.c.17.o
 .text.graphics_text_attributes_enable_paging_on_layer.constprop.3
                0x0000000000002d22       0x58 src/simply/simply_ui.c.17.o
 *fill*         0x0000000000002d7a        0x2 
 .text.layer_update_callback
                0x0000000000002d7c      0x510 src/simply/simply_ui.c.17.o
 .text.simply_ui_set_style
                0x000000000000328c       0x3c src/simply/simply_ui.c.17.o
                0x000000000000328c                simply_ui_set_style
 .text.window_load
                0x00000000000032c8       0x60 src/simply/simply_ui.c.17.o
 .text.simply_ui_set_text
                0x0000000000003328       0x5c src/simply/simply_ui.c.17.o
                0x0000000000003328                simply_ui_set_text
 .text.simply_ui_set_text_color
                0x0000000000003384        0xc src/simply/simply_ui.c.17.o
                0x0000000000003384                simply_ui_set_text_color
 .text.simply_ui_clear
                0x0000000000003390       0x4a src/simply/simply_ui.c.17.o
                0x0000000000003390                simply_ui_clear
 .text.simply_ui_handle_packet
                0x00000000000033da       0x70 src/simply/simply_ui.c.17.o
                0x00000000000033da                simply_ui_handle_packet
 *fill*         0x000000000000344a        0x2 
 .text.simply_ui_create
                0x000000000000344c       0x48 src/simply/simply_ui.c.17.o
                0x000000000000344c                simply_ui_create
 .text.simply_ui_destroy
                0x0000000000003494       0x2a src/simply/simply_ui.c.17.o
                0x0000000000003494                simply_ui_destroy
 *fill*         0x00000000000034be        0x2 
 .text.send_voice_data
                0x00000000000034c0       0x5c src/simply/simply_voice.c.17.o
 .text.dictation_session_callback
                0x000000000000351c       0x18 src/simply/simply_voice.c.17.o
 .text.timer_callback_start_dictation
                0x0000000000003534       0x10 src/simply/simply_voice.c.17.o
 .text.simply_voice_handle_packet
                0x0000000000003544       0x6c src/simply/simply_voice.c.17.o
                0x0000000000003544                simply_voice_handle_packet
 .text.simply_voice_create
                0x00000000000035b0       0x3c src/simply/simply_voice.c.17.o
                0x00000000000035b0                simply_voice_create
 .text.simply_voice_destroy
                0x00000000000035ec       0x18 src/simply/simply_voice.c.17.o
                0x00000000000035ec                simply_voice_destroy
 .text.simply_voice_dictation_in_progress
                0x0000000000003604       0x10 src/simply/simply_voice.c.17.o
                0x0000000000003604                simply_voice_dictation_in_progress
 .text.wakeup_handler
                0x0000000000003614       0x1c src/simply/simply_wakeup.c.17.o
 .text.wakeup_set_timer_callback
                0x0000000000003630       0x20 src/simply/simply_wakeup.c.17.o
 .text.simply_wakeup_handle_packet
                0x0000000000003650       0xac src/simply/simply_wakeup.c.17.o
                0x0000000000003650                simply_wakeup_handle_packet
 .text.simply_wakeup_init
                0x00000000000036fc        0xc src/simply/simply_wakeup.c.17.o
                0x00000000000036fc                simply_wakeup_init
 .text.prv_update_layer_placement
                0x0000000000003708       0xb6 src/simply/simply_window.c.17.o
 .text.simply_window_single_click_handler
                0x00000000000037be       0x5c src/simply/simply_window.c.17.o
                0x00000000000037be                simply_window_single_click_handler
 *fill*         0x000000000000381a        0x2 
 .text.scroll_layer_set_click_config_provider_onto_window.constprop.5
                0x000000000000381c       0x30 src/simply/simply_window.c.17.o
 .text.click_config_provider
                0x000000000000384c       0x7c src/simply/simply_window.c.17.o
 .text.long_click_handler
                0x00000000000038c8       0x32 src/simply/simply_window.c.17.o
 .text.simply_window_set_scrollable
                0x00000000000038fa       0x60 src/simply/simply_window.c.17.o
                0x00000000000038fa                simply_window_set_scrollable
 .text.simply_window_set_status_bar
                0x000000000000395a       0x44 src/simply/simply_window.c.17.o
                0x000000000000395a                simply_window_set_status_bar
 .text.simply_window_set_background_color
                0x000000000000399e       0x26 src/simply/simply_window.c.17.o
                0x000000000000399e                simply_window_set_background_color
 .text.simply_window_set_status_bar_colors
                0x00000000000039c4        0xa src/simply/simply_window.c.17.o
                0x00000000000039c4                simply_window_set_status_bar_colors
 .text.simply_window_set_status_bar_separator_mode
                0x00000000000039ce        0xa src/simply/simply_window.c.17.o
                0x00000000000039ce                simply_window_set_status_bar_separator_mode
 .text.simply_window_set_action_bar
                0x00000000000039d8       0x50 src/simply/simply_window.c.17.o
                0x00000000000039d8                simply_window_set_action_bar
 .text.simply_window_set_action_bar_icon
                0x0000000000003a28       0x58 src/simply/simply_window.c.17.o
                0x0000000000003a28                simply_window_set_action_bar_icon
 .text.simply_window_set_action_bar_background_color
                0x0000000000003a80       0x38 src/simply/simply_window.c.17.o
                0x0000000000003a80                simply_window_set_action_bar_background_color
 .text.simply_window_action_bar_clear
                0x0000000000003ab8       0x2c src/simply/simply_window.c.17.o
                0x0000000000003ab8                simply_window_action_bar_clear
 .text.simply_window_preload
                0x0000000000003ae4       0x30 src/simply/simply_window.c.17.o
                0x0000000000003ae4                simply_window_preload
 .text.simply_window_load
                0x0000000000003b14       0x9c src/simply/simply_window.c.17.o
                0x0000000000003b14                simply_window_load
 .text.simply_window_appear
                0x0000000000003bb0       0x1c src/simply/simply_window.c.17.o
                0x0000000000003bb0                simply_window_appear
 .text.simply_window_disappear
                0x0000000000003bcc       0x28 src/simply/simply_window.c.17.o
                0x0000000000003bcc                simply_window_disappear
 .text.simply_window_unload
                0x0000000000003bf4       0x32 src/simply/simply_window.c.17.o
                0x0000000000003bf4                simply_window_unload
 .text.simply_window_handle_packet
                0x0000000000003c26       0xac src/simply/simply_window.c.17.o
                0x0000000000003c26                simply_window_handle_packet
 .text.simply_window_init
                0x0000000000003cd2       0x26 src/simply/simply_window.c.17.o
                0x0000000000003cd2                simply_window_init
 .text.simply_window_deinit
                0x0000000000003cf8       0x12 src/simply/simply_window.c.17.o
                0x0000000000003cf8                simply_window_deinit
 .text.show_window_sdk_3.isra.4
                0x0000000000003d0a       0x52 src/simply/simply_window_stack.c.17.o
 .text.simply_window_stack_set_broadcast
                0x0000000000003d5c       0x10 src/simply/simply_window_stack.c.17.o
                0x0000000000003d5c                simply_window_stack_set_broadcast
 .text.simply_window_stack_get_top_window
                0x0000000000003d6c       0x20 src/simply/simply_window_stack.c.17.o
                0x0000000000003d6c                simply_window_stack_get_top_window
 .text.simply_window_stack_show
                0x0000000000003d8c        0x4 src/simply/simply_window_stack.c.17.o
                0x0000000000003d8c                simply_window_stack_show
 .text.simply_window_stack_pop
                0x0000000000003d90       0x26 src/simply/simply_window_stack.c.17.o
                0x0000000000003d90                simply_window_stack_pop
 *fill*         0x0000000000003db6        0x2 
 .text.simply_window_stack_send_show
                0x0000000000003db8       0x30 src/simply/simply_window_stack.c.17.o
                0x0000000000003db8                simply_window_stack_send_show
 .text.simply_window_stack_send_hide
                0x0000000000003de8       0x30 src/simply/simply_window_stack.c.17.o
                0x0000000000003de8                simply_window_stack_send_hide
 .text.simply_window_stack_back
                0x0000000000003e18       0x1a src/simply/simply_window_stack.c.17.o
                0x0000000000003e18                simply_window_stack_back
 .text.simply_window_stack_handle_packet
                0x0000000000003e32       0x4a src/simply/simply_window_stack.c.17.o
                0x0000000000003e32                simply_window_stack_handle_packet
 .text.simply_window_stack_create
                0x0000000000003e7c       0x12 src/simply/simply_window_stack.c.17.o
                0x0000000000003e7c                simply_window_stack_create
 .text.simply_window_stack_destroy
                0x0000000000003e8e        0x8 src/simply/simply_window_stack.c.17.o
                0x0000000000003e8e                simply_window_stack_destroy
 *fill*         0x0000000000003e96        0x2 
 .text.accel_data_service_unsubscribe
                0x0000000000003e98        0xc /Users/eliyazdi/Library/Application Support/Pebble SDK/SDKs/current/sdk-core/pebble/chalk/lib/libpebble.a(tmpvl4HRLpebble.o)
                0x0000000000003e98                accel_data_service_unsubscribe
 .text.accel_service_peek
                0x0000000000003ea4        0xc /Users/eliyazdi/Library/Application Support/Pebble SDK/SDKs/current/sdk-core/pebble/chalk/lib/libpebble.a(tmpvl4HRLpebble.o)
                0x0000000000003ea4                accel_service_peek
 .text.accel_service_set_sampling_rate
                0x0000000000003eb0        0xc /Users/eliyazdi/Library/Application Support/Pebble SDK/SDKs/current/sdk-core/pebble/chalk/lib/libpebble.a(tmpvl4HRLpebble.o)
                0x0000000000003eb0                accel_service_set_sampling_rate
 .text.accel_tap_service_subscribe
                0x0000000000003ebc        0xc /Users/eliyazdi/Library/Application Support/Pebble SDK/SDKs/current/sdk-core/pebble/chalk/lib/libpebble.a(tmpvl4HRLpebble.o)
                0x0000000000003ebc                accel_tap_service_subscribe
 .text.accel_tap_service_unsubscribe
                0x0000000000003ec8        0xc /Users/eliyazdi/Library/Application Support/Pebble SDK/SDKs/current/sdk-core/pebble/chalk/lib/libpebble.a(tmpvl4HRLpebble.o)
                0x0000000000003ec8                accel_tap_service_unsubscribe
 .text.app_event_loop
                0x0000000000003ed4        0xc /Users/eliyazdi/Library/Application Support/Pebble SDK/SDKs/current/sdk-core/pebble/chalk/lib/libpebble.a(tmpvl4HRLpebble.o)
                0x0000000000003ed4                app_event_loop
 .text.app_message_deregister_callbacks
                0x0000000000003ee0        0xc /Users/eliyazdi/Library/Application Support/Pebble SDK/SDKs/current/sdk-core/pebble/chalk/lib/libpebble.a(tmpvl4HRLpebble.o)
                0x0000000000003ee0                app_message_deregister_callbacks
 .text.app_message_open
                0x0000000000003eec        0xc /Users/eliyazdi/Library/Application Support/Pebble SDK/SDKs/current/sdk-core/pebble/chalk/lib/libpebble.a(tmpvl4HRLpebble.o)
                0x0000000000003eec                app_message_open
 .text.app_timer_cancel
                0x0000000000003ef8        0xc /Users/eliyazdi/Library/Application Support/Pebble SDK/SDKs/current/sdk-core/pebble/chalk/lib/libpebble.a(tmpvl4HRLpebble.o)
                0x0000000000003ef8                app_timer_cancel
 .text.app_timer_register
                0x0000000000003f04        0xc /Users/eliyazdi/Library/Application Support/Pebble SDK/SDKs/current/sdk-core/pebble/chalk/lib/libpebble.a(tmpvl4HRLpebble.o)
                0x0000000000003f04                app_timer_register
 .text.click_recognizer_get_button_id
                0x0000000000003f10        0xc /Users/eliyazdi/Library/Application Support/Pebble SDK/SDKs/current/sdk-core/pebble/chalk/lib/libpebble.a(tmpvl4HRLpebble.o)
                0x0000000000003f10                click_recognizer_get_button_id
 .text.cos_lookup
                0x0000000000003f1c        0xc /Users/eliyazdi/Library/Application Support/Pebble SDK/SDKs/current/sdk-core/pebble/chalk/lib/libpebble.a(tmpvl4HRLpebble.o)
                0x0000000000003f1c                cos_lookup
 .text.dict_find
                0x0000000000003f28        0xc /Users/eliyazdi/Library/Application Support/Pebble SDK/SDKs/current/sdk-core/pebble/chalk/lib/libpebble.a(tmpvl4HRLpebble.o)
                0x0000000000003f28                dict_find
 .text.dict_write_data
                0x0000000000003f34        0xc /Users/eliyazdi/Library/Application Support/Pebble SDK/SDKs/current/sdk-core/pebble/chalk/lib/libpebble.a(tmpvl4HRLpebble.o)
                0x0000000000003f34                dict_write_data
 .text.fonts_get_system_font
                0x0000000000003f40        0xc /Users/eliyazdi/Library/Application Support/Pebble SDK/SDKs/current/sdk-core/pebble/chalk/lib/libpebble.a(tmpvl4HRLpebble.o)
                0x0000000000003f40                fonts_get_system_font
 .text.fonts_load_custom_font
                0x0000000000003f4c        0xc /Users/eliyazdi/Library/Application Support/Pebble SDK/SDKs/current/sdk-core/pebble/chalk/lib/libpebble.a(tmpvl4HRLpebble.o)
                0x0000000000003f4c                fonts_load_custom_font
 .text.fonts_unload_custom_font
                0x0000000000003f58        0xc /Users/eliyazdi/Library/Application Support/Pebble SDK/SDKs/current/sdk-core/pebble/chalk/lib/libpebble.a(tmpvl4HRLpebble.o)
                0x0000000000003f58                fonts_unload_custom_font
 .text.free     0x0000000000003f64        0xc /Users/eliyazdi/Library/Application Support/Pebble SDK/SDKs/current/sdk-core/pebble/chalk/lib/libpebble.a(tmpvl4HRLpebble.o)
                0x0000000000003f64                free
 .text.gbitmap_create_with_resource
                0x0000000000003f70        0xc /Users/eliyazdi/Library/Application Support/Pebble SDK/SDKs/current/sdk-core/pebble/chalk/lib/libpebble.a(tmpvl4HRLpebble.o)
                0x0000000000003f70                gbitmap_create_with_resource
 .text.gbitmap_destroy
                0x0000000000003f7c        0xc /Users/eliyazdi/Library/Application Support/Pebble SDK/SDKs/current/sdk-core/pebble/chalk/lib/libpebble.a(tmpvl4HRLpebble.o)
                0x0000000000003f7c                gbitmap_destroy
 .text.graphics_context_set_compositing_mode
                0x0000000000003f88        0xc /Users/eliyazdi/Library/Application Support/Pebble SDK/SDKs/current/sdk-core/pebble/chalk/lib/libpebble.a(tmpvl4HRLpebble.o)
                0x0000000000003f88                graphics_context_set_compositing_mode
 .text.graphics_draw_bitmap_in_rect
                0x0000000000003f94        0xc /Users/eliyazdi/Library/Application Support/Pebble SDK/SDKs/current/sdk-core/pebble/chalk/lib/libpebble.a(tmpvl4HRLpebble.o)
                0x0000000000003f94                graphics_draw_bitmap_in_rect
 .text.graphics_draw_circle
                0x0000000000003fa0        0xc /Users/eliyazdi/Library/Application Support/Pebble SDK/SDKs/current/sdk-core/pebble/chalk/lib/libpebble.a(tmpvl4HRLpebble.o)
                0x0000000000003fa0                graphics_draw_circle
 .text.graphics_draw_line
                0x0000000000003fac        0xc /Users/eliyazdi/Library/Application Support/Pebble SDK/SDKs/current/sdk-core/pebble/chalk/lib/libpebble.a(tmpvl4HRLpebble.o)
                0x0000000000003fac                graphics_draw_line
 .text.graphics_draw_round_rect
                0x0000000000003fb8        0xc /Users/eliyazdi/Library/Application Support/Pebble SDK/SDKs/current/sdk-core/pebble/chalk/lib/libpebble.a(tmpvl4HRLpebble.o)
                0x0000000000003fb8                graphics_draw_round_rect
 .text.graphics_fill_circle
                0x0000000000003fc4        0xc /Users/eliyazdi/Library/Application Support/Pebble SDK/SDKs/current/sdk-core/pebble/chalk/lib/libpebble.a(tmpvl4HRLpebble.o)
                0x0000000000003fc4                graphics_fill_circle
 .text.graphics_fill_rect
                0x0000000000003fd0        0xc /Users/eliyazdi/Library/Application Support/Pebble SDK/SDKs/current/sdk-core/pebble/chalk/lib/libpebble.a(tmpvl4HRLpebble.o)
                0x0000000000003fd0                graphics_fill_rect
 .text.grect_center_point
                0x0000000000003fdc        0xc /Users/eliyazdi/Library/Application Support/Pebble SDK/SDKs/current/sdk-core/pebble/chalk/lib/libpebble.a(tmpvl4HRLpebble.o)
                0x0000000000003fdc                grect_center_point
 .text.grect_standardize
                0x0000000000003fe8        0xc /Users/eliyazdi/Library/Application Support/Pebble SDK/SDKs/current/sdk-core/pebble/chalk/lib/libpebble.a(tmpvl4HRLpebble.o)
                0x0000000000003fe8                grect_standardize
 .text.inverter_layer_create
                0x0000000000003ff4        0xc /Users/eliyazdi/Library/Application Support/Pebble SDK/SDKs/current/sdk-core/pebble/chalk/lib/libpebble.a(tmpvl4HRLpebble.o)
                0x0000000000003ff4                inverter_layer_create
 .text.inverter_layer_destroy
                0x0000000000004000        0xc /Users/eliyazdi/Library/Application Support/Pebble SDK/SDKs/current/sdk-core/pebble/chalk/lib/libpebble.a(tmpvl4HRLpebble.o)
                0x0000000000004000                inverter_layer_destroy
 .text.inverter_layer_get_layer
                0x000000000000400c        0xc /Users/eliyazdi/Library/Application Support/Pebble SDK/SDKs/current/sdk-core/pebble/chalk/lib/libpebble.a(tmpvl4HRLpebble.o)
                0x000000000000400c                inverter_layer_get_layer
 .text.layer_add_child
                0x0000000000004018        0xc /Users/eliyazdi/Library/Application Support/Pebble SDK/SDKs/current/sdk-core/pebble/chalk/lib/libpebble.a(tmpvl4HRLpebble.o)
                0x0000000000004018                layer_add_child
 .text.layer_create_with_data
                0x0000000000004024        0xc /Users/eliyazdi/Library/Application Support/Pebble SDK/SDKs/current/sdk-core/pebble/chalk/lib/libpebble.a(tmpvl4HRLpebble.o)
                0x0000000000004024                layer_create_with_data
 .text.layer_destroy
                0x0000000000004030        0xc /Users/eliyazdi/Library/Application Support/Pebble SDK/SDKs/current/sdk-core/pebble/chalk/lib/libpebble.a(tmpvl4HRLpebble.o)
                0x0000000000004030                layer_destroy
 .text.layer_get_bounds
                0x000000000000403c        0xc /Users/eliyazdi/Library/Application Support/Pebble SDK/SDKs/current/sdk-core/pebble/chalk/lib/libpebble.a(tmpvl4HRLpebble.o)
                0x000000000000403c                layer_get_bounds
 .text.layer_get_data
                0x0000000000004048        0xc /Users/eliyazdi/Library/Application Support/Pebble SDK/SDKs/current/sdk-core/pebble/chalk/lib/libpebble.a(tmpvl4HRLpebble.o)
                0x0000000000004048                layer_get_data
 .text.layer_get_frame
                0x0000000000004054        0xc /Users/eliyazdi/Library/Application Support/Pebble SDK/SDKs/current/sdk-core/pebble/chalk/lib/libpebble.a(tmpvl4HRLpebble.o)
                0x0000000000004054                layer_get_frame
 .text.layer_get_window
                0x0000000000004060        0xc /Users/eliyazdi/Library/Application Support/Pebble SDK/SDKs/current/sdk-core/pebble/chalk/lib/libpebble.a(tmpvl4HRLpebble.o)
                0x0000000000004060                layer_get_window
 .text.layer_mark_dirty
                0x000000000000406c        0xc /Users/eliyazdi/Library/Application Support/Pebble SDK/SDKs/current/sdk-core/pebble/chalk/lib/libpebble.a(tmpvl4HRLpebble.o)
                0x000000000000406c                layer_mark_dirty
 .text.layer_remove_from_parent
                0x0000000000004078        0xc /Users/eliyazdi/Library/Application Support/Pebble SDK/SDKs/current/sdk-core/pebble/chalk/lib/libpebble.a(tmpvl4HRLpebble.o)
                0x0000000000004078                layer_remove_from_parent
 .text.layer_set_frame
                0x0000000000004084        0xc /Users/eliyazdi/Library/Application Support/Pebble SDK/SDKs/current/sdk-core/pebble/chalk/lib/libpebble.a(tmpvl4HRLpebble.o)
                0x0000000000004084                layer_set_frame
 .text.layer_set_update_proc
                0x0000000000004090        0xc /Users/eliyazdi/Library/Application Support/Pebble SDK/SDKs/current/sdk-core/pebble/chalk/lib/libpebble.a(tmpvl4HRLpebble.o)
                0x0000000000004090                layer_set_update_proc
 .text.light_enable
                0x000000000000409c        0xc /Users/eliyazdi/Library/Application Support/Pebble SDK/SDKs/current/sdk-core/pebble/chalk/lib/libpebble.a(tmpvl4HRLpebble.o)
                0x000000000000409c                light_enable
 .text.light_enable_interaction
                0x00000000000040a8        0xc /Users/eliyazdi/Library/Application Support/Pebble SDK/SDKs/current/sdk-core/pebble/chalk/lib/libpebble.a(tmpvl4HRLpebble.o)
                0x00000000000040a8                light_enable_interaction
 .text.malloc   0x00000000000040b4        0xc /Users/eliyazdi/Library/Application Support/Pebble SDK/SDKs/current/sdk-core/pebble/chalk/lib/libpebble.a(tmpvl4HRLpebble.o)
                0x00000000000040b4                malloc
 .text.memcpy   0x00000000000040c0        0xc /Users/eliyazdi/Library/Application Support/Pebble SDK/SDKs/current/sdk-core/pebble/chalk/lib/libpebble.a(tmpvl4HRLpebble.o)
                0x00000000000040c0                memcpy
 .text.memset   0x00000000000040cc        0xc /Users/eliyazdi/Library/Application Support/Pebble SDK/SDKs/current/sdk-core/pebble/chalk/lib/libpebble.a(tmpvl4HRLpebble.o)
                0x00000000000040cc                memset
 .text.menu_cell_basic_draw
                0x00000000000040d8        0xc /Users/eliyazdi/Library/Application Support/Pebble SDK/SDKs/current/sdk-core/pebble/chalk/lib/libpebble.a(tmpvl4HRLpebble.o)
                0x00000000000040d8                menu_cell_basic_draw
 .text.menu_layer_destroy
                0x00000000000040e4        0xc /Users/eliyazdi/Library/Application Support/Pebble SDK/SDKs/current/sdk-core/pebble/chalk/lib/libpebble.a(tmpvl4HRLpebble.o)
                0x00000000000040e4                menu_layer_destroy
 .text.menu_layer_get_layer
                0x00000000000040f0        0xc /Users/eliyazdi/Library/Application Support/Pebble SDK/SDKs/current/sdk-core/pebble/chalk/lib/libpebble.a(tmpvl4HRLpebble.o)
                0x00000000000040f0                menu_layer_get_layer
 .text.menu_layer_get_scroll_layer
                0x00000000000040fc        0xc /Users/eliyazdi/Library/Application Support/Pebble SDK/SDKs/current/sdk-core/pebble/chalk/lib/libpebble.a(tmpvl4HRLpebble.o)
                0x00000000000040fc                menu_layer_get_scroll_layer
 .text.menu_layer_get_selected_index
                0x0000000000004108        0xc /Users/eliyazdi/Library/Application Support/Pebble SDK/SDKs/current/sdk-core/pebble/chalk/lib/libpebble.a(tmpvl4HRLpebble.o)
                0x0000000000004108                menu_layer_get_selected_index
 .text.menu_layer_reload_data
                0x0000000000004114        0xc /Users/eliyazdi/Library/Application Support/Pebble SDK/SDKs/current/sdk-core/pebble/chalk/lib/libpebble.a(tmpvl4HRLpebble.o)
                0x0000000000004114                menu_layer_reload_data
 .text.menu_layer_set_click_config_onto_window
                0x0000000000004120        0xc /Users/eliyazdi/Library/Application Support/Pebble SDK/SDKs/current/sdk-core/pebble/chalk/lib/libpebble.a(tmpvl4HRLpebble.o)
                0x0000000000004120                menu_layer_set_click_config_onto_window
 .text.menu_layer_set_selected_index
                0x000000000000412c        0xc /Users/eliyazdi/Library/Application Support/Pebble SDK/SDKs/current/sdk-core/pebble/chalk/lib/libpebble.a(tmpvl4HRLpebble.o)
                0x000000000000412c                menu_layer_set_selected_index
 .text.psleep   0x0000000000004138        0xc /Users/eliyazdi/Library/Application Support/Pebble SDK/SDKs/current/sdk-core/pebble/chalk/lib/libpebble.a(tmpvl4HRLpebble.o)
                0x0000000000004138                psleep
 .text.resource_get_handle
                0x0000000000004144        0xc /Users/eliyazdi/Library/Application Support/Pebble SDK/SDKs/current/sdk-core/pebble/chalk/lib/libpebble.a(tmpvl4HRLpebble.o)
                0x0000000000004144                resource_get_handle
 .text.scroll_layer_add_child
                0x0000000000004150        0xc /Users/eliyazdi/Library/Application Support/Pebble SDK/SDKs/current/sdk-core/pebble/chalk/lib/libpebble.a(tmpvl4HRLpebble.o)
                0x0000000000004150                scroll_layer_add_child
 .text.scroll_layer_create
                0x000000000000415c        0xc /Users/eliyazdi/Library/Application Support/Pebble SDK/SDKs/current/sdk-core/pebble/chalk/lib/libpebble.a(tmpvl4HRLpebble.o)
                0x000000000000415c                scroll_layer_create
 .text.scroll_layer_destroy
                0x0000000000004168        0xc /Users/eliyazdi/Library/Application Support/Pebble SDK/SDKs/current/sdk-core/pebble/chalk/lib/libpebble.a(tmpvl4HRLpebble.o)
                0x0000000000004168                scroll_layer_destroy
 .text.scroll_layer_get_content_offset
                0x0000000000004174        0xc /Users/eliyazdi/Library/Application Support/Pebble SDK/SDKs/current/sdk-core/pebble/chalk/lib/libpebble.a(tmpvl4HRLpebble.o)
                0x0000000000004174                scroll_layer_get_content_offset
 .text.scroll_layer_get_layer
                0x0000000000004180        0xc /Users/eliyazdi/Library/Application Support/Pebble SDK/SDKs/current/sdk-core/pebble/chalk/lib/libpebble.a(tmpvl4HRLpebble.o)
                0x0000000000004180                scroll_layer_get_layer
 .text.scroll_layer_set_click_config_onto_window
                0x000000000000418c        0xc /Users/eliyazdi/Library/Application Support/Pebble SDK/SDKs/current/sdk-core/pebble/chalk/lib/libpebble.a(tmpvl4HRLpebble.o)
                0x000000000000418c                scroll_layer_set_click_config_onto_window
 .text.scroll_layer_set_content_offset
                0x0000000000004198        0xc /Users/eliyazdi/Library/Application Support/Pebble SDK/SDKs/current/sdk-core/pebble/chalk/lib/libpebble.a(tmpvl4HRLpebble.o)
                0x0000000000004198                scroll_layer_set_content_offset
 .text.scroll_layer_set_content_size
                0x00000000000041a4        0xc /Users/eliyazdi/Library/Application Support/Pebble SDK/SDKs/current/sdk-core/pebble/chalk/lib/libpebble.a(tmpvl4HRLpebble.o)
                0x00000000000041a4                scroll_layer_set_content_size
 .text.scroll_layer_set_context
                0x00000000000041b0        0xc /Users/eliyazdi/Library/Application Support/Pebble SDK/SDKs/current/sdk-core/pebble/chalk/lib/libpebble.a(tmpvl4HRLpebble.o)
                0x00000000000041b0                scroll_layer_set_context
 .text.scroll_layer_set_shadow_hidden
                0x00000000000041bc        0xc /Users/eliyazdi/Library/Application Support/Pebble SDK/SDKs/current/sdk-core/pebble/chalk/lib/libpebble.a(tmpvl4HRLpebble.o)
                0x00000000000041bc                scroll_layer_set_shadow_hidden
 .text.sin_lookup
                0x00000000000041c8        0xc /Users/eliyazdi/Library/Application Support/Pebble SDK/SDKs/current/sdk-core/pebble/chalk/lib/libpebble.a(tmpvl4HRLpebble.o)
                0x00000000000041c8                sin_lookup
 .text.strftime
                0x00000000000041d4        0xc /Users/eliyazdi/Library/Application Support/Pebble SDK/SDKs/current/sdk-core/pebble/chalk/lib/libpebble.a(tmpvl4HRLpebble.o)
                0x00000000000041d4                strftime
 .text.strlen   0x00000000000041e0        0xc /Users/eliyazdi/Library/Application Support/Pebble SDK/SDKs/current/sdk-core/pebble/chalk/lib/libpebble.a(tmpvl4HRLpebble.o)
                0x00000000000041e0                strlen
 .text.strncpy  0x00000000000041ec        0xc /Users/eliyazdi/Library/Application Support/Pebble SDK/SDKs/current/sdk-core/pebble/chalk/lib/libpebble.a(tmpvl4HRLpebble.o)
                0x00000000000041ec                strncpy
 .text.tick_timer_service_subscribe
                0x00000000000041f8        0xc /Users/eliyazdi/Library/Application Support/Pebble SDK/SDKs/current/sdk-core/pebble/chalk/lib/libpebble.a(tmpvl4HRLpebble.o)
                0x00000000000041f8                tick_timer_service_subscribe
 .text.tick_timer_service_unsubscribe
                0x0000000000004204        0xc /Users/eliyazdi/Library/Application Support/Pebble SDK/SDKs/current/sdk-core/pebble/chalk/lib/libpebble.a(tmpvl4HRLpebble.o)
                0x0000000000004204                tick_timer_service_unsubscribe
 .text.vibes_double_pulse
                0x0000000000004210        0xc /Users/eliyazdi/Library/Application Support/Pebble SDK/SDKs/current/sdk-core/pebble/chalk/lib/libpebble.a(tmpvl4HRLpebble.o)
                0x0000000000004210                vibes_double_pulse
 .text.vibes_enqueue_custom_pattern
                0x000000000000421c        0xc /Users/eliyazdi/Library/Application Support/Pebble SDK/SDKs/current/sdk-core/pebble/chalk/lib/libpebble.a(tmpvl4HRLpebble.o)
                0x000000000000421c                vibes_enqueue_custom_pattern
 .text.vibes_long_pulse
                0x0000000000004228        0xc /Users/eliyazdi/Library/Application Support/Pebble SDK/SDKs/current/sdk-core/pebble/chalk/lib/libpebble.a(tmpvl4HRLpebble.o)
                0x0000000000004228                vibes_long_pulse
 .text.vibes_short_pulse
                0x0000000000004234        0xc /Users/eliyazdi/Library/Application Support/Pebble SDK/SDKs/current/sdk-core/pebble/chalk/lib/libpebble.a(tmpvl4HRLpebble.o)
                0x0000000000004234                vibes_short_pulse
 .text.window_create
                0x0000000000004240        0xc /Users/eliyazdi/Library/Application Support/Pebble SDK/SDKs/current/sdk-core/pebble/chalk/lib/libpebble.a(tmpvl4HRLpebble.o)
                0x0000000000004240                window_create
 .text.window_destroy
                0x000000000000424c        0xc /Users/eliyazdi/Library/Application Support/Pebble SDK/SDKs/current/sdk-core/pebble/chalk/lib/libpebble.a(tmpvl4HRLpebble.o)
                0x000000000000424c                window_destroy
 .text.window_get_click_config_provider
                0x0000000000004258        0xc /Users/eliyazdi/Library/Application Support/Pebble SDK/SDKs/current/sdk-core/pebble/chalk/lib/libpebble.a(tmpvl4HRLpebble.o)
                0x0000000000004258                window_get_click_config_provider
 .text.window_get_root_layer
                0x0000000000004264        0xc /Users/eliyazdi/Library/Application Support/Pebble SDK/SDKs/current/sdk-core/pebble/chalk/lib/libpebble.a(tmpvl4HRLpebble.o)
                0x0000000000004264                window_get_root_layer
 .text.window_set_click_config_provider_with_context
                0x0000000000004270        0xc /Users/eliyazdi/Library/Application Support/Pebble SDK/SDKs/current/sdk-core/pebble/chalk/lib/libpebble.a(tmpvl4HRLpebble.o)
                0x0000000000004270                window_set_click_config_provider_with_context
 .text.window_set_window_handlers
                0x000000000000427c        0xc /Users/eliyazdi/Library/Application Support/Pebble SDK/SDKs/current/sdk-core/pebble/chalk/lib/libpebble.a(tmpvl4HRLpebble.o)
                0x000000000000427c                window_set_window_handlers
 .text.window_stack_get_top_window
                0x0000000000004288        0xc /Users/eliyazdi/Library/Application Support/Pebble SDK/SDKs/current/sdk-core/pebble/chalk/lib/libpebble.a(tmpvl4HRLpebble.o)
                0x0000000000004288                window_stack_get_top_window
 .text.window_stack_pop
                0x0000000000004294        0xc /Users/eliyazdi/Library/Application Support/Pebble SDK/SDKs/current/sdk-core/pebble/chalk/lib/libpebble.a(tmpvl4HRLpebble.o)
                0x0000000000004294                window_stack_pop
 .text.window_stack_pop_all
                0x00000000000042a0        0xc /Users/eliyazdi/Library/Application Support/Pebble SDK/SDKs/current/sdk-core/pebble/chalk/lib/libpebble.a(tmpvl4HRLpebble.o)
                0x00000000000042a0                window_stack_pop_all
 .text.window_stack_push
                0x00000000000042ac        0xc /Users/eliyazdi/Library/Application Support/Pebble SDK/SDKs/current/sdk-core/pebble/chalk/lib/libpebble.a(tmpvl4HRLpebble.o)
                0x00000000000042ac                window_stack_push
 .text.window_stack_remove
                0x00000000000042b8        0xc /Users/eliyazdi/Library/Application Support/Pebble SDK/SDKs/current/sdk-core/pebble/chalk/lib/libpebble.a(tmpvl4HRLpebble.o)
                0x00000000000042b8                window_stack_remove
 .text.window_get_user_data
                0x00000000000042c4        0xc /Users/eliyazdi/Library/Application Support/Pebble SDK/SDKs/current/sdk-core/pebble/chalk/lib/libpebble.a(tmpvl4HRLpebble.o)
                0x00000000000042c4                window_get_user_data
 .text.window_set_user_data
                0x00000000000042d0        0xc /Users/eliyazdi/Library/Application Support/Pebble SDK/SDKs/current/sdk-core/pebble/chalk/lib/libpebble.a(tmpvl4HRLpebble.o)
                0x00000000000042d0                window_set_user_data
 .text.app_message_outbox_begin
                0x00000000000042dc        0xc /Users/eliyazdi/Library/Application Support/Pebble SDK/SDKs/current/sdk-core/pebble/chalk/lib/libpebble.a(tmpvl4HRLpebble.o)
                0x00000000000042dc                app_message_outbox_begin
 .text.app_message_outbox_send
                0x00000000000042e8        0xc /Users/eliyazdi/Library/Application Support/Pebble SDK/SDKs/current/sdk-core/pebble/chalk/lib/libpebble.a(tmpvl4HRLpebble.o)
                0x00000000000042e8                app_message_outbox_send
 .text.app_message_register_inbox_dropped
                0x00000000000042f4        0xc /Users/eliyazdi/Library/Application Support/Pebble SDK/SDKs/current/sdk-core/pebble/chalk/lib/libpebble.a(tmpvl4HRLpebble.o)
                0x00000000000042f4                app_message_register_inbox_dropped
 .text.app_message_register_inbox_received
                0x0000000000004300        0xc /Users/eliyazdi/Library/Application Support/Pebble SDK/SDKs/current/sdk-core/pebble/chalk/lib/libpebble.a(tmpvl4HRLpebble.o)
                0x0000000000004300                app_message_register_inbox_received
 .text.app_message_register_outbox_failed
                0x000000000000430c        0xc /Users/eliyazdi/Library/Application Support/Pebble SDK/SDKs/current/sdk-core/pebble/chalk/lib/libpebble.a(tmpvl4HRLpebble.o)
                0x000000000000430c                app_message_register_outbox_failed
 .text.app_message_register_outbox_sent
                0x0000000000004318        0xc /Users/eliyazdi/Library/Application Support/Pebble SDK/SDKs/current/sdk-core/pebble/chalk/lib/libpebble.a(tmpvl4HRLpebble.o)
                0x0000000000004318                app_message_register_outbox_sent
 .text.app_message_set_context
                0x0000000000004324        0xc /Users/eliyazdi/Library/Application Support/Pebble SDK/SDKs/current/sdk-core/pebble/chalk/lib/libpebble.a(tmpvl4HRLpebble.o)
                0x0000000000004324                app_message_set_context
 .text.window_long_click_subscribe
                0x0000000000004330        0xc /Users/eliyazdi/Library/Application Support/Pebble SDK/SDKs/current/sdk-core/pebble/chalk/lib/libpebble.a(tmpvl4HRLpebble.o)
                0x0000000000004330                window_long_click_subscribe
 .text.window_set_click_context
                0x000000000000433c        0xc /Users/eliyazdi/Library/Application Support/Pebble SDK/SDKs/current/sdk-core/pebble/chalk/lib/libpebble.a(tmpvl4HRLpebble.o)
                0x000000000000433c                window_set_click_context
 .text.window_single_click_subscribe
                0x0000000000004348        0xc /Users/eliyazdi/Library/Application Support/Pebble SDK/SDKs/current/sdk-core/pebble/chalk/lib/libpebble.a(tmpvl4HRLpebble.o)
                0x0000000000004348                window_single_click_subscribe
 .text.graphics_draw_text
                0x0000000000004354        0xc /Users/eliyazdi/Library/Application Support/Pebble SDK/SDKs/current/sdk-core/pebble/chalk/lib/libpebble.a(tmpvl4HRLpebble.o)
                0x0000000000004354                graphics_draw_text
 .text.accel_data_service_subscribe
                0x0000000000004360        0xc /Users/eliyazdi/Library/Application Support/Pebble SDK/SDKs/current/sdk-core/pebble/chalk/lib/libpebble.a(tmpvl4HRLpebble.o)
                0x0000000000004360                accel_data_service_subscribe
 .text.launch_reason
                0x000000000000436c        0xc /Users/eliyazdi/Library/Application Support/Pebble SDK/SDKs/current/sdk-core/pebble/chalk/lib/libpebble.a(tmpvl4HRLpebble.o)
                0x000000000000436c                launch_reason
 .text.wakeup_cancel
                0x0000000000004378        0xc /Users/eliyazdi/Library/Application Support/Pebble SDK/SDKs/current/sdk-core/pebble/chalk/lib/libpebble.a(tmpvl4HRLpebble.o)
                0x0000000000004378                wakeup_cancel
 .text.wakeup_cancel_all
                0x0000000000004384        0xc /Users/eliyazdi/Library/Application Support/Pebble SDK/SDKs/current/sdk-core/pebble/chalk/lib/libpebble.a(tmpvl4HRLpebble.o)
                0x0000000000004384                wakeup_cancel_all
 .text.wakeup_get_launch_event
                0x0000000000004390        0xc /Users/eliyazdi/Library/Application Support/Pebble SDK/SDKs/current/sdk-core/pebble/chalk/lib/libpebble.a(tmpvl4HRLpebble.o)
                0x0000000000004390                wakeup_get_launch_event
 .text.wakeup_schedule
                0x000000000000439c        0xc /Users/eliyazdi/Library/Application Support/Pebble SDK/SDKs/current/sdk-core/pebble/chalk/lib/libpebble.a(tmpvl4HRLpebble.o)
                0x000000000000439c                wakeup_schedule
 .text.wakeup_service_subscribe
                0x00000000000043a8        0xc /Users/eliyazdi/Library/Application Support/Pebble SDK/SDKs/current/sdk-core/pebble/chalk/lib/libpebble.a(tmpvl4HRLpebble.o)
                0x00000000000043a8                wakeup_service_subscribe
 .text.clock_is_timezone_set
                0x00000000000043b4        0xc /Users/eliyazdi/Library/Application Support/Pebble SDK/SDKs/current/sdk-core/pebble/chalk/lib/libpebble.a(tmpvl4HRLpebble.o)
                0x00000000000043b4                clock_is_timezone_set
 .text.graphics_context_set_fill_color
                0x00000000000043c0        0xc /Users/eliyazdi/Library/Application Support/Pebble SDK/SDKs/current/sdk-core/pebble/chalk/lib/libpebble.a(tmpvl4HRLpebble.o)
                0x00000000000043c0                graphics_context_set_fill_color
 .text.graphics_context_set_stroke_color
                0x00000000000043cc        0xc /Users/eliyazdi/Library/Application Support/Pebble SDK/SDKs/current/sdk-core/pebble/chalk/lib/libpebble.a(tmpvl4HRLpebble.o)
                0x00000000000043cc                graphics_context_set_stroke_color
 .text.graphics_context_set_text_color
                0x00000000000043d8        0xc /Users/eliyazdi/Library/Application Support/Pebble SDK/SDKs/current/sdk-core/pebble/chalk/lib/libpebble.a(tmpvl4HRLpebble.o)
                0x00000000000043d8                graphics_context_set_text_color
 .text.window_set_background_color
                0x00000000000043e4        0xc /Users/eliyazdi/Library/Application Support/Pebble SDK/SDKs/current/sdk-core/pebble/chalk/lib/libpebble.a(tmpvl4HRLpebble.o)
                0x00000000000043e4                window_set_background_color
 .text.localtime
                0x00000000000043f0        0xc /Users/eliyazdi/Library/Application Support/Pebble SDK/SDKs/current/sdk-core/pebble/chalk/lib/libpebble.a(tmpvl4HRLpebble.o)
                0x00000000000043f0                localtime
 .text.animation_destroy
                0x00000000000043fc        0xc /Users/eliyazdi/Library/Application Support/Pebble SDK/SDKs/current/sdk-core/pebble/chalk/lib/libpebble.a(tmpvl4HRLpebble.o)
                0x00000000000043fc                animation_destroy
 .text.animation_schedule
                0x0000000000004408        0xc /Users/eliyazdi/Library/Application Support/Pebble SDK/SDKs/current/sdk-core/pebble/chalk/lib/libpebble.a(tmpvl4HRLpebble.o)
                0x0000000000004408                animation_schedule
 .text.animation_set_curve
                0x0000000000004414        0xc /Users/eliyazdi/Library/Application Support/Pebble SDK/SDKs/current/sdk-core/pebble/chalk/lib/libpebble.a(tmpvl4HRLpebble.o)
                0x0000000000004414                animation_set_curve
 .text.animation_set_duration
                0x0000000000004420        0xc /Users/eliyazdi/Library/Application Support/Pebble SDK/SDKs/current/sdk-core/pebble/chalk/lib/libpebble.a(tmpvl4HRLpebble.o)
                0x0000000000004420                animation_set_duration
 .text.animation_set_handlers
                0x000000000000442c        0xc /Users/eliyazdi/Library/Application Support/Pebble SDK/SDKs/current/sdk-core/pebble/chalk/lib/libpebble.a(tmpvl4HRLpebble.o)
                0x000000000000442c                animation_set_handlers
 .text.animation_unschedule
                0x0000000000004438        0xc /Users/eliyazdi/Library/Application Support/Pebble SDK/SDKs/current/sdk-core/pebble/chalk/lib/libpebble.a(tmpvl4HRLpebble.o)
                0x0000000000004438                animation_unschedule
 .text.property_animation_create
                0x0000000000004444        0xc /Users/eliyazdi/Library/Application Support/Pebble SDK/SDKs/current/sdk-core/pebble/chalk/lib/libpebble.a(tmpvl4HRLpebble.o)
                0x0000000000004444                property_animation_create
 .text.property_animation_destroy
                0x0000000000004450        0xc /Users/eliyazdi/Library/Application Support/Pebble SDK/SDKs/current/sdk-core/pebble/chalk/lib/libpebble.a(tmpvl4HRLpebble.o)
                0x0000000000004450                property_animation_destroy
 .text.property_animation_from
                0x000000000000445c        0xc /Users/eliyazdi/Library/Application Support/Pebble SDK/SDKs/current/sdk-core/pebble/chalk/lib/libpebble.a(tmpvl4HRLpebble.o)
                0x000000000000445c                property_animation_from
 .text.property_animation_to
                0x0000000000004468        0xc /Users/eliyazdi/Library/Application Support/Pebble SDK/SDKs/current/sdk-core/pebble/chalk/lib/libpebble.a(tmpvl4HRLpebble.o)
                0x0000000000004468                property_animation_to
 .text.property_animation_update_grect
                0x0000000000004474        0xc /Users/eliyazdi/Library/Application Support/Pebble SDK/SDKs/current/sdk-core/pebble/chalk/lib/libpebble.a(tmpvl4HRLpebble.o)
                0x0000000000004474                property_animation_update_grect
 .text.gbitmap_get_bounds
                0x0000000000004480        0xc /Users/eliyazdi/Library/Application Support/Pebble SDK/SDKs/current/sdk-core/pebble/chalk/lib/libpebble.a(tmpvl4HRLpebble.o)
                0x0000000000004480                gbitmap_get_bounds
 .text.gbitmap_get_format
                0x000000000000448c        0xc /Users/eliyazdi/Library/Application Support/Pebble SDK/SDKs/current/sdk-core/pebble/chalk/lib/libpebble.a(tmpvl4HRLpebble.o)
                0x000000000000448c                gbitmap_get_format
 .text.gbitmap_get_palette
                0x0000000000004498        0xc /Users/eliyazdi/Library/Application Support/Pebble SDK/SDKs/current/sdk-core/pebble/chalk/lib/libpebble.a(tmpvl4HRLpebble.o)
                0x0000000000004498                gbitmap_get_palette
 .text.gbitmap_set_palette
                0x00000000000044a4        0xc /Users/eliyazdi/Library/Application Support/Pebble SDK/SDKs/current/sdk-core/pebble/chalk/lib/libpebble.a(tmpvl4HRLpebble.o)
                0x00000000000044a4                gbitmap_set_palette
 .text.gbitmap_create_from_png_data
                0x00000000000044b0        0xc /Users/eliyazdi/Library/Application Support/Pebble SDK/SDKs/current/sdk-core/pebble/chalk/lib/libpebble.a(tmpvl4HRLpebble.o)
                0x00000000000044b0                gbitmap_create_from_png_data
 .text.launch_get_args
                0x00000000000044bc        0xc /Users/eliyazdi/Library/Application Support/Pebble SDK/SDKs/current/sdk-core/pebble/chalk/lib/libpebble.a(tmpvl4HRLpebble.o)
                0x00000000000044bc                launch_get_args
 .text.menu_layer_create
                0x00000000000044c8        0xc /Users/eliyazdi/Library/Application Support/Pebble SDK/SDKs/current/sdk-core/pebble/chalk/lib/libpebble.a(tmpvl4HRLpebble.o)
                0x00000000000044c8                menu_layer_create
 .text.graphics_context_set_antialiased
                0x00000000000044d4        0xc /Users/eliyazdi/Library/Application Support/Pebble SDK/SDKs/current/sdk-core/pebble/chalk/lib/libpebble.a(tmpvl4HRLpebble.o)
                0x00000000000044d4                graphics_context_set_antialiased
 .text.graphics_context_set_stroke_width
                0x00000000000044e0        0xc /Users/eliyazdi/Library/Application Support/Pebble SDK/SDKs/current/sdk-core/pebble/chalk/lib/libpebble.a(tmpvl4HRLpebble.o)
                0x00000000000044e0                graphics_context_set_stroke_width
 .text.action_bar_layer_add_to_window
                0x00000000000044ec        0xc /Users/eliyazdi/Library/Application Support/Pebble SDK/SDKs/current/sdk-core/pebble/chalk/lib/libpebble.a(tmpvl4HRLpebble.o)
                0x00000000000044ec                action_bar_layer_add_to_window
 .text.action_bar_layer_clear_icon
                0x00000000000044f8        0xc /Users/eliyazdi/Library/Application Support/Pebble SDK/SDKs/current/sdk-core/pebble/chalk/lib/libpebble.a(tmpvl4HRLpebble.o)
                0x00000000000044f8                action_bar_layer_clear_icon
 .text.action_bar_layer_create
                0x0000000000004504        0xc /Users/eliyazdi/Library/Application Support/Pebble SDK/SDKs/current/sdk-core/pebble/chalk/lib/libpebble.a(tmpvl4HRLpebble.o)
                0x0000000000004504                action_bar_layer_create
 .text.action_bar_layer_destroy
                0x0000000000004510        0xc /Users/eliyazdi/Library/Application Support/Pebble SDK/SDKs/current/sdk-core/pebble/chalk/lib/libpebble.a(tmpvl4HRLpebble.o)
                0x0000000000004510                action_bar_layer_destroy
 .text.action_bar_layer_get_layer
                0x000000000000451c        0xc /Users/eliyazdi/Library/Application Support/Pebble SDK/SDKs/current/sdk-core/pebble/chalk/lib/libpebble.a(tmpvl4HRLpebble.o)
                0x000000000000451c                action_bar_layer_get_layer
 .text.action_bar_layer_remove_from_window
                0x0000000000004528        0xc /Users/eliyazdi/Library/Application Support/Pebble SDK/SDKs/current/sdk-core/pebble/chalk/lib/libpebble.a(tmpvl4HRLpebble.o)
                0x0000000000004528                action_bar_layer_remove_from_window
 .text.action_bar_layer_set_background_color
                0x0000000000004534        0xc /Users/eliyazdi/Library/Application Support/Pebble SDK/SDKs/current/sdk-core/pebble/chalk/lib/libpebble.a(tmpvl4HRLpebble.o)
                0x0000000000004534                action_bar_layer_set_background_color
 .text.action_bar_layer_set_click_config_provider
                0x0000000000004540        0xc /Users/eliyazdi/Library/Application Support/Pebble SDK/SDKs/current/sdk-core/pebble/chalk/lib/libpebble.a(tmpvl4HRLpebble.o)
                0x0000000000004540                action_bar_layer_set_click_config_provider
 .text.action_bar_layer_set_context
                0x000000000000454c        0xc /Users/eliyazdi/Library/Application Support/Pebble SDK/SDKs/current/sdk-core/pebble/chalk/lib/libpebble.a(tmpvl4HRLpebble.o)
                0x000000000000454c                action_bar_layer_set_context
 .text.action_bar_layer_set_icon
                0x0000000000004558        0xc /Users/eliyazdi/Library/Application Support/Pebble SDK/SDKs/current/sdk-core/pebble/chalk/lib/libpebble.a(tmpvl4HRLpebble.o)
                0x0000000000004558                action_bar_layer_set_icon
 .text.menu_cell_layer_is_highlighted
                0x0000000000004564        0xc /Users/eliyazdi/Library/Application Support/Pebble SDK/SDKs/current/sdk-core/pebble/chalk/lib/libpebble.a(tmpvl4HRLpebble.o)
                0x0000000000004564                menu_cell_layer_is_highlighted
 .text.time     0x0000000000004570        0xc /Users/eliyazdi/Library/Application Support/Pebble SDK/SDKs/current/sdk-core/pebble/chalk/lib/libpebble.a(tmpvl4HRLpebble.o)
                0x0000000000004570                time
 .text.menu_layer_set_highlight_colors
                0x000000000000457c        0xc /Users/eliyazdi/Library/Application Support/Pebble SDK/SDKs/current/sdk-core/pebble/chalk/lib/libpebble.a(tmpvl4HRLpebble.o)
                0x000000000000457c                menu_layer_set_highlight_colors
 .text.menu_layer_set_normal_colors
                0x0000000000004588        0xc /Users/eliyazdi/Library/Application Support/Pebble SDK/SDKs/current/sdk-core/pebble/chalk/lib/libpebble.a(tmpvl4HRLpebble.o)
                0x0000000000004588                menu_layer_set_normal_colors
 .text.menu_layer_set_callbacks
                0x0000000000004594        0xc /Users/eliyazdi/Library/Application Support/Pebble SDK/SDKs/current/sdk-core/pebble/chalk/lib/libpebble.a(tmpvl4HRLpebble.o)
                0x0000000000004594                menu_layer_set_callbacks
 .text.status_bar_layer_create
                0x00000000000045a0        0xc /Users/eliyazdi/Library/Application Support/Pebble SDK/SDKs/current/sdk-core/pebble/chalk/lib/libpebble.a(tmpvl4HRLpebble.o)
                0x00000000000045a0                status_bar_layer_create
 .text.status_bar_layer_destroy
                0x00000000000045ac        0xc /Users/eliyazdi/Library/Application Support/Pebble SDK/SDKs/current/sdk-core/pebble/chalk/lib/libpebble.a(tmpvl4HRLpebble.o)
                0x00000000000045ac                status_bar_layer_destroy
 .text.status_bar_layer_get_layer
                0x00000000000045b8        0xc /Users/eliyazdi/Library/Application Support/Pebble SDK/SDKs/current/sdk-core/pebble/chalk/lib/libpebble.a(tmpvl4HRLpebble.o)
                0x00000000000045b8                status_bar_layer_get_layer
 .text.status_bar_layer_set_colors
                0x00000000000045c4        0xc /Users/eliyazdi/Library/Application Support/Pebble SDK/SDKs/current/sdk-core/pebble/chalk/lib/libpebble.a(tmpvl4HRLpebble.o)
                0x00000000000045c4                status_bar_layer_set_colors
 .text.status_bar_layer_set_separator_mode
                0x00000000000045d0        0xc /Users/eliyazdi/Library/Application Support/Pebble SDK/SDKs/current/sdk-core/pebble/chalk/lib/libpebble.a(tmpvl4HRLpebble.o)
                0x00000000000045d0                status_bar_layer_set_separator_mode
 .text.time_ms  0x00000000000045dc        0xc /Users/eliyazdi/Library/Application Support/Pebble SDK/SDKs/current/sdk-core/pebble/chalk/lib/libpebble.a(tmpvl4HRLpebble.o)
                0x00000000000045dc                time_ms
 .text.gcolor_legible_over
                0x00000000000045e8        0xc /Users/eliyazdi/Library/Application Support/Pebble SDK/SDKs/current/sdk-core/pebble/chalk/lib/libpebble.a(tmpvl4HRLpebble.o)
                0x00000000000045e8                gcolor_legible_over
 .text.dictation_session_create
                0x00000000000045f4        0xc /Users/eliyazdi/Library/Application Support/Pebble SDK/SDKs/current/sdk-core/pebble/chalk/lib/libpebble.a(tmpvl4HRLpebble.o)
                0x00000000000045f4                dictation_session_create
 .text.dictation_session_enable_confirmation
                0x0000000000004600        0xc /Users/eliyazdi/Library/Application Support/Pebble SDK/SDKs/current/sdk-core/pebble/chalk/lib/libpebble.a(tmpvl4HRLpebble.o)
                0x0000000000004600                dictation_session_enable_confirmation
 .text.dictation_session_start
                0x000000000000460c        0xc /Users/eliyazdi/Library/Application Support/Pebble SDK/SDKs/current/sdk-core/pebble/chalk/lib/libpebble.a(tmpvl4HRLpebble.o)
                0x000000000000460c                dictation_session_start
 .text.dictation_session_stop
                0x0000000000004618        0xc /Users/eliyazdi/Library/Application Support/Pebble SDK/SDKs/current/sdk-core/pebble/chalk/lib/libpebble.a(tmpvl4HRLpebble.o)
                0x0000000000004618                dictation_session_stop
 .text.grect_inset
                0x0000000000004624        0xc /Users/eliyazdi/Library/Application Support/Pebble SDK/SDKs/current/sdk-core/pebble/chalk/lib/libpebble.a(tmpvl4HRLpebble.o)
                0x0000000000004624                grect_inset
 .text.gpoint_from_polar
                0x0000000000004630        0xc /Users/eliyazdi/Library/Application Support/Pebble SDK/SDKs/current/sdk-core/pebble/chalk/lib/libpebble.a(tmpvl4HRLpebble.o)
                0x0000000000004630                gpoint_from_polar
 .text.graphics_draw_arc
                0x000000000000463c        0xc /Users/eliyazdi/Library/Application Support/Pebble SDK/SDKs/current/sdk-core/pebble/chalk/lib/libpebble.a(tmpvl4HRLpebble.o)
                0x000000000000463c                graphics_draw_arc
 .text.graphics_fill_radial
                0x0000000000004648        0xc /Users/eliyazdi/Library/Application Support/Pebble SDK/SDKs/current/sdk-core/pebble/chalk/lib/libpebble.a(tmpvl4HRLpebble.o)
                0x0000000000004648                graphics_fill_radial
 .text.graphics_text_attributes_create
                0x0000000000004654        0xc /Users/eliyazdi/Library/Application Support/Pebble SDK/SDKs/current/sdk-core/pebble/chalk/lib/libpebble.a(tmpvl4HRLpebble.o)
                0x0000000000004654                graphics_text_attributes_create
 .text.graphics_text_attributes_destroy
                0x0000000000004660        0xc /Users/eliyazdi/Library/Application Support/Pebble SDK/SDKs/current/sdk-core/pebble/chalk/lib/libpebble.a(tmpvl4HRLpebble.o)
                0x0000000000004660                graphics_text_attributes_destroy
 .text.graphics_text_attributes_enable_paging
                0x000000000000466c        0xc /Users/eliyazdi/Library/Application Support/Pebble SDK/SDKs/current/sdk-core/pebble/chalk/lib/libpebble.a(tmpvl4HRLpebble.o)
                0x000000000000466c                graphics_text_attributes_enable_paging
 .text.graphics_text_attributes_enable_screen_text_flow
                0x0000000000004678        0xc /Users/eliyazdi/Library/Application Support/Pebble SDK/SDKs/current/sdk-core/pebble/chalk/lib/libpebble.a(tmpvl4HRLpebble.o)
                0x0000000000004678                graphics_text_attributes_enable_screen_text_flow
 .text.graphics_text_layout_get_content_size_with_attributes
                0x0000000000004684        0xc /Users/eliyazdi/Library/Application Support/Pebble SDK/SDKs/current/sdk-core/pebble/chalk/lib/libpebble.a(tmpvl4HRLpebble.o)
                0x0000000000004684                graphics_text_layout_get_content_size_with_attributes
 .text.layer_convert_point_to_screen
                0x0000000000004690        0xc /Users/eliyazdi/Library/Application Support/Pebble SDK/SDKs/current/sdk-core/pebble/chalk/lib/libpebble.a(tmpvl4HRLpebble.o)
                0x0000000000004690                layer_convert_point_to_screen
 .text.layer_convert_rect_to_screen
                0x000000000000469c        0xc /Users/eliyazdi/Library/Application Support/Pebble SDK/SDKs/current/sdk-core/pebble/chalk/lib/libpebble.a(tmpvl4HRLpebble.o)
                0x000000000000469c                layer_convert_rect_to_screen
 .text.scroll_layer_set_paging
                0x00000000000046a8        0xc /Users/eliyazdi/Library/Application Support/Pebble SDK/SDKs/current/sdk-core/pebble/chalk/lib/libpebble.a(tmpvl4HRLpebble.o)
                0x00000000000046a8                scroll_layer_set_paging
 .text.menu_layer_is_index_selected
                0x00000000000046b4        0xc /Users/eliyazdi/Library/Application Support/Pebble SDK/SDKs/current/sdk-core/pebble/chalk/lib/libpebble.a(tmpvl4HRLpebble.o)
                0x00000000000046b4                menu_layer_is_index_selected
 *(.rodata)
 *(.rodata*)
 .rodata.str1.1
                0x00000000000046c0       0x1b src/simply/simply_menu.c.17.o
                                         0x1c (size before relaxing)
 *fill*         0x00000000000046db        0x1 
 .rodata.segments.8286
                0x00000000000046dc       0x30 src/simply/simply_msg.c.17.o
 .rodata.segments.8289
                0x000000000000470c       0x28 src/simply/simply_msg.c.17.o
 .rodata.segments.8295
                0x0000000000004734       0x30 src/simply/simply_msg.c.17.o
 .rodata.segments.8298
                0x0000000000004764       0x30 src/simply/simply_msg.c.17.o
 .rodata.segments.8202
                0x0000000000004794       0x18 src/simply/simply_msg.c.17.o
 .rodata.segments.8292
                0x00000000000047ac       0x30 src/simply/simply_msg.c.17.o
 .rodata.segments.8205
                0x00000000000047dc        0x8 src/simply/simply_msg.c.17.o
 .rodata.segments.8211
                0x00000000000047e4       0x18 src/simply/simply_msg.c.17.o
 .rodata.segments.8208
                0x00000000000047fc       0x20 src/simply/simply_msg.c.17.o
 .rodata.segments.8214
                0x000000000000481c       0x20 src/simply/simply_msg.c.17.o
 .rodata.segments.8220
                0x000000000000483c       0x20 src/simply/simply_msg.c.17.o
 .rodata.segments.8217
                0x000000000000485c       0x10 src/simply/simply_msg.c.17.o
 .rodata.segments.8223
                0x000000000000486c       0x18 src/simply/simply_msg.c.17.o
 .rodata.segments.8226
                0x0000000000004884       0x20 src/simply/simply_msg.c.17.o
 .rodata.str1.1
                0x00000000000048a4       0x26 src/simply/simply_msg.c.17.o
 *fill*         0x00000000000048ca        0x2 
 .rodata.segments.8232
                0x00000000000048cc       0x10 src/simply/simply_msg.c.17.o
 .rodata.segments.8229
                0x00000000000048dc       0x10 src/simply/simply_msg.c.17.o
 .rodata.segments.8235
                0x00000000000048ec       0x18 src/simply/simply_msg.c.17.o
 .rodata.segments.8196
                0x0000000000004904       0x20 src/simply/simply_msg.c.17.o
 .rodata.segments.8241
                0x0000000000004924       0x20 src/simply/simply_msg.c.17.o
 .rodata.segments.8238
                0x0000000000004944       0x20 src/simply/simply_msg.c.17.o
 .rodata.segments.8199
                0x0000000000004964       0x20 src/simply/simply_msg.c.17.o
 .rodata.segments.8244
                0x0000000000004984       0x18 src/simply/simply_msg.c.17.o
 .rodata.segments.8250
                0x000000000000499c        0x8 src/simply/simply_msg.c.17.o
 .rodata.segments.8247
                0x00000000000049a4       0x18 src/simply/simply_msg.c.17.o
 .rodata.segments.8253
                0x00000000000049bc       0x18 src/simply/simply_msg.c.17.o
 .rodata.segments.8256
                0x00000000000049d4       0x20 src/simply/simply_msg.c.17.o
 .rodata.segments.8301
                0x00000000000049f4       0x30 src/simply/simply_msg.c.17.o
 .rodata.segments.8262
                0x0000000000004a24       0x20 src/simply/simply_msg.c.17.o
 .rodata.segments.8259
                0x0000000000004a44       0x18 src/simply/simply_msg.c.17.o
 .rodata.segments.8304
                0x0000000000004a5c       0x30 src/simply/simply_msg.c.17.o
 .rodata.segments.8265
                0x0000000000004a8c       0x20 src/simply/simply_msg.c.17.o
 .rodata.segments.8271
                0x0000000000004aac       0x30 src/simply/simply_msg.c.17.o
 .rodata.segments.8268
                0x0000000000004adc       0x20 src/simply/simply_msg.c.17.o
 .rodata.segments.8193
                0x0000000000004afc       0x10 src/simply/simply_msg.c.17.o
 .rodata.segments.8274
                0x0000000000004b0c       0x30 src/simply/simply_msg.c.17.o
 .rodata.segments.8280
                0x0000000000004b3c       0x30 src/simply/simply_msg.c.17.o
 .rodata.segments.8277
                0x0000000000004b6c       0x30 src/simply/simply_msg.c.17.o
 .rodata.segments.8283
                0x0000000000004b9c       0x20 src/simply/simply_msg.c.17.o
 .rodata.str1.1
                0x0000000000004bbc       0x16 src/simply/simply_stage.c.17.o
 .rodata.str1.1
                0x0000000000004bd2       0x7d src/simply/simply_ui.c.17.o
 .rodata.str1.1
                0x0000000000000000        0x1 src/simply/simply_voice.c.17.o

.glue_7         0x0000000000004c50        0x0
 .glue_7        0x0000000000000000        0x0 linker stubs

.glue_7t        0x0000000000004c50        0x0
 .glue_7t       0x0000000000000000        0x0 linker stubs

.vfp11_veneer   0x0000000000004c50        0x0
 .vfp11_veneer  0x0000000000000000        0x0 linker stubs

.v4_bx          0x0000000000004c50        0x0
 .v4_bx         0x0000000000000000        0x0 linker stubs

.iplt           0x0000000000004c50        0x0
 .iplt          0x0000000000000000        0x0 /usr/local/Cellar/pebble-toolchain/2.0/arm-cs-tools/bin/../lib/gcc/arm-none-eabi/4.7.2/thumb2/crtbegin.o

.rel.dyn        0x0000000000004c50        0x0
 .rel.iplt      0x0000000000000000        0x0 /usr/local/Cellar/pebble-toolchain/2.0/arm-cs-tools/bin/../lib/gcc/arm-none-eabi/4.7.2/thumb2/crtbegin.o

.ARM.exidx      0x0000000000004c50        0x8
 .ARM.exidx     0x0000000000004c50        0x8 /usr/local/Cellar/pebble-toolchain/2.0/arm-cs-tools/bin/../lib/gcc/arm-none-eabi/4.7.2/thumb2/libgcc.a(_divdi3.o)
 .ARM.exidx     0x0000000000004c58        0x0 /usr/local/Cellar/pebble-toolchain/2.0/arm-cs-tools/bin/../lib/gcc/arm-none-eabi/4.7.2/thumb2/libgcc.a(_udivdi3.o)
                                          0x8 (size before relaxing)

.data           0x0000000000004c58      0x1de
 *(.data)
 .data          0x0000000000004c58        0x0 /usr/local/Cellar/pebble-toolchain/2.0/arm-cs-tools/bin/../lib/gcc/arm-none-eabi/4.7.2/thumb2/crti.o
 .data          0x0000000000004c58        0x4 /usr/local/Cellar/pebble-toolchain/2.0/arm-cs-tools/bin/../lib/gcc/arm-none-eabi/4.7.2/thumb2/crtbegin.o
                0x0000000000004c58                __dso_handle
 .data          0x0000000000004c5c        0x0 src/main.c.17.o
 .data          0x0000000000004c5c        0x0 src/simply/simply.c.17.o
 .data          0x0000000000004c5c        0x0 src/simply/simply_accel.c.17.o
 .data          0x0000000000004c5c        0x0 src/simply/simply_menu.c.17.o
 .data          0x0000000000004c5c      0x130 src/simply/simply_msg.c.17.o
 .data          0x0000000000004d8c        0x0 src/simply/simply_res.c.17.o
 .data          0x0000000000004d8c        0x0 src/simply/simply_splash.c.17.o
 .data          0x0000000000004d8c        0x0 src/simply/simply_stage.c.17.o
 .data          0x0000000000004d8c        0x0 src/simply/simply_ui.c.17.o
 .data          0x0000000000004d8c        0x0 src/simply/simply_voice.c.17.o
 .data          0x0000000000004d8c        0x0 src/simply/simply_wakeup.c.17.o
 .data          0x0000000000004d8c        0x0 src/simply/simply_window.c.17.o
 .data          0x0000000000004d8c        0x0 src/simply/simply_window_stack.c.17.o
 .data          0x0000000000004d8c        0x0 chalk/appinfo.auto.c.17.o
 .data          0x0000000000004d8c        0x0 /Users/eliyazdi/Library/Application Support/Pebble SDK/SDKs/current/sdk-core/pebble/chalk/lib/libpebble.a(tmpvl4HRLpebble.o)
 .data          0x0000000000004d8c        0x0 /usr/local/Cellar/pebble-toolchain/2.0/arm-cs-tools/bin/../lib/gcc/arm-none-eabi/4.7.2/thumb2/libgcc.a(_aeabi_ldivmod.o)
 .data          0x0000000000004d8c        0x0 /usr/local/Cellar/pebble-toolchain/2.0/arm-cs-tools/bin/../lib/gcc/arm-none-eabi/4.7.2/thumb2/libgcc.a(bpabi.o)
 .data          0x0000000000004d8c        0x0 /usr/local/Cellar/pebble-toolchain/2.0/arm-cs-tools/bin/../lib/gcc/arm-none-eabi/4.7.2/thumb2/libgcc.a(_dvmd_tls.o)
 .data          0x0000000000004d8c        0x0 /usr/local/Cellar/pebble-toolchain/2.0/arm-cs-tools/bin/../lib/gcc/arm-none-eabi/4.7.2/thumb2/libgcc.a(_divdi3.o)
 .data          0x0000000000004d8c        0x0 /usr/local/Cellar/pebble-toolchain/2.0/arm-cs-tools/bin/../lib/gcc/arm-none-eabi/4.7.2/thumb2/libgcc.a(_udivdi3.o)
 .data          0x0000000000004d8c        0x0 /usr/local/Cellar/pebble-toolchain/2.0/arm-cs-tools/bin/../lib/gcc/arm-none-eabi/4.7.2/thumb2/libgcc.a(_udivsi3.o)
 .data          0x0000000000004d8c        0x0 /usr/local/Cellar/pebble-toolchain/2.0/arm-cs-tools/bin/../lib/gcc/arm-none-eabi/4.7.2/thumb2/crtend.o
 .data          0x0000000000004d8c        0x0 /usr/local/Cellar/pebble-toolchain/2.0/arm-cs-tools/bin/../lib/gcc/arm-none-eabi/4.7.2/thumb2/crtn.o
 *(.data.*)
 .data.rel.ro.local.s_window_handlers.8293
                0x0000000000004d8c       0x10 src/simply/simply_menu.c.17.o
 .data.s_normal_palette
                0x0000000000004d9c        0x2 src/simply/simply_menu.c.17.o
 .data.s_inverted_palette
                0x0000000000004d9e        0x2 src/simply/simply_menu.c.17.o
 .data.rel.ro.local.s_window_handlers.8378
                0x0000000000004da0       0x10 src/simply/simply_stage.c.17.o
 .data.rel.ro.implementation.8245
                0x0000000000004db0       0x14 src/simply/simply_stage.c.17.o
 .data.rel.ro.local.s_window_handlers.8072
                0x0000000000004dc4       0x10 src/simply/simply_ui.c.17.o
 .data.rel.ro.local.STYLES
                0x0000000000004dd4       0x5f src/simply/simply_ui.c.17.o
 .data.s_button_palette
                0x0000000000004e33        0x2 src/simply/simply_window.c.17.o
 .data.s_broadcast_window
                0x0000000000004e35        0x1 src/simply/simply_window_stack.c.17.o

.igot.plt       0x0000000000004e38        0x0
 .igot.plt      0x0000000000000000        0x0 /usr/local/Cellar/pebble-toolchain/2.0/arm-cs-tools/bin/../lib/gcc/arm-none-eabi/4.7.2/thumb2/crtbegin.o

.bss            0x0000000000004e38      0x118
 *(.bss)
 *(.bss.*)
 .bss.s_accel   0x0000000000004e38        0x4 src/simply/simply_accel.c.17.o
 .bss.s_provider.7869
                0x0000000000004e3c        0x4 src/simply/simply_menu.c.17.o
 .bss.s_has_communicated
                0x0000000000004e40        0x1 src/simply/simply_msg.c.17.o
 *fill*         0x0000000000004e41        0x3 
 .bss.s_msg     0x0000000000004e44        0x4 src/simply/simply_msg.c.17.o
 .bss.time_text.8141
                0x0000000000004e48      0x100 src/simply/simply_stage.c.17.o
 .bss.s_voice   0x0000000000004f48        0x4 src/simply/simply_voice.c.17.o
 .bss.s_provider.7873
                0x0000000000004f4c        0x4 src/simply/simply_window.c.17.o

DISCARD
 libc.a(*)
 libm.a(*)
 libgcc.a(*)
 *(.eh_frame)
OUTPUT(/Users/eliyazdi/BuzzVoice/build/chalk/pebble-app.elf elf32-littlearm)

.ARM.attributes
                0x0000000000000000       0x27
 .ARM.attributes
                0x0000000000000000       0x19 /usr/local/Cellar/pebble-toolchain/2.0/arm-cs-tools/bin/../lib/gcc/arm-none-eabi/4.7.2/thumb2/crti.o
 .ARM.attributes
                0x0000000000000019       0x29 /usr/local/Cellar/pebble-toolchain/2.0/arm-cs-tools/bin/../lib/gcc/arm-none-eabi/4.7.2/thumb2/crtbegin.o
 .ARM.attributes
                0x0000000000000042       0x33 src/main.c.17.o
 .ARM.attributes
                0x0000000000000075       0x33 src/simply/simply.c.17.o
 .ARM.attributes
                0x00000000000000a8       0x33 src/simply/simply_accel.c.17.o
 .ARM.attributes
                0x00000000000000db       0x33 src/simply/simply_menu.c.17.o
 .ARM.attributes
                0x000000000000010e       0x33 src/simply/simply_msg.c.17.o
 .ARM.attributes
                0x0000000000000141       0x33 src/simply/simply_res.c.17.o
 .ARM.attributes
                0x0000000000000174       0x33 src/simply/simply_splash.c.17.o
 .ARM.attributes
                0x00000000000001a7       0x33 src/simply/simply_stage.c.17.o
 .ARM.attributes
                0x00000000000001da       0x33 src/simply/simply_ui.c.17.o
 .ARM.attributes
                0x000000000000020d       0x33 src/simply/simply_voice.c.17.o
 .ARM.attributes
                0x0000000000000240       0x33 src/simply/simply_wakeup.c.17.o
 .ARM.attributes
                0x0000000000000273       0x33 src/simply/simply_window.c.17.o
 .ARM.attributes
                0x00000000000002a6       0x33 src/simply/simply_window_stack.c.17.o
 .ARM.attributes
                0x00000000000002d9       0x33 chalk/appinfo.auto.c.17.o
 .ARM.attributes
                0x000000000000030c       0x21 /Users/eliyazdi/Library/Application Support/Pebble SDK/SDKs/current/sdk-core/pebble/chalk/lib/libpebble.a(tmpvl4HRLpebble.o)
 .ARM.attributes
                0x000000000000032d       0x19 /usr/local/Cellar/pebble-toolchain/2.0/arm-cs-tools/bin/../lib/gcc/arm-none-eabi/4.7.2/thumb2/libgcc.a(_aeabi_ldivmod.o)
 .ARM.attributes
                0x0000000000000346       0x29 /usr/local/Cellar/pebble-toolchain/2.0/arm-cs-tools/bin/../lib/gcc/arm-none-eabi/4.7.2/thumb2/libgcc.a(bpabi.o)
 .ARM.attributes
                0x000000000000036f       0x19 /usr/local/Cellar/pebble-toolchain/2.0/arm-cs-tools/bin/../lib/gcc/arm-none-eabi/4.7.2/thumb2/libgcc.a(_dvmd_tls.o)
 .ARM.attributes
                0x0000000000000388       0x29 /usr/local/Cellar/pebble-toolchain/2.0/arm-cs-tools/bin/../lib/gcc/arm-none-eabi/4.7.2/thumb2/libgcc.a(_divdi3.o)
 .ARM.attributes
                0x00000000000003b1       0x29 /usr/local/Cellar/pebble-toolchain/2.0/arm-cs-tools/bin/../lib/gcc/arm-none-eabi/4.7.2/thumb2/libgcc.a(_udivdi3.o)
 .ARM.attributes
                0x00000000000003da       0x19 /usr/local/Cellar/pebble-toolchain/2.0/arm-cs-tools/bin/../lib/gcc/arm-none-eabi/4.7.2/thumb2/libgcc.a(_udivsi3.o)
 .ARM.attributes
                0x00000000000003f3       0x29 /usr/local/Cellar/pebble-toolchain/2.0/arm-cs-tools/bin/../lib/gcc/arm-none-eabi/4.7.2/thumb2/crtend.o
 .ARM.attributes
                0x000000000000041c       0x19 /usr/local/Cellar/pebble-toolchain/2.0/arm-cs-tools/bin/../lib/gcc/arm-none-eabi/4.7.2/thumb2/crtn.o

.comment        0x0000000000000000       0x4e
 .comment       0x0000000000000000       0x4e /usr/local/Cellar/pebble-toolchain/2.0/arm-cs-tools/bin/../lib/gcc/arm-none-eabi/4.7.2/thumb2/crtbegin.o
                                         0x4f (size before relaxing)
 .comment       0x0000000000000000       0x4f src/main.c.17.o
 .comment       0x0000000000000000       0x4f src/simply/simply.c.17.o
 .comment       0x0000000000000000       0x4f src/simply/simply_accel.c.17.o
 .comment       0x0000000000000000       0x4f src/simply/simply_menu.c.17.o
 .comment       0x0000000000000000       0x4f src/simply/simply_msg.c.17.o
 .comment       0x0000000000000000       0x4f src/simply/simply_res.c.17.o
 .comment       0x0000000000000000       0x4f src/simply/simply_splash.c.17.o
 .comment       0x0000000000000000       0x4f src/simply/simply_stage.c.17.o
 .comment       0x0000000000000000       0x4f src/simply/simply_ui.c.17.o
 .comment       0x0000000000000000       0x4f src/simply/simply_voice.c.17.o
 .comment       0x0000000000000000       0x4f src/simply/simply_wakeup.c.17.o
 .comment       0x0000000000000000       0x4f src/simply/simply_window.c.17.o
 .comment       0x0000000000000000       0x4f src/simply/simply_window_stack.c.17.o
 .comment       0x0000000000000000       0x4f chalk/appinfo.auto.c.17.o
 .comment       0x0000000000000000       0x4f /usr/local/Cellar/pebble-toolchain/2.0/arm-cs-tools/bin/../lib/gcc/arm-none-eabi/4.7.2/thumb2/libgcc.a(bpabi.o)
 .comment       0x0000000000000000       0x4f /usr/local/Cellar/pebble-toolchain/2.0/arm-cs-tools/bin/../lib/gcc/arm-none-eabi/4.7.2/thumb2/libgcc.a(_divdi3.o)
 .comment       0x0000000000000000       0x4f /usr/local/Cellar/pebble-toolchain/2.0/arm-cs-tools/bin/../lib/gcc/arm-none-eabi/4.7.2/thumb2/libgcc.a(_udivdi3.o)
 .comment       0x0000000000000000       0x4f /usr/local/Cellar/pebble-toolchain/2.0/arm-cs-tools/bin/../lib/gcc/arm-none-eabi/4.7.2/thumb2/crtend.o

.debug_info     0x0000000000000000    0x17e3f
 .debug_info    0x0000000000000000      0x256 src/main.c.17.o
 .debug_info    0x0000000000000256      0xd15 src/simply/simply.c.17.o
 .debug_info    0x0000000000000f6b      0xd7c src/simply/simply_accel.c.17.o
 .debug_info    0x0000000000001ce7     0x4325 src/simply/simply_menu.c.17.o
 .debug_info    0x000000000000600c     0x31c4 src/simply/simply_msg.c.17.o
 .debug_info    0x00000000000091d0     0x13d4 src/simply/simply_res.c.17.o
 .debug_info    0x000000000000a5a4      0x8e8 src/simply/simply_splash.c.17.o
 .debug_info    0x000000000000ae8c     0x470c src/simply/simply_stage.c.17.o
 .debug_info    0x000000000000f598     0x28f9 src/simply/simply_ui.c.17.o
 .debug_info    0x0000000000011e91      0xac0 src/simply/simply_voice.c.17.o
 .debug_info    0x0000000000012951      0xba7 src/simply/simply_wakeup.c.17.o
 .debug_info    0x00000000000134f8     0x2565 src/simply/simply_window.c.17.o
 .debug_info    0x0000000000015a5d     0x1050 src/simply/simply_window_stack.c.17.o
 .debug_info    0x0000000000016aad      0x319 chalk/appinfo.auto.c.17.o
 .debug_info    0x0000000000016dc6       0xb4 /usr/local/Cellar/pebble-toolchain/2.0/arm-cs-tools/bin/../lib/gcc/arm-none-eabi/4.7.2/thumb2/libgcc.a(_aeabi_ldivmod.o)
 .debug_info    0x0000000000016e7a      0x174 /usr/local/Cellar/pebble-toolchain/2.0/arm-cs-tools/bin/../lib/gcc/arm-none-eabi/4.7.2/thumb2/libgcc.a(bpabi.o)
 .debug_info    0x0000000000016fee       0xb8 /usr/local/Cellar/pebble-toolchain/2.0/arm-cs-tools/bin/../lib/gcc/arm-none-eabi/4.7.2/thumb2/libgcc.a(_dvmd_tls.o)
 .debug_info    0x00000000000170a6      0x68f /usr/local/Cellar/pebble-toolchain/2.0/arm-cs-tools/bin/../lib/gcc/arm-none-eabi/4.7.2/thumb2/libgcc.a(_divdi3.o)
 .debug_info    0x0000000000017735      0x652 /usr/local/Cellar/pebble-toolchain/2.0/arm-cs-tools/bin/../lib/gcc/arm-none-eabi/4.7.2/thumb2/libgcc.a(_udivdi3.o)
 .debug_info    0x0000000000017d87       0xb8 /usr/local/Cellar/pebble-toolchain/2.0/arm-cs-tools/bin/../lib/gcc/arm-none-eabi/4.7.2/thumb2/libgcc.a(_udivsi3.o)

.debug_abbrev   0x0000000000000000     0x37a4
 .debug_abbrev  0x0000000000000000      0x14d src/main.c.17.o
 .debug_abbrev  0x000000000000014d      0x28b src/simply/simply.c.17.o
 .debug_abbrev  0x00000000000003d8      0x354 src/simply/simply_accel.c.17.o
 .debug_abbrev  0x000000000000072c      0x5ef src/simply/simply_menu.c.17.o
 .debug_abbrev  0x0000000000000d1b      0x591 src/simply/simply_msg.c.17.o
 .debug_abbrev  0x00000000000012ac      0x449 src/simply/simply_res.c.17.o
 .debug_abbrev  0x00000000000016f5      0x2ca src/simply/simply_splash.c.17.o
 .debug_abbrev  0x00000000000019bf      0x5c4 src/simply/simply_stage.c.17.o
 .debug_abbrev  0x0000000000001f83      0x53c src/simply/simply_ui.c.17.o
 .debug_abbrev  0x00000000000024bf      0x2e9 src/simply/simply_voice.c.17.o
 .debug_abbrev  0x00000000000027a8      0x30b src/simply/simply_wakeup.c.17.o
 .debug_abbrev  0x0000000000002ab3      0x4e2 src/simply/simply_window.c.17.o
 .debug_abbrev  0x0000000000002f95      0x3e2 src/simply/simply_window_stack.c.17.o
 .debug_abbrev  0x0000000000003377       0x9e chalk/appinfo.auto.c.17.o
 .debug_abbrev  0x0000000000003415       0x14 /usr/local/Cellar/pebble-toolchain/2.0/arm-cs-tools/bin/../lib/gcc/arm-none-eabi/4.7.2/thumb2/libgcc.a(_aeabi_ldivmod.o)
 .debug_abbrev  0x0000000000003429       0xb7 /usr/local/Cellar/pebble-toolchain/2.0/arm-cs-tools/bin/../lib/gcc/arm-none-eabi/4.7.2/thumb2/libgcc.a(bpabi.o)