Archive member included because of file (symbol)

/Users/eliyazdi/Library/Application Support/Pebble SDK/SDKs/current/sdk-core/pebble/aplite/lib/libpebble.a(tmpeWFBzLpebble.o)
                              src/simply/simply_accel.c.19.o (accel_data_service_unsubscribe)
/usr/local/Cellar/pebble-toolchain/2.0/arm-cs-tools/bin/../lib/gcc/arm-none-eabi/4.7.2/thumb2/libgcc.a(_aeabi_ldivmod.o)
                              src/simply/simply_menu.c.19.o (__aeabi_ldivmod)
/usr/local/Cellar/pebble-toolchain/2.0/arm-cs-tools/bin/../lib/gcc/arm-none-eabi/4.7.2/thumb2/libgcc.a(bpabi.o)
                              /usr/local/Cellar/pebble-toolchain/2.0/arm-cs-tools/bin/../lib/gcc/arm-none-eabi/4.7.2/thumb2/libgcc.a(_aeabi_ldivmod.o) (__gnu_ldivmod_helper)
/usr/local/Cellar/pebble-toolchain/2.0/arm-cs-tools/bin/../lib/gcc/arm-none-eabi/4.7.2/thumb2/libgcc.a(_dvmd_tls.o)
                              /usr/local/Cellar/pebble-toolchain/2.0/arm-cs-tools/bin/../lib/gcc/arm-none-eabi/4.7.2/thumb2/libgcc.a(_aeabi_ldivmod.o) (__aeabi_ldiv0)
/usr/local/Cellar/pebble-toolchain/2.0/arm-cs-tools/bin/../lib/gcc/arm-none-eabi/4.7.2/thumb2/libgcc.a(_divdi3.o)
                              /usr/local/Cellar/pebble-toolchain/2.0/arm-cs-tools/bin/../lib/gcc/arm-none-eabi/4.7.2/thumb2/libgcc.a(bpabi.o) (__divdi3)
/usr/local/Cellar/pebble-toolchain/2.0/arm-cs-tools/bin/../lib/gcc/arm-none-eabi/4.7.2/thumb2/libgcc.a(_udivdi3.o)
                              /usr/local/Cellar/pebble-toolchain/2.0/arm-cs-tools/bin/../lib/gcc/arm-none-eabi/4.7.2/thumb2/libgcc.a(bpabi.o) (__udivdi3)
/usr/local/Cellar/pebble-toolchain/2.0/arm-cs-tools/bin/../lib/gcc/arm-none-eabi/4.7.2/thumb2/libgcc.a(_udivsi3.o)
                              /usr/local/Cellar/pebble-toolchain/2.0/arm-cs-tools/bin/../lib/gcc/arm-none-eabi/4.7.2/thumb2/libgcc.a(_divdi3.o) (__aeabi_uidiv)

Discarded input sections

 .text          0x0000000000000000        0x0 /usr/local/Cellar/pebble-toolchain/2.0/arm-cs-tools/bin/../lib/gcc/arm-none-eabi/4.7.2/thumb2/crti.o
 .bss           0x0000000000000000        0x0 /usr/local/Cellar/pebble-toolchain/2.0/arm-cs-tools/bin/../lib/gcc/arm-none-eabi/4.7.2/thumb2/crti.o
 .init          0x0000000000000000        0x4 /usr/local/Cellar/pebble-toolchain/2.0/arm-cs-tools/bin/../lib/gcc/arm-none-eabi/4.7.2/thumb2/crti.o
 .fini          0x0000000000000000        0x4 /usr/local/Cellar/pebble-toolchain/2.0/arm-cs-tools/bin/../lib/gcc/arm-none-eabi/4.7.2/thumb2/crti.o
 .text          0x0000000000000000       0xc8 /usr/local/Cellar/pebble-toolchain/2.0/arm-cs-tools/bin/../lib/gcc/arm-none-eabi/4.7.2/thumb2/crtbegin.o
 .bss           0x0000000000000000       0x1c /usr/local/Cellar/pebble-toolchain/2.0/arm-cs-tools/bin/../lib/gcc/arm-none-eabi/4.7.2/thumb2/crtbegin.o
 .init_array    0x0000000000000000        0x4 /usr/local/Cellar/pebble-toolchain/2.0/arm-cs-tools/bin/../lib/gcc/arm-none-eabi/4.7.2/thumb2/crtbegin.o
 .fini_array    0x0000000000000000        0x4 /usr/local/Cellar/pebble-toolchain/2.0/arm-cs-tools/bin/../lib/gcc/arm-none-eabi/4.7.2/thumb2/crtbegin.o
 .eh_frame      0x0000000000000000        0x0 /usr/local/Cellar/pebble-toolchain/2.0/arm-cs-tools/bin/../lib/gcc/arm-none-eabi/4.7.2/thumb2/crtbegin.o
 .jcr           0x0000000000000000        0x0 /usr/local/Cellar/pebble-toolchain/2.0/arm-cs-tools/bin/../lib/gcc/arm-none-eabi/4.7.2/thumb2/crtbegin.o
 .tm_clone_table
                0x0000000000000000        0x0 /usr/local/Cellar/pebble-toolchain/2.0/arm-cs-tools/bin/../lib/gcc/arm-none-eabi/4.7.2/thumb2/crtbegin.o
 .text          0x0000000000000000        0x0 src/main.c.19.o
 .bss           0x0000000000000000        0x0 src/main.c.19.o
 .text          0x0000000000000000        0x0 src/simply/simply.c.19.o
 .bss           0x0000000000000000        0x0 src/simply/simply.c.19.o
 .text          0x0000000000000000        0x0 src/simply/simply_accel.c.19.o
 .bss           0x0000000000000000        0x0 src/simply/simply_accel.c.19.o
 .text          0x0000000000000000        0x0 src/simply/simply_menu.c.19.o
 .bss           0x0000000000000000        0x0 src/simply/simply_menu.c.19.o
 .text          0x0000000000000000        0x0 src/simply/simply_msg.c.19.o
 .bss           0x0000000000000000        0x0 src/simply/simply_msg.c.19.o
 .text          0x0000000000000000        0x0 src/simply/simply_res.c.19.o
 .bss           0x0000000000000000        0x0 src/simply/simply_res.c.19.o
 .text.id_filter
                0x0000000000000000        0xa src/simply/simply_res.c.19.o
 .text.simply_res_remove_image
                0x0000000000000000       0x18 src/simply/simply_res.c.19.o
 .text          0x0000000000000000        0x0 src/simply/simply_splash.c.19.o
 .bss           0x0000000000000000        0x0 src/simply/simply_splash.c.19.o
 .text          0x0000000000000000        0x0 src/simply/simply_stage.c.19.o
 .bss           0x0000000000000000        0x0 src/simply/simply_stage.c.19.o
 .text.id_filter
[...]
Memory Configuration

Name             Origin             Length             Attributes
APP              0x0000000000000000 0x0000000000006000 xrw
*default*        0x0000000000000000 0xffffffffffffffff

Linker script and memory map

LOAD /usr/local/Cellar/pebble-toolchain/2.0/arm-cs-tools/bin/../lib/gcc/arm-none-eabi/4.7.2/thumb2/crti.o
LOAD /usr/local/Cellar/pebble-toolchain/2.0/arm-cs-tools/bin/../lib/gcc/arm-none-eabi/4.7.2/thumb2/crtbegin.o
LOAD src/main.c.19.o
LOAD src/simply/simply.c.19.o
LOAD src/simply/simply_accel.c.19.o
LOAD src/simply/simply_menu.c.19.o
LOAD src/simply/simply_msg.c.19.o
LOAD src/simply/simply_res.c.19.o
LOAD src/simply/simply_splash.c.19.o
LOAD src/simply/simply_stage.c.19.o
LOAD src/simply/simply_ui.c.19.o
LOAD src/simply/simply_voice.c.19.o
LOAD src/simply/simply_wakeup.c.19.o
LOAD src/simply/simply_window.c.19.o
LOAD src/simply/simply_window_stack.c.19.o
LOAD aplite/appinfo.auto.c.19.o
LOAD /Users/eliyazdi/Library/Application Support/Pebble SDK/SDKs/current/sdk-core/pebble/aplite/lib/libpebble.a
START GROUP
LOAD /usr/local/Cellar/pebble-toolchain/2.0/arm-cs-tools/bin/../lib/gcc/arm-none-eabi/4.7.2/thumb2/libgcc.a
LOAD /usr/local/Cellar/pebble-toolchain/2.0/arm-cs-tools/bin/../lib/gcc/arm-none-eabi/4.7.2/../../../../arm-none-eabi/lib/thumb2/libc.a
END GROUP
LOAD /usr/local/Cellar/pebble-toolchain/2.0/arm-cs-tools/bin/../lib/gcc/arm-none-eabi/4.7.2/thumb2/crtend.o
LOAD /usr/local/Cellar/pebble-toolchain/2.0/arm-cs-tools/bin/../lib/gcc/arm-none-eabi/4.7.2/thumb2/crtn.o

.header         0x0000000000000000       0x82
 *(.pbl_header)
 .pbl_header    0x0000000000000000       0x82 aplite/appinfo.auto.c.19.o
                0x0000000000000000                __pbl_app_info

.note.gnu.build-id
                0x0000000000000082       0x26
                0x0000000000000082                PROVIDE (BUILD_ID, .)
 *(.note.gnu.build-id)
 *fill*         0x0000000000000082        0x2 
 .note.gnu.build-id
                0x0000000000000084       0x24 linker stubs

.text           0x00000000000000a8     0x436f
 *(.text)
 .text          0x00000000000000a8       0x14 /Users/eliyazdi/Library/Application Support/Pebble SDK/SDKs/current/sdk-core/pebble/aplite/lib/libpebble.a(tmpeWFBzLpebble.o)
 .text          0x00000000000000bc       0x38 /usr/local/Cellar/pebble-toolchain/2.0/arm-cs-tools/bin/../lib/gcc/arm-none-eabi/4.7.2/thumb2/libgcc.a(_aeabi_ldivmod.o)
                0x00000000000000bc                __aeabi_ldivmod
 .text          0x00000000000000f4       0x60 /usr/local/Cellar/pebble-toolchain/2.0/arm-cs-tools/bin/../lib/gcc/arm-none-eabi/4.7.2/thumb2/libgcc.a(bpabi.o)
                0x00000000000000f4                __gnu_ldivmod_helper
                0x0000000000000124                __gnu_uldivmod_helper
 .text          0x0000000000000154        0x4 /usr/local/Cellar/pebble-toolchain/2.0/arm-cs-tools/bin/../lib/gcc/arm-none-eabi/4.7.2/thumb2/libgcc.a(_dvmd_tls.o)
                0x0000000000000154                __aeabi_ldiv0
                0x0000000000000154                __aeabi_idiv0
 .text          0x0000000000000158      0x36c /usr/local/Cellar/pebble-toolchain/2.0/arm-cs-tools/bin/../lib/gcc/arm-none-eabi/4.7.2/thumb2/libgcc.a(_divdi3.o)
                0x0000000000000158                __divdi3
 .text          0x00000000000004c4      0x314 /usr/local/Cellar/pebble-toolchain/2.0/arm-cs-tools/bin/../lib/gcc/arm-none-eabi/4.7.2/thumb2/libgcc.a(_udivdi3.o)
                0x00000000000004c4                __udivdi3
 .text          0x00000000000007d8      0x278 /usr/local/Cellar/pebble-toolchain/2.0/arm-cs-tools/bin/../lib/gcc/arm-none-eabi/4.7.2/thumb2/libgcc.a(_udivsi3.o)
                0x00000000000007d8                __udivsi3
                0x00000000000007d8                __aeabi_uidiv
                0x0000000000000a34                __aeabi_uidivmod
 *(.text.*)
 .text.startup.main
                0x0000000000000a50       0x16 src/main.c.19.o
                0x0000000000000a50                main
 .text.simply_init
                0x0000000000000a66       0x60 src/simply/simply.c.19.o
                0x0000000000000a66                simply_init
 .text.simply_deinit
                0x0000000000000ac6       0x38 src/simply/simply.c.19.o
                0x0000000000000ac6                simply_deinit
 .text.handle_accel_tap
                0x0000000000000afe       0x1e src/simply/simply_accel.c.19.o
 .text.send_accel_data.isra.1
                0x0000000000000b1c       0x4a src/simply/simply_accel.c.19.o
 .text.handle_accel_data
                0x0000000000000b66        0x6 src/simply/simply_accel.c.19.o
 .text.accel_peek_timer_callback
                0x0000000000000b6c       0x40 src/simply/simply_accel.c.19.o
 .text.simply_accel_handle_packet
                0x0000000000000bac       0x6c src/simply/simply_accel.c.19.o
                0x0000000000000bac                simply_accel_handle_packet
 .text.simply_accel_create
                0x0000000000000c18       0x38 src/simply/simply_accel.c.19.o
                0x0000000000000c18                simply_accel_create
 .text.simply_accel_destroy
                0x0000000000000c50       0x20 src/simply/simply_accel.c.19.o
                0x0000000000000c50                simply_accel_destroy
 .text.list1_remove
                0x0000000000000c70       0x32 src/simply/simply_menu.c.19.o
 .text.prv_section_filter
                0x0000000000000ca2        0xc src/simply/simply_menu.c.19.o
 .text.prv_item_filter
                0x0000000000000cae       0x1a src/simply/simply_menu.c.19.o
 .text.prv_request_item_filter
                0x0000000000000cc8        0xc src/simply/simply_menu.c.19.o
 .text.prv_menu_get_num_sections_callback
                0x0000000000000cd4        0x4 src/simply/simply_menu.c.19.o
 .text.prv_free_title
                0x0000000000000cd8       0x20 src/simply/simply_menu.c.19.o
 .text.prv_destroy_section
                0x0000000000000cf8       0x20 src/simply/simply_menu.c.19.o
 .text.prv_destroy_item
                0x0000000000000d18       0x28 src/simply/simply_menu.c.19.o
 .text.prv_menu_window_unload
                0x0000000000000d40       0x1c src/simply/simply_menu.c.19.o
 .text.prv_reload_data
                0x0000000000000d5c        0xa src/simply/simply_menu.c.19.o
 .text.simply_menu_clear
                0x0000000000000d66       0x28 src/simply/simply_menu.c.19.o
 .text.prv_menu_window_disappear
                0x0000000000000d8e       0x22 src/simply/simply_menu.c.19.o
 .text.prv_menu_window_appear
                0x0000000000000db0        0xe src/simply/simply_menu.c.19.o
 .text.prv_single_click_handler
                0x0000000000000dbe       0x1a src/simply/simply_menu.c.19.o
 .text.gpoint_polar
                0x0000000000000dd8       0x34 src/simply/simply_menu.c.19.o
 .text.prv_mark_dirty
                0x0000000000000e0c       0x14 src/simply/simply_menu.c.19.o
 .text.strdup2  0x0000000000000e20       0x28 src/simply/simply_menu.c.19.o
 .text.prv_menu_window_load
                0x0000000000000e48       0xf0 src/simply/simply_menu.c.19.o
 .text.list1_find_prev.constprop.8
                0x0000000000000f38       0x1c src/simply/simply_menu.c.19.o
 .text.prv_click_config_provider
                0x0000000000000f54       0x24 src/simply/simply_menu.c.19.o
 .text.prv_add_item
                0x0000000000000f78       0x58 src/simply/simply_menu.c.19.o
 .text.prv_get_menu_section
                0x0000000000000fd0       0x10 src/simply/simply_menu.c.19.o
 .text.prv_menu_get_num_rows_callback
                0x0000000000000fe0       0x12 src/simply/simply_menu.c.19.o
 *fill*         0x0000000000000ff2        0x2 
 .text.prv_menu_get_header_height_callback
                0x0000000000000ff4       0x24 src/simply/simply_menu.c.19.o
 .text.refresh_spinner_timer
                0x0000000000001018       0x2c src/simply/simply_menu.c.19.o
 .text.spinner_timer_callback
                0x0000000000001044       0x16 src/simply/simply_menu.c.19.o
 .text.prv_menu_select_long_click_callback
                0x000000000000105a       0x22 src/simply/simply_menu.c.19.o
 .text.prv_menu_select_click_callback
                0x000000000000107c       0x22 src/simply/simply_menu.c.19.o
 *fill*         0x000000000000109e        0x2 
 .text.prv_add_section
                0x00000000000010a0       0x50 src/simply/simply_menu.c.19.o
 .text.prv_request_menu_section.part.2
                0x00000000000010f0       0x3e src/simply/simply_menu.c.19.o
 *fill*         0x000000000000112e        0x2 
 .text.prv_menu_draw_row_callback
                0x0000000000001130      0x274 src/simply/simply_menu.c.19.o
 .text.prv_menu_draw_header_callback
                0x00000000000013a4       0xc4 src/simply/simply_menu.c.19.o
 .text.simply_menu_handle_packet
                0x0000000000001468      0x1dc src/simply/simply_menu.c.19.o
                0x0000000000001468                simply_menu_handle_packet
 .text.simply_menu_create
                0x0000000000001644       0x3c src/simply/simply_menu.c.19.o
                0x0000000000001644                simply_menu_create
 .text.simply_menu_destroy
                0x0000000000001680       0x16 src/simply/simply_menu.c.19.o
                0x0000000000001680                simply_menu_destroy
 .text.list1_remove
                0x0000000000001696       0x32 src/simply/simply_msg.c.19.o
 .text.dropped_callback
                0x00000000000016c8        0x2 src/simply/simply_msg.c.19.o
 .text.sent_callback
                0x00000000000016ca        0x2 src/simply/simply_msg.c.19.o
 .text.send_msg
                0x00000000000016cc       0x30 src/simply/simply_msg.c.19.o
 .text.handle_packet
                0x00000000000016fc      0x268 src/simply/simply_msg.c.19.o
 .text.received_callback
                0x0000000000001964       0x38 src/simply/simply_msg.c.19.o
 .text.send_msg_retry
                0x000000000000199c       0xb8 src/simply/simply_msg.c.19.o
 .text.simply_msg_has_communicated
                0x0000000000001a54        0xc src/simply/simply_msg.c.19.o
                0x0000000000001a54                simply_msg_has_communicated
 .text.simply_msg_show_disconnected
                0x0000000000001a60       0x58 src/simply/simply_msg.c.19.o
                0x0000000000001a60                simply_msg_show_disconnected
 .text.failed_callback
                0x0000000000001ab8       0x18 src/simply/simply_msg.c.19.o
 .text.simply_msg_create
                0x0000000000001ad0       0x6c src/simply/simply_msg.c.19.o
                0x0000000000001ad0                simply_msg_create
 .text.simply_msg_destroy
                0x0000000000001b3c       0x1c src/simply/simply_msg.c.19.o
                0x0000000000001b3c                simply_msg_destroy
 .text.simply_msg_send
                0x0000000000001b58        0x4 src/simply/simply_msg.c.19.o
                0x0000000000001b58                simply_msg_send
 .text.simply_msg_send_packet
                0x0000000000001b5c       0x84 src/simply/simply_msg.c.19.o
                0x0000000000001b5c                simply_msg_send_packet
 .text.list1_remove
                0x0000000000001be0       0x32 src/simply/simply_res.c.19.o
 .text.destroy_image
                0x0000000000001c12       0x22 src/simply/simply_res.c.19.o
 .text.malloc0  0x0000000000001c34       0x18 src/simply/simply_res.c.19.o
 .text.window_stack_schedule_top_window_render
                0x0000000000001c4c       0x12 src/simply/simply_res.c.19.o
 .text.setup_image
                0x0000000000001c5e       0x64 src/simply/simply_res.c.19.o
 .text.create_bitmap_with_png_data
                0x0000000000001cc2        0xc src/simply/simply_res.c.19.o
 .text.create_bitmap_with_id
                0x0000000000001cce       0x12 src/simply/simply_res.c.19.o
 .text.simply_res_evict_image
                0x0000000000001ce0       0x1a src/simply/simply_res.c.19.o
                0x0000000000001ce0                simply_res_evict_image
 .text.create_image
                0x0000000000001cfa       0x48 src/simply/simply_res.c.19.o
 *fill*         0x0000000000001d42        0x2 
 .text.simply_res_add_bundled_image
                0x0000000000001d44       0x28 src/simply/simply_res.c.19.o
                0x0000000000001d44                simply_res_add_bundled_image
 .text.simply_res_add_image
                0x0000000000001d6c       0x64 src/simply/simply_res.c.19.o
                0x0000000000001d6c                simply_res_add_image
 .text.simply_res_auto_image
                0x0000000000001dd0       0x42 src/simply/simply_res.c.19.o
                0x0000000000001dd0                simply_res_auto_image
 .text.simply_res_add_custom_font
                0x0000000000001e12       0x40 src/simply/simply_res.c.19.o
                0x0000000000001e12                simply_res_add_custom_font
 .text.simply_res_auto_font
                0x0000000000001e52       0x2a src/simply/simply_res.c.19.o
                0x0000000000001e52                simply_res_auto_font
 .text.simply_res_clear
                0x0000000000001e7c       0x34 src/simply/simply_res.c.19.o
                0x0000000000001e7c                simply_res_clear
 .text.simply_res_create
                0x0000000000001eb0       0x2a src/simply/simply_res.c.19.o
                0x0000000000001eb0                simply_res_create
 .text.simply_res_destroy
                0x0000000000001eda       0x12 src/simply/simply_res.c.19.o
                0x0000000000001eda                simply_res_destroy
 .text.window_load
                0x0000000000001eec       0x12 src/simply/simply_splash.c.19.o
 .text.layer_update_callback
                0x0000000000001efe       0x24 src/simply/simply_splash.c.19.o
                0x0000000000001efe                layer_update_callback
 *fill*         0x0000000000001f22        0x2 
 .text.simply_splash_create
                0x0000000000001f24       0x78 src/simply/simply_splash.c.19.o
                0x0000000000001f24                simply_splash_create
 .text.simply_splash_destroy
                0x0000000000001f9c       0x20 src/simply/simply_splash.c.19.o
                0x0000000000001f9c                simply_splash_destroy
 .text.window_disappear
                0x0000000000001fbc       0x1a src/simply/simply_splash.c.19.o
 .text.list1_remove
                0x0000000000001fd6       0x32 src/simply/simply_stage.c.19.o
 .text.element_frame_getter
                0x0000000000002008       0x10 src/simply/simply_stage.c.19.o
 .text.window_unload
                0x0000000000002018       0x1e src/simply/simply_stage.c.19.o
 .text.destroy_animation
                0x0000000000002036       0x24 src/simply/simply_stage.c.19.o
 *fill*         0x000000000000205a        0x2 
 .text.simply_stage_update_ticker
                0x000000000000205c       0x2c src/simply/simply_stage.c.19.o
 .text.simply_stage_clear
                0x0000000000002088       0x52 src/simply/simply_stage.c.19.o
 .text.window_disappear
                0x00000000000020da       0x22 src/simply/simply_stage.c.19.o
 .text.handle_tick
                0x00000000000020fc       0x12 src/simply/simply_stage.c.19.o
 .text.simply_stage_update
                0x000000000000210e        0xa src/simply/simply_stage.c.19.o
 .text.window_appear
                0x0000000000002118       0x16 src/simply/simply_stage.c.19.o
 *fill*         0x000000000000212e        0x2 
 .text.window_load
                0x0000000000002130       0x58 src/simply/simply_stage.c.19.o
 .text.malloc0  0x0000000000002188       0x18 src/simply/simply_stage.c.19.o
 .text.simply_stage_remove_element
                0x00000000000021a0       0x24 src/simply/simply_stage.c.19.o
 .text.rect_element_draw_background.isra.1.part.2
                0x00000000000021c4       0x20 src/simply/simply_stage.c.19.o
 .text.rect_element_draw_border.isra.3.part.4
                0x00000000000021e4       0x20 src/simply/simply_stage.c.19.o
 .text.simply_stage_set_element_frame.isra.10
                0x0000000000002204       0x32 src/simply/simply_stage.c.19.o
 .text.element_frame_setter
                0x0000000000002236       0x1e src/simply/simply_stage.c.19.o
 .text.prv_draw_line_polar.constprop.13
                0x0000000000002254       0x46 src/simply/simply_stage.c.19.o
 .text.rect_element_draw.isra.5
                0x000000000000229a       0x24 src/simply/simply_stage.c.19.o
 *fill*         0x00000000000022be        0x2 
 .text.layer_update_callback
                0x00000000000022c0      0x358 src/simply/simply_stage.c.19.o
 .text.simply_stage_auto_element
                0x0000000000002618       0x8c src/simply/simply_stage.c.19.o
 .text.animation_stopped
                0x00000000000026a4       0x34 src/simply/simply_stage.c.19.o
 .text.simply_stage_handle_packet
                0x00000000000026d8      0x2e0 src/simply/simply_stage.c.19.o
                0x00000000000026d8                simply_stage_handle_packet
 .text.simply_stage_create
                0x00000000000029b8       0x38 src/simply/simply_stage.c.19.o
                0x00000000000029b8                simply_stage_create
 .text.simply_stage_destroy
                0x00000000000029f0       0x16 src/simply/simply_stage.c.19.o
                0x00000000000029f0                simply_stage_destroy
 .text.window_unload
                0x0000000000002a06       0x1e src/simply/simply_ui.c.19.o
 .text.window_disappear
                0x0000000000002a24       0x1c src/simply/simply_ui.c.19.o
 .text.window_appear
                0x0000000000002a40        0xe src/simply/simply_ui.c.19.o
 .text.graphics_draw_bitmap_centered
                0x0000000000002a4e       0x62 src/simply/simply_ui.c.19.o
 .text.mark_dirty
                0x0000000000002ab0        0xa src/simply/simply_ui.c.19.o
 .text.show_welcome_text
                0x0000000000002aba       0x18 src/simply/simply_ui.c.19.o
 *fill*         0x0000000000002ad2        0x2 
 .text.layer_update_callback
                0x0000000000002ad4      0x510 src/simply/simply_ui.c.19.o
 .text.simply_ui_set_style
                0x0000000000002fe4       0x3c src/simply/simply_ui.c.19.o
                0x0000000000002fe4                simply_ui_set_style
 .text.window_load
                0x0000000000003020       0x60 src/simply/simply_ui.c.19.o
 .text.simply_ui_set_text
                0x0000000000003080       0x5c src/simply/simply_ui.c.19.o
                0x0000000000003080                simply_ui_set_text
 .text.simply_ui_set_text_color
                0x00000000000030dc        0xc src/simply/simply_ui.c.19.o
                0x00000000000030dc                simply_ui_set_text_color
 .text.simply_ui_clear
                0x00000000000030e8       0x4a src/simply/simply_ui.c.19.o
                0x00000000000030e8                simply_ui_clear
 .text.simply_ui_handle_packet
                0x0000000000003132       0x70 src/simply/simply_ui.c.19.o
                0x0000000000003132                simply_ui_handle_packet
 *fill*         0x00000000000031a2        0x2 
 .text.simply_ui_create
                0x00000000000031a4       0x48 src/simply/simply_ui.c.19.o
                0x00000000000031a4                simply_ui_create
 .text.simply_ui_destroy
                0x00000000000031ec       0x2a src/simply/simply_ui.c.19.o
                0x00000000000031ec                simply_ui_destroy
 .text.wakeup_handler
                0x0000000000003216       0x1c src/simply/simply_wakeup.c.19.o
 .text.wakeup_set_timer_callback
                0x0000000000003232       0x20 src/simply/simply_wakeup.c.19.o
 *fill*         0x0000000000003252        0x2 
 .text.simply_wakeup_handle_packet
                0x0000000000003254       0xac src/simply/simply_wakeup.c.19.o
                0x0000000000003254                simply_wakeup_handle_packet
 .text.simply_wakeup_init
                0x0000000000003300        0xc src/simply/simply_wakeup.c.19.o
                0x0000000000003300                simply_wakeup_init
 .text.prv_update_layer_placement
                0x000000000000330c       0xa8 src/simply/simply_window.c.19.o
 .text.simply_window_single_click_handler
                0x00000000000033b4       0x5c src/simply/simply_window.c.19.o
                0x00000000000033b4                simply_window_single_click_handler
 .text.scroll_layer_set_click_config_provider_onto_window.constprop.5
                0x0000000000003410       0x30 src/simply/simply_window.c.19.o
 .text.click_config_provider
                0x0000000000003440       0x7c src/simply/simply_window.c.19.o
 .text.long_click_handler
                0x00000000000034bc       0x32 src/simply/simply_window.c.19.o
 .text.simply_window_set_scrollable
                0x00000000000034ee       0x60 src/simply/simply_window.c.19.o
                0x00000000000034ee                simply_window_set_scrollable
 .text.simply_window_set_status_bar
                0x000000000000354e       0x44 src/simply/simply_window.c.19.o
                0x000000000000354e                simply_window_set_status_bar
 .text.simply_window_set_background_color
                0x0000000000003592       0x26 src/simply/simply_window.c.19.o
                0x0000000000003592                simply_window_set_background_color
 .text.simply_window_set_status_bar_colors
                0x00000000000035b8        0xa src/simply/simply_window.c.19.o
                0x00000000000035b8                simply_window_set_status_bar_colors
 .text.simply_window_set_status_bar_separator_mode
                0x00000000000035c2        0xa src/simply/simply_window.c.19.o
                0x00000000000035c2                simply_window_set_status_bar_separator_mode
 .text.simply_window_set_action_bar
                0x00000000000035cc       0x50 src/simply/simply_window.c.19.o
                0x00000000000035cc                simply_window_set_action_bar
 .text.simply_window_set_action_bar_icon
                0x000000000000361c       0x58 src/simply/simply_window.c.19.o
                0x000000000000361c                simply_window_set_action_bar_icon
 .text.simply_window_set_action_bar_background_color
                0x0000000000003674       0x38 src/simply/simply_window.c.19.o
                0x0000000000003674                simply_window_set_action_bar_background_color
 .text.simply_window_action_bar_clear
                0x00000000000036ac       0x2c src/simply/simply_window.c.19.o
                0x00000000000036ac                simply_window_action_bar_clear
 .text.simply_window_preload
                0x00000000000036d8       0x30 src/simply/simply_window.c.19.o
                0x00000000000036d8                simply_window_preload
 .text.simply_window_load
                0x0000000000003708       0x9c src/simply/simply_window.c.19.o
                0x0000000000003708                simply_window_load
 .text.simply_window_appear
                0x00000000000037a4       0x1c src/simply/simply_window.c.19.o
                0x00000000000037a4                simply_window_appear
 .text.simply_window_disappear
                0x00000000000037c0       0x1c src/simply/simply_window.c.19.o
                0x00000000000037c0                simply_window_disappear
 .text.simply_window_unload
                0x00000000000037dc       0x32 src/simply/simply_window.c.19.o
                0x00000000000037dc                simply_window_unload
 .text.simply_window_handle_packet
                0x000000000000380e       0xac src/simply/simply_window.c.19.o
                0x000000000000380e                simply_window_handle_packet
 .text.simply_window_init
                0x00000000000038ba       0x26 src/simply/simply_window.c.19.o
                0x00000000000038ba                simply_window_init
 .text.simply_window_deinit
                0x00000000000038e0       0x12 src/simply/simply_window.c.19.o
                0x00000000000038e0                simply_window_deinit
 .text.show_window_sdk_3.isra.4
                0x00000000000038f2       0x50 src/simply/simply_window_stack.c.19.o
 *fill*         0x0000000000003942        0x2 
 .text.simply_window_stack_set_broadcast
                0x0000000000003944       0x10 src/simply/simply_window_stack.c.19.o
                0x0000000000003944                simply_window_stack_set_broadcast
 .text.simply_window_stack_get_top_window
                0x0000000000003954       0x20 src/simply/simply_window_stack.c.19.o
                0x0000000000003954                simply_window_stack_get_top_window
 .text.simply_window_stack_show
                0x0000000000003974        0x4 src/simply/simply_window_stack.c.19.o
                0x0000000000003974                simply_window_stack_show
 .text.simply_window_stack_pop
                0x0000000000003978       0x26 src/simply/simply_window_stack.c.19.o
                0x0000000000003978                simply_window_stack_pop
 *fill*         0x000000000000399e        0x2 
 .text.simply_window_stack_send_show
                0x00000000000039a0       0x30 src/simply/simply_window_stack.c.19.o
                0x00000000000039a0                simply_window_stack_send_show
 .text.simply_window_stack_send_hide
                0x00000000000039d0       0x30 src/simply/simply_window_stack.c.19.o
                0x00000000000039d0                simply_window_stack_send_hide
 .text.simply_window_stack_back
                0x0000000000003a00       0x1a src/simply/simply_window_stack.c.19.o
                0x0000000000003a00                simply_window_stack_back
 .text.simply_window_stack_handle_packet
                0x0000000000003a1a       0x4a src/simply/simply_window_stack.c.19.o
                0x0000000000003a1a                simply_window_stack_handle_packet
 .text.simply_window_stack_create
                0x0000000000003a64       0x12 src/simply/simply_window_stack.c.19.o
                0x0000000000003a64                simply_window_stack_create
 .text.simply_window_stack_destroy
                0x0000000000003a76        0x8 src/simply/simply_window_stack.c.19.o
                0x0000000000003a76                simply_window_stack_destroy
 *fill*         0x0000000000003a7e        0x2 
 .text.accel_data_service_unsubscribe
                0x0000000000003a80        0xc /Users/eliyazdi/Library/Application Support/Pebble SDK/SDKs/current/sdk-core/pebble/aplite/lib/libpebble.a(tmpeWFBzLpebble.o)
                0x0000000000003a80                accel_data_service_unsubscribe
 .text.accel_service_peek
                0x0000000000003a8c        0xc /Users/eliyazdi/Library/Application Support/Pebble SDK/SDKs/current/sdk-core/pebble/aplite/lib/libpebble.a(tmpeWFBzLpebble.o)
                0x0000000000003a8c                accel_service_peek
 .text.accel_service_set_sampling_rate
                0x0000000000003a98        0xc /Users/eliyazdi/Library/Application Support/Pebble SDK/SDKs/current/sdk-core/pebble/aplite/lib/libpebble.a(tmpeWFBzLpebble.o)
                0x0000000000003a98                accel_service_set_sampling_rate
 .text.accel_tap_service_subscribe
                0x0000000000003aa4        0xc /Users/eliyazdi/Library/Application Support/Pebble SDK/SDKs/current/sdk-core/pebble/aplite/lib/libpebble.a(tmpeWFBzLpebble.o)
                0x0000000000003aa4                accel_tap_service_subscribe
 .text.accel_tap_service_unsubscribe
                0x0000000000003ab0        0xc /Users/eliyazdi/Library/Application Support/Pebble SDK/SDKs/current/sdk-core/pebble/aplite/lib/libpebble.a(tmpeWFBzLpebble.o)
                0x0000000000003ab0                accel_tap_service_unsubscribe
 .text.app_event_loop
                0x0000000000003abc        0xc /Users/eliyazdi/Library/Application Support/Pebble SDK/SDKs/current/sdk-core/pebble/aplite/lib/libpebble.a(tmpeWFBzLpebble.o)
                0x0000000000003abc                app_event_loop
 .text.app_message_deregister_callbacks
                0x0000000000003ac8        0xc /Users/eliyazdi/Library/Application Support/Pebble SDK/SDKs/current/sdk-core/pebble/aplite/lib/libpebble.a(tmpeWFBzLpebble.o)
                0x0000000000003ac8                app_message_deregister_callbacks
 .text.app_message_open
                0x0000000000003ad4        0xc /Users/eliyazdi/Library/Application Support/Pebble SDK/SDKs/current/sdk-core/pebble/aplite/lib/libpebble.a(tmpeWFBzLpebble.o)
                0x0000000000003ad4                app_message_open
 .text.app_timer_cancel
                0x0000000000003ae0        0xc /Users/eliyazdi/Library/Application Support/Pebble SDK/SDKs/current/sdk-core/pebble/aplite/lib/libpebble.a(tmpeWFBzLpebble.o)
                0x0000000000003ae0                app_timer_cancel
 .text.app_timer_register
                0x0000000000003aec        0xc /Users/eliyazdi/Library/Application Support/Pebble SDK/SDKs/current/sdk-core/pebble/aplite/lib/libpebble.a(tmpeWFBzLpebble.o)
                0x0000000000003aec                app_timer_register
 .text.click_recognizer_get_button_id
                0x0000000000003af8        0xc /Users/eliyazdi/Library/Application Support/Pebble SDK/SDKs/current/sdk-core/pebble/aplite/lib/libpebble.a(tmpeWFBzLpebble.o)
                0x0000000000003af8                click_recognizer_get_button_id
 .text.cos_lookup
                0x0000000000003b04        0xc /Users/eliyazdi/Library/Application Support/Pebble SDK/SDKs/current/sdk-core/pebble/aplite/lib/libpebble.a(tmpeWFBzLpebble.o)
                0x0000000000003b04                cos_lookup
 .text.dict_find
                0x0000000000003b10        0xc /Users/eliyazdi/Library/Application Support/Pebble SDK/SDKs/current/sdk-core/pebble/aplite/lib/libpebble.a(tmpeWFBzLpebble.o)
                0x0000000000003b10                dict_find
 .text.dict_write_data
                0x0000000000003b1c        0xc /Users/eliyazdi/Library/Application Support/Pebble SDK/SDKs/current/sdk-core/pebble/aplite/lib/libpebble.a(tmpeWFBzLpebble.o)
                0x0000000000003b1c                dict_write_data
 .text.fonts_get_system_font
                0x0000000000003b28        0xc /Users/eliyazdi/Library/Application Support/Pebble SDK/SDKs/current/sdk-core/pebble/aplite/lib/libpebble.a(tmpeWFBzLpebble.o)
                0x0000000000003b28                fonts_get_system_font
 .text.fonts_load_custom_font
                0x0000000000003b34        0xc /Users/eliyazdi/Library/Application Support/Pebble SDK/SDKs/current/sdk-core/pebble/aplite/lib/libpebble.a(tmpeWFBzLpebble.o)
                0x0000000000003b34                fonts_load_custom_font
 .text.fonts_unload_custom_font
                0x0000000000003b40        0xc /Users/eliyazdi/Library/Application Support/Pebble SDK/SDKs/current/sdk-core/pebble/aplite/lib/libpebble.a(tmpeWFBzLpebble.o)
                0x0000000000003b40                fonts_unload_custom_font
 .text.free     0x0000000000003b4c        0xc /Users/eliyazdi/Library/Application Support/Pebble SDK/SDKs/current/sdk-core/pebble/aplite/lib/libpebble.a(tmpeWFBzLpebble.o)
                0x0000000000003b4c                free
 .text.gbitmap_create_with_resource
                0x0000000000003b58        0xc /Users/eliyazdi/Library/Application Support/Pebble SDK/SDKs/current/sdk-core/pebble/aplite/lib/libpebble.a(tmpeWFBzLpebble.o)
                0x0000000000003b58                gbitmap_create_with_resource
 .text.gbitmap_destroy
                0x0000000000003b64        0xc /Users/eliyazdi/Library/Application Support/Pebble SDK/SDKs/current/sdk-core/pebble/aplite/lib/libpebble.a(tmpeWFBzLpebble.o)
                0x0000000000003b64                gbitmap_destroy
 .text.graphics_context_set_compositing_mode
                0x0000000000003b70        0xc /Users/eliyazdi/Library/Application Support/Pebble SDK/SDKs/current/sdk-core/pebble/aplite/lib/libpebble.a(tmpeWFBzLpebble.o)
                0x0000000000003b70                graphics_context_set_compositing_mode
 .text.graphics_draw_bitmap_in_rect
                0x0000000000003b7c        0xc /Users/eliyazdi/Library/Application Support/Pebble SDK/SDKs/current/sdk-core/pebble/aplite/lib/libpebble.a(tmpeWFBzLpebble.o)
                0x0000000000003b7c                graphics_draw_bitmap_in_rect
 .text.graphics_draw_circle
                0x0000000000003b88        0xc /Users/eliyazdi/Library/Application Support/Pebble SDK/SDKs/current/sdk-core/pebble/aplite/lib/libpebble.a(tmpeWFBzLpebble.o)
                0x0000000000003b88                graphics_draw_circle
 .text.graphics_draw_line
                0x0000000000003b94        0xc /Users/eliyazdi/Library/Application Support/Pebble SDK/SDKs/current/sdk-core/pebble/aplite/lib/libpebble.a(tmpeWFBzLpebble.o)
                0x0000000000003b94                graphics_draw_line
 .text.graphics_draw_round_rect
                0x0000000000003ba0        0xc /Users/eliyazdi/Library/Application Support/Pebble SDK/SDKs/current/sdk-core/pebble/aplite/lib/libpebble.a(tmpeWFBzLpebble.o)
                0x0000000000003ba0                graphics_draw_round_rect
 .text.graphics_fill_circle
                0x0000000000003bac        0xc /Users/eliyazdi/Library/Application Support/Pebble SDK/SDKs/current/sdk-core/pebble/aplite/lib/libpebble.a(tmpeWFBzLpebble.o)
                0x0000000000003bac                graphics_fill_circle
 .text.graphics_fill_rect
                0x0000000000003bb8        0xc /Users/eliyazdi/Library/Application Support/Pebble SDK/SDKs/current/sdk-core/pebble/aplite/lib/libpebble.a(tmpeWFBzLpebble.o)
                0x0000000000003bb8                graphics_fill_rect
 .text.grect_center_point
                0x0000000000003bc4        0xc /Users/eliyazdi/Library/Application Support/Pebble SDK/SDKs/current/sdk-core/pebble/aplite/lib/libpebble.a(tmpeWFBzLpebble.o)
                0x0000000000003bc4                grect_center_point
 .text.grect_standardize
                0x0000000000003bd0        0xc /Users/eliyazdi/Library/Application Support/Pebble SDK/SDKs/current/sdk-core/pebble/aplite/lib/libpebble.a(tmpeWFBzLpebble.o)
                0x0000000000003bd0                grect_standardize
 .text.inverter_layer_create
                0x0000000000003bdc        0xc /Users/eliyazdi/Library/Application Support/Pebble SDK/SDKs/current/sdk-core/pebble/aplite/lib/libpebble.a(tmpeWFBzLpebble.o)
                0x0000000000003bdc                inverter_layer_create
 .text.inverter_layer_destroy
                0x0000000000003be8        0xc /Users/eliyazdi/Library/Application Support/Pebble SDK/SDKs/current/sdk-core/pebble/aplite/lib/libpebble.a(tmpeWFBzLpebble.o)
                0x0000000000003be8                inverter_layer_destroy
 .text.inverter_layer_get_layer
                0x0000000000003bf4        0xc /Users/eliyazdi/Library/Application Support/Pebble SDK/SDKs/current/sdk-core/pebble/aplite/lib/libpebble.a(tmpeWFBzLpebble.o)
                0x0000000000003bf4                inverter_layer_get_layer
 .text.layer_add_child
                0x0000000000003c00        0xc /Users/eliyazdi/Library/Application Support/Pebble SDK/SDKs/current/sdk-core/pebble/aplite/lib/libpebble.a(tmpeWFBzLpebble.o)
                0x0000000000003c00                layer_add_child
 .text.layer_create_with_data
                0x0000000000003c0c        0xc /Users/eliyazdi/Library/Application Support/Pebble SDK/SDKs/current/sdk-core/pebble/aplite/lib/libpebble.a(tmpeWFBzLpebble.o)
                0x0000000000003c0c                layer_create_with_data
 .text.layer_destroy
                0x0000000000003c18        0xc /Users/eliyazdi/Library/Application Support/Pebble SDK/SDKs/current/sdk-core/pebble/aplite/lib/libpebble.a(tmpeWFBzLpebble.o)
                0x0000000000003c18                layer_destroy
 .text.layer_get_bounds
                0x0000000000003c24        0xc /Users/eliyazdi/Library/Application Support/Pebble SDK/SDKs/current/sdk-core/pebble/aplite/lib/libpebble.a(tmpeWFBzLpebble.o)
                0x0000000000003c24                layer_get_bounds
 .text.layer_get_data
                0x0000000000003c30        0xc /Users/eliyazdi/Library/Application Support/Pebble SDK/SDKs/current/sdk-core/pebble/aplite/lib/libpebble.a(tmpeWFBzLpebble.o)
                0x0000000000003c30                layer_get_data
 .text.layer_get_frame
                0x0000000000003c3c        0xc /Users/eliyazdi/Library/Application Support/Pebble SDK/SDKs/current/sdk-core/pebble/aplite/lib/libpebble.a(tmpeWFBzLpebble.o)
                0x0000000000003c3c                layer_get_frame
 .text.layer_get_window
                0x0000000000003c48        0xc /Users/eliyazdi/Library/Application Support/Pebble SDK/SDKs/current/sdk-core/pebble/aplite/lib/libpebble.a(tmpeWFBzLpebble.o)
                0x0000000000003c48                layer_get_window
 .text.layer_mark_dirty
                0x0000000000003c54        0xc /Users/eliyazdi/Library/Application Support/Pebble SDK/SDKs/current/sdk-core/pebble/aplite/lib/libpebble.a(tmpeWFBzLpebble.o)
                0x0000000000003c54                layer_mark_dirty
 .text.layer_remove_from_parent
                0x0000000000003c60        0xc /Users/eliyazdi/Library/Application Support/Pebble SDK/SDKs/current/sdk-core/pebble/aplite/lib/libpebble.a(tmpeWFBzLpebble.o)
                0x0000000000003c60                layer_remove_from_parent
 .text.layer_set_frame
                0x0000000000003c6c        0xc /Users/eliyazdi/Library/Application Support/Pebble SDK/SDKs/current/sdk-core/pebble/aplite/lib/libpebble.a(tmpeWFBzLpebble.o)
                0x0000000000003c6c                layer_set_frame
 .text.layer_set_update_proc
                0x0000000000003c78        0xc /Users/eliyazdi/Library/Application Support/Pebble SDK/SDKs/current/sdk-core/pebble/aplite/lib/libpebble.a(tmpeWFBzLpebble.o)
                0x0000000000003c78                layer_set_update_proc
 .text.light_enable
                0x0000000000003c84        0xc /Users/eliyazdi/Library/Application Support/Pebble SDK/SDKs/current/sdk-core/pebble/aplite/lib/libpebble.a(tmpeWFBzLpebble.o)
                0x0000000000003c84                light_enable
 .text.light_enable_interaction
                0x0000000000003c90        0xc /Users/eliyazdi/Library/Application Support/Pebble SDK/SDKs/current/sdk-core/pebble/aplite/lib/libpebble.a(tmpeWFBzLpebble.o)
                0x0000000000003c90                light_enable_interaction
 .text.malloc   0x0000000000003c9c        0xc /Users/eliyazdi/Library/Application Support/Pebble SDK/SDKs/current/sdk-core/pebble/aplite/lib/libpebble.a(tmpeWFBzLpebble.o)
                0x0000000000003c9c                malloc
 .text.memcpy   0x0000000000003ca8        0xc /Users/eliyazdi/Library/Application Support/Pebble SDK/SDKs/current/sdk-core/pebble/aplite/lib/libpebble.a(tmpeWFBzLpebble.o)
                0x0000000000003ca8                memcpy
 .text.memset   0x0000000000003cb4        0xc /Users/eliyazdi/Library/Application Support/Pebble SDK/SDKs/current/sdk-core/pebble/aplite/lib/libpebble.a(tmpeWFBzLpebble.o)
                0x0000000000003cb4                memset
 .text.menu_cell_basic_draw
                0x0000000000003cc0        0xc /Users/eliyazdi/Library/Application Support/Pebble SDK/SDKs/current/sdk-core/pebble/aplite/lib/libpebble.a(tmpeWFBzLpebble.o)
                0x0000000000003cc0                menu_cell_basic_draw
 .text.menu_layer_destroy
                0x0000000000003ccc        0xc /Users/eliyazdi/Library/Application Support/Pebble SDK/SDKs/current/sdk-core/pebble/aplite/lib/libpebble.a(tmpeWFBzLpebble.o)
                0x0000000000003ccc                menu_layer_destroy
 .text.menu_layer_get_layer
                0x0000000000003cd8        0xc /Users/eliyazdi/Library/Application Support/Pebble SDK/SDKs/current/sdk-core/pebble/aplite/lib/libpebble.a(tmpeWFBzLpebble.o)
                0x0000000000003cd8                menu_layer_get_layer
 .text.menu_layer_get_selected_index
                0x0000000000003ce4        0xc /Users/eliyazdi/Library/Application Support/Pebble SDK/SDKs/current/sdk-core/pebble/aplite/lib/libpebble.a(tmpeWFBzLpebble.o)
                0x0000000000003ce4                menu_layer_get_selected_index
 .text.menu_layer_reload_data
                0x0000000000003cf0        0xc /Users/eliyazdi/Library/Application Support/Pebble SDK/SDKs/current/sdk-core/pebble/aplite/lib/libpebble.a(tmpeWFBzLpebble.o)
                0x0000000000003cf0                menu_layer_reload_data
 .text.menu_layer_set_click_config_onto_window
                0x0000000000003cfc        0xc /Users/eliyazdi/Library/Application Support/Pebble SDK/SDKs/current/sdk-core/pebble/aplite/lib/libpebble.a(tmpeWFBzLpebble.o)
                0x0000000000003cfc                menu_layer_set_click_config_onto_window
 .text.menu_layer_set_selected_index
                0x0000000000003d08        0xc /Users/eliyazdi/Library/Application Support/Pebble SDK/SDKs/current/sdk-core/pebble/aplite/lib/libpebble.a(tmpeWFBzLpebble.o)
                0x0000000000003d08                menu_layer_set_selected_index
 .text.psleep   0x0000000000003d14        0xc /Users/eliyazdi/Library/Application Support/Pebble SDK/SDKs/current/sdk-core/pebble/aplite/lib/libpebble.a(tmpeWFBzLpebble.o)
                0x0000000000003d14                psleep
 .text.resource_get_handle
                0x0000000000003d20        0xc /Users/eliyazdi/Library/Application Support/Pebble SDK/SDKs/current/sdk-core/pebble/aplite/lib/libpebble.a(tmpeWFBzLpebble.o)
                0x0000000000003d20                resource_get_handle
 .text.scroll_layer_add_child
                0x0000000000003d2c        0xc /Users/eliyazdi/Library/Application Support/Pebble SDK/SDKs/current/sdk-core/pebble/aplite/lib/libpebble.a(tmpeWFBzLpebble.o)
                0x0000000000003d2c                scroll_layer_add_child
 .text.scroll_layer_create
                0x0000000000003d38        0xc /Users/eliyazdi/Library/Application Support/Pebble SDK/SDKs/current/sdk-core/pebble/aplite/lib/libpebble.a(tmpeWFBzLpebble.o)
                0x0000000000003d38                scroll_layer_create
 .text.scroll_layer_destroy
                0x0000000000003d44        0xc /Users/eliyazdi/Library/Application Support/Pebble SDK/SDKs/current/sdk-core/pebble/aplite/lib/libpebble.a(tmpeWFBzLpebble.o)
                0x0000000000003d44                scroll_layer_destroy
 .text.scroll_layer_get_content_offset
                0x0000000000003d50        0xc /Users/eliyazdi/Library/Application Support/Pebble SDK/SDKs/current/sdk-core/pebble/aplite/lib/libpebble.a(tmpeWFBzLpebble.o)
                0x0000000000003d50                scroll_layer_get_content_offset
 .text.scroll_layer_get_layer
                0x0000000000003d5c        0xc /Users/eliyazdi/Library/Application Support/Pebble SDK/SDKs/current/sdk-core/pebble/aplite/lib/libpebble.a(tmpeWFBzLpebble.o)
                0x0000000000003d5c                scroll_layer_get_layer
 .text.scroll_layer_set_click_config_onto_window
                0x0000000000003d68        0xc /Users/eliyazdi/Library/Application Support/Pebble SDK/SDKs/current/sdk-core/pebble/aplite/lib/libpebble.a(tmpeWFBzLpebble.o)
                0x0000000000003d68                scroll_layer_set_click_config_onto_window
 .text.scroll_layer_set_content_offset
                0x0000000000003d74        0xc /Users/eliyazdi/Library/Application Support/Pebble SDK/SDKs/current/sdk-core/pebble/aplite/lib/libpebble.a(tmpeWFBzLpebble.o)
                0x0000000000003d74                scroll_layer_set_content_offset
 .text.scroll_layer_set_content_size
                0x0000000000003d80        0xc /Users/eliyazdi/Library/Application Support/Pebble SDK/SDKs/current/sdk-core/pebble/aplite/lib/libpebble.a(tmpeWFBzLpebble.o)
                0x0000000000003d80                scroll_layer_set_content_size
 .text.scroll_layer_set_context
                0x0000000000003d8c        0xc /Users/eliyazdi/Library/Application Support/Pebble SDK/SDKs/current/sdk-core/pebble/aplite/lib/libpebble.a(tmpeWFBzLpebble.o)
                0x0000000000003d8c                scroll_layer_set_context
 .text.scroll_layer_set_shadow_hidden
                0x0000000000003d98        0xc /Users/eliyazdi/Library/Application Support/Pebble SDK/SDKs/current/sdk-core/pebble/aplite/lib/libpebble.a(tmpeWFBzLpebble.o)
                0x0000000000003d98                scroll_layer_set_shadow_hidden
 .text.sin_lookup
                0x0000000000003da4        0xc /Users/eliyazdi/Library/Application Support/Pebble SDK/SDKs/current/sdk-core/pebble/aplite/lib/libpebble.a(tmpeWFBzLpebble.o)
                0x0000000000003da4                sin_lookup
 .text.strftime
                0x0000000000003db0        0xc /Users/eliyazdi/Library/Application Support/Pebble SDK/SDKs/current/sdk-core/pebble/aplite/lib/libpebble.a(tmpeWFBzLpebble.o)
                0x0000000000003db0                strftime
 .text.strlen   0x0000000000003dbc        0xc /Users/eliyazdi/Library/Application Support/Pebble SDK/SDKs/current/sdk-core/pebble/aplite/lib/libpebble.a(tmpeWFBzLpebble.o)
                0x0000000000003dbc                strlen
 .text.strncpy  0x0000000000003dc8        0xc /Users/eliyazdi/Library/Application Support/Pebble SDK/SDKs/current/sdk-core/pebble/aplite/lib/libpebble.a(tmpeWFBzLpebble.o)
                0x0000000000003dc8                strncpy
 .text.tick_timer_service_subscribe
                0x0000000000003dd4        0xc /Users/eliyazdi/Library/Application Support/Pebble SDK/SDKs/current/sdk-core/pebble/aplite/lib/libpebble.a(tmpeWFBzLpebble.o)
                0x0000000000003dd4                tick_timer_service_subscribe
 .text.tick_timer_service_unsubscribe
                0x0000000000003de0        0xc /Users/eliyazdi/Library/Application Support/Pebble SDK/SDKs/current/sdk-core/pebble/aplite/lib/libpebble.a(tmpeWFBzLpebble.o)
                0x0000000000003de0                tick_timer_service_unsubscribe
 .text.vibes_double_pulse
                0x0000000000003dec        0xc /Users/eliyazdi/Library/Application Support/Pebble SDK/SDKs/current/sdk-core/pebble/aplite/lib/libpebble.a(tmpeWFBzLpebble.o)
                0x0000000000003dec                vibes_double_pulse
 .text.vibes_enqueue_custom_pattern
                0x0000000000003df8        0xc /Users/eliyazdi/Library/Application Support/Pebble SDK/SDKs/current/sdk-core/pebble/aplite/lib/libpebble.a(tmpeWFBzLpebble.o)
                0x0000000000003df8                vibes_enqueue_custom_pattern
 .text.vibes_long_pulse
                0x0000000000003e04        0xc /Users/eliyazdi/Library/Application Support/Pebble SDK/SDKs/current/sdk-core/pebble/aplite/lib/libpebble.a(tmpeWFBzLpebble.o)
                0x0000000000003e04                vibes_long_pulse
 .text.vibes_short_pulse
                0x0000000000003e10        0xc /Users/eliyazdi/Library/Application Support/Pebble SDK/SDKs/current/sdk-core/pebble/aplite/lib/libpebble.a(tmpeWFBzLpebble.o)
                0x0000000000003e10                vibes_short_pulse
 .text.window_create
                0x0000000000003e1c        0xc /Users/eliyazdi/Library/Application Support/Pebble SDK/SDKs/current/sdk-core/pebble/aplite/lib/libpebble.a(tmpeWFBzLpebble.o)
                0x0000000000003e1c                window_create
 .text.window_destroy
                0x0000000000003e28        0xc /Users/eliyazdi/Library/Application Support/Pebble SDK/SDKs/current/sdk-core/pebble/aplite/lib/libpebble.a(tmpeWFBzLpebble.o)
                0x0000000000003e28                window_destroy
 .text.window_get_click_config_provider
                0x0000000000003e34        0xc /Users/eliyazdi/Library/Application Support/Pebble SDK/SDKs/current/sdk-core/pebble/aplite/lib/libpebble.a(tmpeWFBzLpebble.o)
                0x0000000000003e34                window_get_click_config_provider
 .text.window_get_root_layer
                0x0000000000003e40        0xc /Users/eliyazdi/Library/Application Support/Pebble SDK/SDKs/current/sdk-core/pebble/aplite/lib/libpebble.a(tmpeWFBzLpebble.o)
                0x0000000000003e40                window_get_root_layer
 .text.window_set_click_config_provider_with_context
                0x0000000000003e4c        0xc /Users/eliyazdi/Library/Application Support/Pebble SDK/SDKs/current/sdk-core/pebble/aplite/lib/libpebble.a(tmpeWFBzLpebble.o)
                0x0000000000003e4c                window_set_click_config_provider_with_context
 .text.window_set_window_handlers
                0x0000000000003e58        0xc /Users/eliyazdi/Library/Application Support/Pebble SDK/SDKs/current/sdk-core/pebble/aplite/lib/libpebble.a(tmpeWFBzLpebble.o)
                0x0000000000003e58                window_set_window_handlers
 .text.window_stack_get_top_window
                0x0000000000003e64        0xc /Users/eliyazdi/Library/Application Support/Pebble SDK/SDKs/current/sdk-core/pebble/aplite/lib/libpebble.a(tmpeWFBzLpebble.o)
                0x0000000000003e64                window_stack_get_top_window
 .text.window_stack_pop
                0x0000000000003e70        0xc /Users/eliyazdi/Library/Application Support/Pebble SDK/SDKs/current/sdk-core/pebble/aplite/lib/libpebble.a(tmpeWFBzLpebble.o)
                0x0000000000003e70                window_stack_pop
 .text.window_stack_pop_all
                0x0000000000003e7c        0xc /Users/eliyazdi/Library/Application Support/Pebble SDK/SDKs/current/sdk-core/pebble/aplite/lib/libpebble.a(tmpeWFBzLpebble.o)
                0x0000000000003e7c                window_stack_pop_all
 .text.window_stack_push
                0x0000000000003e88        0xc /Users/eliyazdi/Library/Application Support/Pebble SDK/SDKs/current/sdk-core/pebble/aplite/lib/libpebble.a(tmpeWFBzLpebble.o)
                0x0000000000003e88                window_stack_push
 .text.window_stack_remove
                0x0000000000003e94        0xc /Users/eliyazdi/Library/Application Support/Pebble SDK/SDKs/current/sdk-core/pebble/aplite/lib/libpebble.a(tmpeWFBzLpebble.o)
                0x0000000000003e94                window_stack_remove
 .text.window_get_user_data
                0x0000000000003ea0        0xc /Users/eliyazdi/Library/Application Support/Pebble SDK/SDKs/current/sdk-core/pebble/aplite/lib/libpebble.a(tmpeWFBzLpebble.o)
                0x0000000000003ea0                window_get_user_data
 .text.window_set_user_data
                0x0000000000003eac        0xc /Users/eliyazdi/Library/Application Support/Pebble SDK/SDKs/current/sdk-core/pebble/aplite/lib/libpebble.a(tmpeWFBzLpebble.o)
                0x0000000000003eac                window_set_user_data
 .text.app_message_outbox_begin
                0x0000000000003eb8        0xc /Users/eliyazdi/Library/Application Support/Pebble SDK/SDKs/current/sdk-core/pebble/aplite/lib/libpebble.a(tmpeWFBzLpebble.o)
                0x0000000000003eb8                app_message_outbox_begin
 .text.app_message_outbox_send
                0x0000000000003ec4        0xc /Users/eliyazdi/Library/Application Support/Pebble SDK/SDKs/current/sdk-core/pebble/aplite/lib/libpebble.a(tmpeWFBzLpebble.o)
                0x0000000000003ec4                app_message_outbox_send
 .text.app_message_register_inbox_dropped
                0x0000000000003ed0        0xc /Users/eliyazdi/Library/Application Support/Pebble SDK/SDKs/current/sdk-core/pebble/aplite/lib/libpebble.a(tmpeWFBzLpebble.o)
                0x0000000000003ed0                app_message_register_inbox_dropped
 .text.app_message_register_inbox_received
                0x0000000000003edc        0xc /Users/eliyazdi/Library/Application Support/Pebble SDK/SDKs/current/sdk-core/pebble/aplite/lib/libpebble.a(tmpeWFBzLpebble.o)
                0x0000000000003edc                app_message_register_inbox_received
 .text.app_message_register_outbox_failed
                0x0000000000003ee8        0xc /Users/eliyazdi/Library/Application Support/Pebble SDK/SDKs/current/sdk-core/pebble/aplite/lib/libpebble.a(tmpeWFBzLpebble.o)
                0x0000000000003ee8                app_message_register_outbox_failed
 .text.app_message_register_outbox_sent
                0x0000000000003ef4        0xc /Users/eliyazdi/Library/Application Support/Pebble SDK/SDKs/current/sdk-core/pebble/aplite/lib/libpebble.a(tmpeWFBzLpebble.o)
                0x0000000000003ef4                app_message_register_outbox_sent
 .text.app_message_set_context
                0x0000000000003f00        0xc /Users/eliyazdi/Library/Application Support/Pebble SDK/SDKs/current/sdk-core/pebble/aplite/lib/libpebble.a(tmpeWFBzLpebble.o)
                0x0000000000003f00                app_message_set_context
 .text.window_long_click_subscribe
                0x0000000000003f0c        0xc /Users/eliyazdi/Library/Application Support/Pebble SDK/SDKs/current/sdk-core/pebble/aplite/lib/libpebble.a(tmpeWFBzLpebble.o)
                0x0000000000003f0c                window_long_click_subscribe
 .text.window_set_click_context
                0x0000000000003f18        0xc /Users/eliyazdi/Library/Application Support/Pebble SDK/SDKs/current/sdk-core/pebble/aplite/lib/libpebble.a(tmpeWFBzLpebble.o)
                0x0000000000003f18                window_set_click_context
 .text.window_single_click_subscribe
                0x0000000000003f24        0xc /Users/eliyazdi/Library/Application Support/Pebble SDK/SDKs/current/sdk-core/pebble/aplite/lib/libpebble.a(tmpeWFBzLpebble.o)
                0x0000000000003f24                window_single_click_subscribe
 .text.graphics_draw_text
                0x0000000000003f30        0xc /Users/eliyazdi/Library/Application Support/Pebble SDK/SDKs/current/sdk-core/pebble/aplite/lib/libpebble.a(tmpeWFBzLpebble.o)
                0x0000000000003f30                graphics_draw_text
 .text.accel_data_service_subscribe
                0x0000000000003f3c        0xc /Users/eliyazdi/Library/Application Support/Pebble SDK/SDKs/current/sdk-core/pebble/aplite/lib/libpebble.a(tmpeWFBzLpebble.o)
                0x0000000000003f3c                accel_data_service_subscribe
 .text.launch_reason
                0x0000000000003f48        0xc /Users/eliyazdi/Library/Application Support/Pebble SDK/SDKs/current/sdk-core/pebble/aplite/lib/libpebble.a(tmpeWFBzLpebble.o)
                0x0000000000003f48                launch_reason
 .text.wakeup_cancel
                0x0000000000003f54        0xc /Users/eliyazdi/Library/Application Support/Pebble SDK/SDKs/current/sdk-core/pebble/aplite/lib/libpebble.a(tmpeWFBzLpebble.o)
                0x0000000000003f54                wakeup_cancel
 .text.wakeup_cancel_all
                0x0000000000003f60        0xc /Users/eliyazdi/Library/Application Support/Pebble SDK/SDKs/current/sdk-core/pebble/aplite/lib/libpebble.a(tmpeWFBzLpebble.o)
                0x0000000000003f60                wakeup_cancel_all
 .text.wakeup_get_launch_event
                0x0000000000003f6c        0xc /Users/eliyazdi/Library/Application Support/Pebble SDK/SDKs/current/sdk-core/pebble/aplite/lib/libpebble.a(tmpeWFBzLpebble.o)
                0x0000000000003f6c                wakeup_get_launch_event
 .text.wakeup_schedule
                0x0000000000003f78        0xc /Users/eliyazdi/Library/Application Support/Pebble SDK/SDKs/current/sdk-core/pebble/aplite/lib/libpebble.a(tmpeWFBzLpebble.o)
                0x0000000000003f78                wakeup_schedule
 .text.wakeup_service_subscribe
                0x0000000000003f84        0xc /Users/eliyazdi/Library/Application Support/Pebble SDK/SDKs/current/sdk-core/pebble/aplite/lib/libpebble.a(tmpeWFBzLpebble.o)
                0x0000000000003f84                wakeup_service_subscribe
 .text.clock_is_timezone_set
                0x0000000000003f90        0xc /Users/eliyazdi/Library/Application Support/Pebble SDK/SDKs/current/sdk-core/pebble/aplite/lib/libpebble.a(tmpeWFBzLpebble.o)
                0x0000000000003f90                clock_is_timezone_set
 .text.graphics_context_set_fill_color
                0x0000000000003f9c        0xc /Users/eliyazdi/Library/Application Support/Pebble SDK/SDKs/current/sdk-core/pebble/aplite/lib/libpebble.a(tmpeWFBzLpebble.o)
                0x0000000000003f9c                graphics_context_set_fill_color
 .text.graphics_context_set_stroke_color
                0x0000000000003fa8        0xc /Users/eliyazdi/Library/Application Support/Pebble SDK/SDKs/current/sdk-core/pebble/aplite/lib/libpebble.a(tmpeWFBzLpebble.o)
                0x0000000000003fa8                graphics_context_set_stroke_color
 .text.graphics_context_set_text_color
                0x0000000000003fb4        0xc /Users/eliyazdi/Library/Application Support/Pebble SDK/SDKs/current/sdk-core/pebble/aplite/lib/libpebble.a(tmpeWFBzLpebble.o)
                0x0000000000003fb4                graphics_context_set_text_color
 .text.window_set_background_color
                0x0000000000003fc0        0xc /Users/eliyazdi/Library/Application Support/Pebble SDK/SDKs/current/sdk-core/pebble/aplite/lib/libpebble.a(tmpeWFBzLpebble.o)
                0x0000000000003fc0                window_set_background_color
 .text.localtime
                0x0000000000003fcc        0xc /Users/eliyazdi/Library/Application Support/Pebble SDK/SDKs/current/sdk-core/pebble/aplite/lib/libpebble.a(tmpeWFBzLpebble.o)
                0x0000000000003fcc                localtime
 .text.animation_destroy
                0x0000000000003fd8        0xc /Users/eliyazdi/Library/Application Support/Pebble SDK/SDKs/current/sdk-core/pebble/aplite/lib/libpebble.a(tmpeWFBzLpebble.o)
                0x0000000000003fd8                animation_destroy
 .text.animation_schedule
                0x0000000000003fe4        0xc /Users/eliyazdi/Library/Application Support/Pebble SDK/SDKs/current/sdk-core/pebble/aplite/lib/libpebble.a(tmpeWFBzLpebble.o)
                0x0000000000003fe4                animation_schedule
 .text.animation_set_curve
                0x0000000000003ff0        0xc /Users/eliyazdi/Library/Application Support/Pebble SDK/SDKs/current/sdk-core/pebble/aplite/lib/libpebble.a(tmpeWFBzLpebble.o)
                0x0000000000003ff0                animation_set_curve
 .text.animation_set_duration
                0x0000000000003ffc        0xc /Users/eliyazdi/Library/Application Support/Pebble SDK/SDKs/current/sdk-core/pebble/aplite/lib/libpebble.a(tmpeWFBzLpebble.o)
                0x0000000000003ffc                animation_set_duration
 .text.animation_set_handlers
                0x0000000000004008        0xc /Users/eliyazdi/Library/Application Support/Pebble SDK/SDKs/current/sdk-core/pebble/aplite/lib/libpebble.a(tmpeWFBzLpebble.o)
                0x0000000000004008                animation_set_handlers
 .text.animation_unschedule
                0x0000000000004014        0xc /Users/eliyazdi/Library/Application Support/Pebble SDK/SDKs/current/sdk-core/pebble/aplite/lib/libpebble.a(tmpeWFBzLpebble.o)
                0x0000000000004014                animation_unschedule
 .text.property_animation_create
                0x0000000000004020        0xc /Users/eliyazdi/Library/Application Support/Pebble SDK/SDKs/current/sdk-core/pebble/aplite/lib/libpebble.a(tmpeWFBzLpebble.o)
                0x0000000000004020                property_animation_create
 .text.property_animation_destroy
                0x000000000000402c        0xc /Users/eliyazdi/Library/Application Support/Pebble SDK/SDKs/current/sdk-core/pebble/aplite/lib/libpebble.a(tmpeWFBzLpebble.o)
                0x000000000000402c                property_animation_destroy
 .text.property_animation_from
                0x0000000000004038        0xc /Users/eliyazdi/Library/Application Support/Pebble SDK/SDKs/current/sdk-core/pebble/aplite/lib/libpebble.a(tmpeWFBzLpebble.o)
                0x0000000000004038                property_animation_from
 .text.property_animation_to
                0x0000000000004044        0xc /Users/eliyazdi/Library/Application Support/Pebble SDK/SDKs/current/sdk-core/pebble/aplite/lib/libpebble.a(tmpeWFBzLpebble.o)
                0x0000000000004044                property_animation_to
 .text.property_animation_update_grect
                0x0000000000004050        0xc /Users/eliyazdi/Library/Application Support/Pebble SDK/SDKs/current/sdk-core/pebble/aplite/lib/libpebble.a(tmpeWFBzLpebble.o)
                0x0000000000004050                property_animation_update_grect
 .text.gbitmap_get_bounds
                0x000000000000405c        0xc /Users/eliyazdi/Library/Application Support/Pebble SDK/SDKs/current/sdk-core/pebble/aplite/lib/libpebble.a(tmpeWFBzLpebble.o)
                0x000000000000405c                gbitmap_get_bounds
 .text.gbitmap_get_format
                0x0000000000004068        0xc /Users/eliyazdi/Library/Application Support/Pebble SDK/SDKs/current/sdk-core/pebble/aplite/lib/libpebble.a(tmpeWFBzLpebble.o)
                0x0000000000004068                gbitmap_get_format
 .text.gbitmap_get_palette
                0x0000000000004074        0xc /Users/eliyazdi/Library/Application Support/Pebble SDK/SDKs/current/sdk-core/pebble/aplite/lib/libpebble.a(tmpeWFBzLpebble.o)
                0x0000000000004074                gbitmap_get_palette
 .text.gbitmap_set_palette
                0x0000000000004080        0xc /Users/eliyazdi/Library/Application Support/Pebble SDK/SDKs/current/sdk-core/pebble/aplite/lib/libpebble.a(tmpeWFBzLpebble.o)
                0x0000000000004080                gbitmap_set_palette
 .text.gbitmap_create_from_png_data
                0x000000000000408c        0xc /Users/eliyazdi/Library/Application Support/Pebble SDK/SDKs/current/sdk-core/pebble/aplite/lib/libpebble.a(tmpeWFBzLpebble.o)
                0x000000000000408c                gbitmap_create_from_png_data
 .text.launch_get_args
                0x0000000000004098        0xc /Users/eliyazdi/Library/Application Support/Pebble SDK/SDKs/current/sdk-core/pebble/aplite/lib/libpebble.a(tmpeWFBzLpebble.o)
                0x0000000000004098                launch_get_args
 .text.menu_layer_create
                0x00000000000040a4        0xc /Users/eliyazdi/Library/Application Support/Pebble SDK/SDKs/current/sdk-core/pebble/aplite/lib/libpebble.a(tmpeWFBzLpebble.o)
                0x00000000000040a4                menu_layer_create
 .text.graphics_context_set_antialiased
                0x00000000000040b0        0xc /Users/eliyazdi/Library/Application Support/Pebble SDK/SDKs/current/sdk-core/pebble/aplite/lib/libpebble.a(tmpeWFBzLpebble.o)
                0x00000000000040b0                graphics_context_set_antialiased
 .text.graphics_context_set_stroke_width
                0x00000000000040bc        0xc /Users/eliyazdi/Library/Application Support/Pebble SDK/SDKs/current/sdk-core/pebble/aplite/lib/libpebble.a(tmpeWFBzLpebble.o)
                0x00000000000040bc                graphics_context_set_stroke_width
 .text.action_bar_layer_add_to_window
                0x00000000000040c8        0xc /Users/eliyazdi/Library/Application Support/Pebble SDK/SDKs/current/sdk-core/pebble/aplite/lib/libpebble.a(tmpeWFBzLpebble.o)
                0x00000000000040c8                action_bar_layer_add_to_window
 .text.action_bar_layer_clear_icon
                0x00000000000040d4        0xc /Users/eliyazdi/Library/Application Support/Pebble SDK/SDKs/current/sdk-core/pebble/aplite/lib/libpebble.a(tmpeWFBzLpebble.o)
                0x00000000000040d4                action_bar_layer_clear_icon
 .text.action_bar_layer_create
                0x00000000000040e0        0xc /Users/eliyazdi/Library/Application Support/Pebble SDK/SDKs/current/sdk-core/pebble/aplite/lib/libpebble.a(tmpeWFBzLpebble.o)
                0x00000000000040e0                action_bar_layer_create
 .text.action_bar_layer_destroy
                0x00000000000040ec        0xc /Users/eliyazdi/Library/Application Support/Pebble SDK/SDKs/current/sdk-core/pebble/aplite/lib/libpebble.a(tmpeWFBzLpebble.o)
                0x00000000000040ec                action_bar_layer_destroy
 .text.action_bar_layer_get_layer
                0x00000000000040f8        0xc /Users/eliyazdi/Library/Application Support/Pebble SDK/SDKs/current/sdk-core/pebble/aplite/lib/libpebble.a(tmpeWFBzLpebble.o)
                0x00000000000040f8                action_bar_layer_get_layer
 .text.action_bar_layer_remove_from_window
                0x0000000000004104        0xc /Users/eliyazdi/Library/Application Support/Pebble SDK/SDKs/current/sdk-core/pebble/aplite/lib/libpebble.a(tmpeWFBzLpebble.o)
                0x0000000000004104                action_bar_layer_remove_from_window
 .text.action_bar_layer_set_background_color
                0x0000000000004110        0xc /Users/eliyazdi/Library/Application Support/Pebble SDK/SDKs/current/sdk-core/pebble/aplite/lib/libpebble.a(tmpeWFBzLpebble.o)
                0x0000000000004110                action_bar_layer_set_background_color
 .text.action_bar_layer_set_click_config_provider
                0x000000000000411c        0xc /Users/eliyazdi/Library/Application Support/Pebble SDK/SDKs/current/sdk-core/pebble/aplite/lib/libpebble.a(tmpeWFBzLpebble.o)
                0x000000000000411c                action_bar_layer_set_click_config_provider
 .text.action_bar_layer_set_context
                0x0000000000004128        0xc /Users/eliyazdi/Library/Application Support/Pebble SDK/SDKs/current/sdk-core/pebble/aplite/lib/libpebble.a(tmpeWFBzLpebble.o)
                0x0000000000004128                action_bar_layer_set_context
 .text.action_bar_layer_set_icon
                0x0000000000004134        0xc /Users/eliyazdi/Library/Application Support/Pebble SDK/SDKs/current/sdk-core/pebble/aplite/lib/libpebble.a(tmpeWFBzLpebble.o)
                0x0000000000004134                action_bar_layer_set_icon
 .text.menu_cell_layer_is_highlighted
                0x0000000000004140        0xc /Users/eliyazdi/Library/Application Support/Pebble SDK/SDKs/current/sdk-core/pebble/aplite/lib/libpebble.a(tmpeWFBzLpebble.o)
                0x0000000000004140                menu_cell_layer_is_highlighted
 .text.time     0x000000000000414c        0xc /Users/eliyazdi/Library/Application Support/Pebble SDK/SDKs/current/sdk-core/pebble/aplite/lib/libpebble.a(tmpeWFBzLpebble.o)
                0x000000000000414c                time
 .text.menu_layer_set_highlight_colors
                0x0000000000004158        0xc /Users/eliyazdi/Library/Application Support/Pebble SDK/SDKs/current/sdk-core/pebble/aplite/lib/libpebble.a(tmpeWFBzLpebble.o)
                0x0000000000004158                menu_layer_set_highlight_colors
 .text.menu_layer_set_normal_colors
                0x0000000000004164        0xc /Users/eliyazdi/Library/Application Support/Pebble SDK/SDKs/current/sdk-core/pebble/aplite/lib/libpebble.a(tmpeWFBzLpebble.o)
                0x0000000000004164                menu_layer_set_normal_colors
 .text.menu_layer_set_callbacks
                0x0000000000004170        0xc /Users/eliyazdi/Library/Application Support/Pebble SDK/SDKs/current/sdk-core/pebble/aplite/lib/libpebble.a(tmpeWFBzLpebble.o)
                0x0000000000004170                menu_layer_set_callbacks
 .text.status_bar_layer_create
                0x000000000000417c        0xc /Users/eliyazdi/Library/Application Support/Pebble SDK/SDKs/current/sdk-core/pebble/aplite/lib/libpebble.a(tmpeWFBzLpebble.o)
                0x000000000000417c                status_bar_layer_create
 .text.status_bar_layer_destroy
                0x0000000000004188        0xc /Users/eliyazdi/Library/Application Support/Pebble SDK/SDKs/current/sdk-core/pebble/aplite/lib/libpebble.a(tmpeWFBzLpebble.o)
                0x0000000000004188                status_bar_layer_destroy
 .text.status_bar_layer_get_layer
                0x0000000000004194        0xc /Users/eliyazdi/Library/Application Support/Pebble SDK/SDKs/current/sdk-core/pebble/aplite/lib/libpebble.a(tmpeWFBzLpebble.o)
                0x0000000000004194                status_bar_layer_get_layer
 .text.status_bar_layer_set_colors
                0x00000000000041a0        0xc /Users/eliyazdi/Library/Application Support/Pebble SDK/SDKs/current/sdk-core/pebble/aplite/lib/libpebble.a(tmpeWFBzLpebble.o)
                0x00000000000041a0                status_bar_layer_set_colors
 .text.status_bar_layer_set_separator_mode
                0x00000000000041ac        0xc /Users/eliyazdi/Library/Application Support/Pebble SDK/SDKs/current/sdk-core/pebble/aplite/lib/libpebble.a(tmpeWFBzLpebble.o)
                0x00000000000041ac                status_bar_layer_set_separator_mode
 .text.time_ms  0x00000000000041b8        0xc /Users/eliyazdi/Library/Application Support/Pebble SDK/SDKs/current/sdk-core/pebble/aplite/lib/libpebble.a(tmpeWFBzLpebble.o)
                0x00000000000041b8                time_ms
 .text.gcolor_legible_over
                0x00000000000041c4        0xc /Users/eliyazdi/Library/Application Support/Pebble SDK/SDKs/current/sdk-core/pebble/aplite/lib/libpebble.a(tmpeWFBzLpebble.o)
                0x00000000000041c4                gcolor_legible_over
 .text.grect_inset
                0x00000000000041d0        0xc /Users/eliyazdi/Library/Application Support/Pebble SDK/SDKs/current/sdk-core/pebble/aplite/lib/libpebble.a(tmpeWFBzLpebble.o)
                0x00000000000041d0                grect_inset
 .text.gpoint_from_polar
                0x00000000000041dc        0xc /Users/eliyazdi/Library/Application Support/Pebble SDK/SDKs/current/sdk-core/pebble/aplite/lib/libpebble.a(tmpeWFBzLpebble.o)
                0x00000000000041dc                gpoint_from_polar
 .text.graphics_draw_arc
                0x00000000000041e8        0xc /Users/eliyazdi/Library/Application Support/Pebble SDK/SDKs/current/sdk-core/pebble/aplite/lib/libpebble.a(tmpeWFBzLpebble.o)
                0x00000000000041e8                graphics_draw_arc
 .text.graphics_fill_radial
                0x00000000000041f4        0xc /Users/eliyazdi/Library/Application Support/Pebble SDK/SDKs/current/sdk-core/pebble/aplite/lib/libpebble.a(tmpeWFBzLpebble.o)
                0x00000000000041f4                graphics_fill_radial
 .text.graphics_text_attributes_create
                0x0000000000004200        0xc /Users/eliyazdi/Library/Application Support/Pebble SDK/SDKs/current/sdk-core/pebble/aplite/lib/libpebble.a(tmpeWFBzLpebble.o)
                0x0000000000004200                graphics_text_attributes_create
 .text.graphics_text_attributes_destroy
                0x000000000000420c        0xc /Users/eliyazdi/Library/Application Support/Pebble SDK/SDKs/current/sdk-core/pebble/aplite/lib/libpebble.a(tmpeWFBzLpebble.o)
                0x000000000000420c                graphics_text_attributes_destroy
 .text.graphics_text_layout_get_content_size_with_attributes
                0x0000000000004218        0xc /Users/eliyazdi/Library/Application Support/Pebble SDK/SDKs/current/sdk-core/pebble/aplite/lib/libpebble.a(tmpeWFBzLpebble.o)
                0x0000000000004218                graphics_text_layout_get_content_size_with_attributes
 .text.scroll_layer_set_paging
                0x0000000000004224        0xc /Users/eliyazdi/Library/Application Support/Pebble SDK/SDKs/current/sdk-core/pebble/aplite/lib/libpebble.a(tmpeWFBzLpebble.o)
                0x0000000000004224                scroll_layer_set_paging
 *(.rodata)
 *(.rodata*)
 .rodata.str1.1
                0x0000000000004230       0x1b src/simply/simply_menu.c.19.o
                                         0x1c (size before relaxing)
 *fill*         0x000000000000424b        0x1 
 .rodata.segments.8204
                0x000000000000424c       0x1c src/simply/simply_msg.c.19.o
 .rodata.segments.8207
                0x0000000000004268       0x10 src/simply/simply_msg.c.19.o
 .rodata.segments.8171
                0x0000000000004278        0xc src/simply/simply_msg.c.19.o
 .rodata.segments.8174
                0x0000000000004284       0x1c src/simply/simply_msg.c.19.o
 .rodata.segments.8180
                0x00000000000042a0       0x14 src/simply/simply_msg.c.19.o
 .rodata.segments.8177
                0x00000000000042b4       0x1c src/simply/simply_msg.c.19.o
 .rodata.segments.8183
                0x00000000000042d0        0x4 src/simply/simply_msg.c.19.o
 .rodata.segments.8186
                0x00000000000042d4       0x1c src/simply/simply_msg.c.19.o
 .rodata.segments.8192
                0x00000000000042f0       0x1c src/simply/simply_msg.c.19.o
 .rodata.segments.8189
                0x000000000000430c       0x14 src/simply/simply_msg.c.19.o
 .rodata.segments.8195
                0x0000000000004320        0xc src/simply/simply_msg.c.19.o
 .rodata.str1.1
                0x000000000000432c       0x26 src/simply/simply_msg.c.19.o
 *fill*         0x0000000000004352        0x2 
 .rodata.segments.8198
                0x0000000000004354       0x1c src/simply/simply_msg.c.19.o
 .rodata.segments.8201
                0x0000000000004370       0x14 src/simply/simply_msg.c.19.o
 .rodata.str1.1
                0x0000000000004384       0x16 src/simply/simply_stage.c.19.o
 .rodata.str1.1
                0x000000000000439a       0x7d src/simply/simply_ui.c.19.o

.glue_7         0x0000000000004418        0x0
 .glue_7        0x0000000000000000        0x0 linker stubs

.glue_7t        0x0000000000004418        0x0
 .glue_7t       0x0000000000000000        0x0 linker stubs

.vfp11_veneer   0x0000000000004418        0x0
 .vfp11_veneer  0x0000000000000000        0x0 linker stubs

.v4_bx          0x0000000000004418        0x0
 .v4_bx         0x0000000000000000        0x0 linker stubs

.iplt           0x0000000000004418        0x0
 .iplt          0x0000000000000000        0x0 /usr/local/Cellar/pebble-toolchain/2.0/arm-cs-tools/bin/../lib/gcc/arm-none-eabi/4.7.2/thumb2/crtbegin.o

.rel.dyn        0x0000000000004418        0x0
 .rel.iplt      0x0000000000000000        0x0 /usr/local/Cellar/pebble-toolchain/2.0/arm-cs-tools/bin/../lib/gcc/arm-none-eabi/4.7.2/thumb2/crtbegin.o

.ARM.exidx      0x0000000000004418        0x8
 .ARM.exidx     0x0000000000004418        0x8 /usr/local/Cellar/pebble-toolchain/2.0/arm-cs-tools/bin/../lib/gcc/arm-none-eabi/4.7.2/thumb2/libgcc.a(_divdi3.o)
 .ARM.exidx     0x0000000000004420        0x0 /usr/local/Cellar/pebble-toolchain/2.0/arm-cs-tools/bin/../lib/gcc/arm-none-eabi/4.7.2/thumb2/libgcc.a(_udivdi3.o)
                                          0x8 (size before relaxing)

.data           0x0000000000004420      0x116
 *(.data)
 .data          0x0000000000004420        0x0 /usr/local/Cellar/pebble-toolchain/2.0/arm-cs-tools/bin/../lib/gcc/arm-none-eabi/4.7.2/thumb2/crti.o
 .data          0x0000000000004420        0x4 /usr/local/Cellar/pebble-toolchain/2.0/arm-cs-tools/bin/../lib/gcc/arm-none-eabi/4.7.2/thumb2/crtbegin.o
                0x0000000000004420                __dso_handle
 .data          0x0000000000004424        0x0 src/main.c.19.o
 .data          0x0000000000004424        0x0 src/simply/simply.c.19.o
 .data          0x0000000000004424        0x0 src/simply/simply_accel.c.19.o
 .data          0x0000000000004424        0x0 src/simply/simply_menu.c.19.o
 .data          0x0000000000004424       0x68 src/simply/simply_msg.c.19.o
 .data          0x000000000000448c        0x0 src/simply/simply_res.c.19.o
 .data          0x000000000000448c        0x0 src/simply/simply_splash.c.19.o
 .data          0x000000000000448c        0x0 src/simply/simply_stage.c.19.o
 .data          0x000000000000448c        0x0 src/simply/simply_ui.c.19.o
 .data          0x000000000000448c        0x0 src/simply/simply_voice.c.19.o
 .data          0x000000000000448c        0x0 src/simply/simply_wakeup.c.19.o
 .data          0x000000000000448c        0x0 src/simply/simply_window.c.19.o
 .data          0x000000000000448c        0x0 src/simply/simply_window_stack.c.19.o
 .data          0x000000000000448c        0x0 aplite/appinfo.auto.c.19.o
 .data          0x000000000000448c        0x0 /Users/eliyazdi/Library/Application Support/Pebble SDK/SDKs/current/sdk-core/pebble/aplite/lib/libpebble.a(tmpeWFBzLpebble.o)
 .data          0x000000000000448c        0x0 /usr/local/Cellar/pebble-toolchain/2.0/arm-cs-tools/bin/../lib/gcc/arm-none-eabi/4.7.2/thumb2/libgcc.a(_aeabi_ldivmod.o)
 .data          0x000000000000448c        0x0 /usr/local/Cellar/pebble-toolchain/2.0/arm-cs-tools/bin/../lib/gcc/arm-none-eabi/4.7.2/thumb2/libgcc.a(bpabi.o)
 .data          0x000000000000448c        0x0 /usr/local/Cellar/pebble-toolchain/2.0/arm-cs-tools/bin/../lib/gcc/arm-none-eabi/4.7.2/thumb2/libgcc.a(_dvmd_tls.o)
 .data          0x000000000000448c        0x0 /usr/local/Cellar/pebble-toolchain/2.0/arm-cs-tools/bin/../lib/gcc/arm-none-eabi/4.7.2/thumb2/libgcc.a(_divdi3.o)
 .data          0x000000000000448c        0x0 /usr/local/Cellar/pebble-toolchain/2.0/arm-cs-tools/bin/../lib/gcc/arm-none-eabi/4.7.2/thumb2/libgcc.a(_udivdi3.o)
 .data          0x000000000000448c        0x0 /usr/local/Cellar/pebble-toolchain/2.0/arm-cs-tools/bin/../lib/gcc/arm-none-eabi/4.7.2/thumb2/libgcc.a(_udivsi3.o)
 .data          0x000000000000448c        0x0 /usr/local/Cellar/pebble-toolchain/2.0/arm-cs-tools/bin/../lib/gcc/arm-none-eabi/4.7.2/thumb2/crtend.o
 .data          0x000000000000448c        0x0 /usr/local/Cellar/pebble-toolchain/2.0/arm-cs-tools/bin/../lib/gcc/arm-none-eabi/4.7.2/thumb2/crtn.o
 *(.data.*)
 .data.rel.ro.local.s_window_handlers.8292
                0x000000000000448c       0x10 src/simply/simply_menu.c.19.o
 .data.s_normal_palette
                0x000000000000449c        0x2 src/simply/simply_menu.c.19.o
 .data.s_inverted_palette
                0x000000000000449e        0x2 src/simply/simply_menu.c.19.o
 .data.rel.ro.local.s_window_handlers.8377
                0x00000000000044a0       0x10 src/simply/simply_stage.c.19.o
 .data.rel.ro.implementation.8244
                0x00000000000044b0       0x14 src/simply/simply_stage.c.19.o
 .data.rel.ro.local.s_window_handlers.8073
                0x00000000000044c4       0x10 src/simply/simply_ui.c.19.o
 .data.rel.ro.local.STYLES
                0x00000000000044d4       0x5f src/simply/simply_ui.c.19.o
 .data.s_button_palette
                0x0000000000004533        0x2 src/simply/simply_window.c.19.o
 .data.s_broadcast_window
                0x0000000000004535        0x1 src/simply/simply_window_stack.c.19.o

.igot.plt       0x0000000000004538        0x0
 .igot.plt      0x0000000000000000        0x0 /usr/local/Cellar/pebble-toolchain/2.0/arm-cs-tools/bin/../lib/gcc/arm-none-eabi/4.7.2/thumb2/crtbegin.o

.bss            0x0000000000004538      0x114
 *(.bss)
 *(.bss.*)
 .bss.s_accel   0x0000000000004538        0x4 src/simply/simply_accel.c.19.o
 .bss.s_provider.7868
                0x000000000000453c        0x4 src/simply/simply_menu.c.19.o
 .bss.s_has_communicated
                0x0000000000004540        0x1 src/simply/simply_msg.c.19.o
 *fill*         0x0000000000004541        0x3 
 .bss.s_msg     0x0000000000004544        0x4 src/simply/simply_msg.c.19.o
 .bss.time_text.8140
                0x0000000000004548      0x100 src/simply/simply_stage.c.19.o
 .bss.s_provider.7864
                0x0000000000004648        0x4 src/simply/simply_window.c.19.o

DISCARD
 libc.a(*)
 libm.a(*)
 libgcc.a(*)
 *(.eh_frame)
OUTPUT(/Users/eliyazdi/BuzzVoice/build/aplite/pebble-app.elf elf32-littlearm)

.ARM.attributes
                0x0000000000000000       0x27
 .ARM.attributes
                0x0000000000000000       0x19 /usr/local/Cellar/pebble-toolchain/2.0/arm-cs-tools/bin/../lib/gcc/arm-none-eabi/4.7.2/thumb2/crti.o
 .ARM.attributes
                0x0000000000000019       0x29 /usr/local/Cellar/pebble-toolchain/2.0/arm-cs-tools/bin/../lib/gcc/arm-none-eabi/4.7.2/thumb2/crtbegin.o
 .ARM.attributes
                0x0000000000000042       0x33 src/main.c.19.o
 .ARM.attributes
                0x0000000000000075       0x33 src/simply/simply.c.19.o
 .ARM.attributes
                0x00000000000000a8       0x33 src/simply/simply_accel.c.19.o
 .ARM.attributes
                0x00000000000000db       0x33 src/simply/simply_menu.c.19.o
 .ARM.attributes
                0x000000000000010e       0x33 src/simply/simply_msg.c.19.o
 .ARM.attributes
                0x0000000000000141       0x33 src/simply/simply_res.c.19.o
 .ARM.attributes
                0x0000000000000174       0x33 src/simply/simply_splash.c.19.o
 .ARM.attributes
                0x00000000000001a7       0x33 src/simply/simply_stage.c.19.o
 .ARM.attributes
                0x00000000000001da       0x33 src/simply/simply_ui.c.19.o
 .ARM.attributes
                0x000000000000020d       0x33 src/simply/simply_voice.c.19.o
 .ARM.attributes
                0x0000000000000240       0x33 src/simply/simply_wakeup.c.19.o
 .ARM.attributes
                0x0000000000000273       0x33 src/simply/simply_window.c.19.o
 .ARM.attributes
                0x00000000000002a6       0x33 src/simply/simply_window_stack.c.19.o
 .ARM.attributes
                0x00000000000002d9       0x33 aplite/appinfo.auto.c.19.o
 .ARM.attributes
                0x000000000000030c       0x21 /Users/eliyazdi/Library/Application Support/Pebble SDK/SDKs/current/sdk-core/pebble/aplite/lib/libpebble.a(tmpeWFBzLpebble.o)
 .ARM.attributes
                0x000000000000032d       0x19 /usr/local/Cellar/pebble-toolchain/2.0/arm-cs-tools/bin/../lib/gcc/arm-none-eabi/4.7.2/thumb2/libgcc.a(_aeabi_ldivmod.o)
 .ARM.attributes
                0x0000000000000346       0x29 /usr/local/Cellar/pebble-toolchain/2.0/arm-cs-tools/bin/../lib/gcc/arm-none-eabi/4.7.2/thumb2/libgcc.a(bpabi.o)
 .ARM.attributes
                0x000000000000036f       0x19 /usr/local/Cellar/pebble-toolchain/2.0/arm-cs-tools/bin/../lib/gcc/arm-none-eabi/4.7.2/thumb2/libgcc.a(_dvmd_tls.o)
 .ARM.attributes
                0x0000000000000388       0x29 /usr/local/Cellar/pebble-toolchain/2.0/arm-cs-tools/bin/../lib/gcc/arm-none-eabi/4.7.2/thumb2/libgcc.a(_divdi3.o)
 .ARM.attributes
                0x00000000000003b1       0x29 /usr/local/Cellar/pebble-toolchain/2.0/arm-cs-tools/bin/../lib/gcc/arm-none-eabi/4.7.2/thumb2/libgcc.a(_udivdi3.o)
 .ARM.attributes
                0x00000000000003da       0x19 /usr/local/Cellar/pebble-toolchain/2.0/arm-cs-tools/bin/../lib/gcc/arm-none-eabi/4.7.2/thumb2/libgcc.a(_udivsi3.o)
 .ARM.attributes
                0x00000000000003f3       0x29 /usr/local/Cellar/pebble-toolchain/2.0/arm-cs-tools/bin/../lib/gcc/arm-none-eabi/4.7.2/thumb2/crtend.o
 .ARM.attributes
                0x000000000000041c       0x19 /usr/local/Cellar/pebble-toolchain/2.0/arm-cs-tools/bin/../lib/gcc/arm-none-eabi/4.7.2/thumb2/crtn.o

.comment        0x0000000000000000       0x4e
 .comment       0x0000000000000000       0x4e /usr/local/Cellar/pebble-toolchain/2.0/arm-cs-tools/bin/../lib/gcc/arm-none-eabi/4.7.2/thumb2/crtbegin.o
                                         0x4f (size before relaxing)
 .comment       0x0000000000000000       0x4f src/main.c.19.o
 .comment       0x0000000000000000       0x4f src/simply/simply.c.19.o
 .comment       0x0000000000000000       0x4f src/simply/simply_accel.c.19.o
 .comment       0x0000000000000000       0x4f src/simply/simply_menu.c.19.o
 .comment       0x0000000000000000       0x4f src/simply/simply_msg.c.19.o
 .comment       0x0000000000000000       0x4f src/simply/simply_res.c.19.o
 .comment       0x0000000000000000       0x4f src/simply/simply_splash.c.19.o
 .comment       0x0000000000000000       0x4f src/simply/simply_stage.c.19.o
 .comment       0x0000000000000000       0x4f src/simply/simply_ui.c.19.o
 .comment       0x0000000000000000       0x4f src/simply/simply_voice.c.19.o
 .comment       0x0000000000000000       0x4f src/simply/simply_wakeup.c.19.o
 .comment       0x0000000000000000       0x4f src/simply/simply_window.c.19.o
 .comment       0x0000000000000000       0x4f src/simply/simply_window_stack.c.19.o
 .comment       0x0000000000000000       0x4f aplite/appinfo.auto.c.19.o
 .comment       0x0000000000000000       0x4f /usr/local/Cellar/pebble-toolchain/2.0/arm-cs-tools/bin/../lib/gcc/arm-none-eabi/4.7.2/thumb2/libgcc.a(bpabi.o)
 .comment       0x0000000000000000       0x4f /usr/local/Cellar/pebble-toolchain/2.0/arm-cs-tools/bin/../lib/gcc/arm-none-eabi/4.7.2/thumb2/libgcc.a(_divdi3.o)
 .comment       0x0000000000000000       0x4f /usr/local/Cellar/pebble-toolchain/2.0/arm-cs-tools/bin/../lib/gcc/arm-none-eabi/4.7.2/thumb2/libgcc.a(_udivdi3.o)
 .comment       0x0000000000000000       0x4f /usr/local/Cellar/pebble-toolchain/2.0/arm-cs-tools/bin/../lib/gcc/arm-none-eabi/4.7.2/thumb2/crtend.o

.debug_info     0x0000000000000000    0x16626
 .debug_info    0x0000000000000000      0x256 src/main.c.19.o
 .debug_info    0x0000000000000256      0xcab src/simply/simply.c.19.o
 .debug_info    0x0000000000000f01      0xd7c src/simply/simply_accel.c.19.o
 .debug_info    0x0000000000001c7d     0x40c9 src/simply/simply_menu.c.19.o
 .debug_info    0x0000000000005d46     0x29ba src/simply/simply_msg.c.19.o
 .debug_info    0x0000000000008700     0x13d4 src/simply/simply_res.c.19.o
 .debug_info    0x0000000000009ad4      0x8e8 src/simply/simply_splash.c.19.o
 .debug_info    0x000000000000a3bc     0x46fb src/simply/simply_stage.c.19.o
 .debug_info    0x000000000000eab7     0x263d src/simply/simply_ui.c.19.o
 .debug_info    0x00000000000110f4       0x80 src/simply/simply_voice.c.19.o
 .debug_info    0x0000000000011174      0xba7 src/simply/simply_wakeup.c.19.o
 .debug_info    0x0000000000011d1b     0x2539 src/simply/simply_window.c.19.o
 .debug_info    0x0000000000014254     0x1040 src/simply/simply_window_stack.c.19.o
 .debug_info    0x0000000000015294      0x319 aplite/appinfo.auto.c.19.o
 .debug_info    0x00000000000155ad       0xb4 /usr/local/Cellar/pebble-toolchain/2.0/arm-cs-tools/bin/../lib/gcc/arm-none-eabi/4.7.2/thumb2/libgcc.a(_aeabi_ldivmod.o)
 .debug_info    0x0000000000015661      0x174 /usr/local/Cellar/pebble-toolchain/2.0/arm-cs-tools/bin/../lib/gcc/arm-none-eabi/4.7.2/thumb2/libgcc.a(bpabi.o)
 .debug_info    0x00000000000157d5       0xb8 /usr/local/Cellar/pebble-toolchain/2.0/arm-cs-tools/bin/../lib/gcc/arm-none-eabi/4.7.2/thumb2/libgcc.a(_dvmd_tls.o)
 .debug_info    0x000000000001588d      0x68f /usr/local/Cellar/pebble-toolchain/2.0/arm-cs-tools/bin/../lib/gcc/arm-none-eabi/4.7.2/thumb2/libgcc.a(_divdi3.o)
 .debug_info    0x0000000000015f1c      0x652 /usr/local/Cellar/pebble-toolchain/2.0/arm-cs-tools/bin/../lib/gcc/arm-none-eabi/4.7.2/thumb2/libgcc.a(_udivdi3.o)
 .debug_info    0x000000000001656e       0xb8 /usr/local/Cellar/pebble-toolchain/2.0/arm-cs-tools/bin/../lib/gcc/arm-none-eabi/4.7.2/thumb2/libgcc.a(_udivsi3.o)

.debug_abbrev   0x0000000000000000     0x34cf
 .debug_abbrev  0x0000000000000000      0x14d src/main.c.19.o
 .debug_abbrev  0x000000000000014d      0x28b src/simply/simply.c.19.o
 .debug_abbrev  0x00000000000003d8      0x354 src/simply/simply_accel.c.19.o
 .debug_abbrev  0x000000000000072c      0x5ef src/simply/simply_menu.c.19.o
 .debug_abbrev  0x0000000000000d1b      0x591 src/simply/simply_msg.c.19.o
 .debug_abbrev  0x00000000000012ac      0x449 src/simply/simply_res.c.19.o
 .debug_abbrev  0x00000000000016f5      0x2ca src/simply/simply_splash.c.19.o
 .debug_abbrev  0x00000000000019bf      0x5c4 src/simply/simply_stage.c.19.o
 .debug_abbrev  0x0000000000001f83      0x52a src/simply/simply_ui.c.19.o
 .debug_abbrev  0x00000000000024ad       0x26 src/simply/simply_voice.c.19.o
 .debug_abbrev  0x00000000000024d3      0x30b src/simply/simply_wakeup.c.19.o
 .debug_abbrev  0x00000000000027de      0x4e2 src/simply/simply_window.c.19.o
 .debug_abbrev  0x0000000000002cc0      0x3e2 src/simply/simply_window_stack.c.19.o
 .debug_abbrev  0x00000000000030a2       0x9e aplite/appinfo.auto.c.19.o
 .debug_abbrev  0x0000000000003140       0x14 /usr/local/Cellar/pebble-toolchain/2.0/arm-cs-tools/bin/../lib/gcc/arm-none-eabi/4.7.2/thumb2/libgcc.a(_aeabi_ldivmod.o)
 .debug_abbrev  0x0000000000003154       0xb7 /usr/local/Cellar/pebble-toolchain/2.0/arm-cs-tools/bin/../lib/gcc/arm-none-eabi/4.7.2/thumb2/libgcc.a(bpabi.o)
 .debug_abbrev  0x000000000000320b       0x14 /usr/local/Cellar/pebble-toolchain/2.0/arm-cs-tools/bin/../lib/gcc/arm-none-eabi/4.7.2/thumb2/libgcc.a(_dvmd_tls.o)
 .debug_abbrev  0x000000000000321f      0x151 /usr/local/Cellar/pebble-toolchain/2.0/arm-cs-tools/bin/../lib/gcc/arm-none-eabi/4.7.2/thumb2/libgcc.a(_divdi3.o)
 .debug_abbrev  0x0000000000003370      0x14b /usr/local/Cellar/pebble-toolchain/2.0/arm-cs-tools/bin/../lib/gcc/arm-none-eabi/4.7.2/thumb2/libgcc.a(_udivdi3.o)
 .debug_abbrev  0x00000000000034bb       0x14 /usr/local/Cellar/pebble-toolchain/2.0/arm-cs-tools/bin/../lib/gcc/arm-none-eabi/4.7.2/thumb2/libgcc.a(_udivsi3.o)

.debug_loc      0x0000000000000000     0x9e62
 .debug_loc     0x0000000000000000       0x3e src/main.c.19.o
 .debug_loc     0x000000000000003e       0x7c src/simply/simply.c.19.o
 .debug_loc     0x00000000000000ba      0x4dc src/simply/simply_accel.c.19.o
 .debug_loc     0x0000000000000596     0x1dff src/simply/simply_menu.c.19.o
 .debug_loc     0x0000000000002395      0xb83 src/simply/simply_msg.c.19.o
 .debug_loc     0x0000000000002f18      0xccb src/simply/simply_res.c.19.o
 .debug_loc     0x0000000000003be3      0x1ec src/simply/simply_splash.c.19.o
 .debug_loc     0x0000000000003dcf     0x18a8 src/simply/simply_stage.c.19.o
 .debug_loc     0x0000000000005677     0x118f src/simply/simply_ui.c.19.o
 .debug_loc     0x0000000000006806      0x340 src/simply/simply_wakeup.c.19.o
 .debug_loc     0x0000000000006b46      0xd6f src/simply/simply_window.c.19.o
 .debug_loc     0x00000000000078b5      0x6aa src/simply/simply_window_stack.c.19.o
 .debug_loc     0x0000000000007f5f       0xe0 /usr/local/Cellar/pebble-toolchain/2.0/arm-cs-tools/bin/../lib/gcc/arm-none-eabi/4.7.2/thumb2/libgcc.a(bpabi.o)
 .debug_loc     0x000000000000803f      0xebd /usr/local/Cellar/pebble-toolchain/2.0/arm-cs-tools/bin/../lib/gcc/arm-none-eabi/4.7.2/thumb2/libgcc.a(_divdi3.o)
 .debug_loc     0x0000000000008efc      0xf66 /usr/local/Cellar/pebble-toolchain/2.0/arm-cs-tools/bin/../lib/gcc/arm-none-eabi/4.7.2/thumb2/libgcc.a(_udivdi3.o)

.debug_aranges  0x0000000000000000      0x730
 .debug_aranges
                0x0000000000000000       0x20 src/main.c.19.o
 .debug_aranges
                0x0000000000000020       0x28 src/simply/simply.c.19.o
 .debug_aranges
                0x0000000000000048       0x50 src/simply/simply_accel.c.19.o
 .debug_aranges
                0x0000000000000098      0x130 src/simply/simply_menu.c.19.o
 .debug_aranges
                0x00000000000001c8       0x88 src/simply/simply_msg.c.19.o
 .debug_aranges
                0x0000000000000250       0xb0 src/simply/simply_res.c.19.o
 .debug_aranges
                0x0000000000000300       0x40 src/simply/simply_splash.c.19.o
 .debug_aranges
                0x0000000000000340       0xf8 src/simply/simply_stage.c.19.o
 .debug_aranges
                0x0000000000000438       0x90 src/simply/simply_ui.c.19.o
 .debug_aranges
                0x00000000000004c8       0x18 src/simply/simply_voice.c.19.o
 .debug_aranges
                0x00000000000004e0       0x38 src/simply/simply_wakeup.c.19.o
 .debug_aranges
                0x0000000000000518       0xd0 src/simply/simply_window.c.19.o
 .debug_aranges
                0x00000000000005e8       0x70 src/simply/simply_window_stack.c.19.o
 .debug_aranges
                0x0000000000000658       0x18 aplite/appinfo.auto.c.19.o
 .debug_aranges
                0x0000000000000670       0x20 /usr/local/Cellar/pebble-toolchain/2.0/arm-cs-tools/bin/../lib/gcc/arm-none-eabi/4.7.2/thumb2/libgcc.a(_aeabi_ldivmod.o)
 .debug_aranges
                0x0000000000000690       0x20 /usr/local/Cellar/pebble-toolchain/2.0/arm-cs-tools/bin/../lib/gcc/arm-none-eabi/4.7.2/thumb2/libgcc.a(bpabi.o)
 .debug_aranges
                0x00000000000006b0       0x20 /usr/local/Cellar/pebble-toolchain/2.0/arm-cs-tools/bin/../lib/gcc/arm-none-eabi/4.7.2/thumb2/libgcc.a(_dvmd_tls.o)
 .debug_aranges
                0x00000000000006d0       0x20 /usr/local/Cellar/pebble-toolchain/2.0/arm-cs-tools/bin/../lib/gcc/arm-none-eabi/4.7.2/thumb2/libgcc.a(_divdi3.o)
 .debug_aranges
                0x00000000000006f0       0x20 /usr/local/Cellar/pebble-toolchain/2.0/arm-cs-tools/bin/../lib/gcc/arm-none-eabi/4.7.2/thumb2/libgcc.a(_udivdi3.o)
 .debug_aranges
                0x0000000000000710       0x20 /usr/local/Cellar/pebble-toolchain/2.0/arm-cs-tools/bin/../lib/gcc/arm-none-eabi/4.7.2/thumb2/libgcc.a(_udivsi3.o)

.debug_ranges   0x0000000000000000     0x1240
 .debug_ranges  0x0000000000000000       0x10 src/main.c.19.o
 .debug_ranges  0x0000000000000010       0x18 src/simply/simply.c.19.o
 .debug_ranges  0x0000000000000028       0x88 src/simply/simply_accel.c.19.o
 .debug_ranges  0x00000000000000b0      0x318 src/simply/simply_menu.c.19.o
 .debug_ranges  0x00000000000003c8      0x380 src/simply/simply_msg.c.19.o
 .debug_ranges  0x0000000000000748       0xe8 src/simply/simply_res.c.19.o
 .debug_ranges  0x0000000000000830       0x30 src/simply/simply_splash.c.19.o
 .debug_ranges  0x0000000000000860      0x3c0 src/simply/simply_stage.c.19.o
 .debug_ranges  0x0000000000000c20      0x200 src/simply/simply_ui.c.19.o
 .debug_ranges  0x0000000000000e20       0x58 src/simply/simply_wakeup.c.19.o
 .debug_ranges  0x0000000000000e78      0x108 src/simply/simply_window.c.19.o
 .debug_ranges  0x0000000000000f80       0xc0 src/simply/simply_window_stack.c.19.o
 .debug_ranges  0x0000000000001040      0x108 /usr/local/Cellar/pebble-toolchain/2.0/arm-cs-tools/bin/../lib/gcc/arm-none-eabi/4.7.2/thumb2/libgcc.a(_divdi3.o)
 .debug_ranges  0x0000000000001148       0xf8 /usr/local/Cellar/pebble-toolchain/2.0/arm-cs-tools/bin/../lib/gcc/arm-none-eabi/4.7.2/thumb2/libgcc.a(_udivdi3.o)

.debug_line     0x0000000000000000     0x3b22
 .debug_line    0x0000000000000000       0xca src/main.c.19.o
 .debug_line    0x00000000000000ca      0x2dd src/simply/simply.c.19.o
 .debug_line    0x00000000000003a7      0x2d8 src/simply/simply_accel.c.19.o
 .debug_line    0x000000000000067f      0x918 src/simply/simply_menu.c.19.o
 .debug_line    0x0000000000000f97      0x55f src/simply/simply_msg.c.19.o
 .debug_line    0x00000000000014f6      0x4ad src/simply/simply_res.c.19.o
 .debug_line    0x00000000000019a3      0x27b src/simply/simply_splash.c.19.o
 .debug_line    0x0000000000001c1e      0x7df src/simply/simply_stage.c.19.o
 .debug_line    0x00000000000023fd      0x5ed src/simply/simply_ui.c.19.o
 .debug_line    0x00000000000029ea       0x1d src/simply/simply_voice.c.19.o
 .debug_line    0x0000000000002a07      0x315 src/simply/simply_wakeup.c.19.o
 .debug_line    0x0000000000002d1c      0x58e src/simply/simply_window.c.19.o
 .debug_line    0x00000000000032aa      0x379 src/simply/simply_window_stack.c.19.o
 .debug_line    0x0000000000003623      0x159 aplite/appinfo.auto.c.19.o