Archive member included because of file (symbol)

/Users/eliyazdi/Library/Application Support/Pebble SDK/SDKs/current/sdk-core/pebble/basalt/lib/libpebble.a(tmp3WoB93pebble.o)
                              src/simply/simply_accel.c.18.o (accel_data_service_unsubscribe)
/usr/local/Cellar/pebble-toolchain/2.0/arm-cs-tools/bin/../lib/gcc/arm-none-eabi/4.7.2/thumb2/libgcc.a(_aeabi_ldivmod.o)
                              src/simply/simply_menu.c.18.o (__aeabi_ldivmod)
/usr/local/Cellar/pebble-toolchain/2.0/arm-cs-tools/bin/../lib/gcc/arm-none-eabi/4.7.2/thumb2/libgcc.a(bpabi.o)
                              /usr/local/Cellar/pebble-toolchain/2.0/arm-cs-tools/bin/../lib/gcc/arm-none-eabi/4.7.2/thumb2/libgcc.a(_aeabi_ldivmod.o) (__gnu_ldivmod_helper)
/usr/local/Cellar/pebble-toolchain/2.0/arm-cs-tools/bin/../lib/gcc/arm-none-eabi/4.7.2/thumb2/libgcc.a(_dvmd_tls.o)
                              /usr/local/Cellar/pebble-toolchain/2.0/arm-cs-tools/bin/../lib/gcc/arm-none-eabi/4.7.2/thumb2/libgcc.a(_aeabi_ldivmod.o) (__aeabi_ldiv0)
/usr/local/Cellar/pebble-toolchain/2.0/arm-cs-tools/bin/../lib/gcc/arm-none-eabi/4.7.2/thumb2/libgcc.a(_divdi3.o)
                              /usr/local/Cellar/pebble-toolchain/2.0/arm-cs-tools/bin/../lib/gcc/arm-none-eabi/4.7.2/thumb2/libgcc.a(bpabi.o) (__divdi3)
/usr/local/Cellar/pebble-toolchain/2.0/arm-cs-tools/bin/../lib/gcc/arm-none-eabi/4.7.2/thumb2/libgcc.a(_udivdi3.o)
                              /usr/local/Cellar/pebble-toolchain/2.0/arm-cs-tools/bin/../lib/gcc/arm-none-eabi/4.7.2/thumb2/libgcc.a(bpabi.o) (__udivdi3)
/usr/local/Cellar/pebble-toolchain/2.0/arm-cs-tools/bin/../lib/gcc/arm-none-eabi/4.7.2/thumb2/libgcc.a(_udivsi3.o)
                              /usr/local/Cellar/pebble-toolchain/2.0/arm-cs-tools/bin/../lib/gcc/arm-none-eabi/4.7.2/thumb2/libgcc.a(_divdi3.o) (__aeabi_uidiv)

Discarded input sections

 .text          0x0000000000000000        0x0 /usr/local/Cellar/pebble-toolchain/2.0/arm-cs-tools/bin/../lib/gcc/arm-none-eabi/4.7.2/thumb2/crti.o
 .bss           0x0000000000000000        0x0 /usr/local/Cellar/pebble-toolchain/2.0/arm-cs-tools/bin/../lib/gcc/arm-none-eabi/4.7.2/thumb2/crti.o
 .init          0x0000000000000000        0x4 /usr/local/Cellar/pebble-toolchain/2.0/arm-cs-tools/bin/../lib/gcc/arm-none-eabi/4.7.2/thumb2/crti.o
 .fini          0x0000000000000000        0x4 /usr/local/Cellar/pebble-toolchain/2.0/arm-cs-tools/bin/../lib/gcc/arm-none-eabi/4.7.2/thumb2/crti.o
 .text          0x0000000000000000       0xc8 /usr/local/Cellar/pebble-toolchain/2.0/arm-cs-tools/bin/../lib/gcc/arm-none-eabi/4.7.2/thumb2/crtbegin.o
 .bss           0x0000000000000000       0x1c /usr/local/Cellar/pebble-toolchain/2.0/arm-cs-tools/bin/../lib/gcc/arm-none-eabi/4.7.2/thumb2/crtbegin.o
 .init_array    0x0000000000000000        0x4 /usr/local/Cellar/pebble-toolchain/2.0/arm-cs-tools/bin/../lib/gcc/arm-none-eabi/4.7.2/thumb2/crtbegin.o
 .fini_array    0x0000000000000000        0x4 /usr/local/Cellar/pebble-toolchain/2.0/arm-cs-tools/bin/../lib/gcc/arm-none-eabi/4.7.2/thumb2/crtbegin.o
 .eh_frame      0x0000000000000000        0x0 /usr/local/Cellar/pebble-toolchain/2.0/arm-cs-tools/bin/../lib/gcc/arm-none-eabi/4.7.2/thumb2/crtbegin.o
 .jcr           0x0000000000000000        0x0 /usr/local/Cellar/pebble-toolchain/2.0/arm-cs-tools/bin/../lib/gcc/arm-none-eabi/4.7.2/thumb2/crtbegin.o
 .tm_clone_table
                0x0000000000000000        0x0 /usr/local/Cellar/pebble-toolchain/2.0/arm-cs-tools/bin/../lib/gcc/arm-none-eabi/4.7.2/thumb2/crtbegin.o
 .text          0x0000000000000000        0x0 src/main.c.18.o
 .bss           0x0000000000000000        0x0 src/main.c.18.o
 .text          0x0000000000000000        0x0 src/simply/simply.c.18.o
 .bss           0x0000000000000000        0x0 src/simply/simply.c.18.o
 .text          0x0000000000000000        0x0 src/simply/simply_accel.c.18.o
 .bss           0x0000000000000000        0x0 src/simply/simply_accel.c.18.o
 .text          0x0000000000000000        0x0 src/simply/simply_menu.c.18.o
 .bss           0x0000000000000000        0x0 src/simply/simply_menu.c.18.o
 .text          0x0000000000000000        0x0 src/simply/simply_msg.c.18.o
 .bss           0x0000000000000000        0x0 src/simply/simply_msg.c.18.o
 .text          0x0000000000000000        0x0 src/simply/simply_res.c.18.o
 .bss           0x0000000000000000        0x0 src/simply/simply_res.c.18.o
 .text.id_filter
                0x0000000000000000        0xa src/simply/simply_res.c.18.o
 .text.simply_res_remove_image
                0x0000000000000000       0x18 src/simply/simply_res.c.18.o
 .text          0x0000000000000000        0x0 src/simply/simply_splash.c.18.o
 .bss           0x0000000000000000        0x0 src/simply/simply_splash.c.18.o
 .text          0x0000000000000000        0x0 src/simply/simply_stage.c.18.o
 .bss           0x0000000000000000        0x0 src/simply/simply_stage.c.18.o
 .text.id_filter
[...]
Memory Configuration

Name             Origin             Length             Attributes
APP              0x0000000000000000 0x0000000000010000 xrw
*default*        0x0000000000000000 0xffffffffffffffff

Linker script and memory map

LOAD /usr/local/Cellar/pebble-toolchain/2.0/arm-cs-tools/bin/../lib/gcc/arm-none-eabi/4.7.2/thumb2/crti.o
LOAD /usr/local/Cellar/pebble-toolchain/2.0/arm-cs-tools/bin/../lib/gcc/arm-none-eabi/4.7.2/thumb2/crtbegin.o
LOAD src/main.c.18.o
LOAD src/simply/simply.c.18.o
LOAD src/simply/simply_accel.c.18.o
LOAD src/simply/simply_menu.c.18.o
LOAD src/simply/simply_msg.c.18.o
LOAD src/simply/simply_res.c.18.o
LOAD src/simply/simply_splash.c.18.o
LOAD src/simply/simply_stage.c.18.o
LOAD src/simply/simply_ui.c.18.o
LOAD src/simply/simply_voice.c.18.o
LOAD src/simply/simply_wakeup.c.18.o
LOAD src/simply/simply_window.c.18.o
LOAD src/simply/simply_window_stack.c.18.o
LOAD basalt/appinfo.auto.c.18.o
LOAD /Users/eliyazdi/Library/Application Support/Pebble SDK/SDKs/current/sdk-core/pebble/basalt/lib/libpebble.a
START GROUP
LOAD /usr/local/Cellar/pebble-toolchain/2.0/arm-cs-tools/bin/../lib/gcc/arm-none-eabi/4.7.2/thumb2/libgcc.a
LOAD /usr/local/Cellar/pebble-toolchain/2.0/arm-cs-tools/bin/../lib/gcc/arm-none-eabi/4.7.2/../../../../arm-none-eabi/lib/thumb2/libc.a
END GROUP
LOAD /usr/local/Cellar/pebble-toolchain/2.0/arm-cs-tools/bin/../lib/gcc/arm-none-eabi/4.7.2/thumb2/crtend.o
LOAD /usr/local/Cellar/pebble-toolchain/2.0/arm-cs-tools/bin/../lib/gcc/arm-none-eabi/4.7.2/thumb2/crtn.o

.header         0x0000000000000000       0x82
 *(.pbl_header)
 .pbl_header    0x0000000000000000       0x82 basalt/appinfo.auto.c.18.o
                0x0000000000000000                __pbl_app_info

.note.gnu.build-id
                0x0000000000000082       0x26
                0x0000000000000082                PROVIDE (BUILD_ID, .)
 *(.note.gnu.build-id)
 *fill*         0x0000000000000082        0x2 
 .note.gnu.build-id
                0x0000000000000084       0x24 linker stubs

.text           0x00000000000000a8     0x4b87
 *(.text)
 .text          0x00000000000000a8       0x14 /Users/eliyazdi/Library/Application Support/Pebble SDK/SDKs/current/sdk-core/pebble/basalt/lib/libpebble.a(tmp3WoB93pebble.o)
 .text          0x00000000000000bc       0x38 /usr/local/Cellar/pebble-toolchain/2.0/arm-cs-tools/bin/../lib/gcc/arm-none-eabi/4.7.2/thumb2/libgcc.a(_aeabi_ldivmod.o)
                0x00000000000000bc                __aeabi_ldivmod
 .text          0x00000000000000f4       0x60 /usr/local/Cellar/pebble-toolchain/2.0/arm-cs-tools/bin/../lib/gcc/arm-none-eabi/4.7.2/thumb2/libgcc.a(bpabi.o)
                0x00000000000000f4                __gnu_ldivmod_helper
                0x0000000000000124                __gnu_uldivmod_helper
 .text          0x0000000000000154        0x4 /usr/local/Cellar/pebble-toolchain/2.0/arm-cs-tools/bin/../lib/gcc/arm-none-eabi/4.7.2/thumb2/libgcc.a(_dvmd_tls.o)
                0x0000000000000154                __aeabi_ldiv0
                0x0000000000000154                __aeabi_idiv0
 .text          0x0000000000000158      0x36c /usr/local/Cellar/pebble-toolchain/2.0/arm-cs-tools/bin/../lib/gcc/arm-none-eabi/4.7.2/thumb2/libgcc.a(_divdi3.o)
                0x0000000000000158                __divdi3
 .text          0x00000000000004c4      0x314 /usr/local/Cellar/pebble-toolchain/2.0/arm-cs-tools/bin/../lib/gcc/arm-none-eabi/4.7.2/thumb2/libgcc.a(_udivdi3.o)
                0x00000000000004c4                __udivdi3
 .text          0x00000000000007d8      0x278 /usr/local/Cellar/pebble-toolchain/2.0/arm-cs-tools/bin/../lib/gcc/arm-none-eabi/4.7.2/thumb2/libgcc.a(_udivsi3.o)
                0x00000000000007d8                __udivsi3
                0x00000000000007d8                __aeabi_uidiv
                0x0000000000000a34                __aeabi_uidivmod
 *(.text.*)
 .text.startup.main
                0x0000000000000a50       0x16 src/main.c.18.o
                0x0000000000000a50                main
 .text.simply_init
                0x0000000000000a66       0x64 src/simply/simply.c.18.o
                0x0000000000000a66                simply_init
 .text.simply_deinit
                0x0000000000000aca       0x3e src/simply/simply.c.18.o
                0x0000000000000aca                simply_deinit
 .text.handle_accel_tap
                0x0000000000000b08       0x1e src/simply/simply_accel.c.18.o
 .text.send_accel_data.isra.1
                0x0000000000000b26       0x4a src/simply/simply_accel.c.18.o
 .text.handle_accel_data
                0x0000000000000b70        0x6 src/simply/simply_accel.c.18.o
 *fill*         0x0000000000000b76        0x2 
 .text.accel_peek_timer_callback
                0x0000000000000b78       0x40 src/simply/simply_accel.c.18.o
 .text.simply_accel_handle_packet
                0x0000000000000bb8       0x6c src/simply/simply_accel.c.18.o
                0x0000000000000bb8                simply_accel_handle_packet
 .text.simply_accel_create
                0x0000000000000c24       0x38 src/simply/simply_accel.c.18.o
                0x0000000000000c24                simply_accel_create
 .text.simply_accel_destroy
                0x0000000000000c5c       0x20 src/simply/simply_accel.c.18.o
                0x0000000000000c5c                simply_accel_destroy
 .text.list1_remove
                0x0000000000000c7c       0x32 src/simply/simply_menu.c.18.o
 .text.prv_section_filter
                0x0000000000000cae        0xc src/simply/simply_menu.c.18.o
 .text.prv_item_filter
                0x0000000000000cba       0x1a src/simply/simply_menu.c.18.o
 .text.prv_request_item_filter
                0x0000000000000cd4        0xc src/simply/simply_menu.c.18.o
 .text.prv_menu_get_num_sections_callback
                0x0000000000000ce0        0x4 src/simply/simply_menu.c.18.o
 .text.prv_free_title
                0x0000000000000ce4       0x20 src/simply/simply_menu.c.18.o
 .text.prv_destroy_section
                0x0000000000000d04       0x20 src/simply/simply_menu.c.18.o
 .text.prv_destroy_item
                0x0000000000000d24       0x28 src/simply/simply_menu.c.18.o
 .text.prv_menu_window_unload
                0x0000000000000d4c       0x1c src/simply/simply_menu.c.18.o
 .text.prv_reload_data
                0x0000000000000d68        0xa src/simply/simply_menu.c.18.o
 .text.simply_menu_clear
                0x0000000000000d72       0x28 src/simply/simply_menu.c.18.o
 .text.prv_menu_window_disappear
                0x0000000000000d9a       0x22 src/simply/simply_menu.c.18.o
 .text.prv_menu_window_appear
                0x0000000000000dbc        0xe src/simply/simply_menu.c.18.o
 .text.prv_single_click_handler
                0x0000000000000dca       0x1a src/simply/simply_menu.c.18.o
 .text.gpoint_polar
                0x0000000000000de4       0x34 src/simply/simply_menu.c.18.o
 .text.prv_mark_dirty
                0x0000000000000e18       0x14 src/simply/simply_menu.c.18.o
 .text.strdup2  0x0000000000000e2c       0x28 src/simply/simply_menu.c.18.o
 .text.prv_menu_window_load
                0x0000000000000e54       0xf0 src/simply/simply_menu.c.18.o
 .text.list1_find_prev.constprop.8
                0x0000000000000f44       0x1c src/simply/simply_menu.c.18.o
 .text.prv_click_config_provider
                0x0000000000000f60       0x24 src/simply/simply_menu.c.18.o
 .text.prv_add_item
                0x0000000000000f84       0x58 src/simply/simply_menu.c.18.o
 .text.prv_get_menu_section
                0x0000000000000fdc       0x10 src/simply/simply_menu.c.18.o
 .text.prv_menu_get_num_rows_callback
                0x0000000000000fec       0x12 src/simply/simply_menu.c.18.o
 *fill*         0x0000000000000ffe        0x2 
 .text.prv_menu_get_header_height_callback
                0x0000000000001000       0x24 src/simply/simply_menu.c.18.o
 .text.refresh_spinner_timer
                0x0000000000001024       0x2c src/simply/simply_menu.c.18.o
 .text.spinner_timer_callback
                0x0000000000001050       0x16 src/simply/simply_menu.c.18.o
 .text.prv_menu_select_long_click_callback
                0x0000000000001066       0x22 src/simply/simply_menu.c.18.o
 .text.prv_menu_select_click_callback
                0x0000000000001088       0x22 src/simply/simply_menu.c.18.o
 *fill*         0x00000000000010aa        0x2 
 .text.prv_add_section
                0x00000000000010ac       0x50 src/simply/simply_menu.c.18.o
 .text.prv_request_menu_section.part.2
                0x00000000000010fc       0x3e src/simply/simply_menu.c.18.o
 *fill*         0x000000000000113a        0x2 
 .text.prv_menu_draw_row_callback
                0x000000000000113c      0x274 src/simply/simply_menu.c.18.o
 .text.prv_menu_draw_header_callback
                0x00000000000013b0       0xc4 src/simply/simply_menu.c.18.o
 .text.simply_menu_handle_packet
                0x0000000000001474      0x1dc src/simply/simply_menu.c.18.o
                0x0000000000001474                simply_menu_handle_packet
 .text.simply_menu_create
                0x0000000000001650       0x3c src/simply/simply_menu.c.18.o
                0x0000000000001650                simply_menu_create
 .text.simply_menu_destroy
                0x000000000000168c       0x16 src/simply/simply_menu.c.18.o
                0x000000000000168c                simply_menu_destroy
 .text.list1_remove
                0x00000000000016a2       0x32 src/simply/simply_msg.c.18.o
 .text.dropped_callback
                0x00000000000016d4        0x2 src/simply/simply_msg.c.18.o
 .text.sent_callback
                0x00000000000016d6        0x2 src/simply/simply_msg.c.18.o
 .text.send_msg
                0x00000000000016d8       0x30 src/simply/simply_msg.c.18.o
 .text.handle_vibe_packet.isra.1
                0x0000000000001708      0x3b8 src/simply/simply_msg.c.18.o
 .text.handle_packet
                0x0000000000001ac0      0x17a src/simply/simply_msg.c.18.o
 *fill*         0x0000000000001c3a        0x2 
 .text.received_callback
                0x0000000000001c3c       0x38 src/simply/simply_msg.c.18.o
 .text.send_msg_retry
                0x0000000000001c74       0xb8 src/simply/simply_msg.c.18.o
 .text.simply_msg_has_communicated
                0x0000000000001d2c        0xc src/simply/simply_msg.c.18.o
                0x0000000000001d2c                simply_msg_has_communicated
 .text.simply_msg_show_disconnected
                0x0000000000001d38       0x58 src/simply/simply_msg.c.18.o
                0x0000000000001d38                simply_msg_show_disconnected
 .text.failed_callback
                0x0000000000001d90       0x18 src/simply/simply_msg.c.18.o
 .text.simply_msg_create
                0x0000000000001da8       0x6c src/simply/simply_msg.c.18.o
                0x0000000000001da8                simply_msg_create
 .text.simply_msg_destroy
                0x0000000000001e14       0x1c src/simply/simply_msg.c.18.o
                0x0000000000001e14                simply_msg_destroy
 .text.simply_msg_send
                0x0000000000001e30        0x4 src/simply/simply_msg.c.18.o
                0x0000000000001e30                simply_msg_send
 .text.simply_msg_send_packet
                0x0000000000001e34       0x84 src/simply/simply_msg.c.18.o
                0x0000000000001e34                simply_msg_send_packet
 .text.list1_remove
                0x0000000000001eb8       0x32 src/simply/simply_res.c.18.o
 .text.destroy_image
                0x0000000000001eea       0x22 src/simply/simply_res.c.18.o
 .text.malloc0  0x0000000000001f0c       0x18 src/simply/simply_res.c.18.o
 .text.window_stack_schedule_top_window_render
                0x0000000000001f24       0x12 src/simply/simply_res.c.18.o
 .text.setup_image
                0x0000000000001f36       0x64 src/simply/simply_res.c.18.o
 .text.create_bitmap_with_png_data
                0x0000000000001f9a        0xc src/simply/simply_res.c.18.o
 .text.create_bitmap_with_id
                0x0000000000001fa6       0x12 src/simply/simply_res.c.18.o
 .text.simply_res_evict_image
                0x0000000000001fb8       0x1a src/simply/simply_res.c.18.o
                0x0000000000001fb8                simply_res_evict_image
 .text.create_image
                0x0000000000001fd2       0x48 src/simply/simply_res.c.18.o
 *fill*         0x000000000000201a        0x2 
 .text.simply_res_add_bundled_image
                0x000000000000201c       0x28 src/simply/simply_res.c.18.o
                0x000000000000201c                simply_res_add_bundled_image
 .text.simply_res_add_image
                0x0000000000002044       0x64 src/simply/simply_res.c.18.o
                0x0000000000002044                simply_res_add_image
 .text.simply_res_auto_image
                0x00000000000020a8       0x42 src/simply/simply_res.c.18.o
                0x00000000000020a8                simply_res_auto_image
 .text.simply_res_add_custom_font
                0x00000000000020ea       0x40 src/simply/simply_res.c.18.o
                0x00000000000020ea                simply_res_add_custom_font
 .text.simply_res_auto_font
                0x000000000000212a       0x2a src/simply/simply_res.c.18.o
                0x000000000000212a                simply_res_auto_font
 .text.simply_res_clear
                0x0000000000002154       0x34 src/simply/simply_res.c.18.o
                0x0000000000002154                simply_res_clear
 .text.simply_res_create
                0x0000000000002188       0x2a src/simply/simply_res.c.18.o
                0x0000000000002188                simply_res_create
 .text.simply_res_destroy
                0x00000000000021b2       0x12 src/simply/simply_res.c.18.o
                0x00000000000021b2                simply_res_destroy
 .text.window_load
                0x00000000000021c4       0x12 src/simply/simply_splash.c.18.o
 .text.layer_update_callback
                0x00000000000021d6       0x24 src/simply/simply_splash.c.18.o
                0x00000000000021d6                layer_update_callback
 *fill*         0x00000000000021fa        0x2 
 .text.simply_splash_create
                0x00000000000021fc       0x78 src/simply/simply_splash.c.18.o
                0x00000000000021fc                simply_splash_create
 .text.simply_splash_destroy
                0x0000000000002274       0x20 src/simply/simply_splash.c.18.o
                0x0000000000002274                simply_splash_destroy
 .text.window_disappear
                0x0000000000002294       0x1a src/simply/simply_splash.c.18.o
 .text.list1_remove
                0x00000000000022ae       0x32 src/simply/simply_stage.c.18.o
 .text.element_frame_getter
                0x00000000000022e0       0x10 src/simply/simply_stage.c.18.o
 .text.window_unload
                0x00000000000022f0       0x1e src/simply/simply_stage.c.18.o
 .text.destroy_animation
                0x000000000000230e       0x24 src/simply/simply_stage.c.18.o
 *fill*         0x0000000000002332        0x2 
 .text.simply_stage_update_ticker
                0x0000000000002334       0x2c src/simply/simply_stage.c.18.o
 .text.simply_stage_clear
                0x0000000000002360       0x52 src/simply/simply_stage.c.18.o
 .text.window_disappear
                0x00000000000023b2       0x22 src/simply/simply_stage.c.18.o
 .text.handle_tick
                0x00000000000023d4       0x12 src/simply/simply_stage.c.18.o
 .text.simply_stage_update
                0x00000000000023e6        0xa src/simply/simply_stage.c.18.o
 .text.window_appear
                0x00000000000023f0       0x16 src/simply/simply_stage.c.18.o
 *fill*         0x0000000000002406        0x2 
 .text.window_load
                0x0000000000002408       0x58 src/simply/simply_stage.c.18.o
 .text.malloc0  0x0000000000002460       0x18 src/simply/simply_stage.c.18.o
 .text.simply_stage_remove_element
                0x0000000000002478       0x24 src/simply/simply_stage.c.18.o
 .text.rect_element_draw_background.isra.1.part.2
                0x000000000000249c       0x20 src/simply/simply_stage.c.18.o
 .text.rect_element_draw_border.isra.3.part.4
                0x00000000000024bc       0x20 src/simply/simply_stage.c.18.o
 .text.simply_stage_set_element_frame.isra.10
                0x00000000000024dc       0x32 src/simply/simply_stage.c.18.o
 .text.element_frame_setter
                0x000000000000250e       0x1e src/simply/simply_stage.c.18.o
 .text.prv_draw_line_polar.constprop.13
                0x000000000000252c       0x46 src/simply/simply_stage.c.18.o
 .text.rect_element_draw.isra.5
                0x0000000000002572       0x24 src/simply/simply_stage.c.18.o
 *fill*         0x0000000000002596        0x2 
 .text.layer_update_callback
                0x0000000000002598      0x358 src/simply/simply_stage.c.18.o
 .text.simply_stage_auto_element
                0x00000000000028f0       0x8c src/simply/simply_stage.c.18.o
 .text.animation_stopped
                0x000000000000297c       0x34 src/simply/simply_stage.c.18.o
 .text.simply_stage_handle_packet
                0x00000000000029b0      0x2e0 src/simply/simply_stage.c.18.o
                0x00000000000029b0                simply_stage_handle_packet
 .text.simply_stage_create
                0x0000000000002c90       0x38 src/simply/simply_stage.c.18.o
                0x0000000000002c90                simply_stage_create
 .text.simply_stage_destroy
                0x0000000000002cc8       0x16 src/simply/simply_stage.c.18.o
                0x0000000000002cc8                simply_stage_destroy
 .text.window_unload
                0x0000000000002cde       0x1e src/simply/simply_ui.c.18.o
 .text.window_disappear
                0x0000000000002cfc       0x1c src/simply/simply_ui.c.18.o
 .text.window_appear
                0x0000000000002d18        0xe src/simply/simply_ui.c.18.o
 .text.graphics_draw_bitmap_centered
                0x0000000000002d26       0x62 src/simply/simply_ui.c.18.o
 .text.mark_dirty
                0x0000000000002d88        0xa src/simply/simply_ui.c.18.o
 .text.show_welcome_text
                0x0000000000002d92       0x18 src/simply/simply_ui.c.18.o
 *fill*         0x0000000000002daa        0x2 
 .text.layer_update_callback
                0x0000000000002dac      0x510 src/simply/simply_ui.c.18.o
 .text.simply_ui_set_style
                0x00000000000032bc       0x3c src/simply/simply_ui.c.18.o
                0x00000000000032bc                simply_ui_set_style
 .text.window_load
                0x00000000000032f8       0x60 src/simply/simply_ui.c.18.o
 .text.simply_ui_set_text
                0x0000000000003358       0x5c src/simply/simply_ui.c.18.o
                0x0000000000003358                simply_ui_set_text
 .text.simply_ui_set_text_color
                0x00000000000033b4        0xc src/simply/simply_ui.c.18.o
                0x00000000000033b4                simply_ui_set_text_color
 .text.simply_ui_clear
                0x00000000000033c0       0x4a src/simply/simply_ui.c.18.o
                0x00000000000033c0                simply_ui_clear
 .text.simply_ui_handle_packet
                0x000000000000340a       0x70 src/simply/simply_ui.c.18.o
                0x000000000000340a                simply_ui_handle_packet
 *fill*         0x000000000000347a        0x2 
 .text.simply_ui_create
                0x000000000000347c       0x48 src/simply/simply_ui.c.18.o
                0x000000000000347c                simply_ui_create
 .text.simply_ui_destroy
                0x00000000000034c4       0x2a src/simply/simply_ui.c.18.o
                0x00000000000034c4                simply_ui_destroy
 *fill*         0x00000000000034ee        0x2 
 .text.send_voice_data
                0x00000000000034f0       0x5c src/simply/simply_voice.c.18.o
 .text.dictation_session_callback
                0x000000000000354c       0x18 src/simply/simply_voice.c.18.o
 .text.timer_callback_start_dictation
                0x0000000000003564       0x10 src/simply/simply_voice.c.18.o
 .text.simply_voice_handle_packet
                0x0000000000003574       0x6c src/simply/simply_voice.c.18.o
                0x0000000000003574                simply_voice_handle_packet
 .text.simply_voice_create
                0x00000000000035e0       0x3c src/simply/simply_voice.c.18.o
                0x00000000000035e0                simply_voice_create
 .text.simply_voice_destroy
                0x000000000000361c       0x18 src/simply/simply_voice.c.18.o
                0x000000000000361c                simply_voice_destroy
 .text.simply_voice_dictation_in_progress
                0x0000000000003634       0x10 src/simply/simply_voice.c.18.o
                0x0000000000003634                simply_voice_dictation_in_progress
 .text.wakeup_handler
                0x0000000000003644       0x1c src/simply/simply_wakeup.c.18.o
 .text.wakeup_set_timer_callback
                0x0000000000003660       0x20 src/simply/simply_wakeup.c.18.o
 .text.simply_wakeup_handle_packet
                0x0000000000003680       0xac src/simply/simply_wakeup.c.18.o
                0x0000000000003680                simply_wakeup_handle_packet
 .text.simply_wakeup_init
                0x000000000000372c        0xc src/simply/simply_wakeup.c.18.o
                0x000000000000372c                simply_wakeup_init
 .text.prv_update_layer_placement
                0x0000000000003738       0xa8 src/simply/simply_window.c.18.o
 .text.simply_window_single_click_handler
                0x00000000000037e0       0x5c src/simply/simply_window.c.18.o
                0x00000000000037e0                simply_window_single_click_handler
 .text.scroll_layer_set_click_config_provider_onto_window.constprop.5
                0x000000000000383c       0x30 src/simply/simply_window.c.18.o
 .text.click_config_provider
                0x000000000000386c       0x7c src/simply/simply_window.c.18.o
 .text.long_click_handler
                0x00000000000038e8       0x32 src/simply/simply_window.c.18.o
 .text.simply_window_set_scrollable
                0x000000000000391a       0x60 src/simply/simply_window.c.18.o
                0x000000000000391a                simply_window_set_scrollable
 .text.simply_window_set_status_bar
                0x000000000000397a       0x44 src/simply/simply_window.c.18.o
                0x000000000000397a                simply_window_set_status_bar
 .text.simply_window_set_background_color
                0x00000000000039be       0x26 src/simply/simply_window.c.18.o
                0x00000000000039be                simply_window_set_background_color
 .text.simply_window_set_status_bar_colors
                0x00000000000039e4        0xa src/simply/simply_window.c.18.o
                0x00000000000039e4                simply_window_set_status_bar_colors
 .text.simply_window_set_status_bar_separator_mode
                0x00000000000039ee        0xa src/simply/simply_window.c.18.o
                0x00000000000039ee                simply_window_set_status_bar_separator_mode
 .text.simply_window_set_action_bar
                0x00000000000039f8       0x50 src/simply/simply_window.c.18.o
                0x00000000000039f8                simply_window_set_action_bar
 .text.simply_window_set_action_bar_icon
                0x0000000000003a48       0x58 src/simply/simply_window.c.18.o
                0x0000000000003a48                simply_window_set_action_bar_icon
 .text.simply_window_set_action_bar_background_color
                0x0000000000003aa0       0x38 src/simply/simply_window.c.18.o
                0x0000000000003aa0                simply_window_set_action_bar_background_color
 .text.simply_window_action_bar_clear
                0x0000000000003ad8       0x2c src/simply/simply_window.c.18.o
                0x0000000000003ad8                simply_window_action_bar_clear
 .text.simply_window_preload
                0x0000000000003b04       0x30 src/simply/simply_window.c.18.o
                0x0000000000003b04                simply_window_preload
 .text.simply_window_load
                0x0000000000003b34       0x9c src/simply/simply_window.c.18.o
                0x0000000000003b34                simply_window_load
 .text.simply_window_appear
                0x0000000000003bd0       0x1c src/simply/simply_window.c.18.o
                0x0000000000003bd0                simply_window_appear
 .text.simply_window_disappear
                0x0000000000003bec       0x30 src/simply/simply_window.c.18.o
                0x0000000000003bec                simply_window_disappear
 .text.simply_window_unload
                0x0000000000003c1c       0x32 src/simply/simply_window.c.18.o
                0x0000000000003c1c                simply_window_unload
 .text.simply_window_handle_packet
                0x0000000000003c4e       0xac src/simply/simply_window.c.18.o
                0x0000000000003c4e                simply_window_handle_packet
 .text.simply_window_init
                0x0000000000003cfa       0x26 src/simply/simply_window.c.18.o
                0x0000000000003cfa                simply_window_init
 .text.simply_window_deinit
                0x0000000000003d20       0x12 src/simply/simply_window.c.18.o
                0x0000000000003d20                simply_window_deinit
 .text.show_window_sdk_3.isra.4
                0x0000000000003d32       0x52 src/simply/simply_window_stack.c.18.o
 .text.simply_window_stack_set_broadcast
                0x0000000000003d84       0x10 src/simply/simply_window_stack.c.18.o
                0x0000000000003d84                simply_window_stack_set_broadcast
 .text.simply_window_stack_get_top_window
                0x0000000000003d94       0x20 src/simply/simply_window_stack.c.18.o
                0x0000000000003d94                simply_window_stack_get_top_window
 .text.simply_window_stack_show
                0x0000000000003db4        0x4 src/simply/simply_window_stack.c.18.o
                0x0000000000003db4                simply_window_stack_show
 .text.simply_window_stack_pop
                0x0000000000003db8       0x26 src/simply/simply_window_stack.c.18.o
                0x0000000000003db8                simply_window_stack_pop
 *fill*         0x0000000000003dde        0x2 
 .text.simply_window_stack_send_show
                0x0000000000003de0       0x30 src/simply/simply_window_stack.c.18.o
                0x0000000000003de0                simply_window_stack_send_show
 .text.simply_window_stack_send_hide
                0x0000000000003e10       0x30 src/simply/simply_window_stack.c.18.o
                0x0000000000003e10                simply_window_stack_send_hide
 .text.simply_window_stack_back
                0x0000000000003e40       0x1a src/simply/simply_window_stack.c.18.o
                0x0000000000003e40                simply_window_stack_back
 .text.simply_window_stack_handle_packet
                0x0000000000003e5a       0x4a src/simply/simply_window_stack.c.18.o
                0x0000000000003e5a                simply_window_stack_handle_packet
 .text.simply_window_stack_create
                0x0000000000003ea4       0x12 src/simply/simply_window_stack.c.18.o
                0x0000000000003ea4                simply_window_stack_create
 .text.simply_window_stack_destroy
                0x0000000000003eb6        0x8 src/simply/simply_window_stack.c.18.o
                0x0000000000003eb6                simply_window_stack_destroy
 *fill*         0x0000000000003ebe        0x2 
 .text.accel_data_service_unsubscribe
                0x0000000000003ec0        0xc /Users/eliyazdi/Library/Application Support/Pebble SDK/SDKs/current/sdk-core/pebble/basalt/lib/libpebble.a(tmp3WoB93pebble.o)
                0x0000000000003ec0                accel_data_service_unsubscribe
 .text.accel_service_peek
                0x0000000000003ecc        0xc /Users/eliyazdi/Library/Application Support/Pebble SDK/SDKs/current/sdk-core/pebble/basalt/lib/libpebble.a(tmp3WoB93pebble.o)
                0x0000000000003ecc                accel_service_peek
 .text.accel_service_set_sampling_rate
                0x0000000000003ed8        0xc /Users/eliyazdi/Library/Application Support/Pebble SDK/SDKs/current/sdk-core/pebble/basalt/lib/libpebble.a(tmp3WoB93pebble.o)
                0x0000000000003ed8                accel_service_set_sampling_rate
 .text.accel_tap_service_subscribe
                0x0000000000003ee4        0xc /Users/eliyazdi/Library/Application Support/Pebble SDK/SDKs/current/sdk-core/pebble/basalt/lib/libpebble.a(tmp3WoB93pebble.o)
                0x0000000000003ee4                accel_tap_service_subscribe
 .text.accel_tap_service_unsubscribe
                0x0000000000003ef0        0xc /Users/eliyazdi/Library/Application Support/Pebble SDK/SDKs/current/sdk-core/pebble/basalt/lib/libpebble.a(tmp3WoB93pebble.o)
                0x0000000000003ef0                accel_tap_service_unsubscribe
 .text.app_event_loop
                0x0000000000003efc        0xc /Users/eliyazdi/Library/Application Support/Pebble SDK/SDKs/current/sdk-core/pebble/basalt/lib/libpebble.a(tmp3WoB93pebble.o)
                0x0000000000003efc                app_event_loop
 .text.app_message_deregister_callbacks
                0x0000000000003f08        0xc /Users/eliyazdi/Library/Application Support/Pebble SDK/SDKs/current/sdk-core/pebble/basalt/lib/libpebble.a(tmp3WoB93pebble.o)
                0x0000000000003f08                app_message_deregister_callbacks
 .text.app_message_open
                0x0000000000003f14        0xc /Users/eliyazdi/Library/Application Support/Pebble SDK/SDKs/current/sdk-core/pebble/basalt/lib/libpebble.a(tmp3WoB93pebble.o)
                0x0000000000003f14                app_message_open
 .text.app_timer_cancel
                0x0000000000003f20        0xc /Users/eliyazdi/Library/Application Support/Pebble SDK/SDKs/current/sdk-core/pebble/basalt/lib/libpebble.a(tmp3WoB93pebble.o)
                0x0000000000003f20                app_timer_cancel
 .text.app_timer_register
                0x0000000000003f2c        0xc /Users/eliyazdi/Library/Application Support/Pebble SDK/SDKs/current/sdk-core/pebble/basalt/lib/libpebble.a(tmp3WoB93pebble.o)
                0x0000000000003f2c                app_timer_register
 .text.click_recognizer_get_button_id
                0x0000000000003f38        0xc /Users/eliyazdi/Library/Application Support/Pebble SDK/SDKs/current/sdk-core/pebble/basalt/lib/libpebble.a(tmp3WoB93pebble.o)
                0x0000000000003f38                click_recognizer_get_button_id
 .text.cos_lookup
                0x0000000000003f44        0xc /Users/eliyazdi/Library/Application Support/Pebble SDK/SDKs/current/sdk-core/pebble/basalt/lib/libpebble.a(tmp3WoB93pebble.o)
                0x0000000000003f44                cos_lookup
 .text.dict_find
                0x0000000000003f50        0xc /Users/eliyazdi/Library/Application Support/Pebble SDK/SDKs/current/sdk-core/pebble/basalt/lib/libpebble.a(tmp3WoB93pebble.o)
                0x0000000000003f50                dict_find
 .text.dict_write_data
                0x0000000000003f5c        0xc /Users/eliyazdi/Library/Application Support/Pebble SDK/SDKs/current/sdk-core/pebble/basalt/lib/libpebble.a(tmp3WoB93pebble.o)
                0x0000000000003f5c                dict_write_data
 .text.fonts_get_system_font
                0x0000000000003f68        0xc /Users/eliyazdi/Library/Application Support/Pebble SDK/SDKs/current/sdk-core/pebble/basalt/lib/libpebble.a(tmp3WoB93pebble.o)
                0x0000000000003f68                fonts_get_system_font
 .text.fonts_load_custom_font
                0x0000000000003f74        0xc /Users/eliyazdi/Library/Application Support/Pebble SDK/SDKs/current/sdk-core/pebble/basalt/lib/libpebble.a(tmp3WoB93pebble.o)
                0x0000000000003f74                fonts_load_custom_font
 .text.fonts_unload_custom_font
                0x0000000000003f80        0xc /Users/eliyazdi/Library/Application Support/Pebble SDK/SDKs/current/sdk-core/pebble/basalt/lib/libpebble.a(tmp3WoB93pebble.o)
                0x0000000000003f80                fonts_unload_custom_font
 .text.free     0x0000000000003f8c        0xc /Users/eliyazdi/Library/Application Support/Pebble SDK/SDKs/current/sdk-core/pebble/basalt/lib/libpebble.a(tmp3WoB93pebble.o)
                0x0000000000003f8c                free
 .text.gbitmap_create_with_resource
                0x0000000000003f98        0xc /Users/eliyazdi/Library/Application Support/Pebble SDK/SDKs/current/sdk-core/pebble/basalt/lib/libpebble.a(tmp3WoB93pebble.o)
                0x0000000000003f98                gbitmap_create_with_resource
 .text.gbitmap_destroy
                0x0000000000003fa4        0xc /Users/eliyazdi/Library/Application Support/Pebble SDK/SDKs/current/sdk-core/pebble/basalt/lib/libpebble.a(tmp3WoB93pebble.o)
                0x0000000000003fa4                gbitmap_destroy
 .text.graphics_context_set_compositing_mode
                0x0000000000003fb0        0xc /Users/eliyazdi/Library/Application Support/Pebble SDK/SDKs/current/sdk-core/pebble/basalt/lib/libpebble.a(tmp3WoB93pebble.o)
                0x0000000000003fb0                graphics_context_set_compositing_mode
 .text.graphics_draw_bitmap_in_rect
                0x0000000000003fbc        0xc /Users/eliyazdi/Library/Application Support/Pebble SDK/SDKs/current/sdk-core/pebble/basalt/lib/libpebble.a(tmp3WoB93pebble.o)
                0x0000000000003fbc                graphics_draw_bitmap_in_rect
 .text.graphics_draw_circle
                0x0000000000003fc8        0xc /Users/eliyazdi/Library/Application Support/Pebble SDK/SDKs/current/sdk-core/pebble/basalt/lib/libpebble.a(tmp3WoB93pebble.o)
                0x0000000000003fc8                graphics_draw_circle
 .text.graphics_draw_line
                0x0000000000003fd4        0xc /Users/eliyazdi/Library/Application Support/Pebble SDK/SDKs/current/sdk-core/pebble/basalt/lib/libpebble.a(tmp3WoB93pebble.o)
                0x0000000000003fd4                graphics_draw_line
 .text.graphics_draw_round_rect
                0x0000000000003fe0        0xc /Users/eliyazdi/Library/Application Support/Pebble SDK/SDKs/current/sdk-core/pebble/basalt/lib/libpebble.a(tmp3WoB93pebble.o)
                0x0000000000003fe0                graphics_draw_round_rect
 .text.graphics_fill_circle
                0x0000000000003fec        0xc /Users/eliyazdi/Library/Application Support/Pebble SDK/SDKs/current/sdk-core/pebble/basalt/lib/libpebble.a(tmp3WoB93pebble.o)
                0x0000000000003fec                graphics_fill_circle
 .text.graphics_fill_rect
                0x0000000000003ff8        0xc /Users/eliyazdi/Library/Application Support/Pebble SDK/SDKs/current/sdk-core/pebble/basalt/lib/libpebble.a(tmp3WoB93pebble.o)
                0x0000000000003ff8                graphics_fill_rect
 .text.grect_center_point
                0x0000000000004004        0xc /Users/eliyazdi/Library/Application Support/Pebble SDK/SDKs/current/sdk-core/pebble/basalt/lib/libpebble.a(tmp3WoB93pebble.o)
                0x0000000000004004                grect_center_point
 .text.grect_standardize
                0x0000000000004010        0xc /Users/eliyazdi/Library/Application Support/Pebble SDK/SDKs/current/sdk-core/pebble/basalt/lib/libpebble.a(tmp3WoB93pebble.o)
                0x0000000000004010                grect_standardize
 .text.inverter_layer_create
                0x000000000000401c        0xc /Users/eliyazdi/Library/Application Support/Pebble SDK/SDKs/current/sdk-core/pebble/basalt/lib/libpebble.a(tmp3WoB93pebble.o)
                0x000000000000401c                inverter_layer_create
 .text.inverter_layer_destroy
                0x0000000000004028        0xc /Users/eliyazdi/Library/Application Support/Pebble SDK/SDKs/current/sdk-core/pebble/basalt/lib/libpebble.a(tmp3WoB93pebble.o)
                0x0000000000004028                inverter_layer_destroy
 .text.inverter_layer_get_layer
                0x0000000000004034        0xc /Users/eliyazdi/Library/Application Support/Pebble SDK/SDKs/current/sdk-core/pebble/basalt/lib/libpebble.a(tmp3WoB93pebble.o)
                0x0000000000004034                inverter_layer_get_layer
 .text.layer_add_child
                0x0000000000004040        0xc /Users/eliyazdi/Library/Application Support/Pebble SDK/SDKs/current/sdk-core/pebble/basalt/lib/libpebble.a(tmp3WoB93pebble.o)
                0x0000000000004040                layer_add_child
 .text.layer_create_with_data
                0x000000000000404c        0xc /Users/eliyazdi/Library/Application Support/Pebble SDK/SDKs/current/sdk-core/pebble/basalt/lib/libpebble.a(tmp3WoB93pebble.o)
                0x000000000000404c                layer_create_with_data
 .text.layer_destroy
                0x0000000000004058        0xc /Users/eliyazdi/Library/Application Support/Pebble SDK/SDKs/current/sdk-core/pebble/basalt/lib/libpebble.a(tmp3WoB93pebble.o)
                0x0000000000004058                layer_destroy
 .text.layer_get_bounds
                0x0000000000004064        0xc /Users/eliyazdi/Library/Application Support/Pebble SDK/SDKs/current/sdk-core/pebble/basalt/lib/libpebble.a(tmp3WoB93pebble.o)
                0x0000000000004064                layer_get_bounds
 .text.layer_get_data
                0x0000000000004070        0xc /Users/eliyazdi/Library/Application Support/Pebble SDK/SDKs/current/sdk-core/pebble/basalt/lib/libpebble.a(tmp3WoB93pebble.o)
                0x0000000000004070                layer_get_data
 .text.layer_get_frame
                0x000000000000407c        0xc /Users/eliyazdi/Library/Application Support/Pebble SDK/SDKs/current/sdk-core/pebble/basalt/lib/libpebble.a(tmp3WoB93pebble.o)
                0x000000000000407c                layer_get_frame
 .text.layer_get_window
                0x0000000000004088        0xc /Users/eliyazdi/Library/Application Support/Pebble SDK/SDKs/current/sdk-core/pebble/basalt/lib/libpebble.a(tmp3WoB93pebble.o)
                0x0000000000004088                layer_get_window
 .text.layer_mark_dirty
                0x0000000000004094        0xc /Users/eliyazdi/Library/Application Support/Pebble SDK/SDKs/current/sdk-core/pebble/basalt/lib/libpebble.a(tmp3WoB93pebble.o)
                0x0000000000004094                layer_mark_dirty
 .text.layer_remove_from_parent
                0x00000000000040a0        0xc /Users/eliyazdi/Library/Application Support/Pebble SDK/SDKs/current/sdk-core/pebble/basalt/lib/libpebble.a(tmp3WoB93pebble.o)
                0x00000000000040a0                layer_remove_from_parent
 .text.layer_set_frame
                0x00000000000040ac        0xc /Users/eliyazdi/Library/Application Support/Pebble SDK/SDKs/current/sdk-core/pebble/basalt/lib/libpebble.a(tmp3WoB93pebble.o)
                0x00000000000040ac                layer_set_frame
 .text.layer_set_update_proc
                0x00000000000040b8        0xc /Users/eliyazdi/Library/Application Support/Pebble SDK/SDKs/current/sdk-core/pebble/basalt/lib/libpebble.a(tmp3WoB93pebble.o)
                0x00000000000040b8                layer_set_update_proc
 .text.light_enable
                0x00000000000040c4        0xc /Users/eliyazdi/Library/Application Support/Pebble SDK/SDKs/current/sdk-core/pebble/basalt/lib/libpebble.a(tmp3WoB93pebble.o)
                0x00000000000040c4                light_enable
 .text.light_enable_interaction
                0x00000000000040d0        0xc /Users/eliyazdi/Library/Application Support/Pebble SDK/SDKs/current/sdk-core/pebble/basalt/lib/libpebble.a(tmp3WoB93pebble.o)
                0x00000000000040d0                light_enable_interaction
 .text.malloc   0x00000000000040dc        0xc /Users/eliyazdi/Library/Application Support/Pebble SDK/SDKs/current/sdk-core/pebble/basalt/lib/libpebble.a(tmp3WoB93pebble.o)
                0x00000000000040dc                malloc
 .text.memcpy   0x00000000000040e8        0xc /Users/eliyazdi/Library/Application Support/Pebble SDK/SDKs/current/sdk-core/pebble/basalt/lib/libpebble.a(tmp3WoB93pebble.o)
                0x00000000000040e8                memcpy
 .text.memset   0x00000000000040f4        0xc /Users/eliyazdi/Library/Application Support/Pebble SDK/SDKs/current/sdk-core/pebble/basalt/lib/libpebble.a(tmp3WoB93pebble.o)
                0x00000000000040f4                memset
 .text.menu_cell_basic_draw
                0x0000000000004100        0xc /Users/eliyazdi/Library/Application Support/Pebble SDK/SDKs/current/sdk-core/pebble/basalt/lib/libpebble.a(tmp3WoB93pebble.o)
                0x0000000000004100                menu_cell_basic_draw
 .text.menu_layer_destroy
                0x000000000000410c        0xc /Users/eliyazdi/Library/Application Support/Pebble SDK/SDKs/current/sdk-core/pebble/basalt/lib/libpebble.a(tmp3WoB93pebble.o)
                0x000000000000410c                menu_layer_destroy
 .text.menu_layer_get_layer
                0x0000000000004118        0xc /Users/eliyazdi/Library/Application Support/Pebble SDK/SDKs/current/sdk-core/pebble/basalt/lib/libpebble.a(tmp3WoB93pebble.o)
                0x0000000000004118                menu_layer_get_layer
 .text.menu_layer_get_selected_index
                0x0000000000004124        0xc /Users/eliyazdi/Library/Application Support/Pebble SDK/SDKs/current/sdk-core/pebble/basalt/lib/libpebble.a(tmp3WoB93pebble.o)
                0x0000000000004124                menu_layer_get_selected_index
 .text.menu_layer_reload_data
                0x0000000000004130        0xc /Users/eliyazdi/Library/Application Support/Pebble SDK/SDKs/current/sdk-core/pebble/basalt/lib/libpebble.a(tmp3WoB93pebble.o)
                0x0000000000004130                menu_layer_reload_data
 .text.menu_layer_set_click_config_onto_window
                0x000000000000413c        0xc /Users/eliyazdi/Library/Application Support/Pebble SDK/SDKs/current/sdk-core/pebble/basalt/lib/libpebble.a(tmp3WoB93pebble.o)
                0x000000000000413c                menu_layer_set_click_config_onto_window
 .text.menu_layer_set_selected_index
                0x0000000000004148        0xc /Users/eliyazdi/Library/Application Support/Pebble SDK/SDKs/current/sdk-core/pebble/basalt/lib/libpebble.a(tmp3WoB93pebble.o)
                0x0000000000004148                menu_layer_set_selected_index
 .text.psleep   0x0000000000004154        0xc /Users/eliyazdi/Library/Application Support/Pebble SDK/SDKs/current/sdk-core/pebble/basalt/lib/libpebble.a(tmp3WoB93pebble.o)
                0x0000000000004154                psleep
 .text.resource_get_handle
                0x0000000000004160        0xc /Users/eliyazdi/Library/Application Support/Pebble SDK/SDKs/current/sdk-core/pebble/basalt/lib/libpebble.a(tmp3WoB93pebble.o)
                0x0000000000004160                resource_get_handle
 .text.scroll_layer_add_child
                0x000000000000416c        0xc /Users/eliyazdi/Library/Application Support/Pebble SDK/SDKs/current/sdk-core/pebble/basalt/lib/libpebble.a(tmp3WoB93pebble.o)
                0x000000000000416c                scroll_layer_add_child
 .text.scroll_layer_create
                0x0000000000004178        0xc /Users/eliyazdi/Library/Application Support/Pebble SDK/SDKs/current/sdk-core/pebble/basalt/lib/libpebble.a(tmp3WoB93pebble.o)
                0x0000000000004178                scroll_layer_create
 .text.scroll_layer_destroy
                0x0000000000004184        0xc /Users/eliyazdi/Library/Application Support/Pebble SDK/SDKs/current/sdk-core/pebble/basalt/lib/libpebble.a(tmp3WoB93pebble.o)
                0x0000000000004184                scroll_layer_destroy
 .text.scroll_layer_get_content_offset
                0x0000000000004190        0xc /Users/eliyazdi/Library/Application Support/Pebble SDK/SDKs/current/sdk-core/pebble/basalt/lib/libpebble.a(tmp3WoB93pebble.o)
                0x0000000000004190                scroll_layer_get_content_offset
 .text.scroll_layer_get_layer
                0x000000000000419c        0xc /Users/eliyazdi/Library/Application Support/Pebble SDK/SDKs/current/sdk-core/pebble/basalt/lib/libpebble.a(tmp3WoB93pebble.o)
                0x000000000000419c                scroll_layer_get_layer
 .text.scroll_layer_set_click_config_onto_window
                0x00000000000041a8        0xc /Users/eliyazdi/Library/Application Support/Pebble SDK/SDKs/current/sdk-core/pebble/basalt/lib/libpebble.a(tmp3WoB93pebble.o)
                0x00000000000041a8                scroll_layer_set_click_config_onto_window
 .text.scroll_layer_set_content_offset
                0x00000000000041b4        0xc /Users/eliyazdi/Library/Application Support/Pebble SDK/SDKs/current/sdk-core/pebble/basalt/lib/libpebble.a(tmp3WoB93pebble.o)
                0x00000000000041b4                scroll_layer_set_content_offset
 .text.scroll_layer_set_content_size
                0x00000000000041c0        0xc /Users/eliyazdi/Library/Application Support/Pebble SDK/SDKs/current/sdk-core/pebble/basalt/lib/libpebble.a(tmp3WoB93pebble.o)
                0x00000000000041c0                scroll_layer_set_content_size
 .text.scroll_layer_set_context
                0x00000000000041cc        0xc /Users/eliyazdi/Library/Application Support/Pebble SDK/SDKs/current/sdk-core/pebble/basalt/lib/libpebble.a(tmp3WoB93pebble.o)
                0x00000000000041cc                scroll_layer_set_context
 .text.scroll_layer_set_shadow_hidden
                0x00000000000041d8        0xc /Users/eliyazdi/Library/Application Support/Pebble SDK/SDKs/current/sdk-core/pebble/basalt/lib/libpebble.a(tmp3WoB93pebble.o)
                0x00000000000041d8                scroll_layer_set_shadow_hidden
 .text.sin_lookup
                0x00000000000041e4        0xc /Users/eliyazdi/Library/Application Support/Pebble SDK/SDKs/current/sdk-core/pebble/basalt/lib/libpebble.a(tmp3WoB93pebble.o)
                0x00000000000041e4                sin_lookup
 .text.strftime
                0x00000000000041f0        0xc /Users/eliyazdi/Library/Application Support/Pebble SDK/SDKs/current/sdk-core/pebble/basalt/lib/libpebble.a(tmp3WoB93pebble.o)
                0x00000000000041f0                strftime
 .text.strlen   0x00000000000041fc        0xc /Users/eliyazdi/Library/Application Support/Pebble SDK/SDKs/current/sdk-core/pebble/basalt/lib/libpebble.a(tmp3WoB93pebble.o)
                0x00000000000041fc                strlen
 .text.strncpy  0x0000000000004208        0xc /Users/eliyazdi/Library/Application Support/Pebble SDK/SDKs/current/sdk-core/pebble/basalt/lib/libpebble.a(tmp3WoB93pebble.o)
                0x0000000000004208                strncpy
 .text.tick_timer_service_subscribe
                0x0000000000004214        0xc /Users/eliyazdi/Library/Application Support/Pebble SDK/SDKs/current/sdk-core/pebble/basalt/lib/libpebble.a(tmp3WoB93pebble.o)
                0x0000000000004214                tick_timer_service_subscribe
 .text.tick_timer_service_unsubscribe
                0x0000000000004220        0xc /Users/eliyazdi/Library/Application Support/Pebble SDK/SDKs/current/sdk-core/pebble/basalt/lib/libpebble.a(tmp3WoB93pebble.o)
                0x0000000000004220                tick_timer_service_unsubscribe
 .text.vibes_double_pulse
                0x000000000000422c        0xc /Users/eliyazdi/Library/Application Support/Pebble SDK/SDKs/current/sdk-core/pebble/basalt/lib/libpebble.a(tmp3WoB93pebble.o)
                0x000000000000422c                vibes_double_pulse
 .text.vibes_enqueue_custom_pattern
                0x0000000000004238        0xc /Users/eliyazdi/Library/Application Support/Pebble SDK/SDKs/current/sdk-core/pebble/basalt/lib/libpebble.a(tmp3WoB93pebble.o)
                0x0000000000004238                vibes_enqueue_custom_pattern
 .text.vibes_long_pulse
                0x0000000000004244        0xc /Users/eliyazdi/Library/Application Support/Pebble SDK/SDKs/current/sdk-core/pebble/basalt/lib/libpebble.a(tmp3WoB93pebble.o)
                0x0000000000004244                vibes_long_pulse
 .text.vibes_short_pulse
                0x0000000000004250        0xc /Users/eliyazdi/Library/Application Support/Pebble SDK/SDKs/current/sdk-core/pebble/basalt/lib/libpebble.a(tmp3WoB93pebble.o)
                0x0000000000004250                vibes_short_pulse
 .text.window_create
                0x000000000000425c        0xc /Users/eliyazdi/Library/Application Support/Pebble SDK/SDKs/current/sdk-core/pebble/basalt/lib/libpebble.a(tmp3WoB93pebble.o)
                0x000000000000425c                window_create
 .text.window_destroy
                0x0000000000004268        0xc /Users/eliyazdi/Library/Application Support/Pebble SDK/SDKs/current/sdk-core/pebble/basalt/lib/libpebble.a(tmp3WoB93pebble.o)
                0x0000000000004268                window_destroy
 .text.window_get_click_config_provider
                0x0000000000004274        0xc /Users/eliyazdi/Library/Application Support/Pebble SDK/SDKs/current/sdk-core/pebble/basalt/lib/libpebble.a(tmp3WoB93pebble.o)
                0x0000000000004274                window_get_click_config_provider
 .text.window_get_root_layer
                0x0000000000004280        0xc /Users/eliyazdi/Library/Application Support/Pebble SDK/SDKs/current/sdk-core/pebble/basalt/lib/libpebble.a(tmp3WoB93pebble.o)
                0x0000000000004280                window_get_root_layer
 .text.window_set_click_config_provider_with_context
                0x000000000000428c        0xc /Users/eliyazdi/Library/Application Support/Pebble SDK/SDKs/current/sdk-core/pebble/basalt/lib/libpebble.a(tmp3WoB93pebble.o)
                0x000000000000428c                window_set_click_config_provider_with_context
 .text.window_set_window_handlers
                0x0000000000004298        0xc /Users/eliyazdi/Library/Application Support/Pebble SDK/SDKs/current/sdk-core/pebble/basalt/lib/libpebble.a(tmp3WoB93pebble.o)
                0x0000000000004298                window_set_window_handlers
 .text.window_stack_get_top_window
                0x00000000000042a4        0xc /Users/eliyazdi/Library/Application Support/Pebble SDK/SDKs/current/sdk-core/pebble/basalt/lib/libpebble.a(tmp3WoB93pebble.o)
                0x00000000000042a4                window_stack_get_top_window
 .text.window_stack_pop
                0x00000000000042b0        0xc /Users/eliyazdi/Library/Application Support/Pebble SDK/SDKs/current/sdk-core/pebble/basalt/lib/libpebble.a(tmp3WoB93pebble.o)
                0x00000000000042b0                window_stack_pop
 .text.window_stack_pop_all
                0x00000000000042bc        0xc /Users/eliyazdi/Library/Application Support/Pebble SDK/SDKs/current/sdk-core/pebble/basalt/lib/libpebble.a(tmp3WoB93pebble.o)
                0x00000000000042bc                window_stack_pop_all
 .text.window_stack_push
                0x00000000000042c8        0xc /Users/eliyazdi/Library/Application Support/Pebble SDK/SDKs/current/sdk-core/pebble/basalt/lib/libpebble.a(tmp3WoB93pebble.o)
                0x00000000000042c8                window_stack_push
 .text.window_stack_remove
                0x00000000000042d4        0xc /Users/eliyazdi/Library/Application Support/Pebble SDK/SDKs/current/sdk-core/pebble/basalt/lib/libpebble.a(tmp3WoB93pebble.o)
                0x00000000000042d4                window_stack_remove
 .text.window_get_user_data
                0x00000000000042e0        0xc /Users/eliyazdi/Library/Application Support/Pebble SDK/SDKs/current/sdk-core/pebble/basalt/lib/libpebble.a(tmp3WoB93pebble.o)
                0x00000000000042e0                window_get_user_data
 .text.window_set_user_data
                0x00000000000042ec        0xc /Users/eliyazdi/Library/Application Support/Pebble SDK/SDKs/current/sdk-core/pebble/basalt/lib/libpebble.a(tmp3WoB93pebble.o)
                0x00000000000042ec                window_set_user_data
 .text.app_message_outbox_begin
                0x00000000000042f8        0xc /Users/eliyazdi/Library/Application Support/Pebble SDK/SDKs/current/sdk-core/pebble/basalt/lib/libpebble.a(tmp3WoB93pebble.o)
                0x00000000000042f8                app_message_outbox_begin
 .text.app_message_outbox_send
                0x0000000000004304        0xc /Users/eliyazdi/Library/Application Support/Pebble SDK/SDKs/current/sdk-core/pebble/basalt/lib/libpebble.a(tmp3WoB93pebble.o)
                0x0000000000004304                app_message_outbox_send
 .text.app_message_register_inbox_dropped
                0x0000000000004310        0xc /Users/eliyazdi/Library/Application Support/Pebble SDK/SDKs/current/sdk-core/pebble/basalt/lib/libpebble.a(tmp3WoB93pebble.o)
                0x0000000000004310                app_message_register_inbox_dropped
 .text.app_message_register_inbox_received
                0x000000000000431c        0xc /Users/eliyazdi/Library/Application Support/Pebble SDK/SDKs/current/sdk-core/pebble/basalt/lib/libpebble.a(tmp3WoB93pebble.o)
                0x000000000000431c                app_message_register_inbox_received
 .text.app_message_register_outbox_failed
                0x0000000000004328        0xc /Users/eliyazdi/Library/Application Support/Pebble SDK/SDKs/current/sdk-core/pebble/basalt/lib/libpebble.a(tmp3WoB93pebble.o)
                0x0000000000004328                app_message_register_outbox_failed
 .text.app_message_register_outbox_sent
                0x0000000000004334        0xc /Users/eliyazdi/Library/Application Support/Pebble SDK/SDKs/current/sdk-core/pebble/basalt/lib/libpebble.a(tmp3WoB93pebble.o)
                0x0000000000004334                app_message_register_outbox_sent
 .text.app_message_set_context
                0x0000000000004340        0xc /Users/eliyazdi/Library/Application Support/Pebble SDK/SDKs/current/sdk-core/pebble/basalt/lib/libpebble.a(tmp3WoB93pebble.o)
                0x0000000000004340                app_message_set_context
 .text.window_long_click_subscribe
                0x000000000000434c        0xc /Users/eliyazdi/Library/Application Support/Pebble SDK/SDKs/current/sdk-core/pebble/basalt/lib/libpebble.a(tmp3WoB93pebble.o)
                0x000000000000434c                window_long_click_subscribe
 .text.window_set_click_context
                0x0000000000004358        0xc /Users/eliyazdi/Library/Application Support/Pebble SDK/SDKs/current/sdk-core/pebble/basalt/lib/libpebble.a(tmp3WoB93pebble.o)
                0x0000000000004358                window_set_click_context
 .text.window_single_click_subscribe
                0x0000000000004364        0xc /Users/eliyazdi/Library/Application Support/Pebble SDK/SDKs/current/sdk-core/pebble/basalt/lib/libpebble.a(tmp3WoB93pebble.o)
                0x0000000000004364                window_single_click_subscribe
 .text.graphics_draw_text
                0x0000000000004370        0xc /Users/eliyazdi/Library/Application Support/Pebble SDK/SDKs/current/sdk-core/pebble/basalt/lib/libpebble.a(tmp3WoB93pebble.o)
                0x0000000000004370                graphics_draw_text
 .text.accel_data_service_subscribe
                0x000000000000437c        0xc /Users/eliyazdi/Library/Application Support/Pebble SDK/SDKs/current/sdk-core/pebble/basalt/lib/libpebble.a(tmp3WoB93pebble.o)
                0x000000000000437c                accel_data_service_subscribe
 .text.launch_reason
                0x0000000000004388        0xc /Users/eliyazdi/Library/Application Support/Pebble SDK/SDKs/current/sdk-core/pebble/basalt/lib/libpebble.a(tmp3WoB93pebble.o)
                0x0000000000004388                launch_reason
 .text.wakeup_cancel
                0x0000000000004394        0xc /Users/eliyazdi/Library/Application Support/Pebble SDK/SDKs/current/sdk-core/pebble/basalt/lib/libpebble.a(tmp3WoB93pebble.o)
                0x0000000000004394                wakeup_cancel
 .text.wakeup_cancel_all
                0x00000000000043a0        0xc /Users/eliyazdi/Library/Application Support/Pebble SDK/SDKs/current/sdk-core/pebble/basalt/lib/libpebble.a(tmp3WoB93pebble.o)
                0x00000000000043a0                wakeup_cancel_all
 .text.wakeup_get_launch_event
                0x00000000000043ac        0xc /Users/eliyazdi/Library/Application Support/Pebble SDK/SDKs/current/sdk-core/pebble/basalt/lib/libpebble.a(tmp3WoB93pebble.o)
                0x00000000000043ac                wakeup_get_launch_event
 .text.wakeup_schedule
                0x00000000000043b8        0xc /Users/eliyazdi/Library/Application Support/Pebble SDK/SDKs/current/sdk-core/pebble/basalt/lib/libpebble.a(tmp3WoB93pebble.o)
                0x00000000000043b8                wakeup_schedule
 .text.wakeup_service_subscribe
                0x00000000000043c4        0xc /Users/eliyazdi/Library/Application Support/Pebble SDK/SDKs/current/sdk-core/pebble/basalt/lib/libpebble.a(tmp3WoB93pebble.o)
                0x00000000000043c4                wakeup_service_subscribe
 .text.clock_is_timezone_set
                0x00000000000043d0        0xc /Users/eliyazdi/Library/Application Support/Pebble SDK/SDKs/current/sdk-core/pebble/basalt/lib/libpebble.a(tmp3WoB93pebble.o)
                0x00000000000043d0                clock_is_timezone_set
 .text.graphics_context_set_fill_color
                0x00000000000043dc        0xc /Users/eliyazdi/Library/Application Support/Pebble SDK/SDKs/current/sdk-core/pebble/basalt/lib/libpebble.a(tmp3WoB93pebble.o)
                0x00000000000043dc                graphics_context_set_fill_color
 .text.graphics_context_set_stroke_color
                0x00000000000043e8        0xc /Users/eliyazdi/Library/Application Support/Pebble SDK/SDKs/current/sdk-core/pebble/basalt/lib/libpebble.a(tmp3WoB93pebble.o)
                0x00000000000043e8                graphics_context_set_stroke_color
 .text.graphics_context_set_text_color
                0x00000000000043f4        0xc /Users/eliyazdi/Library/Application Support/Pebble SDK/SDKs/current/sdk-core/pebble/basalt/lib/libpebble.a(tmp3WoB93pebble.o)
                0x00000000000043f4                graphics_context_set_text_color
 .text.window_set_background_color
                0x0000000000004400        0xc /Users/eliyazdi/Library/Application Support/Pebble SDK/SDKs/current/sdk-core/pebble/basalt/lib/libpebble.a(tmp3WoB93pebble.o)
                0x0000000000004400                window_set_background_color
 .text.localtime
                0x000000000000440c        0xc /Users/eliyazdi/Library/Application Support/Pebble SDK/SDKs/current/sdk-core/pebble/basalt/lib/libpebble.a(tmp3WoB93pebble.o)
                0x000000000000440c                localtime
 .text.animation_destroy
                0x0000000000004418        0xc /Users/eliyazdi/Library/Application Support/Pebble SDK/SDKs/current/sdk-core/pebble/basalt/lib/libpebble.a(tmp3WoB93pebble.o)
                0x0000000000004418                animation_destroy
 .text.animation_schedule
                0x0000000000004424        0xc /Users/eliyazdi/Library/Application Support/Pebble SDK/SDKs/current/sdk-core/pebble/basalt/lib/libpebble.a(tmp3WoB93pebble.o)
                0x0000000000004424                animation_schedule
 .text.animation_set_curve
                0x0000000000004430        0xc /Users/eliyazdi/Library/Application Support/Pebble SDK/SDKs/current/sdk-core/pebble/basalt/lib/libpebble.a(tmp3WoB93pebble.o)
                0x0000000000004430                animation_set_curve
 .text.animation_set_duration
                0x000000000000443c        0xc /Users/eliyazdi/Library/Application Support/Pebble SDK/SDKs/current/sdk-core/pebble/basalt/lib/libpebble.a(tmp3WoB93pebble.o)
                0x000000000000443c                animation_set_duration
 .text.animation_set_handlers
                0x0000000000004448        0xc /Users/eliyazdi/Library/Application Support/Pebble SDK/SDKs/current/sdk-core/pebble/basalt/lib/libpebble.a(tmp3WoB93pebble.o)
                0x0000000000004448                animation_set_handlers
 .text.animation_unschedule
                0x0000000000004454        0xc /Users/eliyazdi/Library/Application Support/Pebble SDK/SDKs/current/sdk-core/pebble/basalt/lib/libpebble.a(tmp3WoB93pebble.o)
                0x0000000000004454                animation_unschedule
 .text.property_animation_create
                0x0000000000004460        0xc /Users/eliyazdi/Library/Application Support/Pebble SDK/SDKs/current/sdk-core/pebble/basalt/lib/libpebble.a(tmp3WoB93pebble.o)
                0x0000000000004460                property_animation_create
 .text.property_animation_destroy
                0x000000000000446c        0xc /Users/eliyazdi/Library/Application Support/Pebble SDK/SDKs/current/sdk-core/pebble/basalt/lib/libpebble.a(tmp3WoB93pebble.o)
                0x000000000000446c                property_animation_destroy
 .text.property_animation_from
                0x0000000000004478        0xc /Users/eliyazdi/Library/Application Support/Pebble SDK/SDKs/current/sdk-core/pebble/basalt/lib/libpebble.a(tmp3WoB93pebble.o)
                0x0000000000004478                property_animation_from
 .text.property_animation_to
                0x0000000000004484        0xc /Users/eliyazdi/Library/Application Support/Pebble SDK/SDKs/current/sdk-core/pebble/basalt/lib/libpebble.a(tmp3WoB93pebble.o)
                0x0000000000004484                property_animation_to
 .text.property_animation_update_grect
                0x0000000000004490        0xc /Users/eliyazdi/Library/Application Support/Pebble SDK/SDKs/current/sdk-core/pebble/basalt/lib/libpebble.a(tmp3WoB93pebble.o)
                0x0000000000004490                property_animation_update_grect
 .text.gbitmap_get_bounds
                0x000000000000449c        0xc /Users/eliyazdi/Library/Application Support/Pebble SDK/SDKs/current/sdk-core/pebble/basalt/lib/libpebble.a(tmp3WoB93pebble.o)
                0x000000000000449c                gbitmap_get_bounds
 .text.gbitmap_get_format
                0x00000000000044a8        0xc /Users/eliyazdi/Library/Application Support/Pebble SDK/SDKs/current/sdk-core/pebble/basalt/lib/libpebble.a(tmp3WoB93pebble.o)
                0x00000000000044a8                gbitmap_get_format
 .text.gbitmap_get_palette
                0x00000000000044b4        0xc /Users/eliyazdi/Library/Application Support/Pebble SDK/SDKs/current/sdk-core/pebble/basalt/lib/libpebble.a(tmp3WoB93pebble.o)
                0x00000000000044b4                gbitmap_get_palette
 .text.gbitmap_set_palette
                0x00000000000044c0        0xc /Users/eliyazdi/Library/Application Support/Pebble SDK/SDKs/current/sdk-core/pebble/basalt/lib/libpebble.a(tmp3WoB93pebble.o)
                0x00000000000044c0                gbitmap_set_palette
 .text.gbitmap_create_from_png_data
                0x00000000000044cc        0xc /Users/eliyazdi/Library/Application Support/Pebble SDK/SDKs/current/sdk-core/pebble/basalt/lib/libpebble.a(tmp3WoB93pebble.o)
                0x00000000000044cc                gbitmap_create_from_png_data
 .text.launch_get_args
                0x00000000000044d8        0xc /Users/eliyazdi/Library/Application Support/Pebble SDK/SDKs/current/sdk-core/pebble/basalt/lib/libpebble.a(tmp3WoB93pebble.o)
                0x00000000000044d8                launch_get_args
 .text.menu_layer_create
                0x00000000000044e4        0xc /Users/eliyazdi/Library/Application Support/Pebble SDK/SDKs/current/sdk-core/pebble/basalt/lib/libpebble.a(tmp3WoB93pebble.o)
                0x00000000000044e4                menu_layer_create
 .text.graphics_context_set_antialiased
                0x00000000000044f0        0xc /Users/eliyazdi/Library/Application Support/Pebble SDK/SDKs/current/sdk-core/pebble/basalt/lib/libpebble.a(tmp3WoB93pebble.o)
                0x00000000000044f0                graphics_context_set_antialiased
 .text.graphics_context_set_stroke_width
                0x00000000000044fc        0xc /Users/eliyazdi/Library/Application Support/Pebble SDK/SDKs/current/sdk-core/pebble/basalt/lib/libpebble.a(tmp3WoB93pebble.o)
                0x00000000000044fc                graphics_context_set_stroke_width
 .text.action_bar_layer_add_to_window
                0x0000000000004508        0xc /Users/eliyazdi/Library/Application Support/Pebble SDK/SDKs/current/sdk-core/pebble/basalt/lib/libpebble.a(tmp3WoB93pebble.o)
                0x0000000000004508                action_bar_layer_add_to_window
 .text.action_bar_layer_clear_icon
                0x0000000000004514        0xc /Users/eliyazdi/Library/Application Support/Pebble SDK/SDKs/current/sdk-core/pebble/basalt/lib/libpebble.a(tmp3WoB93pebble.o)
                0x0000000000004514                action_bar_layer_clear_icon
 .text.action_bar_layer_create
                0x0000000000004520        0xc /Users/eliyazdi/Library/Application Support/Pebble SDK/SDKs/current/sdk-core/pebble/basalt/lib/libpebble.a(tmp3WoB93pebble.o)
                0x0000000000004520                action_bar_layer_create
 .text.action_bar_layer_destroy
                0x000000000000452c        0xc /Users/eliyazdi/Library/Application Support/Pebble SDK/SDKs/current/sdk-core/pebble/basalt/lib/libpebble.a(tmp3WoB93pebble.o)
                0x000000000000452c                action_bar_layer_destroy
 .text.action_bar_layer_get_layer
                0x0000000000004538        0xc /Users/eliyazdi/Library/Application Support/Pebble SDK/SDKs/current/sdk-core/pebble/basalt/lib/libpebble.a(tmp3WoB93pebble.o)
                0x0000000000004538                action_bar_layer_get_layer
 .text.action_bar_layer_remove_from_window
                0x0000000000004544        0xc /Users/eliyazdi/Library/Application Support/Pebble SDK/SDKs/current/sdk-core/pebble/basalt/lib/libpebble.a(tmp3WoB93pebble.o)
                0x0000000000004544                action_bar_layer_remove_from_window
 .text.action_bar_layer_set_background_color
                0x0000000000004550        0xc /Users/eliyazdi/Library/Application Support/Pebble SDK/SDKs/current/sdk-core/pebble/basalt/lib/libpebble.a(tmp3WoB93pebble.o)
                0x0000000000004550                action_bar_layer_set_background_color
 .text.action_bar_layer_set_click_config_provider
                0x000000000000455c        0xc /Users/eliyazdi/Library/Application Support/Pebble SDK/SDKs/current/sdk-core/pebble/basalt/lib/libpebble.a(tmp3WoB93pebble.o)
                0x000000000000455c                action_bar_layer_set_click_config_provider
 .text.action_bar_layer_set_context
                0x0000000000004568        0xc /Users/eliyazdi/Library/Application Support/Pebble SDK/SDKs/current/sdk-core/pebble/basalt/lib/libpebble.a(tmp3WoB93pebble.o)
                0x0000000000004568                action_bar_layer_set_context
 .text.action_bar_layer_set_icon
                0x0000000000004574        0xc /Users/eliyazdi/Library/Application Support/Pebble SDK/SDKs/current/sdk-core/pebble/basalt/lib/libpebble.a(tmp3WoB93pebble.o)
                0x0000000000004574                action_bar_layer_set_icon
 .text.menu_cell_layer_is_highlighted
                0x0000000000004580        0xc /Users/eliyazdi/Library/Application Support/Pebble SDK/SDKs/current/sdk-core/pebble/basalt/lib/libpebble.a(tmp3WoB93pebble.o)
                0x0000000000004580                menu_cell_layer_is_highlighted
 .text.time     0x000000000000458c        0xc /Users/eliyazdi/Library/Application Support/Pebble SDK/SDKs/current/sdk-core/pebble/basalt/lib/libpebble.a(tmp3WoB93pebble.o)
                0x000000000000458c                time
 .text.menu_layer_set_highlight_colors
                0x0000000000004598        0xc /Users/eliyazdi/Library/Application Support/Pebble SDK/SDKs/current/sdk-core/pebble/basalt/lib/libpebble.a(tmp3WoB93pebble.o)
                0x0000000000004598                menu_layer_set_highlight_colors
 .text.menu_layer_set_normal_colors
                0x00000000000045a4        0xc /Users/eliyazdi/Library/Application Support/Pebble SDK/SDKs/current/sdk-core/pebble/basalt/lib/libpebble.a(tmp3WoB93pebble.o)
                0x00000000000045a4                menu_layer_set_normal_colors
 .text.menu_layer_set_callbacks
                0x00000000000045b0        0xc /Users/eliyazdi/Library/Application Support/Pebble SDK/SDKs/current/sdk-core/pebble/basalt/lib/libpebble.a(tmp3WoB93pebble.o)
                0x00000000000045b0                menu_layer_set_callbacks
 .text.status_bar_layer_create
                0x00000000000045bc        0xc /Users/eliyazdi/Library/Application Support/Pebble SDK/SDKs/current/sdk-core/pebble/basalt/lib/libpebble.a(tmp3WoB93pebble.o)
                0x00000000000045bc                status_bar_layer_create
 .text.status_bar_layer_destroy
                0x00000000000045c8        0xc /Users/eliyazdi/Library/Application Support/Pebble SDK/SDKs/current/sdk-core/pebble/basalt/lib/libpebble.a(tmp3WoB93pebble.o)
                0x00000000000045c8                status_bar_layer_destroy
 .text.status_bar_layer_get_layer
                0x00000000000045d4        0xc /Users/eliyazdi/Library/Application Support/Pebble SDK/SDKs/current/sdk-core/pebble/basalt/lib/libpebble.a(tmp3WoB93pebble.o)
                0x00000000000045d4                status_bar_layer_get_layer
 .text.status_bar_layer_set_colors
                0x00000000000045e0        0xc /Users/eliyazdi/Library/Application Support/Pebble SDK/SDKs/current/sdk-core/pebble/basalt/lib/libpebble.a(tmp3WoB93pebble.o)
                0x00000000000045e0                status_bar_layer_set_colors
 .text.status_bar_layer_set_separator_mode
                0x00000000000045ec        0xc /Users/eliyazdi/Library/Application Support/Pebble SDK/SDKs/current/sdk-core/pebble/basalt/lib/libpebble.a(tmp3WoB93pebble.o)
                0x00000000000045ec                status_bar_layer_set_separator_mode
 .text.time_ms  0x00000000000045f8        0xc /Users/eliyazdi/Library/Application Support/Pebble SDK/SDKs/current/sdk-core/pebble/basalt/lib/libpebble.a(tmp3WoB93pebble.o)
                0x00000000000045f8                time_ms
 .text.gcolor_legible_over
                0x0000000000004604        0xc /Users/eliyazdi/Library/Application Support/Pebble SDK/SDKs/current/sdk-core/pebble/basalt/lib/libpebble.a(tmp3WoB93pebble.o)
                0x0000000000004604                gcolor_legible_over
 .text.dictation_session_create
                0x0000000000004610        0xc /Users/eliyazdi/Library/Application Support/Pebble SDK/SDKs/current/sdk-core/pebble/basalt/lib/libpebble.a(tmp3WoB93pebble.o)
                0x0000000000004610                dictation_session_create
 .text.dictation_session_enable_confirmation
                0x000000000000461c        0xc /Users/eliyazdi/Library/Application Support/Pebble SDK/SDKs/current/sdk-core/pebble/basalt/lib/libpebble.a(tmp3WoB93pebble.o)
                0x000000000000461c                dictation_session_enable_confirmation
 .text.dictation_session_start
                0x0000000000004628        0xc /Users/eliyazdi/Library/Application Support/Pebble SDK/SDKs/current/sdk-core/pebble/basalt/lib/libpebble.a(tmp3WoB93pebble.o)
                0x0000000000004628                dictation_session_start
 .text.dictation_session_stop
                0x0000000000004634        0xc /Users/eliyazdi/Library/Application Support/Pebble SDK/SDKs/current/sdk-core/pebble/basalt/lib/libpebble.a(tmp3WoB93pebble.o)
                0x0000000000004634                dictation_session_stop
 .text.grect_inset
                0x0000000000004640        0xc /Users/eliyazdi/Library/Application Support/Pebble SDK/SDKs/current/sdk-core/pebble/basalt/lib/libpebble.a(tmp3WoB93pebble.o)
                0x0000000000004640                grect_inset
 .text.gpoint_from_polar
                0x000000000000464c        0xc /Users/eliyazdi/Library/Application Support/Pebble SDK/SDKs/current/sdk-core/pebble/basalt/lib/libpebble.a(tmp3WoB93pebble.o)
                0x000000000000464c                gpoint_from_polar
 .text.graphics_draw_arc
                0x0000000000004658        0xc /Users/eliyazdi/Library/Application Support/Pebble SDK/SDKs/current/sdk-core/pebble/basalt/lib/libpebble.a(tmp3WoB93pebble.o)
                0x0000000000004658                graphics_draw_arc
 .text.graphics_fill_radial
                0x0000000000004664        0xc /Users/eliyazdi/Library/Application Support/Pebble SDK/SDKs/current/sdk-core/pebble/basalt/lib/libpebble.a(tmp3WoB93pebble.o)
                0x0000000000004664                graphics_fill_radial
 .text.graphics_text_attributes_create
                0x0000000000004670        0xc /Users/eliyazdi/Library/Application Support/Pebble SDK/SDKs/current/sdk-core/pebble/basalt/lib/libpebble.a(tmp3WoB93pebble.o)
                0x0000000000004670                graphics_text_attributes_create
 .text.graphics_text_attributes_destroy
                0x000000000000467c        0xc /Users/eliyazdi/Library/Application Support/Pebble SDK/SDKs/current/sdk-core/pebble/basalt/lib/libpebble.a(tmp3WoB93pebble.o)
                0x000000000000467c                graphics_text_attributes_destroy
 .text.graphics_text_layout_get_content_size_with_attributes
                0x0000000000004688        0xc /Users/eliyazdi/Library/Application Support/Pebble SDK/SDKs/current/sdk-core/pebble/basalt/lib/libpebble.a(tmp3WoB93pebble.o)
                0x0000000000004688                graphics_text_layout_get_content_size_with_attributes
 .text.scroll_layer_set_paging
                0x0000000000004694        0xc /Users/eliyazdi/Library/Application Support/Pebble SDK/SDKs/current/sdk-core/pebble/basalt/lib/libpebble.a(tmp3WoB93pebble.o)
                0x0000000000004694                scroll_layer_set_paging
 *(.rodata)
 *(.rodata*)
 .rodata.str1.1
                0x00000000000046a0       0x1b src/simply/simply_menu.c.18.o
                                         0x1c (size before relaxing)
 *fill*         0x00000000000046bb        0x1 
 .rodata.segments.8286
                0x00000000000046bc       0x30 src/simply/simply_msg.c.18.o
 .rodata.segments.8289
                0x00000000000046ec       0x28 src/simply/simply_msg.c.18.o
 .rodata.segments.8295
                0x0000000000004714       0x30 src/simply/simply_msg.c.18.o
 .rodata.segments.8298
                0x0000000000004744       0x30 src/simply/simply_msg.c.18.o
 .rodata.segments.8202
                0x0000000000004774       0x18 src/simply/simply_msg.c.18.o
 .rodata.segments.8292
                0x000000000000478c       0x30 src/simply/simply_msg.c.18.o
 .rodata.segments.8205
                0x00000000000047bc        0x8 src/simply/simply_msg.c.18.o
 .rodata.segments.8211
                0x00000000000047c4       0x18 src/simply/simply_msg.c.18.o
 .rodata.segments.8208
                0x00000000000047dc       0x20 src/simply/simply_msg.c.18.o
 .rodata.segments.8214
                0x00000000000047fc       0x20 src/simply/simply_msg.c.18.o
 .rodata.segments.8220
                0x000000000000481c       0x20 src/simply/simply_msg.c.18.o
 .rodata.segments.8217
                0x000000000000483c       0x10 src/simply/simply_msg.c.18.o
 .rodata.segments.8223
                0x000000000000484c       0x18 src/simply/simply_msg.c.18.o
 .rodata.segments.8226
                0x0000000000004864       0x20 src/simply/simply_msg.c.18.o
 .rodata.str1.1
                0x0000000000004884       0x26 src/simply/simply_msg.c.18.o
 *fill*         0x00000000000048aa        0x2 
 .rodata.segments.8232
                0x00000000000048ac       0x10 src/simply/simply_msg.c.18.o
 .rodata.segments.8229
                0x00000000000048bc       0x10 src/simply/simply_msg.c.18.o
 .rodata.segments.8235
                0x00000000000048cc       0x18 src/simply/simply_msg.c.18.o
 .rodata.segments.8196
                0x00000000000048e4       0x20 src/simply/simply_msg.c.18.o
 .rodata.segments.8241
                0x0000000000004904       0x20 src/simply/simply_msg.c.18.o
 .rodata.segments.8238
                0x0000000000004924       0x20 src/simply/simply_msg.c.18.o
 .rodata.segments.8199
                0x0000000000004944       0x20 src/simply/simply_msg.c.18.o
 .rodata.segments.8244
                0x0000000000004964       0x18 src/simply/simply_msg.c.18.o
 .rodata.segments.8250
                0x000000000000497c        0x8 src/simply/simply_msg.c.18.o
 .rodata.segments.8247
                0x0000000000004984       0x18 src/simply/simply_msg.c.18.o
 .rodata.segments.8253
                0x000000000000499c       0x18 src/simply/simply_msg.c.18.o
 .rodata.segments.8256
                0x00000000000049b4       0x20 src/simply/simply_msg.c.18.o
 .rodata.segments.8301
                0x00000000000049d4       0x30 src/simply/simply_msg.c.18.o
 .rodata.segments.8262
                0x0000000000004a04       0x20 src/simply/simply_msg.c.18.o
 .rodata.segments.8259
                0x0000000000004a24       0x18 src/simply/simply_msg.c.18.o
 .rodata.segments.8304
                0x0000000000004a3c       0x30 src/simply/simply_msg.c.18.o
 .rodata.segments.8265
                0x0000000000004a6c       0x20 src/simply/simply_msg.c.18.o
 .rodata.segments.8271
                0x0000000000004a8c       0x30 src/simply/simply_msg.c.18.o
 .rodata.segments.8268
                0x0000000000004abc       0x20 src/simply/simply_msg.c.18.o
 .rodata.segments.8193
                0x0000000000004adc       0x10 src/simply/simply_msg.c.18.o
 .rodata.segments.8274
                0x0000000000004aec       0x30 src/simply/simply_msg.c.18.o
 .rodata.segments.8280
                0x0000000000004b1c       0x30 src/simply/simply_msg.c.18.o
 .rodata.segments.8277
                0x0000000000004b4c       0x30 src/simply/simply_msg.c.18.o
 .rodata.segments.8283
                0x0000000000004b7c       0x20 src/simply/simply_msg.c.18.o
 .rodata.str1.1
                0x0000000000004b9c       0x16 src/simply/simply_stage.c.18.o
 .rodata.str1.1
                0x0000000000004bb2       0x7d src/simply/simply_ui.c.18.o
 .rodata.str1.1
                0x0000000000000000        0x1 src/simply/simply_voice.c.18.o

.glue_7         0x0000000000004c30        0x0
 .glue_7        0x0000000000000000        0x0 linker stubs

.glue_7t        0x0000000000004c30        0x0
 .glue_7t       0x0000000000000000        0x0 linker stubs

.vfp11_veneer   0x0000000000004c30        0x0
 .vfp11_veneer  0x0000000000000000        0x0 linker stubs

.v4_bx          0x0000000000004c30        0x0
 .v4_bx         0x0000000000000000        0x0 linker stubs

.iplt           0x0000000000004c30        0x0
 .iplt          0x0000000000000000        0x0 /usr/local/Cellar/pebble-toolchain/2.0/arm-cs-tools/bin/../lib/gcc/arm-none-eabi/4.7.2/thumb2/crtbegin.o

.rel.dyn        0x0000000000004c30        0x0
 .rel.iplt      0x0000000000000000        0x0 /usr/local/Cellar/pebble-toolchain/2.0/arm-cs-tools/bin/../lib/gcc/arm-none-eabi/4.7.2/thumb2/crtbegin.o

.ARM.exidx      0x0000000000004c30        0x8
 .ARM.exidx     0x0000000000004c30        0x8 /usr/local/Cellar/pebble-toolchain/2.0/arm-cs-tools/bin/../lib/gcc/arm-none-eabi/4.7.2/thumb2/libgcc.a(_divdi3.o)
 .ARM.exidx     0x0000000000004c38        0x0 /usr/local/Cellar/pebble-toolchain/2.0/arm-cs-tools/bin/../lib/gcc/arm-none-eabi/4.7.2/thumb2/libgcc.a(_udivdi3.o)
                                          0x8 (size before relaxing)

.data           0x0000000000004c38      0x1de
 *(.data)
 .data          0x0000000000004c38        0x0 /usr/local/Cellar/pebble-toolchain/2.0/arm-cs-tools/bin/../lib/gcc/arm-none-eabi/4.7.2/thumb2/crti.o
 .data          0x0000000000004c38        0x4 /usr/local/Cellar/pebble-toolchain/2.0/arm-cs-tools/bin/../lib/gcc/arm-none-eabi/4.7.2/thumb2/crtbegin.o
                0x0000000000004c38                __dso_handle
 .data          0x0000000000004c3c        0x0 src/main.c.18.o
 .data          0x0000000000004c3c        0x0 src/simply/simply.c.18.o
 .data          0x0000000000004c3c        0x0 src/simply/simply_accel.c.18.o
 .data          0x0000000000004c3c        0x0 src/simply/simply_menu.c.18.o
 .data          0x0000000000004c3c      0x130 src/simply/simply_msg.c.18.o
 .data          0x0000000000004d6c        0x0 src/simply/simply_res.c.18.o
 .data          0x0000000000004d6c        0x0 src/simply/simply_splash.c.18.o
 .data          0x0000000000004d6c        0x0 src/simply/simply_stage.c.18.o
 .data          0x0000000000004d6c        0x0 src/simply/simply_ui.c.18.o
 .data          0x0000000000004d6c        0x0 src/simply/simply_voice.c.18.o
 .data          0x0000000000004d6c        0x0 src/simply/simply_wakeup.c.18.o
 .data          0x0000000000004d6c        0x0 src/simply/simply_window.c.18.o
 .data          0x0000000000004d6c        0x0 src/simply/simply_window_stack.c.18.o
 .data          0x0000000000004d6c        0x0 basalt/appinfo.auto.c.18.o
 .data          0x0000000000004d6c        0x0 /Users/eliyazdi/Library/Application Support/Pebble SDK/SDKs/current/sdk-core/pebble/basalt/lib/libpebble.a(tmp3WoB93pebble.o)
 .data          0x0000000000004d6c        0x0 /usr/local/Cellar/pebble-toolchain/2.0/arm-cs-tools/bin/../lib/gcc/arm-none-eabi/4.7.2/thumb2/libgcc.a(_aeabi_ldivmod.o)
 .data          0x0000000000004d6c        0x0 /usr/local/Cellar/pebble-toolchain/2.0/arm-cs-tools/bin/../lib/gcc/arm-none-eabi/4.7.2/thumb2/libgcc.a(bpabi.o)
 .data          0x0000000000004d6c        0x0 /usr/local/Cellar/pebble-toolchain/2.0/arm-cs-tools/bin/../lib/gcc/arm-none-eabi/4.7.2/thumb2/libgcc.a(_dvmd_tls.o)
 .data          0x0000000000004d6c        0x0 /usr/local/Cellar/pebble-toolchain/2.0/arm-cs-tools/bin/../lib/gcc/arm-none-eabi/4.7.2/thumb2/libgcc.a(_divdi3.o)
 .data          0x0000000000004d6c        0x0 /usr/local/Cellar/pebble-toolchain/2.0/arm-cs-tools/bin/../lib/gcc/arm-none-eabi/4.7.2/thumb2/libgcc.a(_udivdi3.o)
 .data          0x0000000000004d6c        0x0 /usr/local/Cellar/pebble-toolchain/2.0/arm-cs-tools/bin/../lib/gcc/arm-none-eabi/4.7.2/thumb2/libgcc.a(_udivsi3.o)
 .data          0x0000000000004d6c        0x0 /usr/local/Cellar/pebble-toolchain/2.0/arm-cs-tools/bin/../lib/gcc/arm-none-eabi/4.7.2/thumb2/crtend.o
 .data          0x0000000000004d6c        0x0 /usr/local/Cellar/pebble-toolchain/2.0/arm-cs-tools/bin/../lib/gcc/arm-none-eabi/4.7.2/thumb2/crtn.o
 *(.data.*)
 .data.rel.ro.local.s_window_handlers.8292
                0x0000000000004d6c       0x10 src/simply/simply_menu.c.18.o
 .data.s_normal_palette
                0x0000000000004d7c        0x2 src/simply/simply_menu.c.18.o
 .data.s_inverted_palette
                0x0000000000004d7e        0x2 src/simply/simply_menu.c.18.o
 .data.rel.ro.local.s_window_handlers.8377
                0x0000000000004d80       0x10 src/simply/simply_stage.c.18.o
 .data.rel.ro.implementation.8244
                0x0000000000004d90       0x14 src/simply/simply_stage.c.18.o
 .data.rel.ro.local.s_window_handlers.8073
                0x0000000000004da4       0x10 src/simply/simply_ui.c.18.o
 .data.rel.ro.local.STYLES
                0x0000000000004db4       0x5f src/simply/simply_ui.c.18.o
 .data.s_button_palette
                0x0000000000004e13        0x2 src/simply/simply_window.c.18.o
 .data.s_broadcast_window
                0x0000000000004e15        0x1 src/simply/simply_window_stack.c.18.o

.igot.plt       0x0000000000004e18        0x0
 .igot.plt      0x0000000000000000        0x0 /usr/local/Cellar/pebble-toolchain/2.0/arm-cs-tools/bin/../lib/gcc/arm-none-eabi/4.7.2/thumb2/crtbegin.o

.bss            0x0000000000004e18      0x118
 *(.bss)
 *(.bss.*)
 .bss.s_accel   0x0000000000004e18        0x4 src/simply/simply_accel.c.18.o
 .bss.s_provider.7868
                0x0000000000004e1c        0x4 src/simply/simply_menu.c.18.o
 .bss.s_has_communicated
                0x0000000000004e20        0x1 src/simply/simply_msg.c.18.o
 *fill*         0x0000000000004e21        0x3 
 .bss.s_msg     0x0000000000004e24        0x4 src/simply/simply_msg.c.18.o
 .bss.time_text.8140
                0x0000000000004e28      0x100 src/simply/simply_stage.c.18.o
 .bss.s_voice   0x0000000000004f28        0x4 src/simply/simply_voice.c.18.o
 .bss.s_provider.7872
                0x0000000000004f2c        0x4 src/simply/simply_window.c.18.o

DISCARD
 libc.a(*)
 libm.a(*)
 libgcc.a(*)
 *(.eh_frame)
OUTPUT(/Users/eliyazdi/BuzzVoice/build/basalt/pebble-app.elf elf32-littlearm)

.ARM.attributes
                0x0000000000000000       0x27
 .ARM.attributes
                0x0000000000000000       0x19 /usr/local/Cellar/pebble-toolchain/2.0/arm-cs-tools/bin/../lib/gcc/arm-none-eabi/4.7.2/thumb2/crti.o
 .ARM.attributes
                0x0000000000000019       0x29 /usr/local/Cellar/pebble-toolchain/2.0/arm-cs-tools/bin/../lib/gcc/arm-none-eabi/4.7.2/thumb2/crtbegin.o
 .ARM.attributes
                0x0000000000000042       0x33 src/main.c.18.o
 .ARM.attributes
                0x0000000000000075       0x33 src/simply/simply.c.18.o
 .ARM.attributes
                0x00000000000000a8       0x33 src/simply/simply_accel.c.18.o
 .ARM.attributes
                0x00000000000000db       0x33 src/simply/simply_menu.c.18.o
 .ARM.attributes
                0x000000000000010e       0x33 src/simply/simply_msg.c.18.o
 .ARM.attributes
                0x0000000000000141       0x33 src/simply/simply_res.c.18.o
 .ARM.attributes
                0x0000000000000174       0x33 src/simply/simply_splash.c.18.o
 .ARM.attributes
                0x00000000000001a7       0x33 src/simply/simply_stage.c.18.o
 .ARM.attributes
                0x00000000000001da       0x33 src/simply/simply_ui.c.18.o
 .ARM.attributes
                0x000000000000020d       0x33 src/simply/simply_voice.c.18.o
 .ARM.attributes
                0x0000000000000240       0x33 src/simply/simply_wakeup.c.18.o
 .ARM.attributes
                0x0000000000000273       0x33 src/simply/simply_window.c.18.o
 .ARM.attributes
                0x00000000000002a6       0x33 src/simply/simply_window_stack.c.18.o
 .ARM.attributes
                0x00000000000002d9       0x33 basalt/appinfo.auto.c.18.o
 .ARM.attributes
                0x000000000000030c       0x21 /Users/eliyazdi/Library/Application Support/Pebble SDK/SDKs/current/sdk-core/pebble/basalt/lib/libpebble.a(tmp3WoB93pebble.o)
 .ARM.attributes
                0x000000000000032d       0x19 /usr/local/Cellar/pebble-toolchain/2.0/arm-cs-tools/bin/../lib/gcc/arm-none-eabi/4.7.2/thumb2/libgcc.a(_aeabi_ldivmod.o)
 .ARM.attributes
                0x0000000000000346       0x29 /usr/local/Cellar/pebble-toolchain/2.0/arm-cs-tools/bin/../lib/gcc/arm-none-eabi/4.7.2/thumb2/libgcc.a(bpabi.o)
 .ARM.attributes
                0x000000000000036f       0x19 /usr/local/Cellar/pebble-toolchain/2.0/arm-cs-tools/bin/../lib/gcc/arm-none-eabi/4.7.2/thumb2/libgcc.a(_dvmd_tls.o)
 .ARM.attributes
                0x0000000000000388       0x29 /usr/local/Cellar/pebble-toolchain/2.0/arm-cs-tools/bin/../lib/gcc/arm-none-eabi/4.7.2/thumb2/libgcc.a(_divdi3.o)
 .ARM.attributes
                0x00000000000003b1       0x29 /usr/local/Cellar/pebble-toolchain/2.0/arm-cs-tools/bin/../lib/gcc/arm-none-eabi/4.7.2/thumb2/libgcc.a(_udivdi3.o)
 .ARM.attributes
                0x00000000000003da       0x19 /usr/local/Cellar/pebble-toolchain/2.0/arm-cs-tools/bin/../lib/gcc/arm-none-eabi/4.7.2/thumb2/libgcc.a(_udivsi3.o)
 .ARM.attributes
                0x00000000000003f3       0x29 /usr/local/Cellar/pebble-toolchain/2.0/arm-cs-tools/bin/../lib/gcc/arm-none-eabi/4.7.2/thumb2/crtend.o
 .ARM.attributes
                0x000000000000041c       0x19 /usr/local/Cellar/pebble-toolchain/2.0/arm-cs-tools/bin/../lib/gcc/arm-none-eabi/4.7.2/thumb2/crtn.o

.comment        0x0000000000000000       0x4e
 .comment       0x0000000000000000       0x4e /usr/local/Cellar/pebble-toolchain/2.0/arm-cs-tools/bin/../lib/gcc/arm-none-eabi/4.7.2/thumb2/crtbegin.o
                                         0x4f (size before relaxing)
 .comment       0x0000000000000000       0x4f src/main.c.18.o
 .comment       0x0000000000000000       0x4f src/simply/simply.c.18.o
 .comment       0x0000000000000000       0x4f src/simply/simply_accel.c.18.o
 .comment       0x0000000000000000       0x4f src/simply/simply_menu.c.18.o
 .comment       0x0000000000000000       0x4f src/simply/simply_msg.c.18.o
 .comment       0x0000000000000000       0x4f src/simply/simply_res.c.18.o
 .comment       0x0000000000000000       0x4f src/simply/simply_splash.c.18.o
 .comment       0x0000000000000000       0x4f src/simply/simply_stage.c.18.o
 .comment       0x0000000000000000       0x4f src/simply/simply_ui.c.18.o
 .comment       0x0000000000000000       0x4f src/simply/simply_voice.c.18.o
 .comment       0x0000000000000000       0x4f src/simply/simply_wakeup.c.18.o
 .comment       0x0000000000000000       0x4f src/simply/simply_window.c.18.o
 .comment       0x0000000000000000       0x4f src/simply/simply_window_stack.c.18.o
 .comment       0x0000000000000000       0x4f basalt/appinfo.auto.c.18.o
 .comment       0x0000000000000000       0x4f /usr/local/Cellar/pebble-toolchain/2.0/arm-cs-tools/bin/../lib/gcc/arm-none-eabi/4.7.2/thumb2/libgcc.a(bpabi.o)
 .comment       0x0000000000000000       0x4f /usr/local/Cellar/pebble-toolchain/2.0/arm-cs-tools/bin/../lib/gcc/arm-none-eabi/4.7.2/thumb2/libgcc.a(_divdi3.o)
 .comment       0x0000000000000000       0x4f /usr/local/Cellar/pebble-toolchain/2.0/arm-cs-tools/bin/../lib/gcc/arm-none-eabi/4.7.2/thumb2/libgcc.a(_udivdi3.o)
 .comment       0x0000000000000000       0x4f /usr/local/Cellar/pebble-toolchain/2.0/arm-cs-tools/bin/../lib/gcc/arm-none-eabi/4.7.2/thumb2/crtend.o

.debug_info     0x0000000000000000    0x17991
 .debug_info    0x0000000000000000      0x256 src/main.c.18.o
 .debug_info    0x0000000000000256      0xd04 src/simply/simply.c.18.o
 .debug_info    0x0000000000000f5a      0xd7c src/simply/simply_accel.c.18.o
 .debug_info    0x0000000000001cd6     0x40c9 src/simply/simply_menu.c.18.o
 .debug_info    0x0000000000005d9f     0x3258 src/simply/simply_msg.c.18.o
 .debug_info    0x0000000000008ff7     0x13d4 src/simply/simply_res.c.18.o
 .debug_info    0x000000000000a3cb      0x8e8 src/simply/simply_splash.c.18.o
 .debug_info    0x000000000000acb3     0x46fb src/simply/simply_stage.c.18.o
 .debug_info    0x000000000000f3ae     0x263d src/simply/simply_ui.c.18.o
 .debug_info    0x00000000000119eb      0xac0 src/simply/simply_voice.c.18.o
 .debug_info    0x00000000000124ab      0xba7 src/simply/simply_wakeup.c.18.o
 .debug_info    0x0000000000013052     0x256e src/simply/simply_window.c.18.o
 .debug_info    0x00000000000155c0     0x103f src/simply/simply_window_stack.c.18.o
 .debug_info    0x00000000000165ff      0x319 basalt/appinfo.auto.c.18.o
 .debug_info    0x0000000000016918       0xb4 /usr/local/Cellar/pebble-toolchain/2.0/arm-cs-tools/bin/../lib/gcc/arm-none-eabi/4.7.2/thumb2/libgcc.a(_aeabi_ldivmod.o)
 .debug_info    0x00000000000169cc      0x174 /usr/local/Cellar/pebble-toolchain/2.0/arm-cs-tools/bin/../lib/gcc/arm-none-eabi/4.7.2/thumb2/libgcc.a(bpabi.o)
 .debug_info    0x0000000000016b40       0xb8 /usr/local/Cellar/pebble-toolchain/2.0/arm-cs-tools/bin/../lib/gcc/arm-none-eabi/4.7.2/thumb2/libgcc.a(_dvmd_tls.o)
 .debug_info    0x0000000000016bf8      0x68f /usr/local/Cellar/pebble-toolchain/2.0/arm-cs-tools/bin/../lib/gcc/arm-none-eabi/4.7.2/thumb2/libgcc.a(_divdi3.o)
 .debug_info    0x0000000000017287      0x652 /usr/local/Cellar/pebble-toolchain/2.0/arm-cs-tools/bin/../lib/gcc/arm-none-eabi/4.7.2/thumb2/libgcc.a(_udivdi3.o)
 .debug_info    0x00000000000178d9       0xb8 /usr/local/Cellar/pebble-toolchain/2.0/arm-cs-tools/bin/../lib/gcc/arm-none-eabi/4.7.2/thumb2/libgcc.a(_udivsi3.o)

.debug_abbrev   0x0000000000000000     0x379b
 .debug_abbrev  0x0000000000000000      0x14d src/main.c.18.o
 .debug_abbrev  0x000000000000014d      0x28b src/simply/simply.c.18.o
 .debug_abbrev  0x00000000000003d8      0x354 src/simply/simply_accel.c.18.o
 .debug_abbrev  0x000000000000072c      0x5ef src/simply/simply_menu.c.18.o
 .debug_abbrev  0x0000000000000d1b      0x59a src/simply/simply_msg.c.18.o
 .debug_abbrev  0x00000000000012b5      0x449 src/simply/simply_res.c.18.o
 .debug_abbrev  0x00000000000016fe      0x2ca src/simply/simply_splash.c.18.o
 .debug_abbrev  0x00000000000019c8      0x5c4 src/simply/simply_stage.c.18.o
 .debug_abbrev  0x0000000000001f8c      0x52a src/simply/simply_ui.c.18.o
 .debug_abbrev  0x00000000000024b6      0x2e9 src/simply/simply_voice.c.18.o
 .debug_abbrev  0x000000000000279f      0x30b src/simply/simply_wakeup.c.18.o
 .debug_abbrev  0x0000000000002aaa      0x4e2 src/simply/simply_window.c.18.o
 .debug_abbrev  0x0000000000002f8c      0x3e2 src/simply/simply_window_stack.c.18.o
 .debug_abbrev  0x000000000000336e       0x9e basalt/appinfo.auto.c.18.o
 .debug_abbrev  0x000000000000340c       0x14 /usr/local/Cellar/pebble-toolchain/2.0/arm-cs-tools/bin/../lib/gcc/arm-none-eabi/4.7.2/thumb2/libgcc.a(_aeabi_ldivmod.o)
 .debug_abbrev  0x0000000000003420       0xb7 /usr/local/Cellar/pebble-toolchain/2.0/arm-cs-tools/bin/../lib/gcc/arm-none-eabi/4.7.2/thumb2/libgcc.a(bpabi.o)
 .debug_abbrev  0x00000000000034d7       0x14 /usr/local/Cellar/pebble-toolchain/2.0/arm-cs-tools/bin/../lib/gcc/arm-none-eabi/4.7.2/thumb2/libgcc.a(_dvmd_tls.o)
 .debug_abbrev  0x00000000000034eb      0x151 /usr/local/Cellar/pebble-toolchain/2.0/arm-cs-tools/bin/../lib/gcc/arm-none-eabi/4.7.2/thumb2/libgcc.a(_divdi3.o)
 .debug_abbrev  0x000000000000363c      0x14b /usr/local/Cellar/pebble-toolchain/2.0/arm-cs-tools/bin/../lib/gcc/arm-none-eabi/4.7.2/thumb2/libgcc.a(_udivdi3.o)
 .debug_abbrev  0x0000000000003787       0x14 /usr/local/Cellar/pebble-toolchain/2.0/arm-cs-tools/bin/../lib/gcc/arm-none-eabi/4.7.2/thumb2/libgcc.a(_udivsi3.o)

.debug_loc      0x0000000000000000     0xa3fc
 .debug_loc     0x0000000000000000       0x3e src/main.c.18.o
 .debug_loc     0x000000000000003e       0x7c src/simply/simply.c.18.o
 .debug_loc     0x00000000000000ba      0x4dc src/simply/simply_accel.c.18.o
 .debug_loc     0x0000000000000596     0x1dff src/simply/simply_menu.c.18.o
 .debug_loc     0x0000000000002395      0xd63 src/simply/simply_msg.c.18.o
 .debug_loc     0x00000000000030f8      0xccb src/simply/simply_res.c.18.o
 .debug_loc     0x0000000000003dc3      0x1ec src/simply/simply_splash.c.18.o
 .debug_loc     0x0000000000003faf     0x18a8 src/simply/simply_stage.c.18.o
 .debug_loc     0x0000000000005857     0x118f src/simply/simply_ui.c.18.o
 .debug_loc     0x00000000000069e6      0x3a4 src/simply/simply_voice.c.18.o
 .debug_loc     0x0000000000006d8a      0x340 src/simply/simply_wakeup.c.18.o
 .debug_loc     0x00000000000070ca      0xd85 src/simply/simply_window.c.18.o
 .debug_loc     0x0000000000007e4f      0x6aa src/simply/simply_window_stack.c.18.o
 .debug_loc     0x00000000000084f9       0xe0 /usr/local/Cellar/pebble-toolchain/2.0/arm-cs-tools/bin/../lib/gcc/arm-none-eabi/4.7.2/thumb2/libgcc.a(bpabi.o)
 .debug_loc     0x00000000000085d9      0xebd /usr/local/Cellar/pebble-toolchain/2.0/arm-cs-tools/bin/../lib/gcc/arm-none-eabi/4.7.2/thumb2/libgcc.a(_divdi3.o)