Archive member included because of file (symbol)

/Users/Jacob_Banooni/Library/Application Support/Pebble SDK/SDKs/current/sdk-core/pebble/aplite/lib/libpebble.a(tmpeWFBzLpebble.o)
                              src/simply/simply_accel.c.19.o (accel_data_service_unsubscribe)
/usr/local/Cellar/pebble-toolchain/2.0/arm-cs-tools/bin/../lib/gcc/arm-none-eabi/4.7.2/thumb2/libgcc.a(_aeabi_ldivmod.o)
                              src/simply/simply_menu.c.19.o (__aeabi_ldivmod)
/usr/local/Cellar/pebble-toolchain/2.0/arm-cs-tools/bin/../lib/gcc/arm-none-eabi/4.7.2/thumb2/libgcc.a(bpabi.o)
                              /usr/local/Cellar/pebble-toolchain/2.0/arm-cs-tools/bin/../lib/gcc/arm-none-eabi/4.7.2/thumb2/libgcc.a(_aeabi_ldivmod.o) (__gnu_ldivmod_helper)
/usr/local/Cellar/pebble-toolchain/2.0/arm-cs-tools/bin/../lib/gcc/arm-none-eabi/4.7.2/thumb2/libgcc.a(_dvmd_tls.o)
                              /usr/local/Cellar/pebble-toolchain/2.0/arm-cs-tools/bin/../lib/gcc/arm-none-eabi/4.7.2/thumb2/libgcc.a(_aeabi_ldivmod.o) (__aeabi_ldiv0)
/usr/local/Cellar/pebble-toolchain/2.0/arm-cs-tools/bin/../lib/gcc/arm-none-eabi/4.7.2/thumb2/libgcc.a(_divdi3.o)
                              /usr/local/Cellar/pebble-toolchain/2.0/arm-cs-tools/bin/../lib/gcc/arm-none-eabi/4.7.2/thumb2/libgcc.a(bpabi.o) (__divdi3)
/usr/local/Cellar/pebble-toolchain/2.0/arm-cs-tools/bin/../lib/gcc/arm-none-eabi/4.7.2/thumb2/libgcc.a(_udivdi3.o)
                              /usr/local/Cellar/pebble-toolchain/2.0/arm-cs-tools/bin/../lib/gcc/arm-none-eabi/4.7.2/thumb2/libgcc.a(bpabi.o) (__udivdi3)
/usr/local/Cellar/pebble-toolchain/2.0/arm-cs-tools/bin/../lib/gcc/arm-none-eabi/4.7.2/thumb2/libgcc.a(_udivsi3.o)
                              /usr/local/Cellar/pebble-toolchain/2.0/arm-cs-tools/bin/../lib/gcc/arm-none-eabi/4.7.2/thumb2/libgcc.a(_divdi3.o) (__aeabi_uidiv)

Discarded input sections

 .text          0x0000000000000000        0x0 /usr/local/Cellar/pebble-toolchain/2.0/arm-cs-tools/bin/../lib/gcc/arm-none-eabi/4.7.2/thumb2/crti.o
 .bss           0x0000000000000000        0x0 /usr/local/Cellar/pebble-toolchain/2.0/arm-cs-tools/bin/../lib/gcc/arm-none-eabi/4.7.2/thumb2/crti.o
 .init          0x0000000000000000        0x4 /usr/local/Cellar/pebble-toolchain/2.0/arm-cs-tools/bin/../lib/gcc/arm-none-eabi/4.7.2/thumb2/crti.o
 .fini          0x0000000000000000        0x4 /usr/local/Cellar/pebble-toolchain/2.0/arm-cs-tools/bin/../lib/gcc/arm-none-eabi/4.7.2/thumb2/crti.o
 .text          0x0000000000000000       0xc8 /usr/local/Cellar/pebble-toolchain/2.0/arm-cs-tools/bin/../lib/gcc/arm-none-eabi/4.7.2/thumb2/crtbegin.o
 .bss           0x0000000000000000       0x1c /usr/local/Cellar/pebble-toolchain/2.0/arm-cs-tools/bin/../lib/gcc/arm-none-eabi/4.7.2/thumb2/crtbegin.o
 .init_array    0x0000000000000000        0x4 /usr/local/Cellar/pebble-toolchain/2.0/arm-cs-tools/bin/../lib/gcc/arm-none-eabi/4.7.2/thumb2/crtbegin.o
 .fini_array    0x0000000000000000        0x4 /usr/local/Cellar/pebble-toolchain/2.0/arm-cs-tools/bin/../lib/gcc/arm-none-eabi/4.7.2/thumb2/crtbegin.o
 .eh_frame      0x0000000000000000        0x0 /usr/local/Cellar/pebble-toolchain/2.0/arm-cs-tools/bin/../lib/gcc/arm-none-eabi/4.7.2/thumb2/crtbegin.o
 .jcr           0x0000000000000000        0x0 /usr/local/Cellar/pebble-toolchain/2.0/arm-cs-tools/bin/../lib/gcc/arm-none-eabi/4.7.2/thumb2/crtbegin.o
 .tm_clone_table
                0x0000000000000000        0x0 /usr/local/Cellar/pebble-toolchain/2.0/arm-cs-tools/bin/../lib/gcc/arm-none-eabi/4.7.2/thumb2/crtbegin.o
 .text          0x0000000000000000        0x0 src/main.c.19.o
 .bss           0x0000000000000000        0x0 src/main.c.19.o
 .text          0x0000000000000000        0x0 src/simply/simply.c.19.o
 .bss           0x0000000000000000        0x0 src/simply/simply.c.19.o
 .text          0x0000000000000000        0x0 src/simply/simply_accel.c.19.o
 .bss           0x0000000000000000        0x0 src/simply/simply_accel.c.19.o
 .text          0x0000000000000000        0x0 src/simply/simply_menu.c.19.o
 .bss           0x0000000000000000        0x0 src/simply/simply_menu.c.19.o
 .text          0x0000000000000000        0x0 src/simply/simply_msg.c.19.o
 .bss           0x0000000000000000        0x0 src/simply/simply_msg.c.19.o
 .text          0x0000000000000000        0x0 src/simply/simply_res.c.19.o
 .bss           0x0000000000000000        0x0 src/simply/simply_res.c.19.o
 .text.id_filter
                0x0000000000000000        0xa src/simply/simply_res.c.19.o
 .text.simply_res_remove_image
                0x0000000000000000       0x18 src/simply/simply_res.c.19.o
 .text          0x0000000000000000        0x0 src/simply/simply_splash.c.19.o
 .bss           0x0000000000000000        0x0 src/simply/simply_splash.c.19.o
 .text          0x0000000000000000        0x0 src/simply/simply_stage.c.19.o
 .bss           0x0000000000000000        0x0 src/simply/simply_stage.c.19.o
 .text.id_filter
[...]
Memory Configuration

Name             Origin             Length             Attributes
APP              0x0000000000000000 0x0000000000006000 xrw
*default*        0x0000000000000000 0xffffffffffffffff

Linker script and memory map

LOAD /usr/local/Cellar/pebble-toolchain/2.0/arm-cs-tools/bin/../lib/gcc/arm-none-eabi/4.7.2/thumb2/crti.o
LOAD /usr/local/Cellar/pebble-toolchain/2.0/arm-cs-tools/bin/../lib/gcc/arm-none-eabi/4.7.2/thumb2/crtbegin.o
LOAD src/main.c.19.o
LOAD src/simply/simply.c.19.o
LOAD src/simply/simply_accel.c.19.o
LOAD src/simply/simply_menu.c.19.o
LOAD src/simply/simply_msg.c.19.o
LOAD src/simply/simply_res.c.19.o
LOAD src/simply/simply_splash.c.19.o
LOAD src/simply/simply_stage.c.19.o
LOAD src/simply/simply_ui.c.19.o
LOAD src/simply/simply_voice.c.19.o
LOAD src/simply/simply_wakeup.c.19.o
LOAD src/simply/simply_window.c.19.o
LOAD src/simply/simply_window_stack.c.19.o
LOAD aplite/appinfo.auto.c.19.o
LOAD /Users/Jacob_Banooni/Library/Application Support/Pebble SDK/SDKs/current/sdk-core/pebble/aplite/lib/libpebble.a
START GROUP
LOAD /usr/local/Cellar/pebble-toolchain/2.0/arm-cs-tools/bin/../lib/gcc/arm-none-eabi/4.7.2/thumb2/libgcc.a
LOAD /usr/local/Cellar/pebble-toolchain/2.0/arm-cs-tools/bin/../lib/gcc/arm-none-eabi/4.7.2/../../../../arm-none-eabi/lib/thumb2/libc.a
END GROUP
LOAD /usr/local/Cellar/pebble-toolchain/2.0/arm-cs-tools/bin/../lib/gcc/arm-none-eabi/4.7.2/thumb2/crtend.o
LOAD /usr/local/Cellar/pebble-toolchain/2.0/arm-cs-tools/bin/../lib/gcc/arm-none-eabi/4.7.2/thumb2/crtn.o

.header         0x0000000000000000       0x82
 *(.pbl_header)
 .pbl_header    0x0000000000000000       0x82 aplite/appinfo.auto.c.19.o
                0x0000000000000000                __pbl_app_info

.note.gnu.build-id
                0x0000000000000082       0x26
                0x0000000000000082                PROVIDE (BUILD_ID, .)
 *(.note.gnu.build-id)
 *fill*         0x0000000000000082        0x2 
 .note.gnu.build-id
                0x0000000000000084       0x24 linker stubs

.text           0x00000000000000a8     0x49d7
 *(.text)
 .text          0x00000000000000a8       0x14 /Users/Jacob_Banooni/Library/Application Support/Pebble SDK/SDKs/current/sdk-core/pebble/aplite/lib/libpebble.a(tmpeWFBzLpebble.o)
 .text          0x00000000000000bc       0x38 /usr/local/Cellar/pebble-toolchain/2.0/arm-cs-tools/bin/../lib/gcc/arm-none-eabi/4.7.2/thumb2/libgcc.a(_aeabi_ldivmod.o)
                0x00000000000000bc                __aeabi_ldivmod
 .text          0x00000000000000f4       0x60 /usr/local/Cellar/pebble-toolchain/2.0/arm-cs-tools/bin/../lib/gcc/arm-none-eabi/4.7.2/thumb2/libgcc.a(bpabi.o)
                0x00000000000000f4                __gnu_ldivmod_helper
                0x0000000000000124                __gnu_uldivmod_helper
 .text          0x0000000000000154        0x4 /usr/local/Cellar/pebble-toolchain/2.0/arm-cs-tools/bin/../lib/gcc/arm-none-eabi/4.7.2/thumb2/libgcc.a(_dvmd_tls.o)
                0x0000000000000154                __aeabi_ldiv0
                0x0000000000000154                __aeabi_idiv0
 .text          0x0000000000000158      0x36c /usr/local/Cellar/pebble-toolchain/2.0/arm-cs-tools/bin/../lib/gcc/arm-none-eabi/4.7.2/thumb2/libgcc.a(_divdi3.o)
                0x0000000000000158                __divdi3
 .text          0x00000000000004c4      0x314 /usr/local/Cellar/pebble-toolchain/2.0/arm-cs-tools/bin/../lib/gcc/arm-none-eabi/4.7.2/thumb2/libgcc.a(_udivdi3.o)
                0x00000000000004c4                __udivdi3
 .text          0x00000000000007d8      0x278 /usr/local/Cellar/pebble-toolchain/2.0/arm-cs-tools/bin/../lib/gcc/arm-none-eabi/4.7.2/thumb2/libgcc.a(_udivsi3.o)
                0x00000000000007d8                __udivsi3
                0x00000000000007d8                __aeabi_uidiv
                0x0000000000000a34                __aeabi_uidivmod
 *(.text.*)
 .text.startup.main
                0x0000000000000a50       0x16 src/main.c.19.o
                0x0000000000000a50                main
 .text.simply_init
                0x0000000000000a66       0x60 src/simply/simply.c.19.o
                0x0000000000000a66                simply_init
 .text.simply_deinit
                0x0000000000000ac6       0x38 src/simply/simply.c.19.o
                0x0000000000000ac6                simply_deinit
 .text.handle_accel_tap
                0x0000000000000afe       0x1e src/simply/simply_accel.c.19.o
 .text.send_accel_data.isra.1
                0x0000000000000b1c       0x4a src/simply/simply_accel.c.19.o
 .text.handle_accel_data
                0x0000000000000b66        0x6 src/simply/simply_accel.c.19.o
 .text.accel_peek_timer_callback
                0x0000000000000b6c       0x40 src/simply/simply_accel.c.19.o
 .text.simply_accel_handle_packet
                0x0000000000000bac       0x6c src/simply/simply_accel.c.19.o
                0x0000000000000bac                simply_accel_handle_packet
 .text.simply_accel_create
                0x0000000000000c18       0x38 src/simply/simply_accel.c.19.o
                0x0000000000000c18                simply_accel_create
 .text.simply_accel_destroy
                0x0000000000000c50       0x20 src/simply/simply_accel.c.19.o
                0x0000000000000c50                simply_accel_destroy
 .text.list1_remove
                0x0000000000000c70       0x32 src/simply/simply_menu.c.19.o
 .text.prv_section_filter
                0x0000000000000ca2        0xc src/simply/simply_menu.c.19.o
 .text.prv_item_filter
                0x0000000000000cae       0x1a src/simply/simply_menu.c.19.o
 .text.prv_request_item_filter
                0x0000000000000cc8        0xc src/simply/simply_menu.c.19.o
 .text.prv_menu_get_num_sections_callback
                0x0000000000000cd4        0x4 src/simply/simply_menu.c.19.o
 .text.prv_free_title
                0x0000000000000cd8       0x20 src/simply/simply_menu.c.19.o
 .text.prv_destroy_section
                0x0000000000000cf8       0x20 src/simply/simply_menu.c.19.o
 .text.prv_destroy_item
                0x0000000000000d18       0x28 src/simply/simply_menu.c.19.o
 .text.prv_menu_window_unload
                0x0000000000000d40       0x1c src/simply/simply_menu.c.19.o
 .text.prv_reload_data
                0x0000000000000d5c        0xa src/simply/simply_menu.c.19.o
 .text.simply_menu_clear
                0x0000000000000d66       0x28 src/simply/simply_menu.c.19.o
 .text.prv_menu_window_disappear
                0x0000000000000d8e       0x22 src/simply/simply_menu.c.19.o
 .text.prv_menu_window_appear
                0x0000000000000db0        0xe src/simply/simply_menu.c.19.o
 .text.prv_single_click_handler
                0x0000000000000dbe       0x1a src/simply/simply_menu.c.19.o
 .text.gpoint_polar
                0x0000000000000dd8       0x34 src/simply/simply_menu.c.19.o
 .text.prv_mark_dirty
                0x0000000000000e0c       0x14 src/simply/simply_menu.c.19.o
 .text.strdup2  0x0000000000000e20       0x28 src/simply/simply_menu.c.19.o
 .text.prv_menu_window_load
                0x0000000000000e48       0xf0 src/simply/simply_menu.c.19.o
 .text.list1_find_prev.constprop.8
                0x0000000000000f38       0x1c src/simply/simply_menu.c.19.o
 .text.prv_click_config_provider
                0x0000000000000f54       0x24 src/simply/simply_menu.c.19.o
 .text.prv_add_item
                0x0000000000000f78       0x58 src/simply/simply_menu.c.19.o
 .text.prv_get_menu_section
                0x0000000000000fd0       0x10 src/simply/simply_menu.c.19.o
 .text.prv_menu_get_num_rows_callback
                0x0000000000000fe0       0x12 src/simply/simply_menu.c.19.o
 *fill*         0x0000000000000ff2        0x2 
 .text.prv_menu_get_header_height_callback
                0x0000000000000ff4       0x24 src/simply/simply_menu.c.19.o
 .text.refresh_spinner_timer
                0x0000000000001018       0x2c src/simply/simply_menu.c.19.o
 .text.spinner_timer_callback
                0x0000000000001044       0x16 src/simply/simply_menu.c.19.o
 .text.prv_menu_select_long_click_callback
                0x000000000000105a       0x22 src/simply/simply_menu.c.19.o
 .text.prv_menu_select_click_callback
                0x000000000000107c       0x22 src/simply/simply_menu.c.19.o
 *fill*         0x000000000000109e        0x2 
 .text.prv_add_section
                0x00000000000010a0       0x50 src/simply/simply_menu.c.19.o
 .text.prv_request_menu_section.part.2
                0x00000000000010f0       0x3e src/simply/simply_menu.c.19.o
 *fill*         0x000000000000112e        0x2 
 .text.prv_menu_draw_row_callback
                0x0000000000001130      0x274 src/simply/simply_menu.c.19.o
 .text.prv_menu_draw_header_callback
                0x00000000000013a4       0xc4 src/simply/simply_menu.c.19.o
 .text.simply_menu_handle_packet
                0x0000000000001468      0x1dc src/simply/simply_menu.c.19.o
                0x0000000000001468                simply_menu_handle_packet
 .text.simply_menu_create
                0x0000000000001644       0x3c src/simply/simply_menu.c.19.o
                0x0000000000001644                simply_menu_create
 .text.simply_menu_destroy
                0x0000000000001680       0x16 src/simply/simply_menu.c.19.o
                0x0000000000001680                simply_menu_destroy
 .text.list1_remove
                0x0000000000001696       0x32 src/simply/simply_msg.c.19.o
 .text.dropped_callback
                0x00000000000016c8        0x2 src/simply/simply_msg.c.19.o
 .text.sent_callback
                0x00000000000016ca        0x2 src/simply/simply_msg.c.19.o
 .text.send_msg
                0x00000000000016cc       0x30 src/simply/simply_msg.c.19.o
 .text.handle_vibe_packet.isra.1
                0x00000000000016fc      0x3b8 src/simply/simply_msg.c.19.o
 .text.handle_packet
                0x0000000000001ab4      0x16e src/simply/simply_msg.c.19.o
 *fill*         0x0000000000001c22        0x2 
 .text.received_callback
                0x0000000000001c24       0x38 src/simply/simply_msg.c.19.o
 .text.send_msg_retry
                0x0000000000001c5c       0xb8 src/simply/simply_msg.c.19.o
 .text.simply_msg_has_communicated
                0x0000000000001d14        0xc src/simply/simply_msg.c.19.o
                0x0000000000001d14                simply_msg_has_communicated
 .text.simply_msg_show_disconnected
                0x0000000000001d20       0x58 src/simply/simply_msg.c.19.o
                0x0000000000001d20                simply_msg_show_disconnected
 .text.failed_callback
                0x0000000000001d78       0x18 src/simply/simply_msg.c.19.o
 .text.simply_msg_create
                0x0000000000001d90       0x6c src/simply/simply_msg.c.19.o
                0x0000000000001d90                simply_msg_create
 .text.simply_msg_destroy
                0x0000000000001dfc       0x1c src/simply/simply_msg.c.19.o
                0x0000000000001dfc                simply_msg_destroy
 .text.simply_msg_send
                0x0000000000001e18        0x4 src/simply/simply_msg.c.19.o
                0x0000000000001e18                simply_msg_send
 .text.simply_msg_send_packet
                0x0000000000001e1c       0x84 src/simply/simply_msg.c.19.o
                0x0000000000001e1c                simply_msg_send_packet
 .text.list1_remove
                0x0000000000001ea0       0x32 src/simply/simply_res.c.19.o
 .text.destroy_image
                0x0000000000001ed2       0x22 src/simply/simply_res.c.19.o
 .text.malloc0  0x0000000000001ef4       0x18 src/simply/simply_res.c.19.o
 .text.window_stack_schedule_top_window_render
                0x0000000000001f0c       0x12 src/simply/simply_res.c.19.o
 .text.setup_image
                0x0000000000001f1e       0x64 src/simply/simply_res.c.19.o
 .text.create_bitmap_with_png_data
                0x0000000000001f82        0xc src/simply/simply_res.c.19.o
 .text.create_bitmap_with_id
                0x0000000000001f8e       0x12 src/simply/simply_res.c.19.o
 .text.simply_res_evict_image
                0x0000000000001fa0       0x1a src/simply/simply_res.c.19.o
                0x0000000000001fa0                simply_res_evict_image
 .text.create_image
                0x0000000000001fba       0x48 src/simply/simply_res.c.19.o
 *fill*         0x0000000000002002        0x2 
 .text.simply_res_add_bundled_image
                0x0000000000002004       0x28 src/simply/simply_res.c.19.o
                0x0000000000002004                simply_res_add_bundled_image
 .text.simply_res_add_image
                0x000000000000202c       0x64 src/simply/simply_res.c.19.o
                0x000000000000202c                simply_res_add_image
 .text.simply_res_auto_image
                0x0000000000002090       0x42 src/simply/simply_res.c.19.o
                0x0000000000002090                simply_res_auto_image
 .text.simply_res_add_custom_font
                0x00000000000020d2       0x40 src/simply/simply_res.c.19.o
                0x00000000000020d2                simply_res_add_custom_font
 .text.simply_res_auto_font
                0x0000000000002112       0x2a src/simply/simply_res.c.19.o
                0x0000000000002112                simply_res_auto_font
 .text.simply_res_clear
                0x000000000000213c       0x34 src/simply/simply_res.c.19.o
                0x000000000000213c                simply_res_clear
 .text.simply_res_create
                0x0000000000002170       0x2a src/simply/simply_res.c.19.o
                0x0000000000002170                simply_res_create
 .text.simply_res_destroy
                0x000000000000219a       0x12 src/simply/simply_res.c.19.o
                0x000000000000219a                simply_res_destroy
 .text.window_load
                0x00000000000021ac       0x12 src/simply/simply_splash.c.19.o
 .text.layer_update_callback
                0x00000000000021be       0x24 src/simply/simply_splash.c.19.o
                0x00000000000021be                layer_update_callback
 *fill*         0x00000000000021e2        0x2 
 .text.simply_splash_create
                0x00000000000021e4       0x78 src/simply/simply_splash.c.19.o
                0x00000000000021e4                simply_splash_create
 .text.simply_splash_destroy
                0x000000000000225c       0x20 src/simply/simply_splash.c.19.o
                0x000000000000225c                simply_splash_destroy
 .text.window_disappear
                0x000000000000227c       0x1a src/simply/simply_splash.c.19.o
 .text.list1_remove
                0x0000000000002296       0x32 src/simply/simply_stage.c.19.o
 .text.element_frame_getter
                0x00000000000022c8       0x10 src/simply/simply_stage.c.19.o
 .text.window_unload
                0x00000000000022d8       0x1e src/simply/simply_stage.c.19.o
 .text.destroy_animation
                0x00000000000022f6       0x24 src/simply/simply_stage.c.19.o
 *fill*         0x000000000000231a        0x2 
 .text.simply_stage_update_ticker
                0x000000000000231c       0x2c src/simply/simply_stage.c.19.o
 .text.simply_stage_clear
                0x0000000000002348       0x52 src/simply/simply_stage.c.19.o
 .text.window_disappear
                0x000000000000239a       0x22 src/simply/simply_stage.c.19.o
 .text.handle_tick
                0x00000000000023bc       0x12 src/simply/simply_stage.c.19.o
 .text.simply_stage_update
                0x00000000000023ce        0xa src/simply/simply_stage.c.19.o
 .text.window_appear
                0x00000000000023d8       0x16 src/simply/simply_stage.c.19.o
 *fill*         0x00000000000023ee        0x2 
 .text.window_load
                0x00000000000023f0       0x58 src/simply/simply_stage.c.19.o
 .text.malloc0  0x0000000000002448       0x18 src/simply/simply_stage.c.19.o
 .text.simply_stage_remove_element
                0x0000000000002460       0x24 src/simply/simply_stage.c.19.o
 .text.rect_element_draw_background.isra.1.part.2
                0x0000000000002484       0x20 src/simply/simply_stage.c.19.o
 .text.rect_element_draw_border.isra.3.part.4
                0x00000000000024a4       0x20 src/simply/simply_stage.c.19.o
 .text.simply_stage_set_element_frame.isra.10
                0x00000000000024c4       0x32 src/simply/simply_stage.c.19.o
 .text.element_frame_setter
                0x00000000000024f6       0x1e src/simply/simply_stage.c.19.o
 .text.prv_draw_line_polar.constprop.13
                0x0000000000002514       0x46 src/simply/simply_stage.c.19.o
 .text.rect_element_draw.isra.5
                0x000000000000255a       0x24 src/simply/simply_stage.c.19.o
 *fill*         0x000000000000257e        0x2 
 .text.layer_update_callback
                0x0000000000002580      0x358 src/simply/simply_stage.c.19.o
 .text.simply_stage_auto_element
                0x00000000000028d8       0x8c src/simply/simply_stage.c.19.o
 .text.animation_stopped
                0x0000000000002964       0x34 src/simply/simply_stage.c.19.o
 .text.simply_stage_handle_packet
                0x0000000000002998      0x2e0 src/simply/simply_stage.c.19.o
                0x0000000000002998                simply_stage_handle_packet
 .text.simply_stage_create
                0x0000000000002c78       0x38 src/simply/simply_stage.c.19.o
                0x0000000000002c78                simply_stage_create
 .text.simply_stage_destroy
                0x0000000000002cb0       0x16 src/simply/simply_stage.c.19.o
                0x0000000000002cb0                simply_stage_destroy
 .text.window_unload
                0x0000000000002cc6       0x1e src/simply/simply_ui.c.19.o
 .text.window_disappear
                0x0000000000002ce4       0x1c src/simply/simply_ui.c.19.o
 .text.window_appear
                0x0000000000002d00        0xe src/simply/simply_ui.c.19.o
 .text.graphics_draw_bitmap_centered
                0x0000000000002d0e       0x62 src/simply/simply_ui.c.19.o
 .text.mark_dirty
                0x0000000000002d70        0xa src/simply/simply_ui.c.19.o
 .text.show_welcome_text
                0x0000000000002d7a       0x18 src/simply/simply_ui.c.19.o
 *fill*         0x0000000000002d92        0x2 
 .text.layer_update_callback
                0x0000000000002d94      0x510 src/simply/simply_ui.c.19.o
 .text.simply_ui_set_style
                0x00000000000032a4       0x3c src/simply/simply_ui.c.19.o
                0x00000000000032a4                simply_ui_set_style
 .text.window_load
                0x00000000000032e0       0x60 src/simply/simply_ui.c.19.o
 .text.simply_ui_set_text
                0x0000000000003340       0x5c src/simply/simply_ui.c.19.o
                0x0000000000003340                simply_ui_set_text
 .text.simply_ui_set_text_color
                0x000000000000339c        0xc src/simply/simply_ui.c.19.o
                0x000000000000339c                simply_ui_set_text_color
 .text.simply_ui_clear
                0x00000000000033a8       0x4a src/simply/simply_ui.c.19.o
                0x00000000000033a8                simply_ui_clear
 .text.simply_ui_handle_packet
                0x00000000000033f2       0x70 src/simply/simply_ui.c.19.o
                0x00000000000033f2                simply_ui_handle_packet
 *fill*         0x0000000000003462        0x2 
 .text.simply_ui_create
                0x0000000000003464       0x48 src/simply/simply_ui.c.19.o
                0x0000000000003464                simply_ui_create
 .text.simply_ui_destroy
                0x00000000000034ac       0x2a src/simply/simply_ui.c.19.o
                0x00000000000034ac                simply_ui_destroy
 .text.wakeup_handler
                0x00000000000034d6       0x1c src/simply/simply_wakeup.c.19.o
 .text.wakeup_set_timer_callback
                0x00000000000034f2       0x20 src/simply/simply_wakeup.c.19.o
 *fill*         0x0000000000003512        0x2 
 .text.simply_wakeup_handle_packet
                0x0000000000003514       0xac src/simply/simply_wakeup.c.19.o
                0x0000000000003514                simply_wakeup_handle_packet
 .text.simply_wakeup_init
                0x00000000000035c0        0xc src/simply/simply_wakeup.c.19.o
                0x00000000000035c0                simply_wakeup_init
 .text.prv_update_layer_placement
                0x00000000000035cc       0xa8 src/simply/simply_window.c.19.o
 .text.simply_window_single_click_handler
                0x0000000000003674       0x5c src/simply/simply_window.c.19.o
                0x0000000000003674                simply_window_single_click_handler
 .text.scroll_layer_set_click_config_provider_onto_window.constprop.5
                0x00000000000036d0       0x30 src/simply/simply_window.c.19.o
 .text.click_config_provider
                0x0000000000003700       0x7c src/simply/simply_window.c.19.o
 .text.long_click_handler
                0x000000000000377c       0x32 src/simply/simply_window.c.19.o
 .text.simply_window_set_scrollable
                0x00000000000037ae       0x60 src/simply/simply_window.c.19.o
                0x00000000000037ae                simply_window_set_scrollable
 .text.simply_window_set_status_bar
                0x000000000000380e       0x44 src/simply/simply_window.c.19.o
                0x000000000000380e                simply_window_set_status_bar
 .text.simply_window_set_background_color
                0x0000000000003852       0x26 src/simply/simply_window.c.19.o
                0x0000000000003852                simply_window_set_background_color
 .text.simply_window_set_status_bar_colors
                0x0000000000003878        0xa src/simply/simply_window.c.19.o
                0x0000000000003878                simply_window_set_status_bar_colors
 .text.simply_window_set_status_bar_separator_mode
                0x0000000000003882        0xa src/simply/simply_window.c.19.o
                0x0000000000003882                simply_window_set_status_bar_separator_mode
 .text.simply_window_set_action_bar
                0x000000000000388c       0x50 src/simply/simply_window.c.19.o
                0x000000000000388c                simply_window_set_action_bar
 .text.simply_window_set_action_bar_icon
                0x00000000000038dc       0x58 src/simply/simply_window.c.19.o
                0x00000000000038dc                simply_window_set_action_bar_icon
 .text.simply_window_set_action_bar_background_color
                0x0000000000003934       0x38 src/simply/simply_window.c.19.o
                0x0000000000003934                simply_window_set_action_bar_background_color
 .text.simply_window_action_bar_clear
                0x000000000000396c       0x2c src/simply/simply_window.c.19.o
                0x000000000000396c                simply_window_action_bar_clear
 .text.simply_window_preload
                0x0000000000003998       0x30 src/simply/simply_window.c.19.o
                0x0000000000003998                simply_window_preload
 .text.simply_window_load
                0x00000000000039c8       0x9c src/simply/simply_window.c.19.o
                0x00000000000039c8                simply_window_load
 .text.simply_window_appear
                0x0000000000003a64       0x1c src/simply/simply_window.c.19.o
                0x0000000000003a64                simply_window_appear
 .text.simply_window_disappear
                0x0000000000003a80       0x1c src/simply/simply_window.c.19.o
                0x0000000000003a80                simply_window_disappear
 .text.simply_window_unload
                0x0000000000003a9c       0x32 src/simply/simply_window.c.19.o
                0x0000000000003a9c                simply_window_unload
 .text.simply_window_handle_packet
                0x0000000000003ace       0xac src/simply/simply_window.c.19.o
                0x0000000000003ace                simply_window_handle_packet
 .text.simply_window_init
                0x0000000000003b7a       0x26 src/simply/simply_window.c.19.o
                0x0000000000003b7a                simply_window_init
 .text.simply_window_deinit
                0x0000000000003ba0       0x12 src/simply/simply_window.c.19.o
                0x0000000000003ba0                simply_window_deinit
 .text.show_window_sdk_3.isra.4
                0x0000000000003bb2       0x50 src/simply/simply_window_stack.c.19.o
 *fill*         0x0000000000003c02        0x2 
 .text.simply_window_stack_set_broadcast
                0x0000000000003c04       0x10 src/simply/simply_window_stack.c.19.o
                0x0000000000003c04                simply_window_stack_set_broadcast
 .text.simply_window_stack_get_top_window
                0x0000000000003c14       0x20 src/simply/simply_window_stack.c.19.o
                0x0000000000003c14                simply_window_stack_get_top_window
 .text.simply_window_stack_show
                0x0000000000003c34        0x4 src/simply/simply_window_stack.c.19.o
                0x0000000000003c34                simply_window_stack_show
 .text.simply_window_stack_pop
                0x0000000000003c38       0x26 src/simply/simply_window_stack.c.19.o
                0x0000000000003c38                simply_window_stack_pop
 *fill*         0x0000000000003c5e        0x2 
 .text.simply_window_stack_send_show
                0x0000000000003c60       0x30 src/simply/simply_window_stack.c.19.o
                0x0000000000003c60                simply_window_stack_send_show
 .text.simply_window_stack_send_hide
                0x0000000000003c90       0x30 src/simply/simply_window_stack.c.19.o
                0x0000000000003c90                simply_window_stack_send_hide
 .text.simply_window_stack_back
                0x0000000000003cc0       0x1a src/simply/simply_window_stack.c.19.o
                0x0000000000003cc0                simply_window_stack_back
 .text.simply_window_stack_handle_packet
                0x0000000000003cda       0x4a src/simply/simply_window_stack.c.19.o
                0x0000000000003cda                simply_window_stack_handle_packet
 .text.simply_window_stack_create
                0x0000000000003d24       0x12 src/simply/simply_window_stack.c.19.o
                0x0000000000003d24                simply_window_stack_create
 .text.simply_window_stack_destroy
                0x0000000000003d36        0x8 src/simply/simply_window_stack.c.19.o
                0x0000000000003d36                simply_window_stack_destroy
 *fill*         0x0000000000003d3e        0x2 
 .text.accel_data_service_unsubscribe
                0x0000000000003d40        0xc /Users/Jacob_Banooni/Library/Application Support/Pebble SDK/SDKs/current/sdk-core/pebble/aplite/lib/libpebble.a(tmpeWFBzLpebble.o)
                0x0000000000003d40                accel_data_service_unsubscribe
 .text.accel_service_peek
                0x0000000000003d4c        0xc /Users/Jacob_Banooni/Library/Application Support/Pebble SDK/SDKs/current/sdk-core/pebble/aplite/lib/libpebble.a(tmpeWFBzLpebble.o)
                0x0000000000003d4c                accel_service_peek
 .text.accel_service_set_sampling_rate
                0x0000000000003d58        0xc /Users/Jacob_Banooni/Library/Application Support/Pebble SDK/SDKs/current/sdk-core/pebble/aplite/lib/libpebble.a(tmpeWFBzLpebble.o)
                0x0000000000003d58                accel_service_set_sampling_rate
 .text.accel_tap_service_subscribe
                0x0000000000003d64        0xc /Users/Jacob_Banooni/Library/Application Support/Pebble SDK/SDKs/current/sdk-core/pebble/aplite/lib/libpebble.a(tmpeWFBzLpebble.o)
                0x0000000000003d64                accel_tap_service_subscribe
 .text.accel_tap_service_unsubscribe
                0x0000000000003d70        0xc /Users/Jacob_Banooni/Library/Application Support/Pebble SDK/SDKs/current/sdk-core/pebble/aplite/lib/libpebble.a(tmpeWFBzLpebble.o)
                0x0000000000003d70                accel_tap_service_unsubscribe
 .text.app_event_loop
                0x0000000000003d7c        0xc /Users/Jacob_Banooni/Library/Application Support/Pebble SDK/SDKs/current/sdk-core/pebble/aplite/lib/libpebble.a(tmpeWFBzLpebble.o)
                0x0000000000003d7c                app_event_loop
 .text.app_message_deregister_callbacks
                0x0000000000003d88        0xc /Users/Jacob_Banooni/Library/Application Support/Pebble SDK/SDKs/current/sdk-core/pebble/aplite/lib/libpebble.a(tmpeWFBzLpebble.o)
                0x0000000000003d88                app_message_deregister_callbacks
 .text.app_message_open
                0x0000000000003d94        0xc /Users/Jacob_Banooni/Library/Application Support/Pebble SDK/SDKs/current/sdk-core/pebble/aplite/lib/libpebble.a(tmpeWFBzLpebble.o)
                0x0000000000003d94                app_message_open
 .text.app_timer_cancel
                0x0000000000003da0        0xc /Users/Jacob_Banooni/Library/Application Support/Pebble SDK/SDKs/current/sdk-core/pebble/aplite/lib/libpebble.a(tmpeWFBzLpebble.o)
                0x0000000000003da0                app_timer_cancel
 .text.app_timer_register
                0x0000000000003dac        0xc /Users/Jacob_Banooni/Library/Application Support/Pebble SDK/SDKs/current/sdk-core/pebble/aplite/lib/libpebble.a(tmpeWFBzLpebble.o)
                0x0000000000003dac                app_timer_register
 .text.click_recognizer_get_button_id
                0x0000000000003db8        0xc /Users/Jacob_Banooni/Library/Application Support/Pebble SDK/SDKs/current/sdk-core/pebble/aplite/lib/libpebble.a(tmpeWFBzLpebble.o)
                0x0000000000003db8                click_recognizer_get_button_id
 .text.cos_lookup
                0x0000000000003dc4        0xc /Users/Jacob_Banooni/Library/Application Support/Pebble SDK/SDKs/current/sdk-core/pebble/aplite/lib/libpebble.a(tmpeWFBzLpebble.o)
                0x0000000000003dc4                cos_lookup
 .text.dict_find
                0x0000000000003dd0        0xc /Users/Jacob_Banooni/Library/Application Support/Pebble SDK/SDKs/current/sdk-core/pebble/aplite/lib/libpebble.a(tmpeWFBzLpebble.o)
                0x0000000000003dd0                dict_find
 .text.dict_write_data
                0x0000000000003ddc        0xc /Users/Jacob_Banooni/Library/Application Support/Pebble SDK/SDKs/current/sdk-core/pebble/aplite/lib/libpebble.a(tmpeWFBzLpebble.o)
                0x0000000000003ddc                dict_write_data
 .text.fonts_get_system_font
                0x0000000000003de8        0xc /Users/Jacob_Banooni/Library/Application Support/Pebble SDK/SDKs/current/sdk-core/pebble/aplite/lib/libpebble.a(tmpeWFBzLpebble.o)
                0x0000000000003de8                fonts_get_system_font
 .text.fonts_load_custom_font
                0x0000000000003df4        0xc /Users/Jacob_Banooni/Library/Application Support/Pebble SDK/SDKs/current/sdk-core/pebble/aplite/lib/libpebble.a(tmpeWFBzLpebble.o)
                0x0000000000003df4                fonts_load_custom_font
 .text.fonts_unload_custom_font
                0x0000000000003e00        0xc /Users/Jacob_Banooni/Library/Application Support/Pebble SDK/SDKs/current/sdk-core/pebble/aplite/lib/libpebble.a(tmpeWFBzLpebble.o)
                0x0000000000003e00                fonts_unload_custom_font
 .text.free     0x0000000000003e0c        0xc /Users/Jacob_Banooni/Library/Application Support/Pebble SDK/SDKs/current/sdk-core/pebble/aplite/lib/libpebble.a(tmpeWFBzLpebble.o)
                0x0000000000003e0c                free
 .text.gbitmap_create_with_resource
                0x0000000000003e18        0xc /Users/Jacob_Banooni/Library/Application Support/Pebble SDK/SDKs/current/sdk-core/pebble/aplite/lib/libpebble.a(tmpeWFBzLpebble.o)
                0x0000000000003e18                gbitmap_create_with_resource
 .text.gbitmap_destroy
                0x0000000000003e24        0xc /Users/Jacob_Banooni/Library/Application Support/Pebble SDK/SDKs/current/sdk-core/pebble/aplite/lib/libpebble.a(tmpeWFBzLpebble.o)
                0x0000000000003e24                gbitmap_destroy
 .text.graphics_context_set_compositing_mode
                0x0000000000003e30        0xc /Users/Jacob_Banooni/Library/Application Support/Pebble SDK/SDKs/current/sdk-core/pebble/aplite/lib/libpebble.a(tmpeWFBzLpebble.o)
                0x0000000000003e30                graphics_context_set_compositing_mode
 .text.graphics_draw_bitmap_in_rect
                0x0000000000003e3c        0xc /Users/Jacob_Banooni/Library/Application Support/Pebble SDK/SDKs/current/sdk-core/pebble/aplite/lib/libpebble.a(tmpeWFBzLpebble.o)
                0x0000000000003e3c                graphics_draw_bitmap_in_rect
 .text.graphics_draw_circle
                0x0000000000003e48        0xc /Users/Jacob_Banooni/Library/Application Support/Pebble SDK/SDKs/current/sdk-core/pebble/aplite/lib/libpebble.a(tmpeWFBzLpebble.o)
                0x0000000000003e48                graphics_draw_circle
 .text.graphics_draw_line
                0x0000000000003e54        0xc /Users/Jacob_Banooni/Library/Application Support/Pebble SDK/SDKs/current/sdk-core/pebble/aplite/lib/libpebble.a(tmpeWFBzLpebble.o)
                0x0000000000003e54                graphics_draw_line
 .text.graphics_draw_round_rect
                0x0000000000003e60        0xc /Users/Jacob_Banooni/Library/Application Support/Pebble SDK/SDKs/current/sdk-core/pebble/aplite/lib/libpebble.a(tmpeWFBzLpebble.o)
                0x0000000000003e60                graphics_draw_round_rect
 .text.graphics_fill_circle
                0x0000000000003e6c        0xc /Users/Jacob_Banooni/Library/Application Support/Pebble SDK/SDKs/current/sdk-core/pebble/aplite/lib/libpebble.a(tmpeWFBzLpebble.o)
                0x0000000000003e6c                graphics_fill_circle
 .text.graphics_fill_rect
                0x0000000000003e78        0xc /Users/Jacob_Banooni/Library/Application Support/Pebble SDK/SDKs/current/sdk-core/pebble/aplite/lib/libpebble.a(tmpeWFBzLpebble.o)
                0x0000000000003e78                graphics_fill_rect
 .text.grect_center_point
                0x0000000000003e84        0xc /Users/Jacob_Banooni/Library/Application Support/Pebble SDK/SDKs/current/sdk-core/pebble/aplite/lib/libpebble.a(tmpeWFBzLpebble.o)
                0x0000000000003e84                grect_center_point
 .text.grect_standardize
                0x0000000000003e90        0xc /Users/Jacob_Banooni/Library/Application Support/Pebble SDK/SDKs/current/sdk-core/pebble/aplite/lib/libpebble.a(tmpeWFBzLpebble.o)
                0x0000000000003e90                grect_standardize
 .text.inverter_layer_create
                0x0000000000003e9c        0xc /Users/Jacob_Banooni/Library/Application Support/Pebble SDK/SDKs/current/sdk-core/pebble/aplite/lib/libpebble.a(tmpeWFBzLpebble.o)
                0x0000000000003e9c                inverter_layer_create
 .text.inverter_layer_destroy
                0x0000000000003ea8        0xc /Users/Jacob_Banooni/Library/Application Support/Pebble SDK/SDKs/current/sdk-core/pebble/aplite/lib/libpebble.a(tmpeWFBzLpebble.o)
                0x0000000000003ea8                inverter_layer_destroy
 .text.inverter_layer_get_layer
                0x0000000000003eb4        0xc /Users/Jacob_Banooni/Library/Application Support/Pebble SDK/SDKs/current/sdk-core/pebble/aplite/lib/libpebble.a(tmpeWFBzLpebble.o)
                0x0000000000003eb4                inverter_layer_get_layer
 .text.layer_add_child
                0x0000000000003ec0        0xc /Users/Jacob_Banooni/Library/Application Support/Pebble SDK/SDKs/current/sdk-core/pebble/aplite/lib/libpebble.a(tmpeWFBzLpebble.o)
                0x0000000000003ec0                layer_add_child
 .text.layer_create_with_data
                0x0000000000003ecc        0xc /Users/Jacob_Banooni/Library/Application Support/Pebble SDK/SDKs/current/sdk-core/pebble/aplite/lib/libpebble.a(tmpeWFBzLpebble.o)
                0x0000000000003ecc                layer_create_with_data
 .text.layer_destroy
                0x0000000000003ed8        0xc /Users/Jacob_Banooni/Library/Application Support/Pebble SDK/SDKs/current/sdk-core/pebble/aplite/lib/libpebble.a(tmpeWFBzLpebble.o)
                0x0000000000003ed8                layer_destroy
 .text.layer_get_bounds
                0x0000000000003ee4        0xc /Users/Jacob_Banooni/Library/Application Support/Pebble SDK/SDKs/current/sdk-core/pebble/aplite/lib/libpebble.a(tmpeWFBzLpebble.o)
                0x0000000000003ee4                layer_get_bounds
 .text.layer_get_data
                0x0000000000003ef0        0xc /Users/Jacob_Banooni/Library/Application Support/Pebble SDK/SDKs/current/sdk-core/pebble/aplite/lib/libpebble.a(tmpeWFBzLpebble.o)
                0x0000000000003ef0                layer_get_data
 .text.layer_get_frame
                0x0000000000003efc        0xc /Users/Jacob_Banooni/Library/Application Support/Pebble SDK/SDKs/current/sdk-core/pebble/aplite/lib/libpebble.a(tmpeWFBzLpebble.o)
                0x0000000000003efc                layer_get_frame
 .text.layer_get_window
                0x0000000000003f08        0xc /Users/Jacob_Banooni/Library/Application Support/Pebble SDK/SDKs/current/sdk-core/pebble/aplite/lib/libpebble.a(tmpeWFBzLpebble.o)
                0x0000000000003f08                layer_get_window
 .text.layer_mark_dirty
                0x0000000000003f14        0xc /Users/Jacob_Banooni/Library/Application Support/Pebble SDK/SDKs/current/sdk-core/pebble/aplite/lib/libpebble.a(tmpeWFBzLpebble.o)
                0x0000000000003f14                layer_mark_dirty
 .text.layer_remove_from_parent
                0x0000000000003f20        0xc /Users/Jacob_Banooni/Library/Application Support/Pebble SDK/SDKs/current/sdk-core/pebble/aplite/lib/libpebble.a(tmpeWFBzLpebble.o)
                0x0000000000003f20                layer_remove_from_parent
 .text.layer_set_frame
                0x0000000000003f2c        0xc /Users/Jacob_Banooni/Library/Application Support/Pebble SDK/SDKs/current/sdk-core/pebble/aplite/lib/libpebble.a(tmpeWFBzLpebble.o)
                0x0000000000003f2c                layer_set_frame
 .text.layer_set_update_proc
                0x0000000000003f38        0xc /Users/Jacob_Banooni/Library/Application Support/Pebble SDK/SDKs/current/sdk-core/pebble/aplite/lib/libpebble.a(tmpeWFBzLpebble.o)
                0x0000000000003f38                layer_set_update_proc
 .text.light_enable
                0x0000000000003f44        0xc /Users/Jacob_Banooni/Library/Application Support/Pebble SDK/SDKs/current/sdk-core/pebble/aplite/lib/libpebble.a(tmpeWFBzLpebble.o)
                0x0000000000003f44                light_enable
 .text.light_enable_interaction
                0x0000000000003f50        0xc /Users/Jacob_Banooni/Library/Application Support/Pebble SDK/SDKs/current/sdk-core/pebble/aplite/lib/libpebble.a(tmpeWFBzLpebble.o)
                0x0000000000003f50                light_enable_interaction
 .text.malloc   0x0000000000003f5c        0xc /Users/Jacob_Banooni/Library/Application Support/Pebble SDK/SDKs/current/sdk-core/pebble/aplite/lib/libpebble.a(tmpeWFBzLpebble.o)
                0x0000000000003f5c                malloc
 .text.memcpy   0x0000000000003f68        0xc /Users/Jacob_Banooni/Library/Application Support/Pebble SDK/SDKs/current/sdk-core/pebble/aplite/lib/libpebble.a(tmpeWFBzLpebble.o)
                0x0000000000003f68                memcpy
 .text.memset   0x0000000000003f74        0xc /Users/Jacob_Banooni/Library/Application Support/Pebble SDK/SDKs/current/sdk-core/pebble/aplite/lib/libpebble.a(tmpeWFBzLpebble.o)
                0x0000000000003f74                memset
 .text.menu_cell_basic_draw
                0x0000000000003f80        0xc /Users/Jacob_Banooni/Library/Application Support/Pebble SDK/SDKs/current/sdk-core/pebble/aplite/lib/libpebble.a(tmpeWFBzLpebble.o)
                0x0000000000003f80                menu_cell_basic_draw
 .text.menu_layer_destroy
                0x0000000000003f8c        0xc /Users/Jacob_Banooni/Library/Application Support/Pebble SDK/SDKs/current/sdk-core/pebble/aplite/lib/libpebble.a(tmpeWFBzLpebble.o)
                0x0000000000003f8c                menu_layer_destroy
 .text.menu_layer_get_layer
                0x0000000000003f98        0xc /Users/Jacob_Banooni/Library/Application Support/Pebble SDK/SDKs/current/sdk-core/pebble/aplite/lib/libpebble.a(tmpeWFBzLpebble.o)
                0x0000000000003f98                menu_layer_get_layer
 .text.menu_layer_get_selected_index
                0x0000000000003fa4        0xc /Users/Jacob_Banooni/Library/Application Support/Pebble SDK/SDKs/current/sdk-core/pebble/aplite/lib/libpebble.a(tmpeWFBzLpebble.o)
                0x0000000000003fa4                menu_layer_get_selected_index
 .text.menu_layer_reload_data
                0x0000000000003fb0        0xc /Users/Jacob_Banooni/Library/Application Support/Pebble SDK/SDKs/current/sdk-core/pebble/aplite/lib/libpebble.a(tmpeWFBzLpebble.o)
                0x0000000000003fb0                menu_layer_reload_data
 .text.menu_layer_set_click_config_onto_window
                0x0000000000003fbc        0xc /Users/Jacob_Banooni/Library/Application Support/Pebble SDK/SDKs/current/sdk-core/pebble/aplite/lib/libpebble.a(tmpeWFBzLpebble.o)
                0x0000000000003fbc                menu_layer_set_click_config_onto_window
 .text.menu_layer_set_selected_index
                0x0000000000003fc8        0xc /Users/Jacob_Banooni/Library/Application Support/Pebble SDK/SDKs/current/sdk-core/pebble/aplite/lib/libpebble.a(tmpeWFBzLpebble.o)
                0x0000000000003fc8                menu_layer_set_selected_index
 .text.psleep   0x0000000000003fd4        0xc /Users/Jacob_Banooni/Library/Application Support/Pebble SDK/SDKs/current/sdk-core/pebble/aplite/lib/libpebble.a(tmpeWFBzLpebble.o)
                0x0000000000003fd4                psleep
 .text.resource_get_handle
                0x0000000000003fe0        0xc /Users/Jacob_Banooni/Library/Application Support/Pebble SDK/SDKs/current/sdk-core/pebble/aplite/lib/libpebble.a(tmpeWFBzLpebble.o)
                0x0000000000003fe0                resource_get_handle
 .text.scroll_layer_add_child
                0x0000000000003fec        0xc /Users/Jacob_Banooni/Library/Application Support/Pebble SDK/SDKs/current/sdk-core/pebble/aplite/lib/libpebble.a(tmpeWFBzLpebble.o)
                0x0000000000003fec                scroll_layer_add_child
 .text.scroll_layer_create
                0x0000000000003ff8        0xc /Users/Jacob_Banooni/Library/Application Support/Pebble SDK/SDKs/current/sdk-core/pebble/aplite/lib/libpebble.a(tmpeWFBzLpebble.o)
                0x0000000000003ff8                scroll_layer_create
 .text.scroll_layer_destroy
                0x0000000000004004        0xc /Users/Jacob_Banooni/Library/Application Support/Pebble SDK/SDKs/current/sdk-core/pebble/aplite/lib/libpebble.a(tmpeWFBzLpebble.o)
                0x0000000000004004                scroll_layer_destroy
 .text.scroll_layer_get_content_offset
                0x0000000000004010        0xc /Users/Jacob_Banooni/Library/Application Support/Pebble SDK/SDKs/current/sdk-core/pebble/aplite/lib/libpebble.a(tmpeWFBzLpebble.o)
                0x0000000000004010                scroll_layer_get_content_offset
 .text.scroll_layer_get_layer
                0x000000000000401c        0xc /Users/Jacob_Banooni/Library/Application Support/Pebble SDK/SDKs/current/sdk-core/pebble/aplite/lib/libpebble.a(tmpeWFBzLpebble.o)
                0x000000000000401c                scroll_layer_get_layer
 .text.scroll_layer_set_click_config_onto_window
                0x0000000000004028        0xc /Users/Jacob_Banooni/Library/Application Support/Pebble SDK/SDKs/current/sdk-core/pebble/aplite/lib/libpebble.a(tmpeWFBzLpebble.o)
                0x0000000000004028                scroll_layer_set_click_config_onto_window
 .text.scroll_layer_set_content_offset
                0x0000000000004034        0xc /Users/Jacob_Banooni/Library/Application Support/Pebble SDK/SDKs/current/sdk-core/pebble/aplite/lib/libpebble.a(tmpeWFBzLpebble.o)
                0x0000000000004034                scroll_layer_set_content_offset
 .text.scroll_layer_set_content_size
                0x0000000000004040        0xc /Users/Jacob_Banooni/Library/Application Support/Pebble SDK/SDKs/current/sdk-core/pebble/aplite/lib/libpebble.a(tmpeWFBzLpebble.o)
                0x0000000000004040                scroll_layer_set_content_size
 .text.scroll_layer_set_context
                0x000000000000404c        0xc /Users/Jacob_Banooni/Library/Application Support/Pebble SDK/SDKs/current/sdk-core/pebble/aplite/lib/libpebble.a(tmpeWFBzLpebble.o)
                0x000000000000404c                scroll_layer_set_context
 .text.scroll_layer_set_shadow_hidden
                0x0000000000004058        0xc /Users/Jacob_Banooni/Library/Application Support/Pebble SDK/SDKs/current/sdk-core/pebble/aplite/lib/libpebble.a(tmpeWFBzLpebble.o)
                0x0000000000004058                scroll_layer_set_shadow_hidden
 .text.sin_lookup
                0x0000000000004064        0xc /Users/Jacob_Banooni/Library/Application Support/Pebble SDK/SDKs/current/sdk-core/pebble/aplite/lib/libpebble.a(tmpeWFBzLpebble.o)
                0x0000000000004064                sin_lookup
 .text.strftime
                0x0000000000004070        0xc /Users/Jacob_Banooni/Library/Application Support/Pebble SDK/SDKs/current/sdk-core/pebble/aplite/lib/libpebble.a(tmpeWFBzLpebble.o)
                0x0000000000004070                strftime
 .text.strlen   0x000000000000407c        0xc /Users/Jacob_Banooni/Library/Application Support/Pebble SDK/SDKs/current/sdk-core/pebble/aplite/lib/libpebble.a(tmpeWFBzLpebble.o)
                0x000000000000407c                strlen
 .text.strncpy  0x0000000000004088        0xc /Users/Jacob_Banooni/Library/Application Support/Pebble SDK/SDKs/current/sdk-core/pebble/aplite/lib/libpebble.a(tmpeWFBzLpebble.o)
                0x0000000000004088                strncpy
 .text.tick_timer_service_subscribe
                0x0000000000004094        0xc /Users/Jacob_Banooni/Library/Application Support/Pebble SDK/SDKs/current/sdk-core/pebble/aplite/lib/libpebble.a(tmpeWFBzLpebble.o)
                0x0000000000004094                tick_timer_service_subscribe
 .text.tick_timer_service_unsubscribe
                0x00000000000040a0        0xc /Users/Jacob_Banooni/Library/Application Support/Pebble SDK/SDKs/current/sdk-core/pebble/aplite/lib/libpebble.a(tmpeWFBzLpebble.o)
                0x00000000000040a0                tick_timer_service_unsubscribe
 .text.vibes_double_pulse
                0x00000000000040ac        0xc /Users/Jacob_Banooni/Library/Application Support/Pebble SDK/SDKs/current/sdk-core/pebble/aplite/lib/libpebble.a(tmpeWFBzLpebble.o)
                0x00000000000040ac                vibes_double_pulse
 .text.vibes_enqueue_custom_pattern
                0x00000000000040b8        0xc /Users/Jacob_Banooni/Library/Application Support/Pebble SDK/SDKs/current/sdk-core/pebble/aplite/lib/libpebble.a(tmpeWFBzLpebble.o)
                0x00000000000040b8                vibes_enqueue_custom_pattern
 .text.vibes_long_pulse
                0x00000000000040c4        0xc /Users/Jacob_Banooni/Library/Application Support/Pebble SDK/SDKs/current/sdk-core/pebble/aplite/lib/libpebble.a(tmpeWFBzLpebble.o)
                0x00000000000040c4                vibes_long_pulse
 .text.vibes_short_pulse
                0x00000000000040d0        0xc /Users/Jacob_Banooni/Library/Application Support/Pebble SDK/SDKs/current/sdk-core/pebble/aplite/lib/libpebble.a(tmpeWFBzLpebble.o)
                0x00000000000040d0                vibes_short_pulse
 .text.window_create
                0x00000000000040dc        0xc /Users/Jacob_Banooni/Library/Application Support/Pebble SDK/SDKs/current/sdk-core/pebble/aplite/lib/libpebble.a(tmpeWFBzLpebble.o)
                0x00000000000040dc                window_create
 .text.window_destroy
                0x00000000000040e8        0xc /Users/Jacob_Banooni/Library/Application Support/Pebble SDK/SDKs/current/sdk-core/pebble/aplite/lib/libpebble.a(tmpeWFBzLpebble.o)
                0x00000000000040e8                window_destroy
 .text.window_get_click_config_provider
                0x00000000000040f4        0xc /Users/Jacob_Banooni/Library/Application Support/Pebble SDK/SDKs/current/sdk-core/pebble/aplite/lib/libpebble.a(tmpeWFBzLpebble.o)
                0x00000000000040f4                window_get_click_config_provider
 .text.window_get_root_layer
                0x0000000000004100        0xc /Users/Jacob_Banooni/Library/Application Support/Pebble SDK/SDKs/current/sdk-core/pebble/aplite/lib/libpebble.a(tmpeWFBzLpebble.o)
                0x0000000000004100                window_get_root_layer
 .text.window_set_click_config_provider_with_context
                0x000000000000410c        0xc /Users/Jacob_Banooni/Library/Application Support/Pebble SDK/SDKs/current/sdk-core/pebble/aplite/lib/libpebble.a(tmpeWFBzLpebble.o)
                0x000000000000410c                window_set_click_config_provider_with_context
 .text.window_set_window_handlers
                0x0000000000004118        0xc /Users/Jacob_Banooni/Library/Application Support/Pebble SDK/SDKs/current/sdk-core/pebble/aplite/lib/libpebble.a(tmpeWFBzLpebble.o)
                0x0000000000004118                window_set_window_handlers
 .text.window_stack_get_top_window
                0x0000000000004124        0xc /Users/Jacob_Banooni/Library/Application Support/Pebble SDK/SDKs/current/sdk-core/pebble/aplite/lib/libpebble.a(tmpeWFBzLpebble.o)
                0x0000000000004124                window_stack_get_top_window
 .text.window_stack_pop
                0x0000000000004130        0xc /Users/Jacob_Banooni/Library/Application Support/Pebble SDK/SDKs/current/sdk-core/pebble/aplite/lib/libpebble.a(tmpeWFBzLpebble.o)
                0x0000000000004130                window_stack_pop
 .text.window_stack_pop_all
                0x000000000000413c        0xc /Users/Jacob_Banooni/Library/Application Support/Pebble SDK/SDKs/current/sdk-core/pebble/aplite/lib/libpebble.a(tmpeWFBzLpebble.o)
                0x000000000000413c                window_stack_pop_all
 .text.window_stack_push
                0x0000000000004148        0xc /Users/Jacob_Banooni/Library/Application Support/Pebble SDK/SDKs/current/sdk-core/pebble/aplite/lib/libpebble.a(tmpeWFBzLpebble.o)
                0x0000000000004148                window_stack_push
 .text.window_stack_remove
                0x0000000000004154        0xc /Users/Jacob_Banooni/Library/Application Support/Pebble SDK/SDKs/current/sdk-core/pebble/aplite/lib/libpebble.a(tmpeWFBzLpebble.o)
                0x0000000000004154                window_stack_remove
 .text.window_get_user_data
                0x0000000000004160        0xc /Users/Jacob_Banooni/Library/Application Support/Pebble SDK/SDKs/current/sdk-core/pebble/aplite/lib/libpebble.a(tmpeWFBzLpebble.o)
                0x0000000000004160                window_get_user_data
 .text.window_set_user_data
                0x000000000000416c        0xc /Users/Jacob_Banooni/Library/Application Support/Pebble SDK/SDKs/current/sdk-core/pebble/aplite/lib/libpebble.a(tmpeWFBzLpebble.o)
                0x000000000000416c                window_set_user_data
 .text.app_message_outbox_begin
                0x0000000000004178        0xc /Users/Jacob_Banooni/Library/Application Support/Pebble SDK/SDKs/current/sdk-core/pebble/aplite/lib/libpebble.a(tmpeWFBzLpebble.o)
                0x0000000000004178                app_message_outbox_begin
 .text.app_message_outbox_send
                0x0000000000004184        0xc /Users/Jacob_Banooni/Library/Application Support/Pebble SDK/SDKs/current/sdk-core/pebble/aplite/lib/libpebble.a(tmpeWFBzLpebble.o)
                0x0000000000004184                app_message_outbox_send
 .text.app_message_register_inbox_dropped
                0x0000000000004190        0xc /Users/Jacob_Banooni/Library/Application Support/Pebble SDK/SDKs/current/sdk-core/pebble/aplite/lib/libpebble.a(tmpeWFBzLpebble.o)
                0x0000000000004190                app_message_register_inbox_dropped
 .text.app_message_register_inbox_received
                0x000000000000419c        0xc /Users/Jacob_Banooni/Library/Application Support/Pebble SDK/SDKs/current/sdk-core/pebble/aplite/lib/libpebble.a(tmpeWFBzLpebble.o)
                0x000000000000419c                app_message_register_inbox_received
 .text.app_message_register_outbox_failed
                0x00000000000041a8        0xc /Users/Jacob_Banooni/Library/Application Support/Pebble SDK/SDKs/current/sdk-core/pebble/aplite/lib/libpebble.a(tmpeWFBzLpebble.o)
                0x00000000000041a8                app_message_register_outbox_failed
 .text.app_message_register_outbox_sent
                0x00000000000041b4        0xc /Users/Jacob_Banooni/Library/Application Support/Pebble SDK/SDKs/current/sdk-core/pebble/aplite/lib/libpebble.a(tmpeWFBzLpebble.o)
                0x00000000000041b4                app_message_register_outbox_sent
 .text.app_message_set_context
                0x00000000000041c0        0xc /Users/Jacob_Banooni/Library/Application Support/Pebble SDK/SDKs/current/sdk-core/pebble/aplite/lib/libpebble.a(tmpeWFBzLpebble.o)
                0x00000000000041c0                app_message_set_context
 .text.window_long_click_subscribe
                0x00000000000041cc        0xc /Users/Jacob_Banooni/Library/Application Support/Pebble SDK/SDKs/current/sdk-core/pebble/aplite/lib/libpebble.a(tmpeWFBzLpebble.o)
                0x00000000000041cc                window_long_click_subscribe
 .text.window_set_click_context
                0x00000000000041d8        0xc /Users/Jacob_Banooni/Library/Application Support/Pebble SDK/SDKs/current/sdk-core/pebble/aplite/lib/libpebble.a(tmpeWFBzLpebble.o)
                0x00000000000041d8                window_set_click_context
 .text.window_single_click_subscribe
                0x00000000000041e4        0xc /Users/Jacob_Banooni/Library/Application Support/Pebble SDK/SDKs/current/sdk-core/pebble/aplite/lib/libpebble.a(tmpeWFBzLpebble.o)
                0x00000000000041e4                window_single_click_subscribe
 .text.graphics_draw_text
                0x00000000000041f0        0xc /Users/Jacob_Banooni/Library/Application Support/Pebble SDK/SDKs/current/sdk-core/pebble/aplite/lib/libpebble.a(tmpeWFBzLpebble.o)
                0x00000000000041f0                graphics_draw_text
 .text.accel_data_service_subscribe
                0x00000000000041fc        0xc /Users/Jacob_Banooni/Library/Application Support/Pebble SDK/SDKs/current/sdk-core/pebble/aplite/lib/libpebble.a(tmpeWFBzLpebble.o)
                0x00000000000041fc                accel_data_service_subscribe
 .text.launch_reason
                0x0000000000004208        0xc /Users/Jacob_Banooni/Library/Application Support/Pebble SDK/SDKs/current/sdk-core/pebble/aplite/lib/libpebble.a(tmpeWFBzLpebble.o)
                0x0000000000004208                launch_reason
 .text.wakeup_cancel
                0x0000000000004214        0xc /Users/Jacob_Banooni/Library/Application Support/Pebble SDK/SDKs/current/sdk-core/pebble/aplite/lib/libpebble.a(tmpeWFBzLpebble.o)
                0x0000000000004214                wakeup_cancel
 .text.wakeup_cancel_all
                0x0000000000004220        0xc /Users/Jacob_Banooni/Library/Application Support/Pebble SDK/SDKs/current/sdk-core/pebble/aplite/lib/libpebble.a(tmpeWFBzLpebble.o)
                0x0000000000004220                wakeup_cancel_all
 .text.wakeup_get_launch_event
                0x000000000000422c        0xc /Users/Jacob_Banooni/Library/Application Support/Pebble SDK/SDKs/current/sdk-core/pebble/aplite/lib/libpebble.a(tmpeWFBzLpebble.o)
                0x000000000000422c                wakeup_get_launch_event
 .text.wakeup_schedule
                0x0000000000004238        0xc /Users/Jacob_Banooni/Library/Application Support/Pebble SDK/SDKs/current/sdk-core/pebble/aplite/lib/libpebble.a(tmpeWFBzLpebble.o)
                0x0000000000004238                wakeup_schedule
 .text.wakeup_service_subscribe
                0x0000000000004244        0xc /Users/Jacob_Banooni/Library/Application Support/Pebble SDK/SDKs/current/sdk-core/pebble/aplite/lib/libpebble.a(tmpeWFBzLpebble.o)
                0x0000000000004244                wakeup_service_subscribe
 .text.clock_is_timezone_set
                0x0000000000004250        0xc /Users/Jacob_Banooni/Library/Application Support/Pebble SDK/SDKs/current/sdk-core/pebble/aplite/lib/libpebble.a(tmpeWFBzLpebble.o)
                0x0000000000004250                clock_is_timezone_set
 .text.graphics_context_set_fill_color
                0x000000000000425c        0xc /Users/Jacob_Banooni/Library/Application Support/Pebble SDK/SDKs/current/sdk-core/pebble/aplite/lib/libpebble.a(tmpeWFBzLpebble.o)
                0x000000000000425c                graphics_context_set_fill_color
 .text.graphics_context_set_stroke_color
                0x0000000000004268        0xc /Users/Jacob_Banooni/Library/Application Support/Pebble SDK/SDKs/current/sdk-core/pebble/aplite/lib/libpebble.a(tmpeWFBzLpebble.o)
                0x0000000000004268                graphics_context_set_stroke_color
 .text.graphics_context_set_text_color
                0x0000000000004274        0xc /Users/Jacob_Banooni/Library/Application Support/Pebble SDK/SDKs/current/sdk-core/pebble/aplite/lib/libpebble.a(tmpeWFBzLpebble.o)
                0x0000000000004274                graphics_context_set_text_color
 .text.window_set_background_color
                0x0000000000004280        0xc /Users/Jacob_Banooni/Library/Application Support/Pebble SDK/SDKs/current/sdk-core/pebble/aplite/lib/libpebble.a(tmpeWFBzLpebble.o)
                0x0000000000004280                window_set_background_color
 .text.localtime
                0x000000000000428c        0xc /Users/Jacob_Banooni/Library/Application Support/Pebble SDK/SDKs/current/sdk-core/pebble/aplite/lib/libpebble.a(tmpeWFBzLpebble.o)
                0x000000000000428c                localtime
 .text.animation_destroy
                0x0000000000004298        0xc /Users/Jacob_Banooni/Library/Application Support/Pebble SDK/SDKs/current/sdk-core/pebble/aplite/lib/libpebble.a(tmpeWFBzLpebble.o)
                0x0000000000004298                animation_destroy
 .text.animation_schedule
                0x00000000000042a4        0xc /Users/Jacob_Banooni/Library/Application Support/Pebble SDK/SDKs/current/sdk-core/pebble/aplite/lib/libpebble.a(tmpeWFBzLpebble.o)
                0x00000000000042a4                animation_schedule
 .text.animation_set_curve
                0x00000000000042b0        0xc /Users/Jacob_Banooni/Library/Application Support/Pebble SDK/SDKs/current/sdk-core/pebble/aplite/lib/libpebble.a(tmpeWFBzLpebble.o)
                0x00000000000042b0                animation_set_curve
 .text.animation_set_duration
                0x00000000000042bc        0xc /Users/Jacob_Banooni/Library/Application Support/Pebble SDK/SDKs/current/sdk-core/pebble/aplite/lib/libpebble.a(tmpeWFBzLpebble.o)
                0x00000000000042bc                animation_set_duration
 .text.animation_set_handlers
                0x00000000000042c8        0xc /Users/Jacob_Banooni/Library/Application Support/Pebble SDK/SDKs/current/sdk-core/pebble/aplite/lib/libpebble.a(tmpeWFBzLpebble.o)
                0x00000000000042c8                animation_set_handlers
 .text.animation_unschedule
                0x00000000000042d4        0xc /Users/Jacob_Banooni/Library/Application Support/Pebble SDK/SDKs/current/sdk-core/pebble/aplite/lib/libpebble.a(tmpeWFBzLpebble.o)
                0x00000000000042d4                animation_unschedule
 .text.property_animation_create
                0x00000000000042e0        0xc /Users/Jacob_Banooni/Library/Application Support/Pebble SDK/SDKs/current/sdk-core/pebble/aplite/lib/libpebble.a(tmpeWFBzLpebble.o)
                0x00000000000042e0                property_animation_create
 .text.property_animation_destroy
                0x00000000000042ec        0xc /Users/Jacob_Banooni/Library/Application Support/Pebble SDK/SDKs/current/sdk-core/pebble/aplite/lib/libpebble.a(tmpeWFBzLpebble.o)
                0x00000000000042ec                property_animation_destroy
 .text.property_animation_from
                0x00000000000042f8        0xc /Users/Jacob_Banooni/Library/Application Support/Pebble SDK/SDKs/current/sdk-core/pebble/aplite/lib/libpebble.a(tmpeWFBzLpebble.o)
                0x00000000000042f8                property_animation_from
 .text.property_animation_to
                0x0000000000004304        0xc /Users/Jacob_Banooni/Library/Application Support/Pebble SDK/SDKs/current/sdk-core/pebble/aplite/lib/libpebble.a(tmpeWFBzLpebble.o)
                0x0000000000004304                property_animation_to
 .text.property_animation_update_grect
                0x0000000000004310        0xc /Users/Jacob_Banooni/Library/Application Support/Pebble SDK/SDKs/current/sdk-core/pebble/aplite/lib/libpebble.a(tmpeWFBzLpebble.o)
                0x0000000000004310                property_animation_update_grect
 .text.gbitmap_get_bounds
                0x000000000000431c        0xc /Users/Jacob_Banooni/Library/Application Support/Pebble SDK/SDKs/current/sdk-core/pebble/aplite/lib/libpebble.a(tmpeWFBzLpebble.o)
                0x000000000000431c                gbitmap_get_bounds
 .text.gbitmap_get_format
                0x0000000000004328        0xc /Users/Jacob_Banooni/Library/Application Support/Pebble SDK/SDKs/current/sdk-core/pebble/aplite/lib/libpebble.a(tmpeWFBzLpebble.o)
                0x0000000000004328                gbitmap_get_format
 .text.gbitmap_get_palette
                0x0000000000004334        0xc /Users/Jacob_Banooni/Library/Application Support/Pebble SDK/SDKs/current/sdk-core/pebble/aplite/lib/libpebble.a(tmpeWFBzLpebble.o)
                0x0000000000004334                gbitmap_get_palette
 .text.gbitmap_set_palette
                0x0000000000004340        0xc /Users/Jacob_Banooni/Library/Application Support/Pebble SDK/SDKs/current/sdk-core/pebble/aplite/lib/libpebble.a(tmpeWFBzLpebble.o)
                0x0000000000004340                gbitmap_set_palette
 .text.gbitmap_create_from_png_data
                0x000000000000434c        0xc /Users/Jacob_Banooni/Library/Application Support/Pebble SDK/SDKs/current/sdk-core/pebble/aplite/lib/libpebble.a(tmpeWFBzLpebble.o)
                0x000000000000434c                gbitmap_create_from_png_data
 .text.launch_get_args
                0x0000000000004358        0xc /Users/Jacob_Banooni/Library/Application Support/Pebble SDK/SDKs/current/sdk-core/pebble/aplite/lib/libpebble.a(tmpeWFBzLpebble.o)
                0x0000000000004358                launch_get_args
 .text.menu_layer_create
                0x0000000000004364        0xc /Users/Jacob_Banooni/Library/Application Support/Pebble SDK/SDKs/current/sdk-core/pebble/aplite/lib/libpebble.a(tmpeWFBzLpebble.o)
                0x0000000000004364                menu_layer_create
 .text.graphics_context_set_antialiased
                0x0000000000004370        0xc /Users/Jacob_Banooni/Library/Application Support/Pebble SDK/SDKs/current/sdk-core/pebble/aplite/lib/libpebble.a(tmpeWFBzLpebble.o)
                0x0000000000004370                graphics_context_set_antialiased
 .text.graphics_context_set_stroke_width
                0x000000000000437c        0xc /Users/Jacob_Banooni/Library/Application Support/Pebble SDK/SDKs/current/sdk-core/pebble/aplite/lib/libpebble.a(tmpeWFBzLpebble.o)
                0x000000000000437c                graphics_context_set_stroke_width
 .text.action_bar_layer_add_to_window
                0x0000000000004388        0xc /Users/Jacob_Banooni/Library/Application Support/Pebble SDK/SDKs/current/sdk-core/pebble/aplite/lib/libpebble.a(tmpeWFBzLpebble.o)
                0x0000000000004388                action_bar_layer_add_to_window
 .text.action_bar_layer_clear_icon
                0x0000000000004394        0xc /Users/Jacob_Banooni/Library/Application Support/Pebble SDK/SDKs/current/sdk-core/pebble/aplite/lib/libpebble.a(tmpeWFBzLpebble.o)
                0x0000000000004394                action_bar_layer_clear_icon
 .text.action_bar_layer_create
                0x00000000000043a0        0xc /Users/Jacob_Banooni/Library/Application Support/Pebble SDK/SDKs/current/sdk-core/pebble/aplite/lib/libpebble.a(tmpeWFBzLpebble.o)
                0x00000000000043a0                action_bar_layer_create
 .text.action_bar_layer_destroy
                0x00000000000043ac        0xc /Users/Jacob_Banooni/Library/Application Support/Pebble SDK/SDKs/current/sdk-core/pebble/aplite/lib/libpebble.a(tmpeWFBzLpebble.o)
                0x00000000000043ac                action_bar_layer_destroy
 .text.action_bar_layer_get_layer
                0x00000000000043b8        0xc /Users/Jacob_Banooni/Library/Application Support/Pebble SDK/SDKs/current/sdk-core/pebble/aplite/lib/libpebble.a(tmpeWFBzLpebble.o)
                0x00000000000043b8                action_bar_layer_get_layer
 .text.action_bar_layer_remove_from_window
                0x00000000000043c4        0xc /Users/Jacob_Banooni/Library/Application Support/Pebble SDK/SDKs/current/sdk-core/pebble/aplite/lib/libpebble.a(tmpeWFBzLpebble.o)
                0x00000000000043c4                action_bar_layer_remove_from_window
 .text.action_bar_layer_set_background_color
                0x00000000000043d0        0xc /Users/Jacob_Banooni/Library/Application Support/Pebble SDK/SDKs/current/sdk-core/pebble/aplite/lib/libpebble.a(tmpeWFBzLpebble.o)
                0x00000000000043d0                action_bar_layer_set_background_color
 .text.action_bar_layer_set_click_config_provider
                0x00000000000043dc        0xc /Users/Jacob_Banooni/Library/Application Support/Pebble SDK/SDKs/current/sdk-core/pebble/aplite/lib/libpebble.a(tmpeWFBzLpebble.o)
                0x00000000000043dc                action_bar_layer_set_click_config_provider
 .text.action_bar_layer_set_context
                0x00000000000043e8        0xc /Users/Jacob_Banooni/Library/Application Support/Pebble SDK/SDKs/current/sdk-core/pebble/aplite/lib/libpebble.a(tmpeWFBzLpebble.o)
                0x00000000000043e8                action_bar_layer_set_context
 .text.action_bar_layer_set_icon
                0x00000000000043f4        0xc /Users/Jacob_Banooni/Library/Application Support/Pebble SDK/SDKs/current/sdk-core/pebble/aplite/lib/libpebble.a(tmpeWFBzLpebble.o)
                0x00000000000043f4                action_bar_layer_set_icon
 .text.menu_cell_layer_is_highlighted
                0x0000000000004400        0xc /Users/Jacob_Banooni/Library/Application Support/Pebble SDK/SDKs/current/sdk-core/pebble/aplite/lib/libpebble.a(tmpeWFBzLpebble.o)
                0x0000000000004400                menu_cell_layer_is_highlighted
 .text.time     0x000000000000440c        0xc /Users/Jacob_Banooni/Library/Application Support/Pebble SDK/SDKs/current/sdk-core/pebble/aplite/lib/libpebble.a(tmpeWFBzLpebble.o)
                0x000000000000440c                time
 .text.menu_layer_set_highlight_colors
                0x0000000000004418        0xc /Users/Jacob_Banooni/Library/Application Support/Pebble SDK/SDKs/current/sdk-core/pebble/aplite/lib/libpebble.a(tmpeWFBzLpebble.o)
                0x0000000000004418                menu_layer_set_highlight_colors
 .text.menu_layer_set_normal_colors
                0x0000000000004424        0xc /Users/Jacob_Banooni/Library/Application Support/Pebble SDK/SDKs/current/sdk-core/pebble/aplite/lib/libpebble.a(tmpeWFBzLpebble.o)
                0x0000000000004424                menu_layer_set_normal_colors
 .text.menu_layer_set_callbacks
                0x0000000000004430        0xc /Users/Jacob_Banooni/Library/Application Support/Pebble SDK/SDKs/current/sdk-core/pebble/aplite/lib/libpebble.a(tmpeWFBzLpebble.o)
                0x0000000000004430                menu_layer_set_callbacks
 .text.status_bar_layer_create
                0x000000000000443c        0xc /Users/Jacob_Banooni/Library/Application Support/Pebble SDK/SDKs/current/sdk-core/pebble/aplite/lib/libpebble.a(tmpeWFBzLpebble.o)
                0x000000000000443c                status_bar_layer_create
 .text.status_bar_layer_destroy
                0x0000000000004448        0xc /Users/Jacob_Banooni/Library/Application Support/Pebble SDK/SDKs/current/sdk-core/pebble/aplite/lib/libpebble.a(tmpeWFBzLpebble.o)
                0x0000000000004448                status_bar_layer_destroy
 .text.status_bar_layer_get_layer
                0x0000000000004454        0xc /Users/Jacob_Banooni/Library/Application Support/Pebble SDK/SDKs/current/sdk-core/pebble/aplite/lib/libpebble.a(tmpeWFBzLpebble.o)
                0x0000000000004454                status_bar_layer_get_layer
 .text.status_bar_layer_set_colors
                0x0000000000004460        0xc /Users/Jacob_Banooni/Library/Application Support/Pebble SDK/SDKs/current/sdk-core/pebble/aplite/lib/libpebble.a(tmpeWFBzLpebble.o)
                0x0000000000004460                status_bar_layer_set_colors
 .text.status_bar_layer_set_separator_mode
                0x000000000000446c        0xc /Users/Jacob_Banooni/Library/Application Support/Pebble SDK/SDKs/current/sdk-core/pebble/aplite/lib/libpebble.a(tmpeWFBzLpebble.o)
                0x000000000000446c                status_bar_layer_set_separator_mode
 .text.time_ms  0x0000000000004478        0xc /Users/Jacob_Banooni/Library/Application Support/Pebble SDK/SDKs/current/sdk-core/pebble/aplite/lib/libpebble.a(tmpeWFBzLpebble.o)
                0x0000000000004478                time_ms
 .text.gcolor_legible_over
                0x0000000000004484        0xc /Users/Jacob_Banooni/Library/Application Support/Pebble SDK/SDKs/current/sdk-core/pebble/aplite/lib/libpebble.a(tmpeWFBzLpebble.o)
                0x0000000000004484                gcolor_legible_over
 .text.grect_inset
                0x0000000000004490        0xc /Users/Jacob_Banooni/Library/Application Support/Pebble SDK/SDKs/current/sdk-core/pebble/aplite/lib/libpebble.a(tmpeWFBzLpebble.o)
                0x0000000000004490                grect_inset
 .text.gpoint_from_polar
                0x000000000000449c        0xc /Users/Jacob_Banooni/Library/Application Support/Pebble SDK/SDKs/current/sdk-core/pebble/aplite/lib/libpebble.a(tmpeWFBzLpebble.o)
                0x000000000000449c                gpoint_from_polar
 .text.graphics_draw_arc
                0x00000000000044a8        0xc /Users/Jacob_Banooni/Library/Application Support/Pebble SDK/SDKs/current/sdk-core/pebble/aplite/lib/libpebble.a(tmpeWFBzLpebble.o)
                0x00000000000044a8                graphics_draw_arc
 .text.graphics_fill_radial
                0x00000000000044b4        0xc /Users/Jacob_Banooni/Library/Application Support/Pebble SDK/SDKs/current/sdk-core/pebble/aplite/lib/libpebble.a(tmpeWFBzLpebble.o)
                0x00000000000044b4                graphics_fill_radial
 .text.graphics_text_attributes_create
                0x00000000000044c0        0xc /Users/Jacob_Banooni/Library/Application Support/Pebble SDK/SDKs/current/sdk-core/pebble/aplite/lib/libpebble.a(tmpeWFBzLpebble.o)
                0x00000000000044c0                graphics_text_attributes_create
 .text.graphics_text_attributes_destroy
                0x00000000000044cc        0xc /Users/Jacob_Banooni/Library/Application Support/Pebble SDK/SDKs/current/sdk-core/pebble/aplite/lib/libpebble.a(tmpeWFBzLpebble.o)
                0x00000000000044cc                graphics_text_attributes_destroy
 .text.graphics_text_layout_get_content_size_with_attributes
                0x00000000000044d8        0xc /Users/Jacob_Banooni/Library/Application Support/Pebble SDK/SDKs/current/sdk-core/pebble/aplite/lib/libpebble.a(tmpeWFBzLpebble.o)
                0x00000000000044d8                graphics_text_layout_get_content_size_with_attributes
 .text.scroll_layer_set_paging
                0x00000000000044e4        0xc /Users/Jacob_Banooni/Library/Application Support/Pebble SDK/SDKs/current/sdk-core/pebble/aplite/lib/libpebble.a(tmpeWFBzLpebble.o)
                0x00000000000044e4                scroll_layer_set_paging
 *(.rodata)
 *(.rodata*)
 .rodata.str1.1
                0x00000000000044f0       0x1b src/simply/simply_menu.c.19.o
                                         0x1c (size before relaxing)
 *fill*         0x000000000000450b        0x1 
 .rodata.segments.8284
                0x000000000000450c       0x30 src/simply/simply_msg.c.19.o
 .rodata.segments.8290
                0x000000000000453c       0x30 src/simply/simply_msg.c.19.o
 .rodata.segments.8287
                0x000000000000456c       0x30 src/simply/simply_msg.c.19.o
 .rodata.segments.8293
                0x000000000000459c       0x30 src/simply/simply_msg.c.19.o
 .rodata.segments.8296
                0x00000000000045cc       0x30 src/simply/simply_msg.c.19.o
 .rodata.segments.8200
                0x00000000000045fc       0x20 src/simply/simply_msg.c.19.o
 .rodata.segments.8203
                0x000000000000461c       0x18 src/simply/simply_msg.c.19.o
 .rodata.segments.8206
                0x0000000000004634       0x20 src/simply/simply_msg.c.19.o
 .rodata.segments.8212
                0x0000000000004654       0x20 src/simply/simply_msg.c.19.o
 .rodata.segments.8209
                0x0000000000004674       0x10 src/simply/simply_msg.c.19.o
 .rodata.str1.1
                0x0000000000004684       0x26 src/simply/simply_msg.c.19.o
 *fill*         0x00000000000046aa        0x2 
 .rodata.segments.8215
                0x00000000000046ac       0x18 src/simply/simply_msg.c.19.o
 .rodata.segments.8221
                0x00000000000046c4       0x10 src/simply/simply_msg.c.19.o
 .rodata.segments.8218
                0x00000000000046d4       0x20 src/simply/simply_msg.c.19.o
 .rodata.segments.8224
                0x00000000000046f4       0x10 src/simply/simply_msg.c.19.o
 .rodata.segments.8185
                0x0000000000004704       0x10 src/simply/simply_msg.c.19.o
 .rodata.segments.8230
                0x0000000000004714       0x20 src/simply/simply_msg.c.19.o
 .rodata.segments.8227
                0x0000000000004734       0x18 src/simply/simply_msg.c.19.o
 .rodata.segments.8188
                0x000000000000474c       0x20 src/simply/simply_msg.c.19.o
 .rodata.segments.8233
                0x000000000000476c       0x20 src/simply/simply_msg.c.19.o
 .rodata.segments.8194
                0x000000000000478c       0x18 src/simply/simply_msg.c.19.o
 .rodata.segments.8236
                0x00000000000047a4       0x18 src/simply/simply_msg.c.19.o
 .rodata.segments.8197
                0x00000000000047bc        0x8 src/simply/simply_msg.c.19.o
 .rodata.segments.8242
                0x00000000000047c4        0x8 src/simply/simply_msg.c.19.o
 .rodata.segments.8239
                0x00000000000047cc       0x18 src/simply/simply_msg.c.19.o
 .rodata.segments.8245
                0x00000000000047e4       0x18 src/simply/simply_msg.c.19.o
 .rodata.segments.8251
                0x00000000000047fc       0x18 src/simply/simply_msg.c.19.o
 .rodata.segments.8248
                0x0000000000004814       0x20 src/simply/simply_msg.c.19.o
 .rodata.segments.8254
                0x0000000000004834       0x20 src/simply/simply_msg.c.19.o
 .rodata.segments.8260
                0x0000000000004854       0x20 src/simply/simply_msg.c.19.o
 .rodata.segments.8257
                0x0000000000004874       0x20 src/simply/simply_msg.c.19.o
 .rodata.segments.8263
                0x0000000000004894       0x30 src/simply/simply_msg.c.19.o
 .rodata.segments.8191
                0x00000000000048c4       0x20 src/simply/simply_msg.c.19.o
 .rodata.segments.8266
                0x00000000000048e4       0x30 src/simply/simply_msg.c.19.o
 .rodata.segments.8272
                0x0000000000004914       0x30 src/simply/simply_msg.c.19.o
 .rodata.segments.8269
                0x0000000000004944       0x30 src/simply/simply_msg.c.19.o
 .rodata.segments.8275
                0x0000000000004974       0x20 src/simply/simply_msg.c.19.o
 .rodata.segments.8281
                0x0000000000004994       0x28 src/simply/simply_msg.c.19.o
 .rodata.segments.8278
                0x00000000000049bc       0x30 src/simply/simply_msg.c.19.o
 .rodata.str1.1
                0x00000000000049ec       0x16 src/simply/simply_stage.c.19.o
 .rodata.str1.1
                0x0000000000004a02       0x7d src/simply/simply_ui.c.19.o

.glue_7         0x0000000000004a80        0x0
 .glue_7        0x0000000000000000        0x0 linker stubs

.glue_7t        0x0000000000004a80        0x0
 .glue_7t       0x0000000000000000        0x0 linker stubs

.vfp11_veneer   0x0000000000004a80        0x0
 .vfp11_veneer  0x0000000000000000        0x0 linker stubs

.v4_bx          0x0000000000004a80        0x0
 .v4_bx         0x0000000000000000        0x0 linker stubs

.iplt           0x0000000000004a80        0x0
 .iplt          0x0000000000000000        0x0 /usr/local/Cellar/pebble-toolchain/2.0/arm-cs-tools/bin/../lib/gcc/arm-none-eabi/4.7.2/thumb2/crtbegin.o

.rel.dyn        0x0000000000004a80        0x0
 .rel.iplt      0x0000000000000000        0x0 /usr/local/Cellar/pebble-toolchain/2.0/arm-cs-tools/bin/../lib/gcc/arm-none-eabi/4.7.2/thumb2/crtbegin.o

.ARM.exidx      0x0000000000004a80        0x8
 .ARM.exidx     0x0000000000004a80        0x8 /usr/local/Cellar/pebble-toolchain/2.0/arm-cs-tools/bin/../lib/gcc/arm-none-eabi/4.7.2/thumb2/libgcc.a(_divdi3.o)
 .ARM.exidx     0x0000000000004a88        0x0 /usr/local/Cellar/pebble-toolchain/2.0/arm-cs-tools/bin/../lib/gcc/arm-none-eabi/4.7.2/thumb2/libgcc.a(_udivdi3.o)
                                          0x8 (size before relaxing)

.data           0x0000000000004a88      0x1de
 *(.data)
 .data          0x0000000000004a88        0x0 /usr/local/Cellar/pebble-toolchain/2.0/arm-cs-tools/bin/../lib/gcc/arm-none-eabi/4.7.2/thumb2/crti.o
 .data          0x0000000000004a88        0x4 /usr/local/Cellar/pebble-toolchain/2.0/arm-cs-tools/bin/../lib/gcc/arm-none-eabi/4.7.2/thumb2/crtbegin.o
                0x0000000000004a88                __dso_handle
 .data          0x0000000000004a8c        0x0 src/main.c.19.o
 .data          0x0000000000004a8c        0x0 src/simply/simply.c.19.o
 .data          0x0000000000004a8c        0x0 src/simply/simply_accel.c.19.o
 .data          0x0000000000004a8c        0x0 src/simply/simply_menu.c.19.o
 .data          0x0000000000004a8c      0x130 src/simply/simply_msg.c.19.o
 .data          0x0000000000004bbc        0x0 src/simply/simply_res.c.19.o
 .data          0x0000000000004bbc        0x0 src/simply/simply_splash.c.19.o
 .data          0x0000000000004bbc        0x0 src/simply/simply_stage.c.19.o
 .data          0x0000000000004bbc        0x0 src/simply/simply_ui.c.19.o
 .data          0x0000000000004bbc        0x0 src/simply/simply_voice.c.19.o
 .data          0x0000000000004bbc        0x0 src/simply/simply_wakeup.c.19.o
 .data          0x0000000000004bbc        0x0 src/simply/simply_window.c.19.o
 .data          0x0000000000004bbc        0x0 src/simply/simply_window_stack.c.19.o
 .data          0x0000000000004bbc        0x0 aplite/appinfo.auto.c.19.o
 .data          0x0000000000004bbc        0x0 /Users/Jacob_Banooni/Library/Application Support/Pebble SDK/SDKs/current/sdk-core/pebble/aplite/lib/libpebble.a(tmpeWFBzLpebble.o)
 .data          0x0000000000004bbc        0x0 /usr/local/Cellar/pebble-toolchain/2.0/arm-cs-tools/bin/../lib/gcc/arm-none-eabi/4.7.2/thumb2/libgcc.a(_aeabi_ldivmod.o)
 .data          0x0000000000004bbc        0x0 /usr/local/Cellar/pebble-toolchain/2.0/arm-cs-tools/bin/../lib/gcc/arm-none-eabi/4.7.2/thumb2/libgcc.a(bpabi.o)
 .data          0x0000000000004bbc        0x0 /usr/local/Cellar/pebble-toolchain/2.0/arm-cs-tools/bin/../lib/gcc/arm-none-eabi/4.7.2/thumb2/libgcc.a(_dvmd_tls.o)
 .data          0x0000000000004bbc        0x0 /usr/local/Cellar/pebble-toolchain/2.0/arm-cs-tools/bin/../lib/gcc/arm-none-eabi/4.7.2/thumb2/libgcc.a(_divdi3.o)
 .data          0x0000000000004bbc        0x0 /usr/local/Cellar/pebble-toolchain/2.0/arm-cs-tools/bin/../lib/gcc/arm-none-eabi/4.7.2/thumb2/libgcc.a(_udivdi3.o)
 .data          0x0000000000004bbc        0x0 /usr/local/Cellar/pebble-toolchain/2.0/arm-cs-tools/bin/../lib/gcc/arm-none-eabi/4.7.2/thumb2/libgcc.a(_udivsi3.o)
 .data          0x0000000000004bbc        0x0 /usr/local/Cellar/pebble-toolchain/2.0/arm-cs-tools/bin/../lib/gcc/arm-none-eabi/4.7.2/thumb2/crtend.o
 .data          0x0000000000004bbc        0x0 /usr/local/Cellar/pebble-toolchain/2.0/arm-cs-tools/bin/../lib/gcc/arm-none-eabi/4.7.2/thumb2/crtn.o
 *(.data.*)
 .data.rel.ro.local.s_window_handlers.8292
                0x0000000000004bbc       0x10 src/simply/simply_menu.c.19.o
 .data.s_normal_palette
                0x0000000000004bcc        0x2 src/simply/simply_menu.c.19.o
 .data.s_inverted_palette
                0x0000000000004bce        0x2 src/simply/simply_menu.c.19.o
 .data.rel.ro.local.s_window_handlers.8377
                0x0000000000004bd0       0x10 src/simply/simply_stage.c.19.o
 .data.rel.ro.implementation.8244
                0x0000000000004be0       0x14 src/simply/simply_stage.c.19.o
 .data.rel.ro.local.s_window_handlers.8073
                0x0000000000004bf4       0x10 src/simply/simply_ui.c.19.o
 .data.rel.ro.local.STYLES
                0x0000000000004c04       0x5f src/simply/simply_ui.c.19.o
 .data.s_button_palette
                0x0000000000004c63        0x2 src/simply/simply_window.c.19.o
 .data.s_broadcast_window
                0x0000000000004c65        0x1 src/simply/simply_window_stack.c.19.o

.igot.plt       0x0000000000004c68        0x0
 .igot.plt      0x0000000000000000        0x0 /usr/local/Cellar/pebble-toolchain/2.0/arm-cs-tools/bin/../lib/gcc/arm-none-eabi/4.7.2/thumb2/crtbegin.o

.bss            0x0000000000004c68      0x114
 *(.bss)
 *(.bss.*)
 .bss.s_accel   0x0000000000004c68        0x4 src/simply/simply_accel.c.19.o
 .bss.s_provider.7868
                0x0000000000004c6c        0x4 src/simply/simply_menu.c.19.o
 .bss.s_has_communicated
                0x0000000000004c70        0x1 src/simply/simply_msg.c.19.o
 *fill*         0x0000000000004c71        0x3 
 .bss.s_msg     0x0000000000004c74        0x4 src/simply/simply_msg.c.19.o
 .bss.time_text.8140
                0x0000000000004c78      0x100 src/simply/simply_stage.c.19.o
 .bss.s_provider.7864
                0x0000000000004d78        0x4 src/simply/simply_window.c.19.o

DISCARD
 libc.a(*)
 libm.a(*)
 libgcc.a(*)
 *(.eh_frame)
OUTPUT(/Users/Jacob_Banooni/Documents/BuzzVoice2/build/aplite/pebble-app.elf elf32-littlearm)

.ARM.attributes
                0x0000000000000000       0x27
 .ARM.attributes
                0x0000000000000000       0x19 /usr/local/Cellar/pebble-toolchain/2.0/arm-cs-tools/bin/../lib/gcc/arm-none-eabi/4.7.2/thumb2/crti.o
 .ARM.attributes
                0x0000000000000019       0x29 /usr/local/Cellar/pebble-toolchain/2.0/arm-cs-tools/bin/../lib/gcc/arm-none-eabi/4.7.2/thumb2/crtbegin.o
 .ARM.attributes
                0x0000000000000042       0x33 src/main.c.19.o
 .ARM.attributes
                0x0000000000000075       0x33 src/simply/simply.c.19.o
 .ARM.attributes
                0x00000000000000a8       0x33 src/simply/simply_accel.c.19.o
 .ARM.attributes
                0x00000000000000db       0x33 src/simply/simply_menu.c.19.o
 .ARM.attributes
                0x000000000000010e       0x33 src/simply/simply_msg.c.19.o
 .ARM.attributes
                0x0000000000000141       0x33 src/simply/simply_res.c.19.o
 .ARM.attributes
                0x0000000000000174       0x33 src/simply/simply_splash.c.19.o
 .ARM.attributes
                0x00000000000001a7       0x33 src/simply/simply_stage.c.19.o
 .ARM.attributes
                0x00000000000001da       0x33 src/simply/simply_ui.c.19.o
 .ARM.attributes
                0x000000000000020d       0x33 src/simply/simply_voice.c.19.o
 .ARM.attributes
                0x0000000000000240       0x33 src/simply/simply_wakeup.c.19.o
 .ARM.attributes
                0x0000000000000273       0x33 src/simply/simply_window.c.19.o
 .ARM.attributes
                0x00000000000002a6       0x33 src/simply/simply_window_stack.c.19.o
 .ARM.attributes
                0x00000000000002d9       0x33 aplite/appinfo.auto.c.19.o
 .ARM.attributes
                0x000000000000030c       0x21 /Users/Jacob_Banooni/Library/Application Support/Pebble SDK/SDKs/current/sdk-core/pebble/aplite/lib/libpebble.a(tmpeWFBzLpebble.o)
 .ARM.attributes
                0x000000000000032d       0x19 /usr/local/Cellar/pebble-toolchain/2.0/arm-cs-tools/bin/../lib/gcc/arm-none-eabi/4.7.2/thumb2/libgcc.a(_aeabi_ldivmod.o)
 .ARM.attributes
                0x0000000000000346       0x29 /usr/local/Cellar/pebble-toolchain/2.0/arm-cs-tools/bin/../lib/gcc/arm-none-eabi/4.7.2/thumb2/libgcc.a(bpabi.o)
 .ARM.attributes
                0x000000000000036f       0x19 /usr/local/Cellar/pebble-toolchain/2.0/arm-cs-tools/bin/../lib/gcc/arm-none-eabi/4.7.2/thumb2/libgcc.a(_dvmd_tls.o)
 .ARM.attributes
                0x0000000000000388       0x29 /usr/local/Cellar/pebble-toolchain/2.0/arm-cs-tools/bin/../lib/gcc/arm-none-eabi/4.7.2/thumb2/libgcc.a(_divdi3.o)
 .ARM.attributes
                0x00000000000003b1       0x29 /usr/local/Cellar/pebble-toolchain/2.0/arm-cs-tools/bin/../lib/gcc/arm-none-eabi/4.7.2/thumb2/libgcc.a(_udivdi3.o)
 .ARM.attributes
                0x00000000000003da       0x19 /usr/local/Cellar/pebble-toolchain/2.0/arm-cs-tools/bin/../lib/gcc/arm-none-eabi/4.7.2/thumb2/libgcc.a(_udivsi3.o)
 .ARM.attributes
                0x00000000000003f3       0x29 /usr/local/Cellar/pebble-toolchain/2.0/arm-cs-tools/bin/../lib/gcc/arm-none-eabi/4.7.2/thumb2/crtend.o
 .ARM.attributes
                0x000000000000041c       0x19 /usr/local/Cellar/pebble-toolchain/2.0/arm-cs-tools/bin/../lib/gcc/arm-none-eabi/4.7.2/thumb2/crtn.o

.comment        0x0000000000000000       0x4e
 .comment       0x0000000000000000       0x4e /usr/local/Cellar/pebble-toolchain/2.0/arm-cs-tools/bin/../lib/gcc/arm-none-eabi/4.7.2/thumb2/crtbegin.o
                                         0x4f (size before relaxing)
 .comment       0x0000000000000000       0x4f src/main.c.19.o
 .comment       0x0000000000000000       0x4f src/simply/simply.c.19.o
 .comment       0x0000000000000000       0x4f src/simply/simply_accel.c.19.o
 .comment       0x0000000000000000       0x4f src/simply/simply_menu.c.19.o
 .comment       0x0000000000000000       0x4f src/simply/simply_msg.c.19.o
 .comment       0x0000000000000000       0x4f src/simply/simply_res.c.19.o
 .comment       0x0000000000000000       0x4f src/simply/simply_splash.c.19.o
 .comment       0x0000000000000000       0x4f src/simply/simply_stage.c.19.o
 .comment       0x0000000000000000       0x4f src/simply/simply_ui.c.19.o
 .comment       0x0000000000000000       0x4f src/simply/simply_voice.c.19.o
 .comment       0x0000000000000000       0x4f src/simply/simply_wakeup.c.19.o
 .comment       0x0000000000000000       0x4f src/simply/simply_window.c.19.o
 .comment       0x0000000000000000       0x4f src/simply/simply_window_stack.c.19.o
 .comment       0x0000000000000000       0x4f aplite/appinfo.auto.c.19.o
 .comment       0x0000000000000000       0x4f /usr/local/Cellar/pebble-toolchain/2.0/arm-cs-tools/bin/../lib/gcc/arm-none-eabi/4.7.2/thumb2/libgcc.a(bpabi.o)
 .comment       0x0000000000000000       0x4f /usr/local/Cellar/pebble-toolchain/2.0/arm-cs-tools/bin/../lib/gcc/arm-none-eabi/4.7.2/thumb2/libgcc.a(_divdi3.o)
 .comment       0x0000000000000000       0x4f /usr/local/Cellar/pebble-toolchain/2.0/arm-cs-tools/bin/../lib/gcc/arm-none-eabi/4.7.2/thumb2/libgcc.a(_udivdi3.o)
 .comment       0x0000000000000000       0x4f /usr/local/Cellar/pebble-toolchain/2.0/arm-cs-tools/bin/../lib/gcc/arm-none-eabi/4.7.2/thumb2/crtend.o

.debug_info     0x0000000000000000    0x16e8d
 .debug_info    0x0000000000000000      0x256 src/main.c.19.o
 .debug_info    0x0000000000000256      0xcab src/simply/simply.c.19.o
 .debug_info    0x0000000000000f01      0xd7c src/simply/simply_accel.c.19.o
 .debug_info    0x0000000000001c7d     0x40c9 src/simply/simply_menu.c.19.o
 .debug_info    0x0000000000005d46     0x3221 src/simply/simply_msg.c.19.o
 .debug_info    0x0000000000008f67     0x13d4 src/simply/simply_res.c.19.o
 .debug_info    0x000000000000a33b      0x8e8 src/simply/simply_splash.c.19.o
 .debug_info    0x000000000000ac23     0x46fb src/simply/simply_stage.c.19.o
 .debug_info    0x000000000000f31e     0x263d src/simply/simply_ui.c.19.o
 .debug_info    0x000000000001195b       0x80 src/simply/simply_voice.c.19.o
 .debug_info    0x00000000000119db      0xba7 src/simply/simply_wakeup.c.19.o
 .debug_info    0x0000000000012582     0x2539 src/simply/simply_window.c.19.o
 .debug_info    0x0000000000014abb     0x1040 src/simply/simply_window_stack.c.19.o
 .debug_info    0x0000000000015afb      0x319 aplite/appinfo.auto.c.19.o
 .debug_info    0x0000000000015e14       0xb4 /usr/local/Cellar/pebble-toolchain/2.0/arm-cs-tools/bin/../lib/gcc/arm-none-eabi/4.7.2/thumb2/libgcc.a(_aeabi_ldivmod.o)
 .debug_info    0x0000000000015ec8      0x174 /usr/local/Cellar/pebble-toolchain/2.0/arm-cs-tools/bin/../lib/gcc/arm-none-eabi/4.7.2/thumb2/libgcc.a(bpabi.o)
 .debug_info    0x000000000001603c       0xb8 /usr/local/Cellar/pebble-toolchain/2.0/arm-cs-tools/bin/../lib/gcc/arm-none-eabi/4.7.2/thumb2/libgcc.a(_dvmd_tls.o)
 .debug_info    0x00000000000160f4      0x68f /usr/local/Cellar/pebble-toolchain/2.0/arm-cs-tools/bin/../lib/gcc/arm-none-eabi/4.7.2/thumb2/libgcc.a(_divdi3.o)
 .debug_info    0x0000000000016783      0x652 /usr/local/Cellar/pebble-toolchain/2.0/arm-cs-tools/bin/../lib/gcc/arm-none-eabi/4.7.2/thumb2/libgcc.a(_udivdi3.o)
 .debug_info    0x0000000000016dd5       0xb8 /usr/local/Cellar/pebble-toolchain/2.0/arm-cs-tools/bin/../lib/gcc/arm-none-eabi/4.7.2/thumb2/libgcc.a(_udivsi3.o)

.debug_abbrev   0x0000000000000000     0x34d8
 .debug_abbrev  0x0000000000000000      0x14d src/main.c.19.o
 .debug_abbrev  0x000000000000014d      0x28b src/simply/simply.c.19.o
 .debug_abbrev  0x00000000000003d8      0x354 src/simply/simply_accel.c.19.o
 .debug_abbrev  0x000000000000072c      0x5ef src/simply/simply_menu.c.19.o
 .debug_abbrev  0x0000000000000d1b      0x59a src/simply/simply_msg.c.19.o
 .debug_abbrev  0x00000000000012b5      0x449 src/simply/simply_res.c.19.o
 .debug_abbrev  0x00000000000016fe      0x2ca src/simply/simply_splash.c.19.o
 .debug_abbrev  0x00000000000019c8      0x5c4 src/simply/simply_stage.c.19.o
 .debug_abbrev  0x0000000000001f8c      0x52a src/simply/simply_ui.c.19.o
 .debug_abbrev  0x00000000000024b6       0x26 src/simply/simply_voice.c.19.o
 .debug_abbrev  0x00000000000024dc      0x30b src/simply/simply_wakeup.c.19.o
 .debug_abbrev  0x00000000000027e7      0x4e2 src/simply/simply_window.c.19.o
 .debug_abbrev  0x0000000000002cc9      0x3e2 src/simply/simply_window_stack.c.19.o
 .debug_abbrev  0x00000000000030ab       0x9e aplite/appinfo.auto.c.19.o
 .debug_abbrev  0x0000000000003149       0x14 /usr/local/Cellar/pebble-toolchain/2.0/arm-cs-tools/bin/../lib/gcc/arm-none-eabi/4.7.2/thumb2/libgcc.a(_aeabi_ldivmod.o)
 .debug_abbrev  0x000000000000315d       0xb7 /usr/local/Cellar/pebble-toolchain/2.0/arm-cs-tools/bin/../lib/gcc/arm-none-eabi/4.7.2/thumb2/libgcc.a(bpabi.o)
 .debug_abbrev  0x0000000000003214       0x14 /usr/local/Cellar/pebble-toolchain/2.0/arm-cs-tools/bin/../lib/gcc/arm-none-eabi/4.7.2/thumb2/libgcc.a(_dvmd_tls.o)
 .debug_abbrev  0x0000000000003228      0x151 /usr/local/Cellar/pebble-toolchain/2.0/arm-cs-tools/bin/../lib/gcc/arm-none-eabi/4.7.2/thumb2/libgcc.a(_divdi3.o)
 .debug_abbrev  0x0000000000003379      0x14b /usr/local/Cellar/pebble-toolchain/2.0/arm-cs-tools/bin/../lib/gcc/arm-none-eabi/4.7.2/thumb2/libgcc.a(_udivdi3.o)
 .debug_abbrev  0x00000000000034c4       0x14 /usr/local/Cellar/pebble-toolchain/2.0/arm-cs-tools/bin/../lib/gcc/arm-none-eabi/4.7.2/thumb2/libgcc.a(_udivsi3.o)

.debug_loc      0x0000000000000000     0xa042
 .debug_loc     0x0000000000000000       0x3e src/main.c.19.o
 .debug_loc     0x000000000000003e       0x7c src/simply/simply.c.19.o
 .debug_loc     0x00000000000000ba      0x4dc src/simply/simply_accel.c.19.o
 .debug_loc     0x0000000000000596     0x1dff src/simply/simply_menu.c.19.o
 .debug_loc     0x0000000000002395      0xd63 src/simply/simply_msg.c.19.o
 .debug_loc     0x00000000000030f8      0xccb src/simply/simply_res.c.19.o
 .debug_loc     0x0000000000003dc3      0x1ec src/simply/simply_splash.c.19.o
 .debug_loc     0x0000000000003faf     0x18a8 src/simply/simply_stage.c.19.o
 .debug_loc     0x0000000000005857     0x118f src/simply/simply_ui.c.19.o
 .debug_loc     0x00000000000069e6      0x340 src/simply/simply_wakeup.c.19.o
 .debug_loc     0x0000000000006d26      0xd6f src/simply/simply_window.c.19.o
 .debug_loc     0x0000000000007a95      0x6aa src/simply/simply_window_stack.c.19.o
 .debug_loc     0x000000000000813f       0xe0 /usr/local/Cellar/pebble-toolchain/2.0/arm-cs-tools/bin/../lib/gcc/arm-none-eabi/4.7.2/thumb2/libgcc.a(bpabi.o)
 .debug_loc     0x000000000000821f      0xebd /usr/local/Cellar/pebble-toolchain/2.0/arm-cs-tools/bin/../lib/gcc/arm-none-eabi/4.7.2/thumb2/libgcc.a(_divdi3.o)
 .debug_loc     0x00000000000090dc      0xf66 /usr/local/Cellar/pebble-toolchain/2.0/arm-cs-tools/bin/../lib/gcc/arm-none-eabi/4.7.2/thumb2/libgcc.a(_udivdi3.o)

.debug_aranges  0x0000000000000000      0x738
 .debug_aranges
                0x0000000000000000       0x20 src/main.c.19.o
 .debug_aranges
                0x0000000000000020       0x28 src/simply/simply.c.19.o
 .debug_aranges
                0x0000000000000048       0x50 src/simply/simply_accel.c.19.o
 .debug_aranges
                0x0000000000000098      0x130 src/simply/simply_menu.c.19.o
 .debug_aranges
                0x00000000000001c8       0x90 src/simply/simply_msg.c.19.o
 .debug_aranges
                0x0000000000000258       0xb0 src/simply/simply_res.c.19.o
 .debug_aranges
                0x0000000000000308       0x40 src/simply/simply_splash.c.19.o
 .debug_aranges
                0x0000000000000348       0xf8 src/simply/simply_stage.c.19.o
 .debug_aranges
                0x0000000000000440       0x90 src/simply/simply_ui.c.19.o
 .debug_aranges
                0x00000000000004d0       0x18 src/simply/simply_voice.c.19.o
 .debug_aranges
                0x00000000000004e8       0x38 src/simply/simply_wakeup.c.19.o
 .debug_aranges
                0x0000000000000520       0xd0 src/simply/simply_window.c.19.o
 .debug_aranges
                0x00000000000005f0       0x70 src/simply/simply_window_stack.c.19.o
 .debug_aranges
                0x0000000000000660       0x18 aplite/appinfo.auto.c.19.o
 .debug_aranges